[0.021s] Invoking command in '/home/essivekkeli/multi_robot_slam_ws/build/multi_robot_slam': CMAKE_PREFIX_PATH=${CMAKE_PREFIX_PATH}:/home/essivekkeli/multi_robot_slam_ws/install/multi_robot_slam_py:/opt/ros/jazzy DEBUGINFOD_URLS=https://debuginfod.ubuntu.com /usr/bin/cmake /home/essivekkeli/multi_robot_slam_ws/src/multi_robot_slam -DAMENT_CMAKE_SYMLINK_INSTALL=1 -DCMAKE_INSTALL_PREFIX=/home/essivekkeli/multi_robot_slam_ws/install/multi_robot_slam
[0.340s] -- The C compiler identification is GNU 13.3.0
[0.340s] -- The CXX compiler identification is GNU 13.3.0
[0.340s] -- Detecting C compiler ABI info
[0.341s] -- Detecting C compiler ABI info - done
[0.341s] -- Check for working C compiler: /usr/bin/cc - skipped
[0.341s] -- Detecting C compile features
[0.341s] -- Detecting C compile features - done
[0.341s] -- Detecting CXX compiler ABI info
[0.474s] -- Detecting CXX compiler ABI info - done
[0.489s] -- Check for working CXX compiler: /usr/bin/c++ - skipped
[0.491s] -- Detecting CXX compile features
[0.491s] -- Detecting CXX compile features - done
[0.496s] -- Found ament_cmake: 2.5.4 (/opt/ros/jazzy/share/ament_cmake/cmake)
[0.721s] -- Found Python3: /usr/bin/python3 (found version "3.12.3") found components: Interpreter 
[0.820s] -- Override CMake install command with custom implementation using symlinks instead of copying resources
[0.906s] -- Found rclcpp: 28.1.13 (/opt/ros/jazzy/share/rclcpp/cmake)
[0.994s] -- Found rosidl_generator_c: 4.6.6 (/opt/ros/jazzy/share/rosidl_generator_c/cmake)
[1.018s] -- Found rosidl_generator_cpp: 4.6.6 (/opt/ros/jazzy/share/rosidl_generator_cpp/cmake)
[1.048s] -- Using all available rosidl_typesupport_c: rosidl_typesupport_fastrtps_c;rosidl_typesupport_introspection_c
[1.079s] -- Using all available rosidl_typesupport_cpp: rosidl_typesupport_fastrtps_cpp;rosidl_typesupport_introspection_cpp
[1.212s] -- Found rmw_implementation_cmake: 7.3.2 (/opt/ros/jazzy/share/rmw_implementation_cmake/cmake)
[1.221s] -- Found rmw_fastrtps_cpp: 8.4.3 (/opt/ros/jazzy/share/rmw_fastrtps_cpp/cmake)
[1.352s] -- Found OpenSSL: /usr/lib/x86_64-linux-gnu/libcrypto.so (found version "3.0.13")  
[1.393s] -- Found FastRTPS: /opt/ros/jazzy/include (Required is at least version "2.13") 
[1.447s] -- Using RMW implementation 'rmw_fastrtps_cpp' as default
[1.644s] -- Found std_msgs: 5.3.6 (/opt/ros/jazzy/share/std_msgs/cmake)
[1.683s] -- Found geometry_msgs: 5.3.6 (/opt/ros/jazzy/share/geometry_msgs/cmake)
[1.725s] -- Found sensor_msgs: 5.3.6 (/opt/ros/jazzy/share/sensor_msgs/cmake)
[1.784s] -- Found nav_msgs: 5.3.6 (/opt/ros/jazzy/share/nav_msgs/cmake)
[1.826s] -- Found tf2: 0.36.16 (/opt/ros/jazzy/share/tf2/cmake)
[1.836s] -- Found tf2_ros: 0.36.16 (/opt/ros/jazzy/share/tf2_ros/cmake)
[2.052s] -- Found ament_lint_auto: 0.17.3 (/opt/ros/jazzy/share/ament_lint_auto/cmake)
[2.230s] -- Added test 'copyright' to check source files copyright and LICENSE
[2.239s] -- Added test 'flake8' to check Python code syntax and style conventions
[2.239s] -- Configured 'flake8' exclude dirs and/or files: 
[2.240s] -- Added test 'lint_cmake' to check CMake code style
[2.242s] -- Added test 'pep257' to check Python code against some of the docstring style conventions in PEP 257
[2.247s] -- Added test 'xmllint' to check XML markup files
[2.251s] -- Configuring done (2.2s)
[2.260s] -- Generating done (0.0s)
[2.265s] -- Build files have been written to: /home/essivekkeli/multi_robot_slam_ws/build/multi_robot_slam
[2.286s] Invoked command in '/home/essivekkeli/multi_robot_slam_ws/build/multi_robot_slam' returned '0': CMAKE_PREFIX_PATH=${CMAKE_PREFIX_PATH}:/home/essivekkeli/multi_robot_slam_ws/install/multi_robot_slam_py:/opt/ros/jazzy DEBUGINFOD_URLS=https://debuginfod.ubuntu.com /usr/bin/cmake /home/essivekkeli/multi_robot_slam_ws/src/multi_robot_slam -DAMENT_CMAKE_SYMLINK_INSTALL=1 -DCMAKE_INSTALL_PREFIX=/home/essivekkeli/multi_robot_slam_ws/install/multi_robot_slam
[2.289s] Invoking command in '/home/essivekkeli/multi_robot_slam_ws/build/multi_robot_slam': CMAKE_PREFIX_PATH=${CMAKE_PREFIX_PATH}:/home/essivekkeli/multi_robot_slam_ws/install/multi_robot_slam_py:/opt/ros/jazzy DEBUGINFOD_URLS=https://debuginfod.ubuntu.com /usr/bin/cmake --build /home/essivekkeli/multi_robot_slam_ws/build/multi_robot_slam -- -j8 -l8
[2.382s] Invoked command in '/home/essivekkeli/multi_robot_slam_ws/build/multi_robot_slam' returned '0': CMAKE_PREFIX_PATH=${CMAKE_PREFIX_PATH}:/home/essivekkeli/multi_robot_slam_ws/install/multi_robot_slam_py:/opt/ros/jazzy DEBUGINFOD_URLS=https://debuginfod.ubuntu.com /usr/bin/cmake --build /home/essivekkeli/multi_robot_slam_ws/build/multi_robot_slam -- -j8 -l8
[2.403s] Invoking command in '/home/essivekkeli/multi_robot_slam_ws/build/multi_robot_slam': CMAKE_PREFIX_PATH=${CMAKE_PREFIX_PATH}:/home/essivekkeli/multi_robot_slam_ws/install/multi_robot_slam_py:/opt/ros/jazzy DEBUGINFOD_URLS=https://debuginfod.ubuntu.com /usr/bin/cmake --install /home/essivekkeli/multi_robot_slam_ws/build/multi_robot_slam
[2.423s] -- Install configuration: ""
[2.425s] -- Execute custom install script
[2.427s] -- Symlinking: /home/essivekkeli/multi_robot_slam_ws/install/multi_robot_slam/share/multi_robot_slam//launch/central_server.launch.py
[2.445s] -- Symlinking: /home/essivekkeli/multi_robot_slam_ws/install/multi_robot_slam/share/multi_robot_slam//launch/full_system.launch.py
[2.460s] -- Symlinking: /home/essivekkeli/multi_robot_slam_ws/install/multi_robot_slam/share/multi_robot_slam//launch/gz_multi_robot.launch.py
[2.471s] -- Symlinking: /home/essivekkeli/multi_robot_slam_ws/install/multi_robot_slam/share/multi_robot_slam//launch/multi_robot_nav2.launch.py
[2.482s] -- Symlinking: /home/essivekkeli/multi_robot_slam_ws/install/multi_robot_slam/share/multi_robot_slam//launch/multi_robot_slam.launch.py
[2.497s] -- Symlinking: /home/essivekkeli/multi_robot_slam_ws/install/multi_robot_slam/share/multi_robot_slam//launch/single_robot_slam.launch.py
[2.511s] -- Symlinking: /home/essivekkeli/multi_robot_slam_ws/install/multi_robot_slam/share/multi_robot_slam//config/multi_robot_params.yaml
[2.525s] -- Symlinking: /home/essivekkeli/multi_robot_slam_ws/install/multi_robot_slam/share/multi_robot_slam//config/multi_robot_slam.yaml
[2.536s] -- Symlinking: /home/essivekkeli/multi_robot_slam_ws/install/multi_robot_slam/share/multi_robot_slam//config/nav2/nav2_params_base.yaml
[2.551s] -- Symlinking: /home/essivekkeli/multi_robot_slam_ws/install/multi_robot_slam/share/multi_robot_slam//config/robots.yaml
[2.564s] -- Symlinking: /home/essivekkeli/multi_robot_slam_ws/install/multi_robot_slam/share/multi_robot_slam//config/rviz_config.rviz
[2.575s] -- Symlinking: /home/essivekkeli/multi_robot_slam_ws/install/multi_robot_slam/share/multi_robot_slam//config/slam_params.yaml
[2.586s] -- Symlinking: /home/essivekkeli/multi_robot_slam_ws/install/multi_robot_slam/share/multi_robot_slam//worlds/multi_robot_world.sdf
[2.597s] -- Symlinking: /home/essivekkeli/multi_robot_slam_ws/install/multi_robot_slam/share/multi_robot_slam//urdf/robot.urdf.xacro
[2.609s] -- Symlinking: /home/essivekkeli/multi_robot_slam_ws/install/multi_robot_slam/share/multi_robot_slam//scripts/odom_to_tf.py
[2.620s] -- Symlinking: /home/essivekkeli/multi_robot_slam_ws/install/multi_robot_slam/share/multi_robot_slam//scripts/scan_frame_fixer.py
[2.631s] -- Symlinking: /home/essivekkeli/multi_robot_slam_ws/install/multi_robot_slam/share/multi_robot_slam//scripts/send_goal.py
[2.642s] -- Symlinking: /home/essivekkeli/multi_robot_slam_ws/install/multi_robot_slam/share/multi_robot_slam//scripts/smooth_circle.py
[2.653s] -- Symlinking: /home/essivekkeli/multi_robot_slam_ws/install/multi_robot_slam/lib/multi_robot_slam/odom_to_tf.py
[2.664s] -- Symlinking: /home/essivekkeli/multi_robot_slam_ws/install/multi_robot_slam/lib/multi_robot_slam/scan_frame_fixer.py
[2.676s] -- Symlinking: /home/essivekkeli/multi_robot_slam_ws/install/multi_robot_slam/share/ament_index/resource_index/package_run_dependencies/multi_robot_slam
[2.688s] -- Symlinking: /home/essivekkeli/multi_robot_slam_ws/install/multi_robot_slam/share/ament_index/resource_index/parent_prefix_path/multi_robot_slam
[2.703s] -- Symlinking: /home/essivekkeli/multi_robot_slam_ws/install/multi_robot_slam/share/multi_robot_slam/environment/ament_prefix_path.sh
[2.719s] -- Symlinking: /home/essivekkeli/multi_robot_slam_ws/install/multi_robot_slam/share/multi_robot_slam/environment/ament_prefix_path.dsv
[2.734s] -- Symlinking: /home/essivekkeli/multi_robot_slam_ws/install/multi_robot_slam/share/multi_robot_slam/environment/path.sh
[2.746s] -- Symlinking: /home/essivekkeli/multi_robot_slam_ws/install/multi_robot_slam/share/multi_robot_slam/environment/path.dsv
[2.758s] -- Symlinking: /home/essivekkeli/multi_robot_slam_ws/install/multi_robot_slam/share/multi_robot_slam/local_setup.bash
[2.771s] -- Symlinking: /home/essivekkeli/multi_robot_slam_ws/install/multi_robot_slam/share/multi_robot_slam/local_setup.sh
[2.782s] -- Symlinking: /home/essivekkeli/multi_robot_slam_ws/install/multi_robot_slam/share/multi_robot_slam/local_setup.zsh
[2.793s] -- Symlinking: /home/essivekkeli/multi_robot_slam_ws/install/multi_robot_slam/share/multi_robot_slam/local_setup.dsv
[2.805s] -- Symlinking: /home/essivekkeli/multi_robot_slam_ws/install/multi_robot_slam/share/multi_robot_slam/package.dsv
[2.818s] -- Symlinking: /home/essivekkeli/multi_robot_slam_ws/install/multi_robot_slam/share/ament_index/resource_index/packages/multi_robot_slam
[2.830s] -- Symlinking: /home/essivekkeli/multi_robot_slam_ws/install/multi_robot_slam/share/multi_robot_slam/cmake/multi_robot_slamConfig.cmake
[2.841s] -- Symlinking: /home/essivekkeli/multi_robot_slam_ws/install/multi_robot_slam/share/multi_robot_slam/cmake/multi_robot_slamConfig-version.cmake
[2.851s] -- Symlinking: /home/essivekkeli/multi_robot_slam_ws/install/multi_robot_slam/share/multi_robot_slam/package.xml
[2.863s] Invoked command in '/home/essivekkeli/multi_robot_slam_ws/build/multi_robot_slam' returned '0': CMAKE_PREFIX_PATH=${CMAKE_PREFIX_PATH}:/home/essivekkeli/multi_robot_slam_ws/install/multi_robot_slam_py:/opt/ros/jazzy DEBUGINFOD_URLS=https://debuginfod.ubuntu.com /usr/bin/cmake --install /home/essivekkeli/multi_robot_slam_ws/build/multi_robot_slam
