--2026-02-16 10:18:51--  https://raw.githubusercontent.com/hrnr/m-explore-extra/master/map_merge/hector_maps/map00.pgm
Resolving raw.githubusercontent.com (raw.githubusercontent.com)... 185.199.111.133, 185.199.108.133, 185.199.109.133, ...
Connecting to raw.githubusercontent.com (raw.githubusercontent.com)|185.199.111.133|:443... connected.
HTTP request sent, awaiting response... 200 OK
Length: 4194362 (4.0M) [application/octet-stream]
Saving to: ‘/home/aisl/Documents/multi_robot_slam_ws/build/multirobot_map_merge/map00.pgm’

     0K .......... .......... .......... .......... ..........  1% 8.25M 0s
    50K .......... .......... .......... .......... ..........  2% 8.17M 0s
   100K .......... .......... .......... .......... ..........  3% 4.23M 1s
   150K .......... .......... .......... .......... ..........  4% 4.63M 1s
   200K .......... .......... .......... .......... ..........  6% 6.77M 1s
   250K .......... .......... .......... .......... ..........  7%  113M 1s
   300K .......... .......... .......... .......... ..........  8% 7.47M 1s
   350K .......... .......... .......... .......... ..........  9% 8.76M 0s
   400K .......... .......... .......... .......... .......... 10% 10.9M 0s
   450K .......... .......... .......... .......... .......... 12% 11.7M 0s
   500K .......... .......... .......... .......... .......... 13% 89.3M 0s
   550K .......... .......... .......... .......... .......... 14% 17.5M 0s
   600K .......... .......... .......... .......... .......... 15% 15.5M 0s
   650K .......... .......... .......... .......... .......... 17% 23.0M 0s
   700K .......... .......... .......... .......... .......... 18% 25.1M 0s
   750K .......... .......... .......... .......... .......... 19% 24.0M 0s
   800K .......... .......... .......... .......... .......... 20%  118M 0s
   850K .......... .......... .......... .......... .......... 21% 39.0M 0s
   900K .......... .......... .......... .......... .......... 23% 23.7M 0s
   950K .......... .......... .......... .......... .......... 24%  102M 0s
  1000K .......... .......... .......... .......... .......... 25% 79.1M 0s
  1050K .......... .......... .......... .......... .......... 26%  103M 0s
  1100K .......... .......... .......... .......... .......... 28% 55.9M 0s
  1150K .......... .......... .......... .......... .......... 29% 61.3M 0s
  1200K .......... .......... .......... .......... .......... 30% 70.2M 0s
  1250K .......... .......... .......... .......... .......... 31% 92.2M 0s
  1300K .......... .......... .......... .......... .......... 32% 84.8M 0s
  1350K .......... .......... .......... .......... .......... 34%  118M 0s
  1400K .......... .......... .......... .......... .......... 35% 80.9M 0s
  1450K .......... .......... .......... .......... .......... 36%  118M 0s
  1500K .......... .......... .......... .......... .......... 37% 71.8M 0s
  1550K .......... .......... .......... .......... .......... 39% 89.6M 0s
  1600K .......... .......... .......... .......... .......... 40% 6.04M 0s
  1650K .......... .......... .......... .......... .......... 41%  255M 0s
  1700K .......... .......... .......... .......... .......... 42%  618M 0s
  1750K .......... .......... .......... .......... .......... 43% 89.5M 0s
  1800K .......... .......... .......... .......... .......... 45%  227M 0s
  1850K .......... .......... .......... .......... .......... 46%  185M 0s
  1900K .......... .......... .......... .......... .......... 47%  132M 0s
  1950K .......... .......... .......... .......... .......... 48%  630M 0s
  2000K .......... .......... .......... .......... .......... 50%  135M 0s
  2050K .......... .......... .......... .......... .......... 51% 96.1M 0s
  2100K .......... .......... .......... .......... .......... 52%  306M 0s
  2150K .......... .......... .......... .......... .......... 53%  567M 0s
  2200K .......... .......... .......... .......... .......... 54%  622M 0s
  2250K .......... .......... .......... .......... .......... 56% 39.8M 0s
  2300K .......... .......... .......... .......... .......... 57%  131M 0s
  2350K .......... .......... .......... .......... .......... 58%  625M 0s
  2400K .......... .......... .......... .......... .......... 59% 45.6M 0s
  2450K .......... .......... .......... .......... .......... 61% 73.2M 0s
  2500K .......... .......... .......... .......... .......... 62% 89.8M 0s
  2550K .......... .......... .......... .......... .......... 63%  172M 0s
  2600K .......... .......... .......... .......... .......... 64% 5.71M 0s
  2650K .......... .......... .......... .......... .......... 65%  459M 0s
  2700K .......... .......... .......... .......... .......... 67%  466M 0s
  2750K .......... .......... .......... .......... .......... 68%  613M 0s
  2800K .......... .......... .......... .......... .......... 69%  612M 0s
  2850K .......... .......... .......... .......... .......... 70%  644M 0s
  2900K .......... .......... .......... .......... .......... 72%  624M 0s
  2950K .......... .......... .......... .......... .......... 73%  626M 0s
  3000K .......... .......... .......... .......... .......... 74%  622M 0s
  3050K .......... .......... .......... .......... .......... 75%  618M 0s
  3100K .......... .......... .......... .......... .......... 76%  481M 0s
  3150K .......... .......... .......... .......... .......... 78%  628M 0s
  3200K .......... .......... .......... .......... .......... 79%  579M 0s
  3250K .......... .......... .......... .......... .......... 80%  576M 0s
  3300K .......... .......... .......... .......... .......... 81%  638M 0s
  3350K .......... .......... .......... .......... .......... 83%  618M 0s
  3400K .......... .......... .......... .......... .......... 84%  635M 0s
  3450K .......... .......... .......... .......... .......... 85%  642M 0s
  3500K .......... .......... .......... .......... .......... 86%  476M 0s
  3550K .......... .......... .......... .......... .......... 87%  553M 0s
  3600K .......... .......... .......... .......... .......... 89%  589M 0s
  3650K .......... .......... .......... .......... .......... 90%  624M 0s
  3700K .......... .......... .......... .......... .......... 91%  647M 0s
  3750K .......... .......... .......... .......... .......... 92%  633M 0s
  3800K .......... .......... .......... .......... .......... 93%  639M 0s
  3850K .......... .......... .......... .......... .......... 95%  580M 0s
  3900K .......... .......... .......... .......... .......... 96%  485M 0s
  3950K .......... .......... .......... .......... .......... 97%  646M 0s
  4000K .......... .......... .......... .......... .......... 98%  636M 0s
  4050K .......... .......... .......... .......... ......    100%  182M=0.1s

2026-02-16 10:18:51 (35.5 MB/s) - ‘/home/aisl/Documents/multi_robot_slam_ws/build/multirobot_map_merge/map00.pgm’ saved [4194362/4194362]

--2026-02-16 10:18:51--  https://raw.githubusercontent.com/hrnr/m-explore-extra/master/map_merge/hector_maps/map05.pgm
Resolving raw.githubusercontent.com (raw.githubusercontent.com)... 185.199.110.133, 185.199.108.133, 185.199.109.133, ...
Connecting to raw.githubusercontent.com (raw.githubusercontent.com)|185.199.110.133|:443... connected.
HTTP request sent, awaiting response... 200 OK
Length: 4194362 (4.0M) [application/octet-stream]
Saving to: ‘/home/aisl/Documents/multi_robot_slam_ws/build/multirobot_map_merge/map05.pgm’

     0K .......... .......... .......... .......... ..........  1% 8.51M 0s
    50K .......... .......... .......... .......... ..........  2% 19.9M 0s
   100K .......... .......... .......... .......... ..........  3% 15.5M 0s
   150K .......... .......... .......... .......... ..........  4% 45.5M 0s
   200K .......... .......... .......... .......... ..........  6% 32.0M 0s
   250K .......... .......... .......... .......... ..........  7% 17.2M 0s
   300K .......... .......... .......... .......... ..........  8%  105M 0s
   350K .......... .......... .......... .......... ..........  9% 52.6M 0s
   400K .......... .......... .......... .......... .......... 10% 71.2M 0s
   450K .......... .......... .......... .......... .......... 12% 60.5M 0s
   500K .......... .......... .......... .......... .......... 13%  116M 0s
   550K .......... .......... .......... .......... .......... 14% 93.2M 0s
   600K .......... .......... .......... .......... .......... 15% 25.3M 0s
   650K .......... .......... .......... .......... .......... 17%  119M 0s
   700K .......... .......... .......... .......... .......... 18% 52.7M 0s
   750K .......... .......... .......... .......... .......... 19%  120M 0s
   800K .......... .......... .......... .......... .......... 20% 71.6M 0s
   850K .......... .......... .......... .......... .......... 21% 80.9M 0s
   900K .......... .......... .......... .......... .......... 23%  117M 0s
   950K .......... .......... .......... .......... .......... 24% 6.00M 0s
  1000K .......... .......... .......... .......... .......... 25%  625M 0s
  1050K .......... .......... .......... .......... .......... 26%  115M 0s
  1100K .......... .......... .......... .......... .......... 28%  300M 0s
  1150K .......... .......... .......... .......... .......... 29%  214M 0s
  1200K .......... .......... .......... .......... .......... 30%  116M 0s
  1250K .......... .......... .......... .......... .......... 31%  611M 0s
  1300K .......... .......... .......... .......... .......... 32%  633M 0s
  1350K .......... .......... .......... .......... .......... 34%  627M 0s
  1400K .......... .......... .......... .......... .......... 35%  634M 0s
  1450K .......... .......... .......... .......... .......... 36%  640M 0s
  1500K .......... .......... .......... .......... .......... 37%  650M 0s
  1550K .......... .......... .......... .......... .......... 39%  645M 0s
  1600K .......... .......... .......... .......... .......... 40%  484M 0s
  1650K .......... .......... .......... .......... .......... 41% 17.3M 0s
  1700K .......... .......... .......... .......... .......... 42% 92.4M 0s
  1750K .......... .......... .......... .......... .......... 43%  576M 0s
  1800K .......... .......... .......... .......... .......... 45%  624M 0s
  1850K .......... .......... .......... .......... .......... 46% 44.7M 0s
  1900K .......... .......... .......... .......... .......... 47% 70.6M 0s
  1950K .......... .......... .......... .......... .......... 48%  427M 0s
  2000K .......... .......... .......... .......... .......... 50%  314M 0s
  2050K .......... .......... .......... .......... .......... 51%  437M 0s
  2100K .......... .......... .......... .......... .......... 52%  431M 0s
  2150K .......... .......... .......... .......... .......... 53%  409M 0s
  2200K .......... .......... .......... .......... .......... 54%  425M 0s
  2250K .......... .......... .......... .......... .......... 56%  429M 0s
  2300K .......... .......... .......... .......... .......... 57%  405M 0s
  2350K .......... .......... .......... .......... .......... 58%  410M 0s
  2400K .......... .......... .......... .......... .......... 59%  279M 0s
  2450K .......... .......... .......... .......... .......... 61%  439M 0s
  2500K .......... .......... .......... .......... .......... 62%  432M 0s
  2550K .......... .......... .......... .......... .......... 63%  432M 0s
  2600K .......... .......... .......... .......... .......... 64%  148M 0s
  2650K .......... .......... .......... .......... .......... 65% 92.3M 0s
  2700K .......... .......... .......... .......... .......... 67%  118M 0s
  2750K .......... .......... .......... .......... .......... 68% 83.8M 0s
  2800K .......... .......... .......... .......... .......... 69% 71.6M 0s
  2850K .......... .......... .......... .......... .......... 70% 84.8M 0s
  2900K .......... .......... .......... .......... .......... 72%  114M 0s
  2950K .......... .......... .......... .......... .......... 73% 92.2M 0s
  3000K .......... .......... .......... .......... .......... 74% 82.9M 0s
  3050K .......... .......... .......... .......... .......... 75%  118M 0s
  3100K .......... .......... .......... .......... .......... 76% 91.3M 0s
  3150K .......... .......... .......... .......... .......... 78% 59.0M 0s
  3200K .......... .......... .......... .......... .......... 79% 68.1M 0s
  3250K .......... .......... .......... .......... .......... 80%  118M 0s
  3300K .......... .......... .......... .......... .......... 81% 62.3M 0s
  3350K .......... .......... .......... .......... .......... 83% 89.2M 0s
  3400K .......... .......... .......... .......... .......... 84%  105M 0s
  3450K .......... .......... .......... .......... .......... 85% 75.1M 0s
  3500K .......... .......... .......... .......... .......... 86% 82.7M 0s
  3550K .......... .......... .......... .......... .......... 87% 94.3M 0s
  3600K .......... .......... .......... .......... .......... 89% 93.0M 0s
  3650K .......... .......... .......... .......... .......... 90% 67.5M 0s
  3700K .......... .......... .......... .......... .......... 91% 67.6M 0s
  3750K .......... .......... .......... .......... .......... 92%  133M 0s
  3800K .......... .......... .......... .......... .......... 93% 79.8M 0s
  3850K .......... .......... .......... .......... .......... 95% 92.4M 0s
  3900K .......... .......... .......... .......... .......... 96%  119M 0s
  3950K .......... .......... .......... .......... .......... 97% 74.3M 0s
  4000K .......... .......... .......... .......... .......... 98% 71.9M 0s
  4050K .......... .......... .......... .......... ......    100%  125M=0.06s

2026-02-16 10:18:52 (67.0 MB/s) - ‘/home/aisl/Documents/multi_robot_slam_ws/build/multirobot_map_merge/map05.pgm’ saved [4194362/4194362]

--2026-02-16 10:18:52--  https://raw.githubusercontent.com/hrnr/m-explore-extra/master/map_merge/gmapping_maps/2011-08-09-12-22-52.pgm
Resolving raw.githubusercontent.com (raw.githubusercontent.com)... 185.199.110.133, 185.199.109.133, 185.199.111.133, ...
Connecting to raw.githubusercontent.com (raw.githubusercontent.com)|185.199.110.133|:443... connected.
HTTP request sent, awaiting response... 200 OK
Length: 16000058 (15M) [application/octet-stream]
Saving to: ‘/home/aisl/Documents/multi_robot_slam_ws/build/multirobot_map_merge/2011-08-09-12-22-52.pgm’

     0K .......... .......... .......... .......... ..........  0% 8.54M 2s
    50K .......... .......... .......... .......... ..........  0% 19.3M 1s
   100K .......... .......... .......... .......... ..........  0% 15.3M 1s
   150K .......... .......... .......... .......... ..........  1% 43.7M 1s
   200K .......... .......... .......... .......... ..........  1% 36.9M 1s
   250K .......... .......... .......... .......... ..........  1% 16.1M 1s
   300K .......... .......... .......... .......... ..........  2%  104M 1s
   350K .......... .......... .......... .......... ..........  2% 56.2M 1s
   400K .......... .......... .......... .......... ..........  2% 78.1M 1s
   450K .......... .......... .......... .......... ..........  3% 64.8M 1s
   500K .......... .......... .......... .......... ..........  3%  104M 1s
   550K .......... .......... .......... .......... ..........  3%  119M 1s
   600K .......... .......... .......... .......... ..........  4% 21.3M 1s
   650K .......... .......... .......... .......... ..........  4%  104M 0s
   700K .......... .......... .......... .......... ..........  4% 65.9M 0s
   750K .......... .......... .......... .......... ..........  5%  118M 0s
   800K .......... .......... .......... .......... ..........  5% 77.7M 0s
   850K .......... .......... .......... .......... ..........  5% 85.7M 0s
   900K .......... .......... .......... .......... ..........  6%  118M 0s
   950K .......... .......... .......... .......... ..........  6% 5.42M 1s
  1000K .......... .......... .......... .......... ..........  6%  195M 0s
  1050K .......... .......... .......... .......... ..........  7%  192M 0s
  1100K .......... .......... .......... .......... ..........  7%  225M 0s
  1150K .......... .......... .......... .......... ..........  7%  273M 0s
  1200K .......... .......... .......... .......... ..........  7% 94.0M 0s
  1250K .......... .......... .......... .......... ..........  8%  488M 0s
  1300K .......... .......... .......... .......... ..........  8%  529M 0s
  1350K .......... .......... .......... .......... ..........  8%  532M 0s
  1400K .......... .......... .......... .......... ..........  9%  571M 0s
  1450K .......... .......... .......... .......... ..........  9% 40.3M 0s
  1500K .......... .......... .......... .......... ..........  9%  464M 0s
  1550K .......... .......... .......... .......... .......... 10%  516M 0s
  1600K .......... .......... .......... .......... .......... 10% 46.8M 0s
  1650K .......... .......... .......... .......... .......... 10%  227M 0s
  1700K .......... .......... .......... .......... .......... 11% 68.2M 0s
  1750K .......... .......... .......... .......... .......... 11%  503M 0s
  1800K .......... .......... .......... .......... .......... 11% 82.1M 0s
  1850K .......... .......... .......... .......... .......... 12% 53.4M 0s
  1900K .......... .......... .......... .......... .......... 12% 90.2M 0s
  1950K .......... .......... .......... .......... .......... 12%  468M 0s
  2000K .......... .......... .......... .......... .......... 13%  397M 0s
  2050K .......... .......... .......... .......... .......... 13%  500M 0s
  2100K .......... .......... .......... .......... .......... 13%  496M 0s
  2150K .......... .......... .......... .......... .......... 14%  471M 0s
  2200K .......... .......... .......... .......... .......... 14%  589M 0s
  2250K .......... .......... .......... .......... .......... 14%  664M 0s
  2300K .......... .......... .......... .......... .......... 15%  652M 0s
  2350K .......... .......... .......... .......... .......... 15%  591M 0s
  2400K .......... .......... .......... .......... .......... 15%  314M 0s
  2450K .......... .......... .......... .......... .......... 15%  479M 0s
  2500K .......... .......... .......... .......... .......... 16%  247M 0s
  2550K .......... .......... .......... .......... .......... 16% 87.8M 0s
  2600K .......... .......... .......... .......... .......... 16%  105M 0s
  2650K .......... .......... .......... .......... .......... 17% 62.5M 0s
  2700K .......... .......... .......... .......... .......... 17% 80.8M 0s
  2750K .......... .......... .......... .......... .......... 17% 87.7M 0s
  2800K .......... .......... .......... .......... .......... 18% 85.1M 0s
  2850K .......... .......... .......... .......... .......... 18% 73.4M 0s
  2900K .......... .......... .......... .......... .......... 18% 84.4M 0s
  2950K .......... .......... .......... .......... .......... 19%  119M 0s
  3000K .......... .......... .......... .......... .......... 19% 68.9M 0s
  3050K .......... .......... .......... .......... .......... 19% 93.4M 0s
  3100K .......... .......... .......... .......... .......... 20%  103M 0s
  3150K .......... .......... .......... .......... .......... 20% 84.3M 0s
  3200K .......... .......... .......... .......... .......... 20% 52.8M 0s
  3250K .......... .......... .......... .......... .......... 21% 92.1M 0s
  3300K .......... .......... .......... .......... .......... 21% 68.3M 0s
  3350K .......... .......... .......... .......... .......... 21%  118M 0s
  3400K .......... .......... .......... .......... .......... 22% 87.3M 0s
  3450K .......... .......... .......... .......... .......... 22% 85.0M 0s
  3500K .......... .......... .......... .......... .......... 22%  117M 0s
  3550K .......... .......... .......... .......... .......... 23% 70.2M 0s
  3600K .......... .......... .......... .......... .......... 23% 66.8M 0s
  3650K .......... .......... .......... .......... .......... 23% 84.6M 0s
  3700K .......... .......... .......... .......... .......... 23%  104M 0s
  3750K .......... .......... .......... .......... .......... 24% 90.9M 0s
  3800K .......... .......... .......... .......... .......... 24% 31.0M 0s
  3850K .......... .......... .......... .......... .......... 24%  118M 0s
  3900K .......... .......... .......... .......... .......... 25% 77.1M 0s
  3950K .......... .......... .......... .......... .......... 25%  118M 0s
  4000K .......... .......... .......... .......... .......... 25% 77.7M 0s
  4050K .......... .......... .......... .......... .......... 26% 84.0M 0s
  4100K .......... .......... .......... .......... .......... 26%  118M 0s
  4150K .......... .......... .......... .......... .......... 26% 93.6M 0s
  4200K .......... .......... .......... .......... .......... 27% 57.2M 0s
  4250K .......... .......... .......... .......... .......... 27%  118M 0s
  4300K .......... .......... .......... .......... .......... 27% 93.6M 0s
  4350K .......... .......... .......... .......... .......... 28% 82.8M 0s
  4400K .......... .......... .......... .......... .......... 28% 49.8M 0s
  4450K .......... .......... .......... .......... .......... 28% 82.5M 0s
  4500K .......... .......... .......... .......... .......... 29%  101M 0s
  4550K .......... .......... .......... .......... .......... 29% 87.9M 0s
  4600K .......... .......... .......... .......... .......... 29% 89.1M 0s
  4650K .......... .......... .......... .......... .......... 30% 93.9M 0s
  4700K .......... .......... .......... .......... .......... 30%  103M 0s
  4750K .......... .......... .......... .......... .......... 30% 88.4M 0s
  4800K .......... .......... .......... .......... .......... 31% 71.8M 0s
  4850K .......... .......... .......... .......... .......... 31% 93.9M 0s
  4900K .......... .......... .......... .......... .......... 31% 92.1M 0s
  4950K .......... .......... .......... .......... .......... 31% 92.1M 0s
  5000K .......... .......... .......... .......... .......... 32%  105M 0s
  5050K .......... .......... .......... .......... .......... 32% 93.8M 0s
  5100K .......... .......... .......... .......... .......... 32% 93.3M 0s
  5150K .......... .......... .......... .......... .......... 33% 79.5M 0s
  5200K .......... .......... .......... .......... .......... 33% 71.5M 0s
  5250K .......... .......... .......... .......... .......... 33%  104M 0s
  5300K .......... .......... .......... .......... .......... 34% 66.4M 0s
  5350K .......... .......... .......... .......... .......... 34% 84.3M 0s
  5400K .......... .......... .......... .......... .......... 34%  118M 0s
  5450K .......... .......... .......... .......... .......... 35% 76.9M 0s
  5500K .......... .......... .......... .......... .......... 35% 91.1M 0s
  5550K .......... .......... .......... .......... .......... 35%  117M 0s
  5600K .......... .......... .......... .......... .......... 36% 63.4M 0s
  5650K .......... .......... .......... .......... .......... 36% 6.16M 0s
  5700K .......... .......... .......... .......... .......... 36%  502M 0s
  5750K .......... .......... .......... .......... .......... 37%  479M 0s
  5800K .......... .......... .......... .......... .......... 37%  458M 0s
  5850K .......... .......... .......... .......... .......... 37%  395M 0s
  5900K .......... .......... .......... .......... .......... 38%  418M 0s
  5950K .......... .......... .......... .......... .......... 38%  388M 0s
  6000K .......... .......... .......... .......... .......... 38%  322M 0s
  6050K .......... .......... .......... .......... .......... 39%  469M 0s
  6100K .......... .......... .......... .......... .......... 39%  490M 0s
  6150K .......... .......... .......... .......... .......... 39%  482M 0s
  6200K .......... .......... .......... .......... .......... 39%  537M 0s
  6250K .......... .......... .......... .......... .......... 40%  484M 0s
  6300K .......... .......... .......... .......... .......... 40%  496M 0s
  6350K .......... .......... .......... .......... .......... 40%  502M 0s
  6400K .......... .......... .......... .......... .......... 41%  407M 0s
  6450K .......... .......... .......... .......... .......... 41%  520M 0s
  6500K .......... .......... .......... .......... .......... 41%  439M 0s
  6550K .......... .......... .......... .......... .......... 42%  145M 0s
  6600K .......... .......... .......... .......... .......... 42% 84.2M 0s
  6650K .......... .......... .......... .......... .......... 42% 82.8M 0s
  6700K .......... .......... .......... .......... .......... 43%  118M 0s
  6750K .......... .......... .......... .......... .......... 43% 63.9M 0s
  6800K .......... .......... .......... .......... .......... 43% 56.8M 0s
  6850K .......... .......... .......... .......... .......... 44% 45.5M 0s
  6900K .......... .......... .......... .......... .......... 44%  105M 0s
  6950K .......... .......... .......... .......... .......... 44% 81.0M 0s
  7000K .......... .......... .......... .......... .......... 45% 75.6M 0s
  7050K .......... .......... .......... .......... .......... 45% 75.4M 0s
  7100K .......... .......... .......... .......... .......... 45%  103M 0s
  7150K .......... .......... .......... .......... .......... 46% 92.9M 0s
  7200K .......... .......... .......... .......... .......... 46% 76.2M 0s
  7250K .......... .......... .......... .......... .......... 46%  116M 0s
  7300K .......... .......... .......... .......... .......... 47% 88.3M 0s
  7350K .......... .......... .......... .......... .......... 47% 84.7M 0s
  7400K .......... .......... .......... .......... .......... 47% 58.5M 0s
  7450K .......... .......... .......... .......... .......... 47% 78.7M 0s
  7500K .......... .......... .......... .......... .......... 48% 66.7M 0s
  7550K .......... .......... .......... .......... .......... 48%  118M 0s
  7600K .......... .......... .......... .......... .......... 48% 51.3M 0s
  7650K .......... .......... .......... .......... .......... 49% 94.4M 0s
  7700K .......... .......... .......... .......... .......... 49% 79.8M 0s
  7750K .......... .......... .......... .......... .......... 49% 92.4M 0s
  7800K .......... .......... .......... .......... .......... 50%  118M 0s
  7850K .......... .......... .......... .......... .......... 50% 89.7M 0s
  7900K .......... .......... .......... .......... .......... 50% 83.0M 0s
  7950K .......... .......... .......... .......... .......... 51% 75.3M 0s
  8000K .......... .......... .......... .......... .......... 51% 53.8M 0s
  8050K .......... .......... .......... .......... .......... 51% 71.9M 0s
  8100K .......... .......... .......... .......... .......... 52%  105M 0s
  8150K .......... .......... .......... .......... .......... 52% 85.2M 0s
  8200K .......... .......... .......... .......... .......... 52% 70.9M 0s
  8250K .......... .......... .......... .......... .......... 53% 93.2M 0s
  8300K .......... .......... .......... .......... .......... 53%  117M 0s
  8350K .......... .......... .......... .......... .......... 53% 93.6M 0s
  8400K .......... .......... .......... .......... .......... 54% 67.3M 0s
  8450K .......... .......... .......... .......... .......... 54% 74.7M 0s
  8500K .......... .......... .......... .......... .......... 54% 52.9M 0s
  8550K .......... .......... .......... .......... .......... 55%  116M 0s
  8600K .......... .......... .......... .......... .......... 55% 76.0M 0s
  8650K .......... .......... .......... .......... .......... 55%  104M 0s
  8700K .......... .......... .......... .......... .......... 55% 64.2M 0s
  8750K .......... .......... .......... .......... .......... 56%  119M 0s
  8800K .......... .......... .......... .......... .......... 56% 59.7M 0s
  8850K .......... .......... .......... .......... .......... 56% 93.5M 0s
  8900K .......... .......... .......... .......... .......... 57% 68.4M 0s
  8950K .......... .......... .......... .......... .......... 57%  118M 0s
  9000K .......... .......... .......... .......... .......... 57% 88.2M 0s
  9050K .......... .......... .......... .......... .......... 58% 64.3M 0s
  9100K .......... .......... .......... .......... .......... 58% 73.3M 0s
  9150K .......... .......... .......... .......... .......... 58%  104M 0s
  9200K .......... .......... .......... .......... .......... 59% 59.0M 0s
  9250K .......... .......... .......... .......... .......... 59%  117M 0s
  9300K .......... .......... .......... .......... .......... 59% 48.7M 0s
  9350K .......... .......... .......... .......... .......... 60%  116M 0s
  9400K .......... .......... .......... .......... .......... 60% 58.4M 0s
  9450K .......... .......... .......... .......... .......... 60%  118M 0s
  9500K .......... .......... .......... .......... .......... 61% 94.3M 0s
  9550K .......... .......... .......... .......... .......... 61% 72.5M 0s
  9600K .......... .......... .......... .......... .......... 61% 84.9M 0s
  9650K .......... .......... .......... .......... .......... 62% 72.2M 0s
  9700K .......... .......... .......... .......... .......... 62% 91.6M 0s
  9750K .......... .......... .......... .......... .......... 62%  119M 0s
  9800K .......... .......... .......... .......... .......... 63% 56.0M 0s
  9850K .......... .......... .......... .......... .......... 63% 58.0M 0s
  9900K .......... .......... .......... .......... .......... 63%  118M 0s
  9950K .......... .......... .......... .......... .......... 63% 85.5M 0s
 10000K .......... .......... .......... .......... .......... 64% 60.6M 0s
 10050K .......... .......... .......... .......... .......... 64% 89.1M 0s
 10100K .......... .......... .......... .......... .......... 64% 91.5M 0s
 10150K .......... .......... .......... .......... .......... 65%  117M 0s
 10200K .......... .......... .......... .......... .......... 65% 56.1M 0s
 10250K .......... .......... .......... .......... .......... 65%  105M 0s
 10300K .......... .......... .......... .......... .......... 66% 92.7M 0s
 10350K .......... .......... .......... .......... .......... 66% 71.2M 0s
 10400K .......... .......... .......... .......... .......... 66% 66.5M 0s
 10450K .......... .......... .......... .......... .......... 67%  104M 0s
 10500K .......... .......... .......... .......... .......... 67% 67.7M 0s
 10550K .......... .......... .......... .......... .......... 67% 80.8M 0s
 10600K .......... .......... .......... .......... .......... 68%  102M 0s
 10650K .......... .......... .......... .......... .......... 68%  105M 0s
 10700K .......... .......... .......... .......... .......... 68% 46.4M 0s
 10750K .......... .......... .......... .......... .......... 69% 7.53M 0s
 10800K .......... .......... .......... .......... .......... 69%  387M 0s
 10850K .......... .......... .......... .......... .......... 69%  487M 0s
 10900K .......... .......... .......... .......... .......... 70%  495M 0s
 10950K .......... .......... .......... .......... .......... 70%  519M 0s
 11000K .......... .......... .......... .......... .......... 70%  464M 0s
 11050K .......... .......... .......... .......... .......... 71%  487M 0s
 11100K .......... .......... .......... .......... .......... 71%  609M 0s
 11150K .......... .......... .......... .......... .......... 71%  667M 0s
 11200K .......... .......... .......... .......... .......... 71%  436M 0s
 11250K .......... .......... .......... .......... .......... 72%  578M 0s
 11300K .......... .......... .......... .......... .......... 72%  502M 0s
 11350K .......... .......... .......... .......... .......... 72%  106M 0s
 11400K .......... .......... .......... .......... .......... 73% 74.3M 0s
 11450K .......... .......... .......... .......... .......... 73% 56.4M 0s
 11500K .......... .......... .......... .......... .......... 73% 60.4M 0s
 11550K .......... .......... .......... .......... .......... 74% 33.9M 0s
 11600K .......... .......... .......... .......... .......... 74% 51.3M 0s
 11650K .......... .......... .......... .......... .......... 74% 67.6M 0s
 11700K .......... .......... .......... .......... .......... 75% 73.8M 0s
 11750K .......... .......... .......... .......... .......... 75% 49.1M 0s
 11800K .......... .......... .......... .......... .......... 75%  103M 0s
 11850K .......... .......... .......... .......... .......... 76% 55.0M 0s
 11900K .......... .......... .......... .......... .......... 76% 37.8M 0s
 11950K .......... .......... .......... .......... .......... 76% 43.0M 0s
 12000K .......... .......... .......... .......... .......... 77% 6.59M 0s
 12050K .......... .......... .......... .......... .......... 77%  453M 0s
 12100K .......... .......... .......... .......... .......... 77%  484M 0s
 12150K .......... .......... .......... .......... .......... 78%  493M 0s
 12200K .......... .......... .......... .......... .......... 78%  478M 0s
 12250K .......... .......... .......... .......... .......... 78%  486M 0s
 12300K .......... .......... .......... .......... .......... 79%  497M 0s
 12350K .......... .......... .......... .......... .......... 79%  619M 0s
 12400K .......... .......... .......... .......... .......... 79%  383M 0s
 12450K .......... .......... .......... .......... .......... 79%  594M 0s
 12500K .......... .......... .......... .......... .......... 80%  472M 0s
 12550K .......... .......... .......... .......... .......... 80%  108M 0s
 12600K .......... .......... .......... .......... .......... 80% 30.3M 0s
 12650K .......... .......... .......... .......... .......... 81% 34.0M 0s
 12700K .......... .......... .......... .......... .......... 81%  102M 0s
 12750K .......... .......... .......... .......... .......... 81% 95.1M 0s
 12800K .......... .......... .......... .......... .......... 82% 59.3M 0s
 12850K .......... .......... .......... .......... .......... 82%  118M 0s
 12900K .......... .......... .......... .......... .......... 82% 28.0M 0s
 12950K .......... .......... .......... .......... .......... 83% 36.8M 0s
 13000K .......... .......... .......... .......... .......... 83%  104M 0s
 13050K .......... .......... .......... .......... .......... 83% 61.9M 0s
 13100K .......... .......... .......... .......... .......... 84% 72.5M 0s
 13150K .......... .......... .......... .......... .......... 84% 93.7M 0s
 13200K .......... .......... .......... .......... .......... 84% 28.2M 0s
 13250K .......... .......... .......... .......... .......... 85%  103M 0s
 13300K .......... .......... .......... .......... .......... 85% 37.3M 0s
 13350K .......... .......... .......... .......... .......... 85% 48.4M 0s
 13400K .......... .......... .......... .......... .......... 86% 93.1M 0s
 13450K .......... .......... .......... .......... .......... 86%  105M 0s
 13500K .......... .......... .......... .......... .......... 86% 83.4M 0s
 13550K .......... .......... .......... .......... .......... 87% 31.0M 0s
 13600K .......... .......... .......... .......... .......... 87% 34.4M 0s
 13650K .......... .......... .......... .......... .......... 87% 47.6M 0s
 13700K .......... .......... .......... .......... .......... 87%  118M 0s
 13750K .......... .......... .......... .......... .......... 88% 45.4M 0s
 13800K .......... .......... .......... .......... .......... 88%  118M 0s
 13850K .......... .......... .......... .......... .......... 88% 38.4M 0s
 13900K .......... .......... .......... .......... .......... 89% 92.4M 0s
 13950K .......... .......... .......... .......... .......... 89% 41.9M 0s
 14000K .......... .......... .......... .......... .......... 89% 41.6M 0s
 14050K .......... .......... .......... .......... .......... 90% 52.2M 0s
 14100K .......... .......... .......... .......... .......... 90% 75.3M 0s
 14150K .......... .......... .......... .......... .......... 90%  104M 0s
 14200K .......... .......... .......... .......... .......... 91% 39.0M 0s
 14250K .......... .......... .......... .......... .......... 91% 45.1M 0s
 14300K .......... .......... .......... .......... .......... 91% 36.5M 0s
 14350K .......... .......... .......... .......... .......... 92%  113M 0s
 14400K .......... .......... .......... .......... .......... 92% 39.5M 0s
 14450K .......... .......... .......... .......... .......... 92% 85.0M 0s
 14500K .......... .......... .......... .......... .......... 93% 35.5M 0s
 14550K .......... .......... .......... .......... .......... 93% 69.8M 0s
 14600K .......... .......... .......... .......... .......... 93%  104M 0s
 14650K .......... .......... .......... .......... .......... 94% 35.9M 0s
 14700K .......... .......... .......... .......... .......... 94% 39.1M 0s
 14750K .......... .......... .......... .......... .......... 94% 94.6M 0s
 14800K .......... .......... .......... .......... .......... 95% 36.5M 0s
 14850K .......... .......... .......... .......... .......... 95% 50.9M 0s
 14900K .......... .......... .......... .......... .......... 95%  104M 0s
 14950K .......... .......... .......... .......... .......... 95% 42.9M 0s
 15000K .......... .......... .......... .......... .......... 96% 32.8M 0s
 15050K .......... .......... .......... .......... .......... 96%  104M 0s
 15100K .......... .......... .......... .......... .......... 96%  105M 0s
 15150K .......... .......... .......... .......... .......... 97% 50.8M 0s
 15200K .......... .......... .......... .......... .......... 97% 46.8M 0s
 15250K .......... .......... .......... .......... .......... 97% 39.1M 0s
 15300K .......... .......... .......... .......... .......... 98% 35.8M 0s
 15350K .......... .......... .......... .......... .......... 98%  118M 0s
 15400K .......... .......... .......... .......... .......... 98% 70.0M 0s
 15450K .......... .......... .......... .......... .......... 99% 42.2M 0s
 15500K .......... .......... .......... .......... .......... 99% 83.4M 0s
 15550K .......... .......... .......... .......... .......... 99%  104M 0s
 15600K .......... .......... .....                           100% 25.6M=0.2s

2026-02-16 10:18:54 (67.8 MB/s) - ‘/home/aisl/Documents/multi_robot_slam_ws/build/multirobot_map_merge/2011-08-09-12-22-52.pgm’ saved [16000058/16000058]

--2026-02-16 10:18:54--  https://raw.githubusercontent.com/hrnr/m-explore-extra/master/map_merge/gmapping_maps/2012-01-28-11-12-01.pgm
Resolving raw.githubusercontent.com (raw.githubusercontent.com)... 185.199.111.133, 185.199.108.133, 185.199.110.133, ...
Connecting to raw.githubusercontent.com (raw.githubusercontent.com)|185.199.111.133|:443... connected.
HTTP request sent, awaiting response... 200 OK
Length: 16000058 (15M) [application/octet-stream]
Saving to: ‘/home/aisl/Documents/multi_robot_slam_ws/build/multirobot_map_merge/2012-01-28-11-12-01.pgm’

     0K .......... .......... .......... .......... ..........  0% 8.30M 2s
    50K .......... .......... .......... .......... ..........  0% 21.4M 1s
   100K .......... .......... .......... .......... ..........  0% 14.7M 1s
   150K .......... .......... .......... .......... ..........  1% 49.4M 1s
   200K .......... .......... .......... .......... ..........  1% 11.8M 1s
   250K .......... .......... .......... .......... ..........  1% 86.1M 1s
   300K .......... .......... .......... .......... ..........  2%  178M 1s
   350K .......... .......... .......... .......... ..........  2% 52.1M 1s
   400K .......... .......... .......... .......... ..........  2% 92.0M 1s
   450K .......... .......... .......... .......... ..........  3% 16.6M 1s
   500K .......... .......... .......... .......... ..........  3% 74.4M 1s
   550K .......... .......... .......... .......... ..........  3% 93.7M 1s
   600K .......... .......... .......... .......... ..........  4%  118M 1s
   650K .......... .......... .......... .......... ..........  4% 50.8M 1s
   700K .......... .......... .......... .......... ..........  4%  105M 0s
   750K .......... .......... .......... .......... ..........  5%  103M 0s
   800K .......... .......... .......... .......... ..........  5% 46.6M 0s
   850K .......... .......... .......... .......... ..........  5% 93.6M 0s
   900K .......... .......... .......... .......... ..........  6% 5.42M 1s
   950K .......... .......... .......... .......... ..........  6%  383M 1s
  1000K .......... .......... .......... .......... ..........  6%  324M 1s
  1050K .......... .......... .......... .......... ..........  7%  575M 0s
  1100K .......... .......... .......... .......... ..........  7%  535M 0s
  1150K .......... .......... .......... .......... ..........  7%  549M 0s
  1200K .......... .......... .......... .......... ..........  7%  428M 0s
  1250K .......... .......... .......... .......... ..........  8%  512M 0s
  1300K .......... .......... .......... .......... ..........  8%  578M 0s
  1350K .......... .......... .......... .......... ..........  8%  512M 0s
  1400K .......... .......... .......... .......... ..........  9%  570M 0s
  1450K .......... .......... .......... .......... ..........  9%  558M 0s
  1500K .......... .......... .......... .......... ..........  9%  544M 0s
  1550K .......... .......... .......... .......... .......... 10%  467M 0s
  1600K .......... .......... .......... .......... .......... 10%  448M 0s
  1650K .......... .......... .......... .......... .......... 10% 11.4M 0s
  1700K .......... .......... .......... .......... .......... 11%  553M 0s
  1750K .......... .......... .......... .......... .......... 11% 54.1M 0s
  1800K .......... .......... .......... .......... .......... 11%  118M 0s
  1850K .......... .......... .......... .......... .......... 12%  138M 0s
  1900K .......... .......... .......... .......... .......... 12%  173M 0s
  1950K .......... .......... .......... .......... .......... 12%  236M 0s
  2000K .......... .......... .......... .......... .......... 13%  358M 0s
  2050K .......... .......... .......... .......... .......... 13%  577M 0s
  2100K .......... .......... .......... .......... .......... 13%  586M 0s
  2150K .......... .......... .......... .......... .......... 14%  541M 0s
  2200K .......... .......... .......... .......... .......... 14%  536M 0s
  2250K .......... .......... .......... .......... .......... 14%  579M 0s
  2300K .......... .......... .......... .......... .......... 15%  531M 0s
  2350K .......... .......... .......... .......... .......... 15%  470M 0s
  2400K .......... .......... .......... .......... .......... 15%  436M 0s
  2450K .......... .......... .......... .......... .......... 15%  566M 0s
  2500K .......... .......... .......... .......... .......... 16%  607M 0s
  2550K .......... .......... .......... .......... .......... 16%  559M 0s
  2600K .......... .......... .......... .......... .......... 16%  530M 0s
  2650K .......... .......... .......... .......... .......... 17%  474M 0s
  2700K .......... .......... .......... .......... .......... 17% 63.3M 0s
  2750K .......... .......... .......... .......... .......... 17% 5.71M 0s
  2800K .......... .......... .......... .......... .......... 18%  101M 0s
  2850K .......... .......... .......... .......... .......... 18%  164M 0s
  2900K .......... .......... .......... .......... .......... 18%  317M 0s
  2950K .......... .......... .......... .......... .......... 19%  523M 0s
  3000K .......... .......... .......... .......... .......... 19%  515M 0s
  3050K .......... .......... .......... .......... .......... 19%  557M 0s
  3100K .......... .......... .......... .......... .......... 20%  516M 0s
  3150K .......... .......... .......... .......... .......... 20%  533M 0s
  3200K .......... .......... .......... .......... .......... 20%  424M 0s
  3250K .......... .......... .......... .......... .......... 21%  513M 0s
  3300K .......... .......... .......... .......... .......... 21%  549M 0s
  3350K .......... .......... .......... .......... .......... 21%  560M 0s
  3400K .......... .......... .......... .......... .......... 22%  547M 0s
  3450K .......... .......... .......... .......... .......... 22%  539M 0s
  3500K .......... .......... .......... .......... .......... 22%  462M 0s
  3550K .......... .......... .......... .......... .......... 23%  550M 0s
  3600K .......... .......... .......... .......... .......... 23%  403M 0s
  3650K .......... .......... .......... .......... .......... 23%  137M 0s
  3700K .......... .......... .......... .......... .......... 23% 96.4M 0s
  3750K .......... .......... .......... .......... .......... 24% 78.4M 0s
  3800K .......... .......... .......... .......... .......... 24%  102M 0s
  3850K .......... .......... .......... .......... .......... 24% 96.9M 0s
  3900K .......... .......... .......... .......... .......... 25% 62.5M 0s
  3950K .......... .......... .......... .......... .......... 25% 91.6M 0s
  4000K .......... .......... .......... .......... .......... 25% 38.6M 0s
  4050K .......... .......... .......... .......... .......... 26% 74.8M 0s
  4100K .......... .......... .......... .......... .......... 26%  118M 0s
  4150K .......... .......... .......... .......... .......... 26% 75.6M 0s
  4200K .......... .......... .......... .......... .......... 27% 76.3M 0s
  4250K .......... .......... .......... .......... .......... 27% 93.9M 0s
  4300K .......... .......... .......... .......... .......... 27%  118M 0s
  4350K .......... .......... .......... .......... .......... 28% 76.8M 0s
  4400K .......... .......... .......... .......... .......... 28% 76.5M 0s
  4450K .......... .......... .......... .......... .......... 28% 45.3M 0s
  4500K .......... .......... .......... .......... .......... 29% 73.3M 0s
  4550K .......... .......... .......... .......... .......... 29%  103M 0s
  4600K .......... .......... .......... .......... .......... 29% 81.4M 0s
  4650K .......... .......... .......... .......... .......... 30% 57.3M 0s
  4700K .......... .......... .......... .......... .......... 30%  105M 0s
  4750K .......... .......... .......... .......... .......... 30%  115M 0s
  4800K .......... .......... .......... .......... .......... 31% 63.0M 0s
  4850K .......... .......... .......... .......... .......... 31% 80.3M 0s
  4900K .......... .......... .......... .......... .......... 31% 45.5M 0s
  4950K .......... .......... .......... .......... .......... 31% 92.5M 0s
  5000K .......... .......... .......... .......... .......... 32%  105M 0s
  5050K .......... .......... .......... .......... .......... 32% 92.3M 0s
  5100K .......... .......... .......... .......... .......... 32% 50.2M 0s
  5150K .......... .......... .......... .......... .......... 33% 86.5M 0s
  5200K .......... .......... .......... .......... .......... 33% 78.6M 0s
  5250K .......... .......... .......... .......... .......... 33% 91.6M 0s
  5300K .......... .......... .......... .......... .......... 34% 91.0M 0s
  5350K .......... .......... .......... .......... .......... 34% 59.5M 0s
  5400K .......... .......... .......... .......... .......... 34% 74.5M 0s
  5450K .......... .......... .......... .......... .......... 35%  118M 0s
  5500K .......... .......... .......... .......... .......... 35% 93.7M 0s
  5550K .......... .......... .......... .......... .......... 35% 59.7M 0s
  5600K .......... .......... .......... .......... .......... 36% 57.0M 0s
  5650K .......... .......... .......... .......... .......... 36% 92.9M 0s
  5700K .......... .......... .......... .......... .......... 36%  104M 0s
  5750K .......... .......... .......... .......... .......... 37% 60.2M 0s
  5800K .......... .......... .......... .......... .......... 37% 75.9M 0s
  5850K .......... .......... .......... .......... .......... 37% 89.0M 0s
  5900K .......... .......... .......... .......... .......... 38% 71.8M 0s
  5950K .......... .......... .......... .......... .......... 38%  104M 0s
  6000K .......... .......... .......... .......... .......... 38% 53.5M 0s
  6050K .......... .......... .......... .......... .......... 39% 67.6M 0s
  6100K .......... .......... .......... .......... .......... 39%  105M 0s
  6150K .......... .......... .......... .......... .......... 39% 62.4M 0s
  6200K .......... .......... .......... .......... .......... 39%  105M 0s
  6250K .......... .......... .......... .......... .......... 40% 83.4M 0s
  6300K .......... .......... .......... .......... .......... 40% 67.7M 0s
  6350K .......... .......... .......... .......... .......... 40% 71.5M 0s
  6400K .......... .......... .......... .......... .......... 41% 61.8M 0s
  6450K .......... .......... .......... .......... .......... 41%  117M 0s
  6500K .......... .......... .......... .......... .......... 41% 84.0M 0s
  6550K .......... .......... .......... .......... .......... 42% 59.4M 0s
  6600K .......... .......... .......... .......... .......... 42% 93.5M 0s
  6650K .......... .......... .......... .......... .......... 42%  105M 0s
  6700K .......... .......... .......... .......... .......... 43% 72.0M 0s
  6750K .......... .......... .......... .......... .......... 43% 91.5M 0s
  6800K .......... .......... .......... .......... .......... 43% 51.9M 0s
  6850K .......... .......... .......... .......... .......... 44% 58.8M 0s
  6900K .......... .......... .......... .......... .......... 44%  118M 0s
  6950K .......... .......... .......... .......... .......... 44% 92.9M 0s
  7000K .......... .......... .......... .......... .......... 45% 56.8M 0s
  7050K .......... .......... .......... .......... .......... 45%  105M 0s
  7100K .......... .......... .......... .......... .......... 45% 93.4M 0s
  7150K .......... .......... .......... .......... .......... 46% 92.7M 0s
  7200K .......... .......... .......... .......... .......... 46% 67.2M 0s
  7250K .......... .......... .......... .......... .......... 46% 66.1M 0s
  7300K .......... .......... .......... .......... .......... 47% 22.9M 0s
  7350K .......... .......... .......... .......... .......... 47%  104M 0s
  7400K .......... .......... .......... .......... .......... 47%  104M 0s
  7450K .......... .......... .......... .......... .......... 47% 5.31M 0s
  7500K .......... .......... .......... .......... .......... 48%  437M 0s
  7550K .......... .......... .......... .......... .......... 48%  492M 0s
  7600K .......... .......... .......... .......... .......... 48%  406M 0s
  7650K .......... .......... .......... .......... .......... 49%  544M 0s
  7700K .......... .......... .......... .......... .......... 49%  602M 0s
  7750K .......... .......... .......... .......... .......... 49%  641M 0s
  7800K .......... .......... .......... .......... .......... 50%  671M 0s
  7850K .......... .......... .......... .......... .......... 50%  656M 0s
  7900K .......... .......... .......... .......... .......... 50%  671M 0s
  7950K .......... .......... .......... .......... .......... 51%  658M 0s
  8000K .......... .......... .......... .......... .......... 51%  504M 0s
  8050K .......... .......... .......... .......... .......... 51%  558M 0s
  8100K .......... .......... .......... .......... .......... 52%  559M 0s
  8150K .......... .......... .......... .......... .......... 52%  471M 0s
  8200K .......... .......... .......... .......... .......... 52%  244M 0s
  8250K .......... .......... .......... .......... .......... 53% 57.7M 0s
  8300K .......... .......... .......... .......... .......... 53% 58.6M 0s
  8350K .......... .......... .......... .......... .......... 53% 38.2M 0s
  8400K .......... .......... .......... .......... .......... 54% 58.1M 0s
  8450K .......... .......... .......... .......... .......... 54% 81.5M 0s
  8500K .......... .......... .......... .......... .......... 54% 37.7M 0s
  8550K .......... .......... .......... .......... .......... 55%  103M 0s
  8600K .......... .......... .......... .......... .......... 55% 48.4M 0s
  8650K .......... .......... .......... .......... .......... 55% 30.1M 0s
  8700K .......... .......... .......... .......... .......... 55% 76.1M 0s
  8750K .......... .......... .......... .......... .......... 56%  103M 0s
  8800K .......... .......... .......... .......... .......... 56% 51.9M 0s
  8850K .......... .......... .......... .......... .......... 56% 45.5M 0s
  8900K .......... .......... .......... .......... .......... 57% 56.5M 0s
  8950K .......... .......... .......... .......... .......... 57% 33.4M 0s
  9000K .......... .......... .......... .......... .......... 57%  104M 0s
  9050K .......... .......... .......... .......... .......... 58% 66.2M 0s
  9100K .......... .......... .......... .......... .......... 58% 58.3M 0s
  9150K .......... .......... .......... .......... .......... 58% 44.3M 0s
  9200K .......... .......... .......... .......... .......... 59% 46.4M 0s
  9250K .......... .......... .......... .......... .......... 59%  118M 0s
  9300K .......... .......... .......... .......... .......... 59% 35.4M 0s
  9350K .......... .......... .......... .......... .......... 60% 54.1M 0s
  9400K .......... .......... .......... .......... .......... 60% 51.0M 0s
  9450K .......... .......... .......... .......... .......... 60%  105M 0s
  9500K .......... .......... .......... .......... .......... 61% 50.0M 0s
  9550K .......... .......... .......... .......... .......... 61% 63.6M 0s
  9600K .......... .......... .......... .......... .......... 61% 31.3M 0s
  9650K .......... .......... .......... .......... .......... 62% 4.98M 0s
  9700K .......... .......... .......... .......... .......... 62%  443M 0s
  9750K .......... .......... .......... .......... .......... 62%  458M 0s
  9800K .......... .......... .......... .......... .......... 63%  506M 0s
  9850K .......... .......... .......... .......... .......... 63%  512M 0s
  9900K .......... .......... .......... .......... .......... 63%  468M 0s
  9950K .......... .......... .......... .......... .......... 63%  533M 0s
 10000K .......... .......... .......... .......... .......... 64%  487M 0s
 10050K .......... .......... .......... .......... .......... 64%  641M 0s
 10100K .......... .......... .......... .......... .......... 64%  658M 0s
 10150K .......... .......... .......... .......... .......... 65%  658M 0s
 10200K .......... .......... .......... .......... .......... 65%  653M 0s
 10250K .......... .......... .......... .......... .......... 65%  595M 0s
 10300K .......... .......... .......... .......... .......... 66%  615M 0s
 10350K .......... .......... .......... .......... .......... 66%  653M 0s
 10400K .......... .......... .......... .......... .......... 66% 51.3M 0s
 10450K .......... .......... .......... .......... .......... 67% 62.6M 0s
 10500K .......... .......... .......... .......... .......... 67% 61.5M 0s
 10550K .......... .......... .......... .......... .......... 67%  105M 0s
 10600K .......... .......... .......... .......... .......... 68% 30.8M 0s
 10650K .......... .......... .......... .......... .......... 68%  118M 0s
 10700K .......... .......... .......... .......... .......... 68% 33.0M 0s
 10750K .......... .......... .......... .......... .......... 69% 93.1M 0s
 10800K .......... .......... .......... .......... .......... 69% 42.7M 0s
 10850K .......... .......... .......... .......... .......... 69% 32.7M 0s
 10900K .......... .......... .......... .......... .......... 70%  116M 0s
 10950K .......... .......... .......... .......... .......... 70% 73.8M 0s
 11000K .......... .......... .......... .......... .......... 70% 34.7M 0s
 11050K .......... .......... .......... .......... .......... 71%  105M 0s
 11100K .......... .......... .......... .......... .......... 71%  104M 0s
 11150K .......... .......... .......... .......... .......... 71% 56.2M 0s
 11200K .......... .......... .......... .......... .......... 71% 31.7M 0s
 11250K .......... .......... .......... .......... .......... 72% 59.5M 0s
 11300K .......... .......... .......... .......... .......... 72% 35.8M 0s
 11350K .......... .......... .......... .......... .......... 72%  118M 0s
 11400K .......... .......... .......... .......... .......... 73% 75.8M 0s
 11450K .......... .......... .......... .......... .......... 73% 45.8M 0s
 11500K .......... .......... .......... .......... .......... 73% 39.6M 0s
 11550K .......... .......... .......... .......... .......... 74%  105M 0s
 11600K .......... .......... .......... .......... .......... 74% 49.3M 0s
 11650K .......... .......... .......... .......... .......... 74% 32.0M 0s
 11700K .......... .......... .......... .......... .......... 75% 4.47M 0s
 11750K .......... .......... .......... .......... .......... 75%  402M 0s
 11800K .......... .......... .......... .......... .......... 75%  497M 0s
 11850K .......... .......... .......... .......... .......... 76%  543M 0s
 11900K .......... .......... .......... .......... .......... 76%  511M 0s
 11950K .......... .......... .......... .......... .......... 76%  544M 0s
 12000K .......... .......... .......... .......... .......... 77%  446M 0s
 12050K .......... .......... .......... .......... .......... 77%  649M 0s
 12100K .......... .......... .......... .......... .......... 77%  652M 0s
 12150K .......... .......... .......... .......... .......... 78%  653M 0s
 12200K .......... .......... .......... .......... .......... 78%  655M 0s
 12250K .......... .......... .......... .......... .......... 78%  548M 0s
 12300K .......... .......... .......... .......... .......... 79%  192M 0s
 12350K .......... .......... .......... .......... .......... 79% 70.1M 0s
 12400K .......... .......... .......... .......... .......... 79% 28.6M 0s
 12450K .......... .......... .......... .......... .......... 79% 50.6M 0s
 12500K .......... .......... .......... .......... .......... 80% 25.0M 0s
 12550K .......... .......... .......... .......... .......... 80% 91.9M 0s
 12600K .......... .......... .......... .......... .......... 80% 25.5M 0s
 12650K .......... .......... .......... .......... .......... 81% 46.6M 0s
 12700K .......... .......... .......... .......... .......... 81% 59.1M 0s
 12750K .......... .......... .......... .......... .......... 81%  104M 0s
 12800K .......... .......... .......... .......... .......... 82% 29.0M 0s
 12850K .......... .......... .......... .......... .......... 82% 3.97M 0s
 12900K .......... .......... .......... .......... .......... 82%  357M 0s
 12950K .......... .......... .......... .......... .......... 83%  617M 0s
 13000K .......... .......... .......... .......... .......... 83%  603M 0s
 13050K .......... .......... .......... .......... .......... 83%  505M 0s
 13100K .......... .......... .......... .......... .......... 84%  495M 0s
 13150K .......... .......... .......... .......... .......... 84%  442M 0s
 13200K .......... .......... .......... .......... .......... 84%  440M 0s
 13250K .......... .......... .......... .......... .......... 85% 47.3M 0s
 13300K .......... .......... .......... .......... .......... 85%  104M 0s
 13350K .......... .......... .......... .......... .......... 85% 23.0M 0s
 13400K .......... .......... .......... .......... .......... 86% 16.9M 0s
 13450K .......... .......... .......... .......... .......... 86% 84.2M 0s
 13500K .......... .......... .......... .......... .......... 86% 20.6M 0s
 13550K .......... .......... .......... .......... .......... 87% 35.3M 0s
 13600K .......... .......... .......... .......... .......... 87% 22.8M 0s
 13650K .......... .......... .......... .......... .......... 87% 21.7M 0s
 13700K .......... .......... .......... .......... .......... 87% 41.6M 0s
 13750K .......... .......... .......... .......... .......... 88% 23.6M 0s
 13800K .......... .......... .......... .......... .......... 88% 20.4M 0s
 13850K .......... .......... .......... .......... .......... 88% 52.3M 0s
 13900K .......... .......... .......... .......... .......... 89% 29.8M 0s
 13950K .......... .......... .......... .......... .......... 89% 21.2M 0s
 14000K .......... .......... .......... .......... .......... 89% 26.6M 0s
 14050K .......... .......... .......... .......... .......... 90% 34.0M 0s
 14100K .......... .......... .......... .......... .......... 90% 22.1M 0s
 14150K .......... .......... .......... .......... .......... 90% 33.4M 0s
 14200K .......... .......... .......... .......... .......... 91% 27.5M 0s
 14250K .......... .......... .......... .......... .......... 91% 46.4M 0s
 14300K .......... .......... .......... .......... .......... 91% 19.4M 0s
 14350K .......... .......... .......... .......... .......... 92% 43.6M 0s
 14400K .......... .......... .......... .......... .......... 92% 26.1M 0s
 14450K .......... .......... .......... .......... .......... 92% 19.2M 0s
 14500K .......... .......... .......... .......... .......... 93% 34.4M 0s
 14550K .......... .......... .......... .......... .......... 93% 30.6M 0s
 14600K .......... .......... .......... .......... .......... 93% 32.9M 0s
 14650K .......... .......... .......... .......... .......... 94% 20.5M 0s
 14700K .......... .......... .......... .......... .......... 94% 44.3M 0s
 14750K .......... .......... .......... .......... .......... 94% 23.1M 0s
 14800K .......... .......... .......... .......... .......... 95% 19.8M 0s
 14850K .......... .......... .......... .......... .......... 95% 32.3M 0s
 14900K .......... .......... .......... .......... .......... 95% 30.8M 0s
 14950K .......... .......... .......... .......... .......... 95% 38.9M 0s
 15000K .......... .......... .......... .......... .......... 96% 21.1M 0s
 15050K .......... .......... .......... .......... .......... 96% 23.8M 0s
 15100K .......... .......... .......... .......... .......... 96% 34.9M 0s
 15150K .......... .......... .......... .......... .......... 97% 35.7M 0s
 15200K .......... .......... .......... .......... .......... 97% 32.7M 0s
 15250K .......... .......... .......... .......... .......... 97% 17.2M 0s
 15300K .......... .......... .......... .......... .......... 98% 26.0M 0s
 15350K .......... .......... .......... .......... .......... 98% 65.6M 0s
 15400K .......... .......... .......... .......... .......... 98% 18.1M 0s
 15450K .......... .......... .......... .......... .......... 99% 30.3M 0s
 15500K .......... .......... .......... .......... .......... 99% 40.1M 0s
 15550K .......... .......... .......... .......... .......... 99% 27.2M 0s
 15600K .......... .......... .....                           100% 23.6M=0.3s

2026-02-16 10:18:55 (51.3 MB/s) - ‘/home/aisl/Documents/multi_robot_slam_ws/build/multirobot_map_merge/2012-01-28-11-12-01.pgm’ saved [16000058/16000058]

