[0.185s] Invoking command in '/home/aisl/Documents/multi_robot_slam_ws/build/multirobot_map_merge': BYOBU_DATE=%Y-%m-%d CMAKE_PREFIX_PATH=${CMAKE_PREFIX_PATH}:/home/aisl/Documents/multi_robot_slam_ws/install/multi_robot_slam_py:/opt/ros/jazzy DEBUGINFOD_URLS=https://debuginfod.ubuntu.com PS1=\[\e[38;5;202m\]$(byobu_prompt_status)\[\e[00m\]$(byobu_prompt_runtime) \[\e[38;5;245m\]\u\[\e[00m\]@\[\e[38;5;172m\]\h\[\e[00m\]:\[\e[38;5;5m\]\w\[\e[00m\]$(byobu_prompt_symbol) /usr/bin/cmake /home/aisl/Documents/multi_robot_slam_ws/src/m-explore-ros2/m-explore-ros2-main/map_merge -DAMENT_CMAKE_SYMLINK_INSTALL=1 -DCMAKE_INSTALL_PREFIX=/home/aisl/Documents/multi_robot_slam_ws/install/multirobot_map_merge
[0.220s] -- The C compiler identification is GNU 13.3.0
[0.257s] -- The CXX compiler identification is GNU 13.3.0
[0.268s] -- Detecting C compiler ABI info
[0.324s] -- Detecting C compiler ABI info - done
[0.331s] -- Check for working C compiler: /usr/bin/cc - skipped
[0.331s] -- Detecting C compile features
[0.331s] -- Detecting C compile features - done
[0.337s] -- Detecting CXX compiler ABI info
[0.402s] -- Detecting CXX compiler ABI info - done
[0.412s] -- Check for working CXX compiler: /usr/bin/c++ - skipped
[0.412s] -- Detecting CXX compile features
[0.412s] -- Detecting CXX compile features - done
[0.415s] -- Found ament_cmake: 2.5.5 (/opt/ros/jazzy/share/ament_cmake/cmake)
[0.525s] -- Found Python3: /usr/bin/python3 (found version "3.12.3") found components: Interpreter 
[0.577s] -- Override CMake install command with custom implementation using symlinks instead of copying resources
[0.611s] -- Found rclcpp: 28.1.16 (/opt/ros/jazzy/share/rclcpp/cmake)
[0.648s] -- Found rosidl_generator_c: 4.6.7 (/opt/ros/jazzy/share/rosidl_generator_c/cmake)
[0.661s] -- Found rosidl_generator_cpp: 4.6.7 (/opt/ros/jazzy/share/rosidl_generator_cpp/cmake)
[0.675s] -- Using all available rosidl_typesupport_c: rosidl_typesupport_fastrtps_c;rosidl_typesupport_introspection_c
[0.691s] -- Using all available rosidl_typesupport_cpp: rosidl_typesupport_fastrtps_cpp;rosidl_typesupport_introspection_cpp
[0.758s] -- Found rmw_implementation_cmake: 7.3.3 (/opt/ros/jazzy/share/rmw_implementation_cmake/cmake)
[0.761s] -- Found rmw_fastrtps_cpp: 8.4.3 (/opt/ros/jazzy/share/rmw_fastrtps_cpp/cmake)
[0.819s] -- Found OpenSSL: /usr/lib/x86_64-linux-gnu/libcrypto.so (found version "3.0.13")  
[0.836s] -- Found FastRTPS: /opt/ros/jazzy/include (Required is at least version "2.13") 
[0.853s] -- Using RMW implementation 'rmw_fastrtps_cpp' as default
[0.926s] -- Found geometry_msgs: 5.3.6 (/opt/ros/jazzy/share/geometry_msgs/cmake)
[0.955s] -- Found image_geometry: 4.1.0 (/opt/ros/jazzy/share/image_geometry/cmake)
[0.988s] -- Found map_msgs: 2.4.1 (/opt/ros/jazzy/share/map_msgs/cmake)
[1.045s] -- Found tf2_geometry_msgs: 0.36.19 (/opt/ros/jazzy/share/tf2_geometry_msgs/cmake)
[1.061s] -- Found eigen3_cmake_module: 0.3.0 (/opt/ros/jazzy/share/eigen3_cmake_module/cmake)
[1.062s] -- Found Eigen3: TRUE (found version "3.4.0") 
[1.062s] -- Ensuring Eigen3 include directory is part of orocos-kdl CMake target
[1.269s] -- Found Boost: /usr/lib/x86_64-linux-gnu/cmake/Boost-1.83.0/BoostConfig.cmake (found version "1.83.0") found components: thread 
[1.277s] -- Found OpenCV: /usr (found version "4.6.0") 
[1.296s] -- Found ament_lint_auto: 0.17.4 (/opt/ros/jazzy/share/ament_lint_auto/cmake)
[1.395s] -- Found ament_cmake_gtest: 2.5.5 (/opt/ros/jazzy/share/ament_cmake_gtest/cmake)
[1.401s] --2026-02-16 10:18:51--  https://raw.githubusercontent.com/hrnr/m-explore-extra/master/map_merge/hector_maps/map00.pgm
[1.443s] Resolving raw.githubusercontent.com (raw.githubusercontent.com)... 185.199.111.133, 185.199.108.133, 185.199.109.133, ...
[1.449s] Connecting to raw.githubusercontent.com (raw.githubusercontent.com)|185.199.111.133|:443... connected.
[1.929s] HTTP request sent, awaiting response... 200 OK
[1.929s] Length: 4194362 (4.0M) [application/octet-stream]
[1.929s] Saving to: ‘/home/aisl/Documents/multi_robot_slam_ws/build/multirobot_map_merge/map00.pgm’
[1.929s] 
[1.934s]      0K .......... .......... .......... .......... ..........  1% 8.25M 0s
[1.940s]     50K .......... .......... .......... .......... ..........  2% 8.17M 0s
[1.952s]    100K .......... .......... .......... .......... ..........  3% 4.23M 1s
[1.963s]    150K .......... .......... .......... .......... ..........  4% 4.63M 1s
[1.970s]    200K .......... .......... .......... .......... ..........  6% 6.77M 1s
[1.970s]    250K .......... .......... .......... .......... ..........  7%  113M 1s
[1.977s]    300K .......... .......... .......... .......... ..........  8% 7.47M 1s
[1.982s]    350K .......... .......... .......... .......... ..........  9% 8.76M 0s
[1.987s]    400K .......... .......... .......... .......... .......... 10% 10.9M 0s
[1.991s]    450K .......... .......... .......... .......... .......... 12% 11.7M 0s
[1.994s]    500K .......... .......... .......... .......... .......... 13% 89.3M 0s
[1.994s]    550K .......... .......... .......... .......... .......... 14% 17.5M 0s
[1.997s]    600K .......... .......... .......... .......... .......... 15% 15.5M 0s
[1.999s]    650K .......... .......... .......... .......... .......... 17% 23.0M 0s
[2.003s]    700K .......... .......... .......... .......... .......... 18% 25.1M 0s
[2.003s]    750K .......... .......... .......... .......... .......... 19% 24.0M 0s
[2.004s]    800K .......... .......... .......... .......... .......... 20%  118M 0s
[2.005s]    850K .......... .......... .......... .......... .......... 21% 39.0M 0s
[2.007s]    900K .......... .......... .......... .......... .......... 23% 23.7M 0s
[2.008s]    950K .......... .......... .......... .......... .......... 24%  102M 0s
[2.008s]   1000K .......... .......... .......... .......... .......... 25% 79.1M 0s
[2.009s]   1050K .......... .......... .......... .......... .......... 26%  103M 0s
[2.010s]   1100K .......... .......... .......... .......... .......... 28% 55.9M 0s
[2.010s]   1150K .......... .......... .......... .......... .......... 29% 61.3M 0s
[2.011s]   1200K .......... .......... .......... .......... .......... 30% 70.2M 0s
[2.012s]   1250K .......... .......... .......... .......... .......... 31% 92.2M 0s
[2.012s]   1300K .......... .......... .......... .......... .......... 32% 84.8M 0s
[2.013s]   1350K .......... .......... .......... .......... .......... 34%  118M 0s
[2.013s]   1400K .......... .......... .......... .......... .......... 35% 80.9M 0s
[2.014s]   1450K .......... .......... .......... .......... .......... 36%  118M 0s
[2.014s]   1500K .......... .......... .......... .......... .......... 37% 71.8M 0s
[2.015s]   1550K .......... .......... .......... .......... .......... 39% 89.6M 0s
[2.023s]   1600K .......... .......... .......... .......... .......... 40% 6.04M 0s
[2.023s]   1650K .......... .......... .......... .......... .......... 41%  255M 0s
[2.023s]   1700K .......... .......... .......... .......... .......... 42%  618M 0s
[2.024s]   1750K .......... .......... .......... .......... .......... 43% 89.5M 0s
[2.024s]   1800K .......... .......... .......... .......... .......... 45%  227M 0s
[2.024s]   1850K .......... .......... .......... .......... .......... 46%  185M 0s
[2.025s]   1900K .......... .......... .......... .......... .......... 47%  132M 0s
[2.025s]   1950K .......... .......... .......... .......... .......... 48%  630M 0s
[2.025s]   2000K .......... .......... .......... .......... .......... 50%  135M 0s
[2.026s]   2050K .......... .......... .......... .......... .......... 51% 96.1M 0s
[2.026s]   2100K .......... .......... .......... .......... .......... 52%  306M 0s
[2.026s]   2150K .......... .......... .......... .......... .......... 53%  567M 0s
[2.026s]   2200K .......... .......... .......... .......... .......... 54%  622M 0s
[2.027s]   2250K .......... .......... .......... .......... .......... 56% 39.8M 0s
[2.027s]   2300K .......... .......... .......... .......... .......... 57%  131M 0s
[2.028s]   2350K .......... .......... .......... .......... .......... 58%  625M 0s
[2.029s]   2400K .......... .......... .......... .......... .......... 59% 45.6M 0s
[2.029s]   2450K .......... .......... .......... .......... .......... 61% 73.2M 0s
[2.030s]   2500K .......... .......... .......... .......... .......... 62% 89.8M 0s
[2.030s]   2550K .......... .......... .......... .......... .......... 63%  172M 0s
[2.039s]   2600K .......... .......... .......... .......... .......... 64% 5.71M 0s
[2.039s]   2650K .......... .......... .......... .......... .......... 65%  459M 0s
[2.039s]   2700K .......... .......... .......... .......... .......... 67%  466M 0s
[2.039s]   2750K .......... .......... .......... .......... .......... 68%  613M 0s
[2.039s]   2800K .......... .......... .......... .......... .......... 69%  612M 0s
[2.039s]   2850K .......... .......... .......... .......... .......... 70%  644M 0s
[2.039s]   2900K .......... .......... .......... .......... .......... 72%  624M 0s
[2.039s]   2950K .......... .......... .......... .......... .......... 73%  626M 0s
[2.039s]   3000K .......... .......... .......... .......... .......... 74%  622M 0s
[2.040s]   3050K .......... .......... .......... .......... .......... 75%  618M 0s
[2.040s]   3100K .......... .......... .......... .......... .......... 76%  481M 0s
[2.040s]   3150K .......... .......... .......... .......... .......... 78%  628M 0s
[2.040s]   3200K .......... .......... .......... .......... .......... 79%  579M 0s
[2.040s]   3250K .......... .......... .......... .......... .......... 80%  576M 0s
[2.040s]   3300K .......... .......... .......... .......... .......... 81%  638M 0s
[2.040s]   3350K .......... .......... .......... .......... .......... 83%  618M 0s
[2.040s]   3400K .......... .......... .......... .......... .......... 84%  635M 0s
[2.040s]   3450K .......... .......... .......... .......... .......... 85%  642M 0s
[2.040s]   3500K .......... .......... .......... .......... .......... 86%  476M 0s
[2.040s]   3550K .......... .......... .......... .......... .......... 87%  553M 0s
[2.040s]   3600K .......... .......... .......... .......... .......... 89%  589M 0s
[2.040s]   3650K .......... .......... .......... .......... .......... 90%  624M 0s
[2.040s]   3700K .......... .......... .......... .......... .......... 91%  647M 0s
[2.041s]   3750K .......... .......... .......... .......... .......... 92%  633M 0s
[2.041s]   3800K .......... .......... .......... .......... .......... 93%  639M 0s
[2.041s]   3850K .......... .......... .......... .......... .......... 95%  580M 0s
[2.041s]   3900K .......... .......... .......... .......... .......... 96%  485M 0s
[2.041s]   3950K .......... .......... .......... .......... .......... 97%  646M 0s
[2.041s]   4000K .......... .......... .......... .......... .......... 98%  636M 0s
[2.041s]   4050K .......... .......... .......... .......... ......    100%  182M=0.1s
[2.041s] 
[2.041s] 2026-02-16 10:18:51 (35.5 MB/s) - ‘/home/aisl/Documents/multi_robot_slam_ws/build/multirobot_map_merge/map00.pgm’ saved [4194362/4194362]
[2.041s] 
[2.042s] Checking MD5 sum of /home/aisl/Documents/multi_robot_slam_ws/build/multirobot_map_merge/map00.pgm
[2.048s] /home/aisl/Documents/multi_robot_slam_ws/build/multirobot_map_merge/map00.pgm: OK
[2.052s] --2026-02-16 10:18:51--  https://raw.githubusercontent.com/hrnr/m-explore-extra/master/map_merge/hector_maps/map05.pgm
[2.074s] Resolving raw.githubusercontent.com (raw.githubusercontent.com)... 185.199.110.133, 185.199.108.133, 185.199.109.133, ...
[2.080s] Connecting to raw.githubusercontent.com (raw.githubusercontent.com)|185.199.110.133|:443... connected.
[2.547s] HTTP request sent, awaiting response... 200 OK
[2.548s] Length: 4194362 (4.0M) [application/octet-stream]
[2.548s] Saving to: ‘/home/aisl/Documents/multi_robot_slam_ws/build/multirobot_map_merge/map05.pgm’
[2.548s] 
[2.553s]      0K .......... .......... .......... .......... ..........  1% 8.51M 0s
[2.555s]     50K .......... .......... .......... .......... ..........  2% 19.9M 0s
[2.559s]    100K .......... .......... .......... .......... ..........  3% 15.5M 0s
[2.560s]    150K .......... .......... .......... .......... ..........  4% 45.5M 0s
[2.561s]    200K .......... .......... .......... .......... ..........  6% 32.0M 0s
[2.564s]    250K .......... .......... .......... .......... ..........  7% 17.2M 0s
[2.564s]    300K .......... .......... .......... .......... ..........  8%  105M 0s
[2.566s]    350K .......... .......... .......... .......... ..........  9% 52.6M 0s
[2.566s]    400K .......... .......... .......... .......... .......... 10% 71.2M 0s
[2.567s]    450K .......... .......... .......... .......... .......... 12% 60.5M 0s
[2.567s]    500K .......... .......... .......... .......... .......... 13%  116M 0s
[2.568s]    550K .......... .......... .......... .......... .......... 14% 93.2M 0s
[2.570s]    600K .......... .......... .......... .......... .......... 15% 25.3M 0s
[2.570s]    650K .......... .......... .......... .......... .......... 17%  119M 0s
[2.571s]    700K .......... .......... .......... .......... .......... 18% 52.7M 0s
[2.572s]    750K .......... .......... .......... .......... .......... 19%  120M 0s
[2.572s]    800K .......... .......... .......... .......... .......... 20% 71.6M 0s
[2.573s]    850K .......... .......... .......... .......... .......... 21% 80.9M 0s
[2.573s]    900K .......... .......... .......... .......... .......... 23%  117M 0s
[2.581s]    950K .......... .......... .......... .......... .......... 24% 6.00M 0s
[2.582s]   1000K .......... .......... .......... .......... .......... 25%  625M 0s
[2.582s]   1050K .......... .......... .......... .......... .......... 26%  115M 0s
[2.582s]   1100K .......... .......... .......... .......... .......... 28%  300M 0s
[2.582s]   1150K .......... .......... .......... .......... .......... 29%  214M 0s
[2.583s]   1200K .......... .......... .......... .......... .......... 30%  116M 0s
[2.583s]   1250K .......... .......... .......... .......... .......... 31%  611M 0s
[2.583s]   1300K .......... .......... .......... .......... .......... 32%  633M 0s
[2.583s]   1350K .......... .......... .......... .......... .......... 34%  627M 0s
[2.583s]   1400K .......... .......... .......... .......... .......... 35%  634M 0s
[2.583s]   1450K .......... .......... .......... .......... .......... 36%  640M 0s
[2.583s]   1500K .......... .......... .......... .......... .......... 37%  650M 0s
[2.583s]   1550K .......... .......... .......... .......... .......... 39%  645M 0s
[2.583s]   1600K .......... .......... .......... .......... .......... 40%  484M 0s
[2.586s]   1650K .......... .......... .......... .......... .......... 41% 17.3M 0s
[2.587s]   1700K .......... .......... .......... .......... .......... 42% 92.4M 0s
[2.587s]   1750K .......... .......... .......... .......... .......... 43%  576M 0s
[2.587s]   1800K .......... .......... .......... .......... .......... 45%  624M 0s
[2.588s]   1850K .......... .......... .......... .......... .......... 46% 44.7M 0s
[2.589s]   1900K .......... .......... .......... .......... .......... 47% 70.6M 0s
[2.589s]   1950K .......... .......... .......... .......... .......... 48%  427M 0s
[2.589s]   2000K .......... .......... .......... .......... .......... 50%  314M 0s
[2.589s]   2050K .......... .......... .......... .......... .......... 51%  437M 0s
[2.589s]   2100K .......... .......... .......... .......... .......... 52%  431M 0s
[2.589s]   2150K .......... .......... .......... .......... .......... 53%  409M 0s
[2.589s]   2200K .......... .......... .......... .......... .......... 54%  425M 0s
[2.589s]   2250K .......... .......... .......... .......... .......... 56%  429M 0s
[2.590s]   2300K .......... .......... .......... .......... .......... 57%  405M 0s
[2.590s]   2350K .......... .......... .......... .......... .......... 58%  410M 0s
[2.590s]   2400K .......... .......... .......... .......... .......... 59%  279M 0s
[2.590s]   2450K .......... .......... .......... .......... .......... 61%  439M 0s
[2.590s]   2500K .......... .......... .......... .......... .......... 62%  432M 0s
[2.590s]   2550K .......... .......... .......... .......... .......... 63%  432M 0s
[2.591s]   2600K .......... .......... .......... .......... .......... 64%  148M 0s
[2.591s]   2650K .......... .......... .......... .......... .......... 65% 92.3M 0s
[2.591s]   2700K .......... .......... .......... .......... .......... 67%  118M 0s
[2.592s]   2750K .......... .......... .......... .......... .......... 68% 83.8M 0s
[2.593s]   2800K .......... .......... .......... .......... .......... 69% 71.6M 0s
[2.593s]   2850K .......... .......... .......... .......... .......... 70% 84.8M 0s
[2.594s]   2900K .......... .......... .......... .......... .......... 72%  114M 0s
[2.594s]   2950K .......... .......... .......... .......... .......... 73% 92.2M 0s
[2.595s]   3000K .......... .......... .......... .......... .......... 74% 82.9M 0s
[2.595s]   3050K .......... .......... .......... .......... .......... 75%  118M 0s
[2.596s]   3100K .......... .......... .......... .......... .......... 76% 91.3M 0s
[2.597s]   3150K .......... .......... .......... .......... .......... 78% 59.0M 0s
[2.597s]   3200K .......... .......... .......... .......... .......... 79% 68.1M 0s
[2.598s]   3250K .......... .......... .......... .......... .......... 80%  118M 0s
[2.599s]   3300K .......... .......... .......... .......... .......... 81% 62.3M 0s
[2.599s]   3350K .......... .......... .......... .......... .......... 83% 89.2M 0s
[2.600s]   3400K .......... .......... .......... .......... .......... 84%  105M 0s
[2.600s]   3450K .......... .......... .......... .......... .......... 85% 75.1M 0s
[2.601s]   3500K .......... .......... .......... .......... .......... 86% 82.7M 0s
[2.602s]   3550K .......... .......... .......... .......... .......... 87% 94.3M 0s
[2.602s]   3600K .......... .......... .......... .......... .......... 89% 93.0M 0s
[2.603s]   3650K .......... .......... .......... .......... .......... 90% 67.5M 0s
[2.603s]   3700K .......... .......... .......... .......... .......... 91% 67.6M 0s
[2.604s]   3750K .......... .......... .......... .......... .......... 92%  133M 0s
[2.604s]   3800K .......... .......... .......... .......... .......... 93% 79.8M 0s
[2.605s]   3850K .......... .......... .......... .......... .......... 95% 92.4M 0s
[2.605s]   3900K .......... .......... .......... .......... .......... 96%  119M 0s
[2.606s]   3950K .......... .......... .......... .......... .......... 97% 74.3M 0s
[2.607s]   4000K .......... .......... .......... .......... .......... 98% 71.9M 0s
[2.607s]   4050K .......... .......... .......... .......... ......    100%  125M=0.06s
[2.607s] 
[2.607s] 2026-02-16 10:18:52 (67.0 MB/s) - ‘/home/aisl/Documents/multi_robot_slam_ws/build/multirobot_map_merge/map05.pgm’ saved [4194362/4194362]
[2.607s] 
[2.608s] Checking MD5 sum of /home/aisl/Documents/multi_robot_slam_ws/build/multirobot_map_merge/map05.pgm
[2.614s] /home/aisl/Documents/multi_robot_slam_ws/build/multirobot_map_merge/map05.pgm: OK
[2.618s] --2026-02-16 10:18:52--  https://raw.githubusercontent.com/hrnr/m-explore-extra/master/map_merge/gmapping_maps/2011-08-09-12-22-52.pgm
[2.640s] Resolving raw.githubusercontent.com (raw.githubusercontent.com)... 185.199.110.133, 185.199.109.133, 185.199.111.133, ...
[2.646s] Connecting to raw.githubusercontent.com (raw.githubusercontent.com)|185.199.110.133|:443... connected.
[4.133s] HTTP request sent, awaiting response... 200 OK
[4.133s] Length: 16000058 (15M) [application/octet-stream]
[4.133s] Saving to: ‘/home/aisl/Documents/multi_robot_slam_ws/build/multirobot_map_merge/2011-08-09-12-22-52.pgm’
[4.134s] 
[4.139s]      0K .......... .......... .......... .......... ..........  0% 8.54M 2s
[4.141s]     50K .......... .......... .......... .......... ..........  0% 19.3M 1s
[4.144s]    100K .......... .......... .......... .......... ..........  0% 15.3M 1s
[4.145s]    150K .......... .......... .......... .......... ..........  1% 43.7M 1s
[4.147s]    200K .......... .......... .......... .......... ..........  1% 36.9M 1s
[4.150s]    250K .......... .......... .......... .......... ..........  1% 16.1M 1s
[4.150s]    300K .......... .......... .......... .......... ..........  2%  104M 1s
[4.151s]    350K .......... .......... .......... .......... ..........  2% 56.2M 1s
[4.152s]    400K .......... .......... .......... .......... ..........  2% 78.1M 1s
[4.152s]    450K .......... .......... .......... .......... ..........  3% 64.8M 1s
[4.153s]    500K .......... .......... .......... .......... ..........  3%  104M 1s
[4.153s]    550K .......... .......... .......... .......... ..........  3%  119M 1s
[4.156s]    600K .......... .......... .......... .......... ..........  4% 21.3M 1s
[4.156s]    650K .......... .......... .......... .......... ..........  4%  104M 0s
[4.157s]    700K .......... .......... .......... .......... ..........  4% 65.9M 0s
[4.157s]    750K .......... .......... .......... .......... ..........  5%  118M 0s
[4.158s]    800K .......... .......... .......... .......... ..........  5% 77.7M 0s
[4.158s]    850K .......... .......... .......... .......... ..........  5% 85.7M 0s
[4.159s]    900K .......... .......... .......... .......... ..........  6%  118M 0s
[4.168s]    950K .......... .......... .......... .......... ..........  6% 5.42M 1s
[4.168s]   1000K .......... .......... .......... .......... ..........  6%  195M 0s
[4.168s]   1050K .......... .......... .......... .......... ..........  7%  192M 0s
[4.169s]   1100K .......... .......... .......... .......... ..........  7%  225M 0s
[4.169s]   1150K .......... .......... .......... .......... ..........  7%  273M 0s
[4.169s]   1200K .......... .......... .......... .......... ..........  7% 94.0M 0s
[4.169s]   1250K .......... .......... .......... .......... ..........  8%  488M 0s
[4.170s]   1300K .......... .......... .......... .......... ..........  8%  529M 0s
[4.170s]   1350K .......... .......... .......... .......... ..........  8%  532M 0s
[4.170s]   1400K .......... .......... .......... .......... ..........  9%  571M 0s
[4.171s]   1450K .......... .......... .......... .......... ..........  9% 40.3M 0s
[4.171s]   1500K .......... .......... .......... .......... ..........  9%  464M 0s
[4.172s]   1550K .......... .......... .......... .......... .......... 10%  516M 0s
[4.172s]   1600K .......... .......... .......... .......... .......... 10% 46.8M 0s
[4.172s]   1650K .......... .......... .......... .......... .......... 10%  227M 0s
[4.173s]   1700K .......... .......... .......... .......... .......... 11% 68.2M 0s
[4.173s]   1750K .......... .......... .......... .......... .......... 11%  503M 0s
[4.174s]   1800K .......... .......... .......... .......... .......... 11% 82.1M 0s
[4.175s]   1850K .......... .......... .......... .......... .......... 12% 53.4M 0s
[4.175s]   1900K .......... .......... .......... .......... .......... 12% 90.2M 0s
[4.175s]   1950K .......... .......... .......... .......... .......... 12%  468M 0s
[4.175s]   2000K .......... .......... .......... .......... .......... 13%  397M 0s
[4.176s]   2050K .......... .......... .......... .......... .......... 13%  500M 0s
[4.176s]   2100K .......... .......... .......... .......... .......... 13%  496M 0s
[4.176s]   2150K .......... .......... .......... .......... .......... 14%  471M 0s
[4.176s]   2200K .......... .......... .......... .......... .......... 14%  589M 0s
[4.176s]   2250K .......... .......... .......... .......... .......... 14%  664M 0s
[4.176s]   2300K .......... .......... .......... .......... .......... 15%  652M 0s
[4.176s]   2350K .......... .......... .......... .......... .......... 15%  591M 0s
[4.176s]   2400K .......... .......... .......... .......... .......... 15%  314M 0s
[4.176s]   2450K .......... .......... .......... .......... .......... 15%  479M 0s
[4.176s]   2500K .......... .......... .......... .......... .......... 16%  247M 0s
[4.177s]   2550K .......... .......... .......... .......... .......... 16% 87.8M 0s
[4.178s]   2600K .......... .......... .......... .......... .......... 16%  105M 0s
[4.178s]   2650K .......... .......... .......... .......... .......... 17% 62.5M 0s
[4.179s]   2700K .......... .......... .......... .......... .......... 17% 80.8M 0s
[4.180s]   2750K .......... .......... .......... .......... .......... 17% 87.7M 0s
[4.180s]   2800K .......... .......... .......... .......... .......... 18% 85.1M 0s
[4.181s]   2850K .......... .......... .......... .......... .......... 18% 73.4M 0s
[4.181s]   2900K .......... .......... .......... .......... .......... 18% 84.4M 0s
[4.182s]   2950K .......... .......... .......... .......... .......... 19%  119M 0s
[4.182s]   3000K .......... .......... .......... .......... .......... 19% 68.9M 0s
[4.183s]   3050K .......... .......... .......... .......... .......... 19% 93.4M 0s
[4.183s]   3100K .......... .......... .......... .......... .......... 20%  103M 0s
[4.184s]   3150K .......... .......... .......... .......... .......... 20% 84.3M 0s
[4.185s]   3200K .......... .......... .......... .......... .......... 20% 52.8M 0s
[4.185s]   3250K .......... .......... .......... .......... .......... 21% 92.1M 0s
[4.186s]   3300K .......... .......... .......... .......... .......... 21% 68.3M 0s
[4.187s]   3350K .......... .......... .......... .......... .......... 21%  118M 0s
[4.187s]   3400K .......... .......... .......... .......... .......... 22% 87.3M 0s
[4.188s]   3450K .......... .......... .......... .......... .......... 22% 85.0M 0s
[4.188s]   3500K .......... .......... .......... .......... .......... 22%  117M 0s
[4.189s]   3550K .......... .......... .......... .......... .......... 23% 70.2M 0s
[4.190s]   3600K .......... .......... .......... .......... .......... 23% 66.8M 0s
[4.190s]   3650K .......... .......... .......... .......... .......... 23% 84.6M 0s
[4.191s]   3700K .......... .......... .......... .......... .......... 23%  104M 0s
[4.191s]   3750K .......... .......... .......... .......... .......... 24% 90.9M 0s
[4.193s]   3800K .......... .......... .......... .......... .......... 24% 31.0M 0s
[4.193s]   3850K .......... .......... .......... .......... .......... 24%  118M 0s
[4.194s]   3900K .......... .......... .......... .......... .......... 25% 77.1M 0s
[4.194s]   3950K .......... .......... .......... .......... .......... 25%  118M 0s
[4.195s]   4000K .......... .......... .......... .......... .......... 25% 77.7M 0s
[4.195s]   4050K .......... .......... .......... .......... .......... 26% 84.0M 0s
[4.196s]   4100K .......... .......... .......... .......... .......... 26%  118M 0s
[4.196s]   4150K .......... .......... .......... .......... .......... 26% 93.6M 0s
[4.197s]   4200K .......... .......... .......... .......... .......... 27% 57.2M 0s
[4.198s]   4250K .......... .......... .......... .......... .......... 27%  118M 0s
[4.198s]   4300K .......... .......... .......... .......... .......... 27% 93.6M 0s
[4.199s]   4350K .......... .......... .......... .......... .......... 28% 82.8M 0s
[4.200s]   4400K .......... .......... .......... .......... .......... 28% 49.8M 0s
[4.200s]   4450K .......... .......... .......... .......... .......... 28% 82.5M 0s
[4.201s]   4500K .......... .......... .......... .......... .......... 29%  101M 0s
[4.201s]   4550K .......... .......... .......... .......... .......... 29% 87.9M 0s
[4.202s]   4600K .......... .......... .......... .......... .......... 29% 89.1M 0s
[4.202s]   4650K .......... .......... .......... .......... .......... 30% 93.9M 0s
[4.203s]   4700K .......... .......... .......... .......... .......... 30%  103M 0s
[4.204s]   4750K .......... .......... .......... .......... .......... 30% 88.4M 0s
[4.204s]   4800K .......... .......... .......... .......... .......... 31% 71.8M 0s
[4.205s]   4850K .......... .......... .......... .......... .......... 31% 93.9M 0s
[4.205s]   4900K .......... .......... .......... .......... .......... 31% 92.1M 0s
[4.206s]   4950K .......... .......... .......... .......... .......... 31% 92.1M 0s
[4.206s]   5000K .......... .......... .......... .......... .......... 32%  105M 0s
[4.207s]   5050K .......... .......... .......... .......... .......... 32% 93.8M 0s
[4.207s]   5100K .......... .......... .......... .......... .......... 32% 93.3M 0s
[4.208s]   5150K .......... .......... .......... .......... .......... 33% 79.5M 0s
[4.208s]   5200K .......... .......... .......... .......... .......... 33% 71.5M 0s
[4.209s]   5250K .......... .......... .......... .......... .......... 33%  104M 0s
[4.210s]   5300K .......... .......... .......... .......... .......... 34% 66.4M 0s
[4.210s]   5350K .......... .......... .......... .......... .......... 34% 84.3M 0s
[4.211s]   5400K .......... .......... .......... .......... .......... 34%  118M 0s
[4.211s]   5450K .......... .......... .......... .......... .......... 35% 76.9M 0s
[4.212s]   5500K .......... .......... .......... .......... .......... 35% 91.1M 0s
[4.212s]   5550K .......... .......... .......... .......... .......... 35%  117M 0s
[4.213s]   5600K .......... .......... .......... .......... .......... 36% 63.4M 0s
[4.221s]   5650K .......... .......... .......... .......... .......... 36% 6.16M 0s
[4.221s]   5700K .......... .......... .......... .......... .......... 36%  502M 0s
[4.221s]   5750K .......... .......... .......... .......... .......... 37%  479M 0s
[4.221s]   5800K .......... .......... .......... .......... .......... 37%  458M 0s
[4.221s]   5850K .......... .......... .......... .......... .......... 37%  395M 0s
[4.222s]   5900K .......... .......... .......... .......... .......... 38%  418M 0s
[4.222s]   5950K .......... .......... .......... .......... .......... 38%  388M 0s
[4.222s]   6000K .......... .......... .......... .......... .......... 38%  322M 0s
[4.222s]   6050K .......... .......... .......... .......... .......... 39%  469M 0s
[4.222s]   6100K .......... .......... .......... .......... .......... 39%  490M 0s
[4.222s]   6150K .......... .......... .......... .......... .......... 39%  482M 0s
[4.222s]   6200K .......... .......... .......... .......... .......... 39%  537M 0s
[4.222s]   6250K .......... .......... .......... .......... .......... 40%  484M 0s
[4.222s]   6300K .......... .......... .......... .......... .......... 40%  496M 0s
[4.223s]   6350K .......... .......... .......... .......... .......... 40%  502M 0s
[4.223s]   6400K .......... .......... .......... .......... .......... 41%  407M 0s
[4.223s]   6450K .......... .......... .......... .......... .......... 41%  520M 0s
[4.223s]   6500K .......... .......... .......... .......... .......... 41%  439M 0s
[4.223s]   6550K .......... .......... .......... .......... .......... 42%  145M 0s
[4.224s]   6600K .......... .......... .......... .......... .......... 42% 84.2M 0s
[4.224s]   6650K .......... .......... .......... .......... .......... 42% 82.8M 0s
[4.225s]   6700K .......... .......... .......... .......... .......... 43%  118M 0s
[4.226s]   6750K .......... .......... .......... .......... .......... 43% 63.9M 0s
[4.226s]   6800K .......... .......... .......... .......... .......... 43% 56.8M 0s
[4.227s]   6850K .......... .......... .......... .......... .......... 44% 45.5M 0s
[4.228s]   6900K .......... .......... .......... .......... .......... 44%  105M 0s
[4.228s]   6950K .......... .......... .......... .......... .......... 44% 81.0M 0s
[4.229s]   7000K .......... .......... .......... .......... .......... 45% 75.6M 0s
[4.230s]   7050K .......... .......... .......... .......... .......... 45% 75.4M 0s
[4.230s]   7100K .......... .......... .......... .......... .......... 45%  103M 0s
[4.231s]   7150K .......... .......... .......... .......... .......... 46% 92.9M 0s
[4.231s]   7200K .......... .......... .......... .......... .......... 46% 76.2M 0s
[4.232s]   7250K .......... .......... .......... .......... .......... 46%  116M 0s
[4.232s]   7300K .......... .......... .......... .......... .......... 47% 88.3M 0s
[4.233s]   7350K .......... .......... .......... .......... .......... 47% 84.7M 0s
[4.234s]   7400K .......... .......... .......... .......... .......... 47% 58.5M 0s
[4.234s]   7450K .......... .......... .......... .......... .......... 47% 78.7M 0s
[4.235s]   7500K .......... .......... .......... .......... .......... 48% 66.7M 0s
[4.236s]   7550K .......... .......... .......... .......... .......... 48%  118M 0s
[4.236s]   7600K .......... .......... .......... .......... .......... 48% 51.3M 0s
[4.237s]   7650K .......... .......... .......... .......... .......... 49% 94.4M 0s
[4.238s]   7700K .......... .......... .......... .......... .......... 49% 79.8M 0s
[4.238s]   7750K .......... .......... .......... .......... .......... 49% 92.4M 0s
[4.239s]   7800K .......... .......... .......... .......... .......... 50%  118M 0s
[4.239s]   7850K .......... .......... .......... .......... .......... 50% 89.7M 0s
[4.240s]   7900K .......... .......... .......... .......... .......... 50% 83.0M 0s
[4.240s]   7950K .......... .......... .......... .......... .......... 51% 75.3M 0s
[4.241s]   8000K .......... .......... .......... .......... .......... 51% 53.8M 0s
[4.242s]   8050K .......... .......... .......... .......... .......... 51% 71.9M 0s
[4.242s]   8100K .......... .......... .......... .......... .......... 52%  105M 0s
[4.243s]   8150K .......... .......... .......... .......... .......... 52% 85.2M 0s
[4.244s]   8200K .......... .......... .......... .......... .......... 52% 70.9M 0s
[4.244s]   8250K .......... .......... .......... .......... .......... 53% 93.2M 0s
[4.245s]   8300K .......... .......... .......... .......... .......... 53%  117M 0s
[4.245s]   8350K .......... .......... .......... .......... .......... 53% 93.6M 0s
[4.246s]   8400K .......... .......... .......... .......... .......... 54% 67.3M 0s
[4.247s]   8450K .......... .......... .......... .......... .......... 54% 74.7M 0s
[4.247s]   8500K .......... .......... .......... .......... .......... 54% 52.9M 0s
[4.248s]   8550K .......... .......... .......... .......... .......... 55%  116M 0s
[4.248s]   8600K .......... .......... .......... .......... .......... 55% 76.0M 0s
[4.249s]   8650K .......... .......... .......... .......... .......... 55%  104M 0s
[4.250s]   8700K .......... .......... .......... .......... .......... 55% 64.2M 0s
[4.251s]   8750K .......... .......... .......... .......... .......... 56%  119M 0s
[4.251s]   8800K .......... .......... .......... .......... .......... 56% 59.7M 0s
[4.251s]   8850K .......... .......... .......... .......... .......... 56% 93.5M 0s
[4.252s]   8900K .......... .......... .......... .......... .......... 57% 68.4M 0s
[4.253s]   8950K .......... .......... .......... .......... .......... 57%  118M 0s
[4.253s]   9000K .......... .......... .......... .......... .......... 57% 88.2M 0s
[4.254s]   9050K .......... .......... .......... .......... .......... 58% 64.3M 0s
[4.255s]   9100K .......... .......... .......... .......... .......... 58% 73.3M 0s
[4.255s]   9150K .......... .......... .......... .......... .......... 58%  104M 0s
[4.256s]   9200K .......... .......... .......... .......... .......... 59% 59.0M 0s
[4.256s]   9250K .......... .......... .......... .......... .......... 59%  117M 0s
[4.257s]   9300K .......... .......... .......... .......... .......... 59% 48.7M 0s
[4.258s]   9350K .......... .......... .......... .......... .......... 60%  116M 0s
[4.259s]   9400K .......... .......... .......... .......... .......... 60% 58.4M 0s
[4.259s]   9450K .......... .......... .......... .......... .......... 60%  118M 0s
[4.259s]   9500K .......... .......... .......... .......... .......... 61% 94.3M 0s
[4.260s]   9550K .......... .......... .......... .......... .......... 61% 72.5M 0s
[4.261s]   9600K .......... .......... .......... .......... .......... 61% 84.9M 0s
[4.261s]   9650K .......... .......... .......... .......... .......... 62% 72.2M 0s
[4.262s]   9700K .......... .......... .......... .......... .......... 62% 91.6M 0s
[4.262s]   9750K .......... .......... .......... .......... .......... 62%  119M 0s
[4.263s]   9800K .......... .......... .......... .......... .......... 63% 56.0M 0s
[4.264s]   9850K .......... .......... .......... .......... .......... 63% 58.0M 0s
[4.264s]   9900K .......... .......... .......... .......... .......... 63%  118M 0s
[4.265s]   9950K .......... .......... .......... .......... .......... 63% 85.5M 0s
[4.266s]  10000K .......... .......... .......... .......... .......... 64% 60.6M 0s
[4.266s]  10050K .......... .......... .......... .......... .......... 64% 89.1M 0s
[4.267s]  10100K .......... .......... .......... .......... .......... 64% 91.5M 0s
[4.267s]  10150K .......... .......... .......... .......... .......... 65%  117M 0s
[4.268s]  10200K .......... .......... .......... .......... .......... 65% 56.1M 0s
[4.269s]  10250K .......... .......... .......... .......... .......... 65%  105M 0s
[4.269s]  10300K .......... .......... .......... .......... .......... 66% 92.7M 0s
[4.270s]  10350K .......... .......... .......... .......... .......... 66% 71.2M 0s
[4.271s]  10400K .......... .......... .......... .......... .......... 66% 66.5M 0s
[4.271s]  10450K .......... .......... .......... .......... .......... 67%  104M 0s
[4.272s]  10500K .......... .......... .......... .......... .......... 67% 67.7M 0s
[4.272s]  10550K .......... .......... .......... .......... .......... 67% 80.8M 0s
[4.273s]  10600K .......... .......... .......... .......... .......... 68%  102M 0s
[4.273s]  10650K .......... .......... .......... .......... .......... 68%  105M 0s
[4.274s]  10700K .......... .......... .......... .......... .......... 68% 46.4M 0s
[4.281s]  10750K .......... .......... .......... .......... .......... 69% 7.53M 0s
[4.281s]  10800K .......... .......... .......... .......... .......... 69%  387M 0s
[4.281s]  10850K .......... .......... .......... .......... .......... 69%  487M 0s
[4.281s]  10900K .......... .......... .......... .......... .......... 70%  495M 0s
[4.281s]  10950K .......... .......... .......... .......... .......... 70%  519M 0s
[4.282s]  11000K .......... .......... .......... .......... .......... 70%  464M 0s
[4.282s]  11050K .......... .......... .......... .......... .......... 71%  487M 0s
[4.282s]  11100K .......... .......... .......... .......... .......... 71%  609M 0s
[4.282s]  11150K .......... .......... .......... .......... .......... 71%  667M 0s
[4.282s]  11200K .......... .......... .......... .......... .......... 71%  436M 0s
[4.282s]  11250K .......... .......... .......... .......... .......... 72%  578M 0s
[4.282s]  11300K .......... .......... .......... .......... .......... 72%  502M 0s
[4.282s]  11350K .......... .......... .......... .......... .......... 72%  106M 0s
[4.283s]  11400K .......... .......... .......... .......... .......... 73% 74.3M 0s
[4.284s]  11450K .......... .......... .......... .......... .......... 73% 56.4M 0s
[4.285s]  11500K .......... .......... .......... .......... .......... 73% 60.4M 0s
[4.286s]  11550K .......... .......... .......... .......... .......... 74% 33.9M 0s
[4.287s]  11600K .......... .......... .......... .......... .......... 74% 51.3M 0s
[4.288s]  11650K .......... .......... .......... .......... .......... 74% 67.6M 0s
[4.289s]  11700K .......... .......... .......... .......... .......... 75% 73.8M 0s
[4.290s]  11750K .......... .......... .......... .......... .......... 75% 49.1M 0s
[4.290s]  11800K .......... .......... .......... .......... .......... 75%  103M 0s
[4.291s]  11850K .......... .......... .......... .......... .......... 76% 55.0M 0s
[4.292s]  11900K .......... .......... .......... .......... .......... 76% 37.8M 0s
[4.294s]  11950K .......... .......... .......... .......... .......... 76% 43.0M 0s
[4.301s]  12000K .......... .......... .......... .......... .......... 77% 6.59M 0s
[4.301s]  12050K .......... .......... .......... .......... .......... 77%  453M 0s
[4.301s]  12100K .......... .......... .......... .......... .......... 77%  484M 0s
[4.301s]  12150K .......... .......... .......... .......... .......... 78%  493M 0s
[4.301s]  12200K .......... .......... .......... .......... .......... 78%  478M 0s
[4.301s]  12250K .......... .......... .......... .......... .......... 78%  486M 0s
[4.301s]  12300K .......... .......... .......... .......... .......... 79%  497M 0s
[4.302s]  12350K .......... .......... .......... .......... .......... 79%  619M 0s
[4.302s]  12400K .......... .......... .......... .......... .......... 79%  383M 0s
[4.302s]  12450K .......... .......... .......... .......... .......... 79%  594M 0s
[4.302s]  12500K .......... .......... .......... .......... .......... 80%  472M 0s
[4.302s]  12550K .......... .......... .......... .......... .......... 80%  108M 0s
[4.304s]  12600K .......... .......... .......... .......... .......... 80% 30.3M 0s
[4.305s]  12650K .......... .......... .......... .......... .......... 81% 34.0M 0s
[4.306s]  12700K .......... .......... .......... .......... .......... 81%  102M 0s
[4.306s]  12750K .......... .......... .......... .......... .......... 81% 95.1M 0s
[4.307s]  12800K .......... .......... .......... .......... .......... 82% 59.3M 0s
[4.307s]  12850K .......... .......... .......... .......... .......... 82%  118M 0s
[4.309s]  12900K .......... .......... .......... .......... .......... 82% 28.0M 0s
[4.311s]  12950K .......... .......... .......... .......... .......... 83% 36.8M 0s
[4.311s]  13000K .......... .......... .......... .......... .......... 83%  104M 0s
[4.312s]  13050K .......... .......... .......... .......... .......... 83% 61.9M 0s
[4.312s]  13100K .......... .......... .......... .......... .......... 84% 72.5M 0s
[4.313s]  13150K .......... .......... .......... .......... .......... 84% 93.7M 0s
[4.315s]  13200K .......... .......... .......... .......... .......... 84% 28.2M 0s
[4.315s]  13250K .......... .......... .......... .......... .......... 85%  103M 0s
[4.317s]  13300K .......... .......... .......... .......... .......... 85% 37.3M 0s
[4.318s]  13350K .......... .......... .......... .......... .......... 85% 48.4M 0s
[4.318s]  13400K .......... .......... .......... .......... .......... 86% 93.1M 0s
[4.319s]  13450K .......... .......... .......... .......... .......... 86%  105M 0s
[4.319s]  13500K .......... .......... .......... .......... .......... 86% 83.4M 0s
[4.321s]  13550K .......... .......... .......... .......... .......... 87% 31.0M 0s
[4.322s]  13600K .......... .......... .......... .......... .......... 87% 34.4M 0s
[4.323s]  13650K .......... .......... .......... .......... .......... 87% 47.6M 0s
[4.324s]  13700K .......... .......... .......... .......... .......... 87%  118M 0s
[4.325s]  13750K .......... .......... .......... .......... .......... 88% 45.4M 0s
[4.325s]  13800K .......... .......... .......... .......... .......... 88%  118M 0s
[4.326s]  13850K .......... .......... .......... .......... .......... 88% 38.4M 0s
[4.327s]  13900K .......... .......... .......... .......... .......... 89% 92.4M 0s
[4.328s]  13950K .......... .......... .......... .......... .......... 89% 41.9M 0s
[4.329s]  14000K .......... .......... .......... .......... .......... 89% 41.6M 0s
[4.330s]  14050K .......... .......... .......... .......... .......... 90% 52.2M 0s
[4.331s]  14100K .......... .......... .......... .......... .......... 90% 75.3M 0s
[4.331s]  14150K .......... .......... .......... .......... .......... 90%  104M 0s
[4.332s]  14200K .......... .......... .......... .......... .......... 91% 39.0M 0s
[4.334s]  14250K .......... .......... .......... .......... .......... 91% 45.1M 0s
[4.335s]  14300K .......... .......... .......... .......... .......... 91% 36.5M 0s
[4.336s]  14350K .......... .......... .......... .......... .......... 92%  113M 0s
[4.337s]  14400K .......... .......... .......... .......... .......... 92% 39.5M 0s
[4.337s]  14450K .......... .......... .......... .......... .......... 92% 85.0M 0s
[4.339s]  14500K .......... .......... .......... .......... .......... 93% 35.5M 0s
[4.339s]  14550K .......... .......... .......... .......... .......... 93% 69.8M 0s
[4.340s]  14600K .......... .......... .......... .......... .......... 93%  104M 0s
[4.341s]  14650K .......... .......... .......... .......... .......... 94% 35.9M 0s
[4.342s]  14700K .......... .......... .......... .......... .......... 94% 39.1M 0s
[4.343s]  14750K .......... .......... .......... .......... .......... 94% 94.6M 0s
[4.344s]  14800K .......... .......... .......... .......... .......... 95% 36.5M 0s
[4.345s]  14850K .......... .......... .......... .......... .......... 95% 50.9M 0s
[4.346s]  14900K .......... .......... .......... .......... .......... 95%  104M 0s
[4.347s]  14950K .......... .......... .......... .......... .......... 95% 42.9M 0s
[4.348s]  15000K .......... .......... .......... .......... .......... 96% 32.8M 0s
[4.349s]  15050K .......... .......... .......... .......... .......... 96%  104M 0s
[4.349s]  15100K .......... .......... .......... .......... .......... 96%  105M 0s
[4.350s]  15150K .......... .......... .......... .......... .......... 97% 50.8M 0s
[4.351s]  15200K .......... .......... .......... .......... .......... 97% 46.8M 0s
[4.352s]  15250K .......... .......... .......... .......... .......... 97% 39.1M 0s
[4.354s]  15300K .......... .......... .......... .......... .......... 98% 35.8M 0s
[4.354s]  15350K .......... .......... .......... .......... .......... 98%  118M 0s
[4.355s]  15400K .......... .......... .......... .......... .......... 98% 70.0M 0s
[4.356s]  15450K .......... .......... .......... .......... .......... 99% 42.2M 0s
[4.357s]  15500K .......... .......... .......... .......... .......... 99% 83.4M 0s
[4.358s]  15550K .......... .......... .......... .......... .......... 99%  104M 0s
[4.358s]  15600K .......... .......... .....                           100% 25.6M=0.2s
[4.358s] 
[4.358s] 2026-02-16 10:18:54 (67.8 MB/s) - ‘/home/aisl/Documents/multi_robot_slam_ws/build/multirobot_map_merge/2011-08-09-12-22-52.pgm’ saved [16000058/16000058]
[4.358s] 
[4.359s] Checking MD5 sum of /home/aisl/Documents/multi_robot_slam_ws/build/multirobot_map_merge/2011-08-09-12-22-52.pgm
[4.378s] /home/aisl/Documents/multi_robot_slam_ws/build/multirobot_map_merge/2011-08-09-12-22-52.pgm: OK
[4.382s] --2026-02-16 10:18:54--  https://raw.githubusercontent.com/hrnr/m-explore-extra/master/map_merge/gmapping_maps/2012-01-28-11-12-01.pgm
[4.404s] Resolving raw.githubusercontent.com (raw.githubusercontent.com)... 185.199.111.133, 185.199.108.133, 185.199.110.133, ...
[4.409s] Connecting to raw.githubusercontent.com (raw.githubusercontent.com)|185.199.111.133|:443... connected.
[5.503s] HTTP request sent, awaiting response... 200 OK
[5.503s] Length: 16000058 (15M) [application/octet-stream]
[5.503s] Saving to: ‘/home/aisl/Documents/multi_robot_slam_ws/build/multirobot_map_merge/2012-01-28-11-12-01.pgm’
[5.504s] 
[5.509s]      0K .......... .......... .......... .......... ..........  0% 8.30M 2s
[5.511s]     50K .......... .......... .......... .......... ..........  0% 21.4M 1s
[5.515s]    100K .......... .......... .......... .......... ..........  0% 14.7M 1s
[5.516s]    150K .......... .......... .......... .......... ..........  1% 49.4M 1s
[5.520s]    200K .......... .......... .......... .......... ..........  1% 11.8M 1s
[5.520s]    250K .......... .......... .......... .......... ..........  1% 86.1M 1s
[5.521s]    300K .......... .......... .......... .......... ..........  2%  178M 1s
[5.522s]    350K .......... .......... .......... .......... ..........  2% 52.1M 1s
[5.522s]    400K .......... .......... .......... .......... ..........  2% 92.0M 1s
[5.525s]    450K .......... .......... .......... .......... ..........  3% 16.6M 1s
[5.526s]    500K .......... .......... .......... .......... ..........  3% 74.4M 1s
[5.526s]    550K .......... .......... .......... .......... ..........  3% 93.7M 1s
[5.527s]    600K .......... .......... .......... .......... ..........  4%  118M 1s
[5.528s]    650K .......... .......... .......... .......... ..........  4% 50.8M 1s
[5.528s]    700K .......... .......... .......... .......... ..........  4%  105M 0s
[5.529s]    750K .......... .......... .......... .......... ..........  5%  103M 0s
[5.530s]    800K .......... .......... .......... .......... ..........  5% 46.6M 0s
[5.530s]    850K .......... .......... .......... .......... ..........  5% 93.6M 0s
[5.539s]    900K .......... .......... .......... .......... ..........  6% 5.42M 1s
[5.539s]    950K .......... .......... .......... .......... ..........  6%  383M 1s
[5.539s]   1000K .......... .......... .......... .......... ..........  6%  324M 1s
[5.539s]   1050K .......... .......... .......... .......... ..........  7%  575M 0s
[5.540s]   1100K .......... .......... .......... .......... ..........  7%  535M 0s
[5.540s]   1150K .......... .......... .......... .......... ..........  7%  549M 0s
[5.540s]   1200K .......... .......... .......... .......... ..........  7%  428M 0s
[5.540s]   1250K .......... .......... .......... .......... ..........  8%  512M 0s
[5.540s]   1300K .......... .......... .......... .......... ..........  8%  578M 0s
[5.540s]   1350K .......... .......... .......... .......... ..........  8%  512M 0s
[5.540s]   1400K .......... .......... .......... .......... ..........  9%  570M 0s
[5.540s]   1450K .......... .......... .......... .......... ..........  9%  558M 0s
[5.540s]   1500K .......... .......... .......... .......... ..........  9%  544M 0s
[5.540s]   1550K .......... .......... .......... .......... .......... 10%  467M 0s
[5.540s]   1600K .......... .......... .......... .......... .......... 10%  448M 0s
[5.545s]   1650K .......... .......... .......... .......... .......... 10% 11.4M 0s
[5.545s]   1700K .......... .......... .......... .......... .......... 11%  553M 0s
[5.546s]   1750K .......... .......... .......... .......... .......... 11% 54.1M 0s
[5.546s]   1800K .......... .......... .......... .......... .......... 11%  118M 0s
[5.547s]   1850K .......... .......... .......... .......... .......... 12%  138M 0s
[5.547s]   1900K .......... .......... .......... .......... .......... 12%  173M 0s
[5.547s]   1950K .......... .......... .......... .......... .......... 12%  236M 0s
[5.547s]   2000K .......... .......... .......... .......... .......... 13%  358M 0s
[5.547s]   2050K .......... .......... .......... .......... .......... 13%  577M 0s
[5.547s]   2100K .......... .......... .......... .......... .......... 13%  586M 0s
[5.547s]   2150K .......... .......... .......... .......... .......... 14%  541M 0s
[5.547s]   2200K .......... .......... .......... .......... .......... 14%  536M 0s
[5.548s]   2250K .......... .......... .......... .......... .......... 14%  579M 0s
[5.548s]   2300K .......... .......... .......... .......... .......... 15%  531M 0s
[5.548s]   2350K .......... .......... .......... .......... .......... 15%  470M 0s
[5.548s]   2400K .......... .......... .......... .......... .......... 15%  436M 0s
[5.548s]   2450K .......... .......... .......... .......... .......... 15%  566M 0s
[5.548s]   2500K .......... .......... .......... .......... .......... 16%  607M 0s
[5.548s]   2550K .......... .......... .......... .......... .......... 16%  559M 0s
[5.548s]   2600K .......... .......... .......... .......... .......... 16%  530M 0s
[5.548s]   2650K .......... .......... .......... .......... .......... 17%  474M 0s
[5.549s]   2700K .......... .......... .......... .......... .......... 17% 63.3M 0s
[5.558s]   2750K .......... .......... .......... .......... .......... 17% 5.71M 0s
[5.558s]   2800K .......... .......... .......... .......... .......... 18%  101M 0s
[5.558s]   2850K .......... .......... .......... .......... .......... 18%  164M 0s
[5.559s]   2900K .......... .......... .......... .......... .......... 18%  317M 0s
[5.559s]   2950K .......... .......... .......... .......... .......... 19%  523M 0s
[5.559s]   3000K .......... .......... .......... .......... .......... 19%  515M 0s
[5.559s]   3050K .......... .......... .......... .......... .......... 19%  557M 0s
[5.559s]   3100K .......... .......... .......... .......... .......... 20%  516M 0s
[5.559s]   3150K .......... .......... .......... .......... .......... 20%  533M 0s
[5.559s]   3200K .......... .......... .......... .......... .......... 20%  424M 0s
[5.559s]   3250K .......... .......... .......... .......... .......... 21%  513M 0s
[5.559s]   3300K .......... .......... .......... .......... .......... 21%  549M 0s
[5.559s]   3350K .......... .......... .......... .......... .......... 21%  560M 0s
[5.560s]   3400K .......... .......... .......... .......... .......... 22%  547M 0s
[5.560s]   3450K .......... .......... .......... .......... .......... 22%  539M 0s
[5.560s]   3500K .......... .......... .......... .......... .......... 22%  462M 0s
[5.560s]   3550K .......... .......... .......... .......... .......... 23%  550M 0s
[5.560s]   3600K .......... .......... .......... .......... .......... 23%  403M 0s
[5.560s]   3650K .......... .......... .......... .......... .......... 23%  137M 0s
[5.561s]   3700K .......... .......... .......... .......... .......... 23% 96.4M 0s
[5.561s]   3750K .......... .......... .......... .......... .......... 24% 78.4M 0s
[5.562s]   3800K .......... .......... .......... .......... .......... 24%  102M 0s
[5.562s]   3850K .......... .......... .......... .......... .......... 24% 96.9M 0s
[5.563s]   3900K .......... .......... .......... .......... .......... 25% 62.5M 0s
[5.564s]   3950K .......... .......... .......... .......... .......... 25% 91.6M 0s
[5.565s]   4000K .......... .......... .......... .......... .......... 25% 38.6M 0s
[5.566s]   4050K .......... .......... .......... .......... .......... 26% 74.8M 0s
[5.566s]   4100K .......... .......... .......... .......... .......... 26%  118M 0s
[5.567s]   4150K .......... .......... .......... .......... .......... 26% 75.6M 0s
[5.567s]   4200K .......... .......... .......... .......... .......... 27% 76.3M 0s
[5.568s]   4250K .......... .......... .......... .......... .......... 27% 93.9M 0s
[5.568s]   4300K .......... .......... .......... .......... .......... 27%  118M 0s
[5.569s]   4350K .......... .......... .......... .......... .......... 28% 76.8M 0s
[5.570s]   4400K .......... .......... .......... .......... .......... 28% 76.5M 0s
[5.571s]   4450K .......... .......... .......... .......... .......... 28% 45.3M 0s
[5.571s]   4500K .......... .......... .......... .......... .......... 29% 73.3M 0s
[5.572s]   4550K .......... .......... .......... .......... .......... 29%  103M 0s
[5.572s]   4600K .......... .......... .......... .......... .......... 29% 81.4M 0s
[5.573s]   4650K .......... .......... .......... .......... .......... 30% 57.3M 0s
[5.574s]   4700K .......... .......... .......... .......... .......... 30%  105M 0s
[5.574s]   4750K .......... .......... .......... .......... .......... 30%  115M 0s
[5.575s]   4800K .......... .......... .......... .......... .......... 31% 63.0M 0s
[5.575s]   4850K .......... .......... .......... .......... .......... 31% 80.3M 0s
[5.577s]   4900K .......... .......... .......... .......... .......... 31% 45.5M 0s
[5.577s]   4950K .......... .......... .......... .......... .......... 31% 92.5M 0s
[5.578s]   5000K .......... .......... .......... .......... .......... 32%  105M 0s
[5.578s]   5050K .......... .......... .......... .......... .......... 32% 92.3M 0s
[5.579s]   5100K .......... .......... .......... .......... .......... 32% 50.2M 0s
[5.580s]   5150K .......... .......... .......... .......... .......... 33% 86.5M 0s
[5.580s]   5200K .......... .......... .......... .......... .......... 33% 78.6M 0s
[5.581s]   5250K .......... .......... .......... .......... .......... 33% 91.6M 0s
[5.581s]   5300K .......... .......... .......... .......... .......... 34% 91.0M 0s
[5.582s]   5350K .......... .......... .......... .......... .......... 34% 59.5M 0s
[5.583s]   5400K .......... .......... .......... .......... .......... 34% 74.5M 0s
[5.583s]   5450K .......... .......... .......... .......... .......... 35%  118M 0s
[5.584s]   5500K .......... .......... .......... .......... .......... 35% 93.7M 0s
[5.585s]   5550K .......... .......... .......... .......... .......... 35% 59.7M 0s
[5.585s]   5600K .......... .......... .......... .......... .......... 36% 57.0M 0s
[5.586s]   5650K .......... .......... .......... .......... .......... 36% 92.9M 0s
[5.586s]   5700K .......... .......... .......... .......... .......... 36%  104M 0s
[5.587s]   5750K .......... .......... .......... .......... .......... 37% 60.2M 0s
[5.588s]   5800K .......... .......... .......... .......... .......... 37% 75.9M 0s
[5.588s]   5850K .......... .......... .......... .......... .......... 37% 89.0M 0s
[5.589s]   5900K .......... .......... .......... .......... .......... 38% 71.8M 0s
[5.590s]   5950K .......... .......... .......... .......... .......... 38%  104M 0s
[5.590s]   6000K .......... .......... .......... .......... .......... 38% 53.5M 0s
[5.591s]   6050K .......... .......... .......... .......... .......... 39% 67.6M 0s
[5.592s]   6100K .......... .......... .......... .......... .......... 39%  105M 0s
[5.592s]   6150K .......... .......... .......... .......... .......... 39% 62.4M 0s
[5.593s]   6200K .......... .......... .......... .......... .......... 39%  105M 0s
[5.593s]   6250K .......... .......... .......... .......... .......... 40% 83.4M 0s
[5.594s]   6300K .......... .......... .......... .......... .......... 40% 67.7M 0s
[5.595s]   6350K .......... .......... .......... .......... .......... 40% 71.5M 0s
[5.596s]   6400K .......... .......... .......... .......... .......... 41% 61.8M 0s
[5.596s]   6450K .......... .......... .......... .......... .......... 41%  117M 0s
[5.597s]   6500K .......... .......... .......... .......... .......... 41% 84.0M 0s
[5.597s]   6550K .......... .......... .......... .......... .......... 42% 59.4M 0s
[5.598s]   6600K .......... .......... .......... .......... .......... 42% 93.5M 0s
[5.598s]   6650K .......... .......... .......... .......... .......... 42%  105M 0s
[5.599s]   6700K .......... .......... .......... .......... .......... 43% 72.0M 0s
[5.600s]   6750K .......... .......... .......... .......... .......... 43% 91.5M 0s
[5.601s]   6800K .......... .......... .......... .......... .......... 43% 51.9M 0s
[5.601s]   6850K .......... .......... .......... .......... .......... 44% 58.8M 0s
[5.602s]   6900K .......... .......... .......... .......... .......... 44%  118M 0s
[5.602s]   6950K .......... .......... .......... .......... .......... 44% 92.9M 0s
[5.603s]   7000K .......... .......... .......... .......... .......... 45% 56.8M 0s
[5.604s]   7050K .......... .......... .......... .......... .......... 45%  105M 0s
[5.604s]   7100K .......... .......... .......... .......... .......... 45% 93.4M 0s
[5.605s]   7150K .......... .......... .......... .......... .......... 46% 92.7M 0s
[5.606s]   7200K .......... .......... .......... .......... .......... 46% 67.2M 0s
[5.606s]   7250K .......... .......... .......... .......... .......... 46% 66.1M 0s
[5.608s]   7300K .......... .......... .......... .......... .......... 47% 22.9M 0s
[5.609s]   7350K .......... .......... .......... .......... .......... 47%  104M 0s
[5.609s]   7400K .......... .......... .......... .......... .......... 47%  104M 0s
[5.619s]   7450K .......... .......... .......... .......... .......... 47% 5.31M 0s
[5.619s]   7500K .......... .......... .......... .......... .......... 48%  437M 0s
[5.619s]   7550K .......... .......... .......... .......... .......... 48%  492M 0s
[5.619s]   7600K .......... .......... .......... .......... .......... 48%  406M 0s
[5.619s]   7650K .......... .......... .......... .......... .......... 49%  544M 0s
[5.619s]   7700K .......... .......... .......... .......... .......... 49%  602M 0s
[5.619s]   7750K .......... .......... .......... .......... .......... 49%  641M 0s
[5.619s]   7800K .......... .......... .......... .......... .......... 50%  671M 0s
[5.619s]   7850K .......... .......... .......... .......... .......... 50%  656M 0s
[5.619s]   7900K .......... .......... .......... .......... .......... 50%  671M 0s
[5.619s]   7950K .......... .......... .......... .......... .......... 51%  658M 0s
[5.619s]   8000K .......... .......... .......... .......... .......... 51%  504M 0s
[5.620s]   8050K .......... .......... .......... .......... .......... 51%  558M 0s
[5.620s]   8100K .......... .......... .......... .......... .......... 52%  559M 0s
[5.620s]   8150K .......... .......... .......... .......... .......... 52%  471M 0s
[5.620s]   8200K .......... .......... .......... .......... .......... 52%  244M 0s
[5.621s]   8250K .......... .......... .......... .......... .......... 53% 57.7M 0s
[5.622s]   8300K .......... .......... .......... .......... .......... 53% 58.6M 0s
[5.623s]   8350K .......... .......... .......... .......... .......... 53% 38.2M 0s
[5.624s]   8400K .......... .......... .......... .......... .......... 54% 58.1M 0s
[5.624s]   8450K .......... .......... .......... .......... .......... 54% 81.5M 0s
[5.626s]   8500K .......... .......... .......... .......... .......... 54% 37.7M 0s
[5.626s]   8550K .......... .......... .......... .......... .......... 55%  103M 0s
[5.627s]   8600K .......... .......... .......... .......... .......... 55% 48.4M 0s
[5.629s]   8650K .......... .......... .......... .......... .......... 55% 30.1M 0s
[5.629s]   8700K .......... .......... .......... .......... .......... 55% 76.1M 0s
[5.630s]   8750K .......... .......... .......... .......... .......... 56%  103M 0s
[5.631s]   8800K .......... .......... .......... .......... .......... 56% 51.9M 0s
[5.632s]   8850K .......... .......... .......... .......... .......... 56% 45.5M 0s
[5.633s]   8900K .......... .......... .......... .......... .......... 57% 56.5M 0s
[5.634s]   8950K .......... .......... .......... .......... .......... 57% 33.4M 0s
[5.635s]   9000K .......... .......... .......... .......... .......... 57%  104M 0s
[5.635s]   9050K .......... .......... .......... .......... .......... 58% 66.2M 0s
[5.636s]   9100K .......... .......... .......... .......... .......... 58% 58.3M 0s
[5.637s]   9150K .......... .......... .......... .......... .......... 58% 44.3M 0s
[5.638s]   9200K .......... .......... .......... .......... .......... 59% 46.4M 0s
[5.639s]   9250K .......... .......... .......... .......... .......... 59%  118M 0s
[5.640s]   9300K .......... .......... .......... .......... .......... 59% 35.4M 0s
[5.641s]   9350K .......... .......... .......... .......... .......... 60% 54.1M 0s
[5.642s]   9400K .......... .......... .......... .......... .......... 60% 51.0M 0s
[5.643s]   9450K .......... .......... .......... .......... .......... 60%  105M 0s
[5.643s]   9500K .......... .......... .......... .......... .......... 61% 50.0M 0s
[5.644s]   9550K .......... .......... .......... .......... .......... 61% 63.6M 0s
[5.646s]   9600K .......... .......... .......... .......... .......... 61% 31.3M 0s
[5.656s]   9650K .......... .......... .......... .......... .......... 62% 4.98M 0s
[5.656s]   9700K .......... .......... .......... .......... .......... 62%  443M 0s
[5.656s]   9750K .......... .......... .......... .......... .......... 62%  458M 0s
[5.656s]   9800K .......... .......... .......... .......... .......... 63%  506M 0s
[5.656s]   9850K .......... .......... .......... .......... .......... 63%  512M 0s
[5.656s]   9900K .......... .......... .......... .......... .......... 63%  468M 0s
[5.656s]   9950K .......... .......... .......... .......... .......... 63%  533M 0s
[5.656s]  10000K .......... .......... .......... .......... .......... 64%  487M 0s
[5.656s]  10050K .......... .......... .......... .......... .......... 64%  641M 0s
[5.657s]  10100K .......... .......... .......... .......... .......... 64%  658M 0s
[5.657s]  10150K .......... .......... .......... .......... .......... 65%  658M 0s
[5.657s]  10200K .......... .......... .......... .......... .......... 65%  653M 0s
[5.657s]  10250K .......... .......... .......... .......... .......... 65%  595M 0s
[5.657s]  10300K .......... .......... .......... .......... .......... 66%  615M 0s
[5.657s]  10350K .......... .......... .......... .......... .......... 66%  653M 0s
[5.658s]  10400K .......... .......... .......... .......... .......... 66% 51.3M 0s
[5.659s]  10450K .......... .......... .......... .......... .......... 67% 62.6M 0s
[5.659s]  10500K .......... .......... .......... .......... .......... 67% 61.5M 0s
[5.660s]  10550K .......... .......... .......... .......... .......... 67%  105M 0s
[5.661s]  10600K .......... .......... .......... .......... .......... 68% 30.8M 0s
[5.662s]  10650K .......... .......... .......... .......... .......... 68%  118M 0s
[5.663s]  10700K .......... .......... .......... .......... .......... 68% 33.0M 0s
[5.664s]  10750K .......... .......... .......... .......... .......... 69% 93.1M 0s
[5.665s]  10800K .......... .......... .......... .......... .......... 69% 42.7M 0s
[5.667s]  10850K .......... .......... .......... .......... .......... 69% 32.7M 0s
[5.667s]  10900K .......... .......... .......... .......... .......... 70%  116M 0s
[5.668s]  10950K .......... .......... .......... .......... .......... 70% 73.8M 0s
[5.669s]  11000K .......... .......... .......... .......... .......... 70% 34.7M 0s
[5.669s]  11050K .......... .......... .......... .......... .......... 71%  105M 0s
[5.670s]  11100K .......... .......... .......... .......... .......... 71%  104M 0s
[5.671s]  11150K .......... .......... .......... .......... .......... 71% 56.2M 0s
[5.672s]  11200K .......... .......... .......... .......... .......... 71% 31.7M 0s
[5.673s]  11250K .......... .......... .......... .......... .......... 72% 59.5M 0s
[5.675s]  11300K .......... .......... .......... .......... .......... 72% 35.8M 0s
[5.675s]  11350K .......... .......... .......... .......... .......... 72%  118M 0s
[5.676s]  11400K .......... .......... .......... .......... .......... 73% 75.8M 0s
[5.677s]  11450K .......... .......... .......... .......... .......... 73% 45.8M 0s
[5.678s]  11500K .......... .......... .......... .......... .......... 73% 39.6M 0s
[5.679s]  11550K .......... .......... .......... .......... .......... 74%  105M 0s
[5.679s]  11600K .......... .......... .......... .......... .......... 74% 49.3M 0s
[5.681s]  11650K .......... .......... .......... .......... .......... 74% 32.0M 0s
[5.692s]  11700K .......... .......... .......... .......... .......... 75% 4.47M 0s
[5.692s]  11750K .......... .......... .......... .......... .......... 75%  402M 0s
[5.692s]  11800K .......... .......... .......... .......... .......... 75%  497M 0s
[5.692s]  11850K .......... .......... .......... .......... .......... 76%  543M 0s
[5.692s]  11900K .......... .......... .......... .......... .......... 76%  511M 0s
[5.692s]  11950K .......... .......... .......... .......... .......... 76%  544M 0s
[5.692s]  12000K .......... .......... .......... .......... .......... 77%  446M 0s
[5.692s]  12050K .......... .......... .......... .......... .......... 77%  649M 0s
[5.693s]  12100K .......... .......... .......... .......... .......... 77%  652M 0s
[5.693s]  12150K .......... .......... .......... .......... .......... 78%  653M 0s
[5.693s]  12200K .......... .......... .......... .......... .......... 78%  655M 0s
[5.693s]  12250K .......... .......... .......... .......... .......... 78%  548M 0s
[5.693s]  12300K .......... .......... .......... .......... .......... 79%  192M 0s
[5.694s]  12350K .......... .......... .......... .......... .......... 79% 70.1M 0s
[5.695s]  12400K .......... .......... .......... .......... .......... 79% 28.6M 0s
[5.696s]  12450K .......... .......... .......... .......... .......... 79% 50.6M 0s
[5.698s]  12500K .......... .......... .......... .......... .......... 80% 25.0M 0s
[5.699s]  12550K .......... .......... .......... .......... .......... 80% 91.9M 0s
[5.701s]  12600K .......... .......... .......... .......... .......... 80% 25.5M 0s
[5.702s]  12650K .......... .......... .......... .......... .......... 81% 46.6M 0s
[5.703s]  12700K .......... .......... .......... .......... .......... 81% 59.1M 0s
[5.704s]  12750K .......... .......... .......... .......... .......... 81%  104M 0s
[5.705s]  12800K .......... .......... .......... .......... .......... 82% 29.0M 0s
[5.717s]  12850K .......... .......... .......... .......... .......... 82% 3.97M 0s
[5.717s]  12900K .......... .......... .......... .......... .......... 82%  357M 0s
[5.718s]  12950K .......... .......... .......... .......... .......... 83%  617M 0s
[5.718s]  13000K .......... .......... .......... .......... .......... 83%  603M 0s
[5.718s]  13050K .......... .......... .......... .......... .......... 83%  505M 0s
[5.718s]  13100K .......... .......... .......... .......... .......... 84%  495M 0s
[5.718s]  13150K .......... .......... .......... .......... .......... 84%  442M 0s
[5.718s]  13200K .......... .......... .......... .......... .......... 84%  440M 0s
[5.719s]  13250K .......... .......... .......... .......... .......... 85% 47.3M 0s
[5.719s]  13300K .......... .......... .......... .......... .......... 85%  104M 0s
[5.722s]  13350K .......... .......... .......... .......... .......... 85% 23.0M 0s
[5.724s]  13400K .......... .......... .......... .......... .......... 86% 16.9M 0s
[5.725s]  13450K .......... .......... .......... .......... .......... 86% 84.2M 0s
[5.727s]  13500K .......... .......... .......... .......... .......... 86% 20.6M 0s
[5.730s]  13550K .......... .......... .......... .......... .......... 87% 35.3M 0s
[5.731s]  13600K .......... .......... .......... .......... .......... 87% 22.8M 0s
[5.733s]  13650K .......... .......... .......... .......... .......... 87% 21.7M 0s
[5.734s]  13700K .......... .......... .......... .......... .......... 87% 41.6M 0s
[5.736s]  13750K .......... .......... .......... .......... .......... 88% 23.6M 0s
[5.739s]  13800K .......... .......... .......... .......... .......... 88% 20.4M 0s
[5.740s]  13850K .......... .......... .......... .......... .......... 88% 52.3M 0s
[5.741s]  13900K .......... .......... .......... .......... .......... 89% 29.8M 0s
[5.744s]  13950K .......... .......... .......... .......... .......... 89% 21.2M 0s
[5.745s]  14000K .......... .......... .......... .......... .......... 89% 26.6M 0s
[5.747s]  14050K .......... .......... .......... .......... .......... 90% 34.0M 0s
[5.749s]  14100K .......... .......... .......... .......... .......... 90% 22.1M 0s
[5.751s]  14150K .......... .......... .......... .......... .......... 90% 33.4M 0s
[5.752s]  14200K .......... .......... .......... .......... .......... 91% 27.5M 0s
[5.753s]  14250K .......... .......... .......... .......... .......... 91% 46.4M 0s
[5.756s]  14300K .......... .......... .......... .......... .......... 91% 19.4M 0s
[5.758s]  14350K .......... .......... .......... .......... .......... 92% 43.6M 0s
[5.759s]  14400K .......... .......... .......... .......... .......... 92% 26.1M 0s
[5.761s]  14450K .......... .......... .......... .......... .......... 92% 19.2M 0s
[5.763s]  14500K .......... .......... .......... .......... .......... 93% 34.4M 0s
[5.765s]  14550K .......... .......... .......... .......... .......... 93% 30.6M 0s
[5.766s]  14600K .......... .......... .......... .......... .......... 93% 32.9M 0s
[5.768s]  14650K .......... .......... .......... .......... .......... 94% 20.5M 0s
[5.769s]  14700K .......... .......... .......... .......... .......... 94% 44.3M 0s
[5.772s]  14750K .......... .......... .......... .......... .......... 94% 23.1M 0s
[5.774s]  14800K .......... .......... .......... .......... .......... 95% 19.8M 0s
[5.776s]  14850K .......... .......... .......... .......... .......... 95% 32.3M 0s
[5.777s]  14900K .......... .......... .......... .......... .......... 95% 30.8M 0s
[5.778s]  14950K .......... .......... .......... .......... .......... 95% 38.9M 0s
[5.781s]  15000K .......... .......... .......... .......... .......... 96% 21.1M 0s
[5.783s]  15050K .......... .......... .......... .......... .......... 96% 23.8M 0s
[5.784s]  15100K .......... .......... .......... .......... .......... 96% 34.9M 0s
[5.786s]  15150K .......... .......... .......... .......... .......... 97% 35.7M 0s
[5.787s]  15200K .......... .......... .......... .......... .......... 97% 32.7M 0s
[5.790s]  15250K .......... .......... .......... .......... .......... 97% 17.2M 0s
[5.792s]  15300K .......... .......... .......... .......... .......... 98% 26.0M 0s
[5.792s]  15350K .......... .......... .......... .......... .......... 98% 65.6M 0s
[5.795s]  15400K .......... .......... .......... .......... .......... 98% 18.1M 0s
[5.797s]  15450K .......... .......... .......... .......... .......... 99% 30.3M 0s
[5.798s]  15500K .......... .......... .......... .......... .......... 99% 40.1M 0s
[5.801s]  15550K .......... .......... .......... .......... .......... 99% 27.2M 0s
[5.801s]  15600K .......... .......... .....                           100% 23.6M=0.3s
[5.801s] 
[5.801s] 2026-02-16 10:18:55 (51.3 MB/s) - ‘/home/aisl/Documents/multi_robot_slam_ws/build/multirobot_map_merge/2012-01-28-11-12-01.pgm’ saved [16000058/16000058]
[5.801s] 
[5.802s] Checking MD5 sum of /home/aisl/Documents/multi_robot_slam_ws/build/multirobot_map_merge/2012-01-28-11-12-01.pgm
[5.821s] /home/aisl/Documents/multi_robot_slam_ws/build/multirobot_map_merge/2012-01-28-11-12-01.pgm: OK
[5.825s] -- Found gtest sources under '/opt/ros/jazzy/src/gtest_vendor': C++ tests using 'Google Test' will be built
[5.830s] -- Found Threads: TRUE  
[5.839s] -- Added test 'cppcheck' to perform static code analysis on C / C++ code
[5.839s] -- Configured cppcheck include dirs: /home/aisl/Documents/multi_robot_slam_ws/src/m-explore-ros2/m-explore-ros2-main/map_merge/include;$<BUILD_INTERFACE:/home/aisl/Documents/multi_robot_slam_ws/src/m-explore-ros2/m-explore-ros2-main/map_merge/include>
[5.839s] -- Configured cppcheck exclude dirs and/or files: 
[5.841s] -- Added test 'flake8' to check Python code syntax and style conventions
[5.841s] -- Configured 'flake8' exclude dirs and/or files: 
[5.842s] -- Added test 'lint_cmake' to check CMake code style
[5.843s] -- Added test 'pep257' to check Python code against some of the docstring style conventions in PEP 257
[5.846s] -- Added test 'uncrustify' to check C / C++ code style
[5.846s] -- Configured uncrustify additional arguments: 
[5.847s] -- Added test 'xmllint' to check XML markup files
[5.851s] -- Configuring done (5.7s)
[5.936s] -- Generating done (0.0s)
[5.943s] -- Build files have been written to: /home/aisl/Documents/multi_robot_slam_ws/build/multirobot_map_merge
[5.953s] Invoked command in '/home/aisl/Documents/multi_robot_slam_ws/build/multirobot_map_merge' returned '0': BYOBU_DATE=%Y-%m-%d CMAKE_PREFIX_PATH=${CMAKE_PREFIX_PATH}:/home/aisl/Documents/multi_robot_slam_ws/install/multi_robot_slam_py:/opt/ros/jazzy DEBUGINFOD_URLS=https://debuginfod.ubuntu.com PS1=\[\e[38;5;202m\]$(byobu_prompt_status)\[\e[00m\]$(byobu_prompt_runtime) \[\e[38;5;245m\]\u\[\e[00m\]@\[\e[38;5;172m\]\h\[\e[00m\]:\[\e[38;5;5m\]\w\[\e[00m\]$(byobu_prompt_symbol) /usr/bin/cmake /home/aisl/Documents/multi_robot_slam_ws/src/m-explore-ros2/m-explore-ros2-main/map_merge -DAMENT_CMAKE_SYMLINK_INSTALL=1 -DCMAKE_INSTALL_PREFIX=/home/aisl/Documents/multi_robot_slam_ws/install/multirobot_map_merge
[5.953s] Invoking command in '/home/aisl/Documents/multi_robot_slam_ws/build/multirobot_map_merge': BYOBU_DATE=%Y-%m-%d CMAKE_PREFIX_PATH=${CMAKE_PREFIX_PATH}:/home/aisl/Documents/multi_robot_slam_ws/install/multi_robot_slam_py:/opt/ros/jazzy DEBUGINFOD_URLS=https://debuginfod.ubuntu.com PS1=\[\e[38;5;202m\]$(byobu_prompt_status)\[\e[00m\]$(byobu_prompt_runtime) \[\e[38;5;245m\]\u\[\e[00m\]@\[\e[38;5;172m\]\h\[\e[00m\]:\[\e[38;5;5m\]\w\[\e[00m\]$(byobu_prompt_symbol) /usr/bin/cmake --build /home/aisl/Documents/multi_robot_slam_ws/build/multirobot_map_merge -- -j20 -l20
[5.993s] [ 41%] [32mBuilding CXX object gtest/CMakeFiles/gtest.dir/src/gtest-all.cc.o[0m
[5.993s] [ 41%] [32mBuilding CXX object gtest/CMakeFiles/gtest_main.dir/src/gtest_main.cc.o[0m
[5.993s] [ 41%] [32mBuilding CXX object CMakeFiles/combine_grids.dir/src/combine_grids/grid_compositor.cpp.o[0m
[5.993s] [ 41%] [32mBuilding CXX object CMakeFiles/combine_grids.dir/src/combine_grids/merging_pipeline.cpp.o[0m
[5.993s] [ 41%] [32mBuilding CXX object CMakeFiles/combine_grids.dir/src/combine_grids/grid_warper.cpp.o[0m
[6.645s] [ 50%] [32m[1mLinking CXX static library libgtest_main.a[0m
[6.670s] [ 50%] Built target gtest_main
[8.749s] [ 58%] [32m[1mLinking CXX static library libcombine_grids.a[0m
[8.776s] [ 58%] Built target combine_grids
[8.792s] [ 66%] [32mBuilding CXX object CMakeFiles/map_merge.dir/src/map_merge.cpp.o[0m
[8.908s] [ 75%] [32m[1mLinking CXX static library libgtest.a[0m
[8.948s] [ 75%] Built target gtest
[8.963s] [ 83%] [32mBuilding CXX object CMakeFiles/test_merging_pipeline.dir/test/test_merging_pipeline.cpp.o[0m
[12.539s] [ 91%] [32m[1mLinking CXX executable test_merging_pipeline[0m
[13.081s] [ 91%] Built target test_merging_pipeline
[17.930s] [100%] [32m[1mLinking CXX executable map_merge[0m
[18.503s] [100%] Built target map_merge
[18.511s] Invoked command in '/home/aisl/Documents/multi_robot_slam_ws/build/multirobot_map_merge' returned '0': BYOBU_DATE=%Y-%m-%d CMAKE_PREFIX_PATH=${CMAKE_PREFIX_PATH}:/home/aisl/Documents/multi_robot_slam_ws/install/multi_robot_slam_py:/opt/ros/jazzy DEBUGINFOD_URLS=https://debuginfod.ubuntu.com PS1=\[\e[38;5;202m\]$(byobu_prompt_status)\[\e[00m\]$(byobu_prompt_runtime) \[\e[38;5;245m\]\u\[\e[00m\]@\[\e[38;5;172m\]\h\[\e[00m\]:\[\e[38;5;5m\]\w\[\e[00m\]$(byobu_prompt_symbol) /usr/bin/cmake --build /home/aisl/Documents/multi_robot_slam_ws/build/multirobot_map_merge -- -j20 -l20
[18.511s] Invoking command in '/home/aisl/Documents/multi_robot_slam_ws/build/multirobot_map_merge': BYOBU_DATE=%Y-%m-%d CMAKE_PREFIX_PATH=${CMAKE_PREFIX_PATH}:/home/aisl/Documents/multi_robot_slam_ws/install/multi_robot_slam_py:/opt/ros/jazzy DEBUGINFOD_URLS=https://debuginfod.ubuntu.com PS1=\[\e[38;5;202m\]$(byobu_prompt_status)\[\e[00m\]$(byobu_prompt_runtime) \[\e[38;5;245m\]\u\[\e[00m\]@\[\e[38;5;172m\]\h\[\e[00m\]:\[\e[38;5;5m\]\w\[\e[00m\]$(byobu_prompt_symbol) /usr/bin/cmake --install /home/aisl/Documents/multi_robot_slam_ws/build/multirobot_map_merge
[18.516s] -- Install configuration: ""
[18.517s] -- Execute custom install script
[18.517s] -- Symlinking: /home/aisl/Documents/multi_robot_slam_ws/install/multirobot_map_merge/include/map_merge//map_merge.h
[18.523s] -- Symlinking: /home/aisl/Documents/multi_robot_slam_ws/install/multirobot_map_merge/include/map_merge//ros1_names.hpp
[18.528s] -- Symlinking: /home/aisl/Documents/multi_robot_slam_ws/install/multirobot_map_merge/share/multirobot_map_merge/launch/from_map_server.launch.py
[18.534s] -- Symlinking: /home/aisl/Documents/multi_robot_slam_ws/install/multirobot_map_merge/share/multirobot_map_merge/launch/map_merge.launch.py
[18.539s] -- Symlinking: /home/aisl/Documents/multi_robot_slam_ws/install/multirobot_map_merge/share/multirobot_map_merge/launch/map_merge.rviz
[18.545s] -- Symlinking: /home/aisl/Documents/multi_robot_slam_ws/install/multirobot_map_merge/share/multirobot_map_merge/launch/tb3_simulation/bringup_launch.py
[18.550s] -- Symlinking: /home/aisl/Documents/multi_robot_slam_ws/install/multirobot_map_merge/share/multirobot_map_merge/launch/tb3_simulation/config/nav2_multirobot_params_1.yaml
[18.555s] -- Symlinking: /home/aisl/Documents/multi_robot_slam_ws/install/multirobot_map_merge/share/multirobot_map_merge/launch/tb3_simulation/config/nav2_multirobot_params_2.yaml
[18.560s] -- Symlinking: /home/aisl/Documents/multi_robot_slam_ws/install/multirobot_map_merge/share/multirobot_map_merge/launch/tb3_simulation/multi_tb3_simulation_launch.py
[18.565s] -- Symlinking: /home/aisl/Documents/multi_robot_slam_ws/install/multirobot_map_merge/share/multirobot_map_merge/launch/tb3_simulation/slam_toolbox.py
[18.570s] -- Symlinking: /home/aisl/Documents/multi_robot_slam_ws/install/multirobot_map_merge/share/multirobot_map_merge/launch/tb3_simulation/tb3_simulation_launch.py
[18.575s] -- Symlinking: /home/aisl/Documents/multi_robot_slam_ws/install/multirobot_map_merge/share/multirobot_map_merge/launch/tb3_simulation/worlds/world_only.model
[18.581s] -- Symlinking: /home/aisl/Documents/multi_robot_slam_ws/install/multirobot_map_merge/share/multirobot_map_merge/config/params.yaml
[18.586s] -- Symlinking: /home/aisl/Documents/multi_robot_slam_ws/install/multirobot_map_merge/lib/multirobot_map_merge/map_merge
[18.591s] -- Symlinking: /home/aisl/Documents/multi_robot_slam_ws/install/multirobot_map_merge/share/multirobot_map_merge/environment/library_path.sh
[18.596s] -- Symlinking: /home/aisl/Documents/multi_robot_slam_ws/install/multirobot_map_merge/share/multirobot_map_merge/environment/library_path.dsv
[18.602s] -- Symlinking: /home/aisl/Documents/multi_robot_slam_ws/install/multirobot_map_merge/share/ament_index/resource_index/package_run_dependencies/multirobot_map_merge
[18.607s] -- Symlinking: /home/aisl/Documents/multi_robot_slam_ws/install/multirobot_map_merge/share/ament_index/resource_index/parent_prefix_path/multirobot_map_merge
[18.612s] -- Symlinking: /home/aisl/Documents/multi_robot_slam_ws/install/multirobot_map_merge/share/multirobot_map_merge/environment/ament_prefix_path.sh
[18.617s] -- Symlinking: /home/aisl/Documents/multi_robot_slam_ws/install/multirobot_map_merge/share/multirobot_map_merge/environment/ament_prefix_path.dsv
[18.623s] -- Symlinking: /home/aisl/Documents/multi_robot_slam_ws/install/multirobot_map_merge/share/multirobot_map_merge/environment/path.sh
[18.628s] -- Symlinking: /home/aisl/Documents/multi_robot_slam_ws/install/multirobot_map_merge/share/multirobot_map_merge/environment/path.dsv
[18.634s] -- Symlinking: /home/aisl/Documents/multi_robot_slam_ws/install/multirobot_map_merge/share/multirobot_map_merge/local_setup.bash
[18.639s] -- Symlinking: /home/aisl/Documents/multi_robot_slam_ws/install/multirobot_map_merge/share/multirobot_map_merge/local_setup.sh
[18.644s] -- Symlinking: /home/aisl/Documents/multi_robot_slam_ws/install/multirobot_map_merge/share/multirobot_map_merge/local_setup.zsh
[18.650s] -- Symlinking: /home/aisl/Documents/multi_robot_slam_ws/install/multirobot_map_merge/share/multirobot_map_merge/local_setup.dsv
[18.655s] -- Symlinking: /home/aisl/Documents/multi_robot_slam_ws/install/multirobot_map_merge/share/multirobot_map_merge/package.dsv
[18.660s] -- Symlinking: /home/aisl/Documents/multi_robot_slam_ws/install/multirobot_map_merge/share/ament_index/resource_index/packages/multirobot_map_merge
[18.665s] -- Symlinking: /home/aisl/Documents/multi_robot_slam_ws/install/multirobot_map_merge/share/multirobot_map_merge/cmake/ament_cmake_export_include_directories-extras.cmake
[18.670s] -- Symlinking: /home/aisl/Documents/multi_robot_slam_ws/install/multirobot_map_merge/share/multirobot_map_merge/cmake/ament_cmake_export_libraries-extras.cmake
[18.676s] -- Symlinking: /home/aisl/Documents/multi_robot_slam_ws/install/multirobot_map_merge/share/multirobot_map_merge/cmake/multirobot_map_mergeConfig.cmake
[18.681s] -- Symlinking: /home/aisl/Documents/multi_robot_slam_ws/install/multirobot_map_merge/share/multirobot_map_merge/cmake/multirobot_map_mergeConfig-version.cmake
[18.686s] -- Symlinking: /home/aisl/Documents/multi_robot_slam_ws/install/multirobot_map_merge/share/multirobot_map_merge/package.xml
[18.692s] -- Installing: /home/aisl/Documents/multi_robot_slam_ws/install/multirobot_map_merge/lib/libcombine_grids.a
[18.694s] Invoked command in '/home/aisl/Documents/multi_robot_slam_ws/build/multirobot_map_merge' returned '0': BYOBU_DATE=%Y-%m-%d CMAKE_PREFIX_PATH=${CMAKE_PREFIX_PATH}:/home/aisl/Documents/multi_robot_slam_ws/install/multi_robot_slam_py:/opt/ros/jazzy DEBUGINFOD_URLS=https://debuginfod.ubuntu.com PS1=\[\e[38;5;202m\]$(byobu_prompt_status)\[\e[00m\]$(byobu_prompt_runtime) \[\e[38;5;245m\]\u\[\e[00m\]@\[\e[38;5;172m\]\h\[\e[00m\]:\[\e[38;5;5m\]\w\[\e[00m\]$(byobu_prompt_symbol) /usr/bin/cmake --install /home/aisl/Documents/multi_robot_slam_ws/build/multirobot_map_merge
