[0.013s] Invoking command in '/home/aisl/Documents/multi_robot_slam_ws/build/multi_robot_slam': BYOBU_DATE=%Y-%m-%d CMAKE_PREFIX_PATH=${CMAKE_PREFIX_PATH}:/home/aisl/Documents/multi_robot_slam_ws/install/multi_robot_slam_py:/opt/ros/jazzy DEBUGINFOD_URLS=https://debuginfod.ubuntu.com PS1=\[\e[38;5;202m\]$(byobu_prompt_status)\[\e[00m\]$(byobu_prompt_runtime) \[\e[38;5;245m\]\u\[\e[00m\]@\[\e[38;5;172m\]\h\[\e[00m\]:\[\e[38;5;5m\]\w\[\e[00m\]$(byobu_prompt_symbol) /usr/bin/cmake --build /home/aisl/Documents/multi_robot_slam_ws/build/multi_robot_slam -- -j20 -l20
[0.197s] -- Found ament_cmake: 2.5.5 (/opt/ros/jazzy/share/ament_cmake/cmake)
[0.197s] -- Override CMake install command with custom implementation using symlinks instead of copying resources
[0.197s] -- Found rclcpp: 28.1.16 (/opt/ros/jazzy/share/rclcpp/cmake)
[0.205s] -- Found rosidl_generator_c: 4.6.7 (/opt/ros/jazzy/share/rosidl_generator_c/cmake)
[0.212s] -- Found rosidl_generator_cpp: 4.6.7 (/opt/ros/jazzy/share/rosidl_generator_cpp/cmake)
[0.221s] -- Using all available rosidl_typesupport_c: rosidl_typesupport_fastrtps_c;rosidl_typesupport_introspection_c
[0.232s] -- Using all available rosidl_typesupport_cpp: rosidl_typesupport_fastrtps_cpp;rosidl_typesupport_introspection_cpp
[0.281s] -- Found rmw_implementation_cmake: 7.3.3 (/opt/ros/jazzy/share/rmw_implementation_cmake/cmake)
[0.282s] -- Found rmw_fastrtps_cpp: 8.4.3 (/opt/ros/jazzy/share/rmw_fastrtps_cpp/cmake)
[0.331s] -- Using RMW implementation 'rmw_fastrtps_cpp' as default
[0.381s] -- Found std_msgs: 5.3.6 (/opt/ros/jazzy/share/std_msgs/cmake)
[0.392s] -- Found geometry_msgs: 5.3.6 (/opt/ros/jazzy/share/geometry_msgs/cmake)
[0.403s] -- Found sensor_msgs: 5.3.6 (/opt/ros/jazzy/share/sensor_msgs/cmake)
[0.422s] -- Found nav_msgs: 5.3.6 (/opt/ros/jazzy/share/nav_msgs/cmake)
[0.442s] -- Found tf2: 0.36.19 (/opt/ros/jazzy/share/tf2/cmake)
[0.445s] -- Found tf2_ros: 0.36.19 (/opt/ros/jazzy/share/tf2_ros/cmake)
[0.531s] -- Found ament_lint_auto: 0.17.4 (/opt/ros/jazzy/share/ament_lint_auto/cmake)
[0.601s] -- Added test 'copyright' to check source files copyright and LICENSE
[0.603s] -- Added test 'flake8' to check Python code syntax and style conventions
[0.603s] -- Configured 'flake8' exclude dirs and/or files: 
[0.603s] -- Added test 'lint_cmake' to check CMake code style
[0.603s] -- Added test 'pep257' to check Python code against some of the docstring style conventions in PEP 257
[0.604s] -- Added test 'xmllint' to check XML markup files
[0.605s] -- Configuring done (0.6s)
[0.609s] -- Generating done (0.0s)
[0.610s] -- Build files have been written to: /home/aisl/Documents/multi_robot_slam_ws/build/multi_robot_slam
[0.631s] Invoked command in '/home/aisl/Documents/multi_robot_slam_ws/build/multi_robot_slam' returned '0': BYOBU_DATE=%Y-%m-%d CMAKE_PREFIX_PATH=${CMAKE_PREFIX_PATH}:/home/aisl/Documents/multi_robot_slam_ws/install/multi_robot_slam_py:/opt/ros/jazzy DEBUGINFOD_URLS=https://debuginfod.ubuntu.com PS1=\[\e[38;5;202m\]$(byobu_prompt_status)\[\e[00m\]$(byobu_prompt_runtime) \[\e[38;5;245m\]\u\[\e[00m\]@\[\e[38;5;172m\]\h\[\e[00m\]:\[\e[38;5;5m\]\w\[\e[00m\]$(byobu_prompt_symbol) /usr/bin/cmake --build /home/aisl/Documents/multi_robot_slam_ws/build/multi_robot_slam -- -j20 -l20
[0.631s] Invoking command in '/home/aisl/Documents/multi_robot_slam_ws/build/multi_robot_slam': BYOBU_DATE=%Y-%m-%d CMAKE_PREFIX_PATH=${CMAKE_PREFIX_PATH}:/home/aisl/Documents/multi_robot_slam_ws/install/multi_robot_slam_py:/opt/ros/jazzy DEBUGINFOD_URLS=https://debuginfod.ubuntu.com PS1=\[\e[38;5;202m\]$(byobu_prompt_status)\[\e[00m\]$(byobu_prompt_runtime) \[\e[38;5;245m\]\u\[\e[00m\]@\[\e[38;5;172m\]\h\[\e[00m\]:\[\e[38;5;5m\]\w\[\e[00m\]$(byobu_prompt_symbol) /usr/bin/cmake --install /home/aisl/Documents/multi_robot_slam_ws/build/multi_robot_slam
[0.637s] -- Install configuration: ""
[0.637s] -- Execute custom install script
[0.637s] -- Up-to-date symlink: /home/aisl/Documents/multi_robot_slam_ws/install/multi_robot_slam/share/multi_robot_slam//launch/central_server.launch.py
[0.637s] -- Up-to-date symlink: /home/aisl/Documents/multi_robot_slam_ws/install/multi_robot_slam/share/multi_robot_slam//launch/full_system.launch.py
[0.637s] -- Up-to-date symlink: /home/aisl/Documents/multi_robot_slam_ws/install/multi_robot_slam/share/multi_robot_slam//launch/gz_multi_robot.launch.py
[0.637s] -- Symlinking: /home/aisl/Documents/multi_robot_slam_ws/install/multi_robot_slam/share/multi_robot_slam//launch/multi_robot_nav2.launch.py
[0.643s] -- Up-to-date symlink: /home/aisl/Documents/multi_robot_slam_ws/install/multi_robot_slam/share/multi_robot_slam//launch/multi_robot_slam.launch.py
[0.644s] -- Up-to-date symlink: /home/aisl/Documents/multi_robot_slam_ws/install/multi_robot_slam/share/multi_robot_slam//launch/single_robot_slam.launch.py
[0.644s] -- Up-to-date symlink: /home/aisl/Documents/multi_robot_slam_ws/install/multi_robot_slam/share/multi_robot_slam//config/multi_robot_params.yaml
[0.644s] -- Up-to-date symlink: /home/aisl/Documents/multi_robot_slam_ws/install/multi_robot_slam/share/multi_robot_slam//config/multi_robot_slam.yaml
[0.644s] -- Symlinking: /home/aisl/Documents/multi_robot_slam_ws/install/multi_robot_slam/share/multi_robot_slam//config/nav2/nav2_params_base.yaml
[0.650s] -- Up-to-date symlink: /home/aisl/Documents/multi_robot_slam_ws/install/multi_robot_slam/share/multi_robot_slam//config/robots.yaml
[0.650s] -- Up-to-date symlink: /home/aisl/Documents/multi_robot_slam_ws/install/multi_robot_slam/share/multi_robot_slam//config/rviz_config.rviz
[0.650s] -- Up-to-date symlink: /home/aisl/Documents/multi_robot_slam_ws/install/multi_robot_slam/share/multi_robot_slam//config/slam_params.yaml
[0.650s] -- Up-to-date symlink: /home/aisl/Documents/multi_robot_slam_ws/install/multi_robot_slam/share/multi_robot_slam//worlds/multi_robot_world.sdf
[0.650s] -- Up-to-date symlink: /home/aisl/Documents/multi_robot_slam_ws/install/multi_robot_slam/share/multi_robot_slam//urdf/robot.urdf.xacro
[0.650s] -- Up-to-date symlink: /home/aisl/Documents/multi_robot_slam_ws/install/multi_robot_slam/share/multi_robot_slam//scripts/odom_to_tf.py
[0.650s] -- Up-to-date symlink: /home/aisl/Documents/multi_robot_slam_ws/install/multi_robot_slam/share/multi_robot_slam//scripts/scan_frame_fixer.py
[0.650s] -- Up-to-date symlink: /home/aisl/Documents/multi_robot_slam_ws/install/multi_robot_slam/share/multi_robot_slam//scripts/smooth_circle.py
[0.650s] -- Up-to-date symlink: /home/aisl/Documents/multi_robot_slam_ws/install/multi_robot_slam/lib/multi_robot_slam/odom_to_tf.py
[0.650s] -- Up-to-date symlink: /home/aisl/Documents/multi_robot_slam_ws/install/multi_robot_slam/lib/multi_robot_slam/scan_frame_fixer.py
[0.651s] -- Up-to-date symlink: /home/aisl/Documents/multi_robot_slam_ws/install/multi_robot_slam/share/ament_index/resource_index/package_run_dependencies/multi_robot_slam
[0.651s] -- Up-to-date symlink: /home/aisl/Documents/multi_robot_slam_ws/install/multi_robot_slam/share/ament_index/resource_index/parent_prefix_path/multi_robot_slam
[0.651s] -- Up-to-date symlink: /home/aisl/Documents/multi_robot_slam_ws/install/multi_robot_slam/share/multi_robot_slam/environment/ament_prefix_path.sh
[0.651s] -- Up-to-date symlink: /home/aisl/Documents/multi_robot_slam_ws/install/multi_robot_slam/share/multi_robot_slam/environment/ament_prefix_path.dsv
[0.651s] -- Up-to-date symlink: /home/aisl/Documents/multi_robot_slam_ws/install/multi_robot_slam/share/multi_robot_slam/environment/path.sh
[0.651s] -- Up-to-date symlink: /home/aisl/Documents/multi_robot_slam_ws/install/multi_robot_slam/share/multi_robot_slam/environment/path.dsv
[0.651s] -- Up-to-date symlink: /home/aisl/Documents/multi_robot_slam_ws/install/multi_robot_slam/share/multi_robot_slam/local_setup.bash
[0.651s] -- Up-to-date symlink: /home/aisl/Documents/multi_robot_slam_ws/install/multi_robot_slam/share/multi_robot_slam/local_setup.sh
[0.651s] -- Up-to-date symlink: /home/aisl/Documents/multi_robot_slam_ws/install/multi_robot_slam/share/multi_robot_slam/local_setup.zsh
[0.652s] -- Up-to-date symlink: /home/aisl/Documents/multi_robot_slam_ws/install/multi_robot_slam/share/multi_robot_slam/local_setup.dsv
[0.652s] -- Symlinking: /home/aisl/Documents/multi_robot_slam_ws/install/multi_robot_slam/share/multi_robot_slam/package.dsv
[0.657s] -- Up-to-date symlink: /home/aisl/Documents/multi_robot_slam_ws/install/multi_robot_slam/share/ament_index/resource_index/packages/multi_robot_slam
[0.658s] -- Up-to-date symlink: /home/aisl/Documents/multi_robot_slam_ws/install/multi_robot_slam/share/multi_robot_slam/cmake/multi_robot_slamConfig.cmake
[0.658s] -- Up-to-date symlink: /home/aisl/Documents/multi_robot_slam_ws/install/multi_robot_slam/share/multi_robot_slam/cmake/multi_robot_slamConfig-version.cmake
[0.658s] -- Up-to-date symlink: /home/aisl/Documents/multi_robot_slam_ws/install/multi_robot_slam/share/multi_robot_slam/package.xml
[0.659s] Invoked command in '/home/aisl/Documents/multi_robot_slam_ws/build/multi_robot_slam' returned '0': BYOBU_DATE=%Y-%m-%d CMAKE_PREFIX_PATH=${CMAKE_PREFIX_PATH}:/home/aisl/Documents/multi_robot_slam_ws/install/multi_robot_slam_py:/opt/ros/jazzy DEBUGINFOD_URLS=https://debuginfod.ubuntu.com PS1=\[\e[38;5;202m\]$(byobu_prompt_status)\[\e[00m\]$(byobu_prompt_runtime) \[\e[38;5;245m\]\u\[\e[00m\]@\[\e[38;5;172m\]\h\[\e[00m\]:\[\e[38;5;5m\]\w\[\e[00m\]$(byobu_prompt_symbol) /usr/bin/cmake --install /home/aisl/Documents/multi_robot_slam_ws/build/multi_robot_slam
