--2026-03-03 18:01:16--  https://raw.githubusercontent.com/hrnr/m-explore-extra/master/map_merge/hector_maps/map00.pgm
Resolving raw.githubusercontent.com (raw.githubusercontent.com)... 185.199.111.133, 185.199.110.133, 185.199.108.133, ...
Connecting to raw.githubusercontent.com (raw.githubusercontent.com)|185.199.111.133|:443... connected.
HTTP request sent, awaiting response... 200 OK
Length: 4194362 (4.0M) [application/octet-stream]
Saving to: ‘/home/essivekkeli/multi_robot_slam_ws/build/multirobot_map_merge/map00.pgm’

     0K .......... .......... .......... .......... ..........  1% 2.70M 1s
    50K .......... .......... .......... .......... ..........  2% 2.58M 1s
   100K .......... .......... .......... .......... ..........  3% 6.31M 1s
   150K .......... .......... .......... .......... ..........  4% 5.90M 1s
   200K .......... .......... .......... .......... ..........  6% 3.02M 1s
   250K .......... .......... .......... .......... ..........  7% 39.4M 1s
   300K .......... .......... .......... .......... ..........  8% 10.1M 1s
   350K .......... .......... .......... .......... ..........  9% 2.17M 1s
   400K .......... .......... .......... .......... .......... 10% 9.45M 1s
   450K .......... .......... .......... .......... .......... 12% 18.5M 1s
   500K .......... .......... .......... .......... .......... 13% 30.3M 1s
   550K .......... .......... .......... .......... .......... 14% 4.01M 1s
   600K .......... .......... .......... .......... .......... 15% 13.0M 1s
   650K .......... .......... .......... .......... .......... 17% 5.19M 1s
   700K .......... .......... .......... .......... .......... 18% 36.0M 1s
   750K .......... .......... .......... .......... .......... 19% 17.3M 1s
   800K .......... .......... .......... .......... .......... 20% 11.0M 1s
   850K .......... .......... .......... .......... .......... 21% 7.74M 1s
   900K .......... .......... .......... .......... .......... 23% 8.80M 1s
   950K .......... .......... .......... .......... .......... 24% 11.2M 0s
  1000K .......... .......... .......... .......... .......... 25% 11.1M 0s
  1050K .......... .......... .......... .......... .......... 26% 7.68M 0s
  1100K .......... .......... .......... .......... .......... 28% 13.1M 0s
  1150K .......... .......... .......... .......... .......... 29% 18.1M 0s
  1200K .......... .......... .......... .......... .......... 30% 8.94M 0s
  1250K .......... .......... .......... .......... .......... 31% 2.16M 0s
  1300K .......... .......... .......... .......... .......... 32%  991K 1s
  1350K .......... .......... .......... .......... .......... 34% 17.3M 0s
  1400K .......... .......... .......... .......... .......... 35%  145M 0s
  1450K .......... .......... .......... .......... .......... 36%  170M 0s
  1500K .......... .......... .......... .......... .......... 37%  190M 0s
  1550K .......... .......... .......... .......... .......... 39%  176M 0s
  1600K .......... .......... .......... .......... .......... 40% 9.91M 0s
  1650K .......... .......... .......... .......... .......... 41%  166M 0s
  1700K .......... .......... .......... .......... .......... 42% 12.2M 0s
  1750K .......... .......... .......... .......... .......... 43% 6.16M 0s
  1800K .......... .......... .......... .......... .......... 45% 1.57M 0s
  1850K .......... .......... .......... .......... .......... 46% 32.9M 0s
  1900K .......... .......... .......... .......... .......... 47% 14.7M 0s
  1950K .......... .......... .......... .......... .......... 48% 8.99M 0s
  2000K .......... .......... .......... .......... .......... 50% 18.6M 0s
  2050K .......... .......... .......... .......... .......... 51% 7.50M 0s
  2100K .......... .......... .......... .......... .......... 52% 19.1M 0s
  2150K .......... .......... .......... .......... .......... 53% 6.17M 0s
  2200K .......... .......... .......... .......... .......... 54% 9.32M 0s
  2250K .......... .......... .......... .......... .......... 56% 11.1M 0s
  2300K .......... .......... .......... .......... .......... 57% 7.27M 0s
  2350K .......... .......... .......... .......... .......... 58% 17.0M 0s
  2400K .......... .......... .......... .......... .......... 59% 10.4M 0s
  2450K .......... .......... .......... .......... .......... 61% 8.20M 0s
  2500K .......... .......... .......... .......... .......... 62% 20.6M 0s
  2550K .......... .......... .......... .......... .......... 63% 6.73M 0s
  2600K .......... .......... .......... .......... .......... 64% 11.9M 0s
  2650K .......... .......... .......... .......... .......... 65% 13.7M 0s
  2700K .......... .......... .......... .......... .......... 67% 25.1M 0s
  2750K .......... .......... .......... .......... .......... 68% 2.01M 0s
  2800K .......... .......... .......... .......... .......... 69% 21.6M 0s
  2850K .......... .......... .......... .......... .......... 70% 2.81M 0s
  2900K .......... .......... .......... .......... .......... 72% 7.00M 0s
  2950K .......... .......... .......... .......... .......... 73% 12.1M 0s
  3000K .......... .......... .......... .......... .......... 74% 8.37M 0s
  3050K .......... .......... .......... .......... .......... 75% 11.6M 0s
  3100K .......... .......... .......... .......... .......... 76% 9.02M 0s
  3150K .......... .......... .......... .......... .......... 78% 17.5M 0s
  3200K .......... .......... .......... .......... .......... 79% 8.70M 0s
  3250K .......... .......... .......... .......... .......... 80% 11.3M 0s
  3300K .......... .......... .......... .......... .......... 81% 7.67M 0s
  3350K .......... .......... .......... .......... .......... 83% 4.66M 0s
  3400K .......... .......... .......... .......... .......... 84% 4.38M 0s
  3450K .......... .......... .......... .......... .......... 85% 2.97M 0s
  3500K .......... .......... .......... .......... .......... 86% 16.5M 0s
  3550K .......... .......... .......... .......... .......... 87% 29.8M 0s
  3600K .......... .......... .......... .......... .......... 89% 13.8M 0s
  3650K .......... .......... .......... .......... .......... 90% 1.71M 0s
  3700K .......... .......... .......... .......... .......... 91%  153M 0s
  3750K .......... .......... .......... .......... .......... 92%  250M 0s
  3800K .......... .......... .......... .......... .......... 93%  224M 0s
  3850K .......... .......... .......... .......... .......... 95% 3.96M 0s
  3900K .......... .......... .......... .......... .......... 96% 10.2M 0s
  3950K .......... .......... .......... .......... .......... 97% 9.70M 0s
  4000K .......... .......... .......... .......... .......... 98% 4.44M 0s
  4050K .......... .......... .......... .......... ......    100% 41.8M=0.6s

2026-03-03 18:01:17 (6.86 MB/s) - ‘/home/essivekkeli/multi_robot_slam_ws/build/multirobot_map_merge/map00.pgm’ saved [4194362/4194362]

--2026-03-03 18:01:17--  https://raw.githubusercontent.com/hrnr/m-explore-extra/master/map_merge/hector_maps/map05.pgm
Resolving raw.githubusercontent.com (raw.githubusercontent.com)... 185.199.108.133, 185.199.109.133, 185.199.110.133, ...
Connecting to raw.githubusercontent.com (raw.githubusercontent.com)|185.199.108.133|:443... connected.
HTTP request sent, awaiting response... 200 OK
Length: 4194362 (4.0M) [application/octet-stream]
Saving to: ‘/home/essivekkeli/multi_robot_slam_ws/build/multirobot_map_merge/map05.pgm’

     0K .......... .......... .......... .......... ..........  1% 2.61M 2s
    50K .......... .......... .......... .......... ..........  2% 2.57M 2s
   100K .......... .......... .......... .......... ..........  3% 4.59M 1s
   150K .......... .......... .......... .......... ..........  4% 10.5M 1s
   200K .......... .......... .......... .......... ..........  6% 3.03M 1s
   250K .......... .......... .......... .......... ..........  7% 15.7M 1s
   300K .......... .......... .......... .......... ..........  8% 30.5M 1s
   350K .......... .......... .......... .......... ..........  9% 1.86M 1s
   400K .......... .......... .......... .......... .......... 10% 9.38M 1s
   450K .......... .......... .......... .......... .......... 12% 31.6M 1s
   500K .......... .......... .......... .......... .......... 13% 13.9M 1s
   550K .......... .......... .......... .......... .......... 14% 4.70M 1s
   600K .......... .......... .......... .......... .......... 15% 30.7M 1s
   650K .......... .......... .......... .......... .......... 17% 5.41M 1s
   700K .......... .......... .......... .......... .......... 18% 2.49M 1s
   750K .......... .......... .......... .......... .......... 19% 11.0M 1s
   800K .......... .......... .......... .......... .......... 20% 8.35M 1s
   850K .......... .......... .......... .......... .......... 21% 10.7M 1s
   900K .......... .......... .......... .......... .......... 23% 6.93M 1s
   950K .......... .......... .......... .......... .......... 24% 27.7M 1s
  1000K .......... .......... .......... .......... .......... 25% 13.1M 1s
  1050K .......... .......... .......... .......... .......... 26% 5.56M 1s
  1100K .......... .......... .......... .......... .......... 28% 3.18M 1s
  1150K .......... .......... .......... .......... .......... 29% 3.14M 1s
  1200K .......... .......... .......... .......... .......... 30% 7.67M 1s
  1250K .......... .......... .......... .......... .......... 31% 5.56M 1s
  1300K .......... .......... .......... .......... .......... 32% 18.6M 0s
  1350K .......... .......... .......... .......... .......... 34% 22.8M 0s
  1400K .......... .......... .......... .......... .......... 35% 11.4M 0s
  1450K .......... .......... .......... .......... .......... 36% 6.73M 0s
  1500K .......... .......... .......... .......... .......... 37% 33.3M 0s
  1550K .......... .......... .......... .......... .......... 39% 15.2M 0s
  1600K .......... .......... .......... .......... .......... 40% 8.60M 0s
  1650K .......... .......... .......... .......... .......... 41% 12.6M 0s
  1700K .......... .......... .......... .......... .......... 42% 7.55M 0s
  1750K .......... .......... .......... .......... .......... 43% 9.84M 0s
  1800K .......... .......... .......... .......... .......... 45% 1.58M 0s
  1850K .......... .......... .......... .......... .......... 46% 13.1M 0s
  1900K .......... .......... .......... .......... .......... 47% 35.2M 0s
  1950K .......... .......... .......... .......... .......... 48% 8.49M 0s
  2000K .......... .......... .......... .......... .......... 50% 4.76M 0s
  2050K .......... .......... .......... .......... .......... 51% 34.6M 0s
  2100K .......... .......... .......... .......... .......... 52% 7.46M 0s
  2150K .......... .......... .......... .......... .......... 53% 18.8M 0s
  2200K .......... .......... .......... .......... .......... 54% 19.0M 0s
  2250K .......... .......... .......... .......... .......... 56% 21.5M 0s
  2300K .......... .......... .......... .......... .......... 57% 2.70M 0s
  2350K .......... .......... .......... .......... .......... 58% 3.97M 0s
  2400K .......... .......... .......... .......... .......... 59% 11.2M 0s
  2450K .......... .......... .......... .......... .......... 61% 20.5M 0s
  2500K .......... .......... .......... .......... .......... 62% 36.0M 0s
  2550K .......... .......... .......... .......... .......... 63% 14.3M 0s
  2600K .......... .......... .......... .......... .......... 64% 1.37M 0s
  2650K .......... .......... .......... .......... .......... 65% 5.37M 0s
  2700K .......... .......... .......... .......... .......... 67% 32.7M 0s
  2750K .......... .......... .......... .......... .......... 68% 8.84M 0s
  2800K .......... .......... .......... .......... .......... 69% 1.97M 0s
  2850K .......... .......... .......... .......... .......... 70% 3.02M 0s
  2900K .......... .......... .......... .......... .......... 72% 1.23M 0s
  2950K .......... .......... .......... .......... .......... 73% 2.03M 0s
  3000K .......... .......... .......... .......... .......... 74%  109M 0s
  3050K .......... .......... .......... .......... .......... 75%  186M 0s
  3100K .......... .......... .......... .......... .......... 76% 2.73M 0s
  3150K .......... .......... .......... .......... .......... 78% 11.2M 0s
  3200K .......... .......... .......... .......... .......... 79% 9.19M 0s
  3250K .......... .......... .......... .......... .......... 80% 9.94M 0s
  3300K .......... .......... .......... .......... .......... 81% 6.76M 0s
  3350K .......... .......... .......... .......... .......... 83% 15.0M 0s
  3400K .......... .......... .......... .......... .......... 84% 10.9M 0s
  3450K .......... .......... .......... .......... .......... 85% 3.74M 0s
  3500K .......... .......... .......... .......... .......... 86% 4.12M 0s
  3550K .......... .......... .......... .......... .......... 87% 6.07M 0s
  3600K .......... .......... .......... .......... .......... 89% 13.5M 0s
  3650K .......... .......... .......... .......... .......... 90% 1.68M 0s
  3700K .......... .......... .......... .......... .......... 91%  125M 0s
  3750K .......... .......... .......... .......... .......... 92%  194M 0s
  3800K .......... .......... .......... .......... .......... 93%  179M 0s
  3850K .......... .......... .......... .......... .......... 95%  185M 0s
  3900K .......... .......... .......... .......... .......... 96%  194M 0s
  3950K .......... .......... .......... .......... .......... 97% 25.2M 0s
  4000K .......... .......... .......... .......... .......... 98% 5.90M 0s
  4050K .......... .......... .......... .......... ......    100% 13.7M=0.7s

2026-03-03 18:01:18 (5.97 MB/s) - ‘/home/essivekkeli/multi_robot_slam_ws/build/multirobot_map_merge/map05.pgm’ saved [4194362/4194362]

--2026-03-03 18:01:18--  https://raw.githubusercontent.com/hrnr/m-explore-extra/master/map_merge/gmapping_maps/2011-08-09-12-22-52.pgm
Resolving raw.githubusercontent.com (raw.githubusercontent.com)... 185.199.110.133, 185.199.108.133, 185.199.111.133, ...
Connecting to raw.githubusercontent.com (raw.githubusercontent.com)|185.199.110.133|:443... connected.
HTTP request sent, awaiting response... 200 OK
Length: 16000058 (15M) [application/octet-stream]
Saving to: ‘/home/essivekkeli/multi_robot_slam_ws/build/multirobot_map_merge/2011-08-09-12-22-52.pgm’

     0K .......... .......... .......... .......... ..........  0% 2.29M 7s
    50K .......... .......... .......... .......... ..........  0% 2.07M 7s
   100K .......... .......... .......... .......... ..........  0% 10.2M 5s
   150K .......... .......... .......... .......... ..........  1% 2.44M 5s
   200K .......... .......... .......... .......... ..........  1% 15.0M 4s
   250K .......... .......... .......... .......... ..........  1% 17.8M 4s
   300K .......... .......... .......... .......... ..........  2% 1.84M 4s
   350K .......... .......... .......... .......... ..........  2% 18.0M 4s
   400K .......... .......... .......... .......... ..........  2% 2.09M 4s
   450K .......... .......... .......... .......... ..........  3% 21.9M 4s
   500K .......... .......... .......... .......... ..........  3% 17.0M 4s
   550K .......... .......... .......... .......... ..........  3% 3.02M 4s
   600K .......... .......... .......... .......... ..........  4%  555K 6s
   650K .......... .......... .......... .......... ..........  4% 3.01M 5s
   700K .......... .......... .......... .......... ..........  4% 6.19M 5s
   750K .......... .......... .......... .......... ..........  5% 5.83M 5s
   800K .......... .......... .......... .......... ..........  5% 6.14M 5s
   850K .......... .......... .......... .......... ..........  5% 18.3M 5s
   900K .......... .......... .......... .......... ..........  6% 1.31M 5s
   950K .......... .......... .......... .......... ..........  6%  133M 5s
  1000K .......... .......... .......... .......... ..........  6%  214M 4s
  1050K .......... .......... .......... .......... ..........  7%  195M 4s
  1100K .......... .......... .......... .......... ..........  7%  192M 4s
  1150K .......... .......... .......... .......... ..........  7%  191M 4s
  1200K .......... .......... .......... .......... ..........  7% 13.3M 4s
  1250K .......... .......... .......... .......... ..........  8% 7.43M 4s
  1300K .......... .......... .......... .......... ..........  8% 5.58M 4s
  1350K .......... .......... .......... .......... ..........  8% 11.1M 4s
  1400K .......... .......... .......... .......... ..........  9% 7.79M 3s
  1450K .......... .......... .......... .......... ..........  9% 19.9M 3s
  1500K .......... .......... .......... .......... ..........  9% 9.27M 3s
  1550K .......... .......... .......... .......... .......... 10% 16.9M 3s
  1600K .......... .......... .......... .......... .......... 10% 3.91M 3s
  1650K .......... .......... .......... .......... .......... 10% 10.7M 3s
  1700K .......... .......... .......... .......... .......... 11% 14.1M 3s
  1750K .......... .......... .......... .......... .......... 11% 5.33M 3s
  1800K .......... .......... .......... .......... .......... 11% 2.88M 3s
  1850K .......... .......... .......... .......... .......... 12% 15.8M 3s
  1900K .......... .......... .......... .......... .......... 12% 31.3M 3s
  1950K .......... .......... .......... .......... .......... 12% 3.38M 3s
  2000K .......... .......... .......... .......... .......... 13% 15.4M 3s
  2050K .......... .......... .......... .......... .......... 13% 2.16M 3s
  2100K .......... .......... .......... .......... .......... 13% 8.39M 3s
  2150K .......... .......... .......... .......... .......... 14% 9.72M 3s
  2200K .......... .......... .......... .......... .......... 14% 8.86M 3s
  2250K .......... .......... .......... .......... .......... 14% 9.75M 3s
  2300K .......... .......... .......... .......... .......... 15% 13.8M 3s
  2350K .......... .......... .......... .......... .......... 15% 11.6M 3s
  2400K .......... .......... .......... .......... .......... 15% 1.91M 3s
  2450K .......... .......... .......... .......... .......... 15% 9.66M 3s
  2500K .......... .......... .......... .......... .......... 16% 18.7M 3s
  2550K .......... .......... .......... .......... .......... 16% 9.49M 3s
  2600K .......... .......... .......... .......... .......... 16% 30.3M 3s
  2650K .......... .......... .......... .......... .......... 17% 5.54M 3s
  2700K .......... .......... .......... .......... .......... 17% 37.4M 2s
  2750K .......... .......... .......... .......... .......... 17% 2.09M 3s
  2800K .......... .......... .......... .......... .......... 18% 10.5M 3s
  2850K .......... .......... .......... .......... .......... 18% 11.6M 2s
  2900K .......... .......... .......... .......... .......... 18% 10.6M 2s
  2950K .......... .......... .......... .......... .......... 19% 10.9M 2s
  3000K .......... .......... .......... .......... .......... 19% 10.5M 2s
  3050K .......... .......... .......... .......... .......... 19% 11.9M 2s
  3100K .......... .......... .......... .......... .......... 20% 11.4M 2s
  3150K .......... .......... .......... .......... .......... 20% 8.37M 2s
  3200K .......... .......... .......... .......... .......... 20%  751K 3s
  3250K .......... .......... .......... .......... .......... 21%  128M 2s
  3300K .......... .......... .......... .......... .......... 21%  178M 2s
  3350K .......... .......... .......... .......... .......... 21%  185M 2s
  3400K .......... .......... .......... .......... .......... 22% 19.5M 2s
  3450K .......... .......... .......... .......... .......... 22% 6.57M 2s
  3500K .......... .......... .......... .......... .......... 22% 4.99M 2s
  3550K .......... .......... .......... .......... .......... 23% 16.9M 2s
  3600K .......... .......... .......... .......... .......... 23% 6.90M 2s
  3650K .......... .......... .......... .......... .......... 23% 1.10M 2s
  3700K .......... .......... .......... .......... .......... 23%  102M 2s
  3750K .......... .......... .......... .......... .......... 24%  157M 2s
  3800K .......... .......... .......... .......... .......... 24%  194M 2s
  3850K .......... .......... .......... .......... .......... 24% 1.90M 2s
  3900K .......... .......... .......... .......... .......... 25% 5.16M 2s
  3950K .......... .......... .......... .......... .......... 25% 4.45M 2s
  4000K .......... .......... .......... .......... .......... 25% 6.02M 2s
  4050K .......... .......... .......... .......... .......... 26% 1.80M 2s
  4100K .......... .......... .......... .......... .......... 26% 17.4M 2s
  4150K .......... .......... .......... .......... .......... 26% 3.90M 2s
  4200K .......... .......... .......... .......... .......... 27% 6.77M 2s
  4250K .......... .......... .......... .......... .......... 27% 6.60M 2s
  4300K .......... .......... .......... .......... .......... 27% 6.32M 2s
  4350K .......... .......... .......... .......... .......... 28% 3.54M 2s
  4400K .......... .......... .......... .......... .......... 28% 6.36M 2s
  4450K .......... .......... .......... .......... .......... 28% 5.26M 2s
  4500K .......... .......... .......... .......... .......... 29% 10.9M 2s
  4550K .......... .......... .......... .......... .......... 29% 3.97M 2s
  4600K .......... .......... .......... .......... .......... 29% 1.63M 2s
  4650K .......... .......... .......... .......... .......... 30% 5.35M 2s
  4700K .......... .......... .......... .......... .......... 30% 2.02M 2s
  4750K .......... .......... .......... .......... .......... 30% 4.82M 2s
  4800K .......... .......... .......... .......... .......... 31% 3.92M 2s
  4850K .......... .......... .......... .......... .......... 31% 9.96M 2s
  4900K .......... .......... .......... .......... .......... 31% 3.57M 2s
  4950K .......... .......... .......... .......... .......... 31% 2.84M 2s
  5000K .......... .......... .......... .......... .......... 32% 18.6M 2s
  5050K .......... .......... .......... .......... .......... 32% 2.71M 2s
  5100K .......... .......... .......... .......... .......... 32% 9.42M 2s
  5150K .......... .......... .......... .......... .......... 33% 5.71M 2s
  5200K .......... .......... .......... .......... .......... 33% 2.67M 2s
  5250K .......... .......... .......... .......... .......... 33% 8.33M 2s
  5300K .......... .......... .......... .......... .......... 34% 4.62M 2s
  5350K .......... .......... .......... .......... .......... 34% 17.4M 2s
  5400K .......... .......... .......... .......... .......... 34% 3.59M 2s
  5450K .......... .......... .......... .......... .......... 35% 2.72M 2s
  5500K .......... .......... .......... .......... .......... 35% 19.9M 2s
  5550K .......... .......... .......... .......... .......... 35% 2.93M 2s
  5600K .......... .......... .......... .......... .......... 36% 5.24M 2s
  5650K .......... .......... .......... .......... .......... 36% 3.24M 2s
  5700K .......... .......... .......... .......... .......... 36% 6.75M 2s
  5750K .......... .......... .......... .......... .......... 37% 8.57M 2s
  5800K .......... .......... .......... .......... .......... 37% 5.94M 2s
  5850K .......... .......... .......... .......... .......... 37% 10.3M 2s
  5900K .......... .......... .......... .......... .......... 38% 1.88M 2s
  5950K .......... .......... .......... .......... .......... 38% 6.62M 2s
  6000K .......... .......... .......... .......... .......... 38% 8.94M 2s
  6050K .......... .......... .......... .......... .......... 39% 3.99M 2s
  6100K .......... .......... .......... .......... .......... 39% 5.55M 2s
  6150K .......... .......... .......... .......... .......... 39% 1.91M 2s
  6200K .......... .......... .......... .......... .......... 39% 6.31M 2s
  6250K .......... .......... .......... .......... .......... 40% 7.06M 2s
  6300K .......... .......... .......... .......... .......... 40% 8.11M 2s
  6350K .......... .......... .......... .......... .......... 40% 1.70M 2s
  6400K .......... .......... .......... .......... .......... 41% 1.98M 2s
  6450K .......... .......... .......... .......... .......... 41% 6.60M 2s
  6500K .......... .......... .......... .......... .......... 41% 1.81M 2s
  6550K .......... .......... .......... .......... .......... 42% 3.50M 2s
  6600K .......... .......... .......... .......... .......... 42% 3.90M 2s
  6650K .......... .......... .......... .......... .......... 42% 3.18M 2s
  6700K .......... .......... .......... .......... .......... 43% 2.98M 2s
  6750K .......... .......... .......... .......... .......... 43% 4.78M 2s
  6800K .......... .......... .......... .......... .......... 43% 6.15M 2s
  6850K .......... .......... .......... .......... .......... 44% 4.89M 2s
  6900K .......... .......... .......... .......... .......... 44% 6.08M 2s
  6950K .......... .......... .......... .......... .......... 44% 9.54M 2s
  7000K .......... .......... .......... .......... .......... 45% 5.36M 2s
  7050K .......... .......... .......... .......... .......... 45% 13.8M 2s
  7100K .......... .......... .......... .......... .......... 45% 7.76M 2s
  7150K .......... .......... .......... .......... .......... 46% 1.90M 2s
  7200K .......... .......... .......... .......... .......... 46% 4.72M 2s
  7250K .......... .......... .......... .......... .......... 46% 4.14M 2s
  7300K .......... .......... .......... .......... .......... 47% 6.08M 2s
  7350K .......... .......... .......... .......... .......... 47% 4.88M 2s
  7400K .......... .......... .......... .......... .......... 47% 5.29M 2s
  7450K .......... .......... .......... .......... .......... 47% 6.92M 2s
  7500K .......... .......... .......... .......... .......... 48% 8.67M 2s
  7550K .......... .......... .......... .......... .......... 48% 3.56M 2s
  7600K .......... .......... .......... .......... .......... 48% 1.72M 2s
  7650K .......... .......... .......... .......... .......... 49% 3.78M 2s
  7700K .......... .......... .......... .......... .......... 49% 7.16M 2s
  7750K .......... .......... .......... .......... .......... 49% 5.82M 2s
  7800K .......... .......... .......... .......... .......... 50% 2.35M 2s
  7850K .......... .......... .......... .......... .......... 50% 4.29M 2s
  7900K .......... .......... .......... .......... .......... 50% 4.43M 2s
  7950K .......... .......... .......... .......... .......... 51% 9.03M 2s
  8000K .......... .......... .......... .......... .......... 51% 1.86M 2s
  8050K .......... .......... .......... .......... .......... 51% 3.49M 2s
  8100K .......... .......... .......... .......... .......... 52%  842K 2s
  8150K .......... .......... .......... .......... .......... 52% 5.37M 2s
  8200K .......... .......... .......... .......... .......... 52% 2.66M 2s
  8250K .......... .......... .......... .......... .......... 53% 6.72M 2s
  8300K .......... .......... .......... .......... .......... 53%  229K 2s
  8350K .......... .......... .......... .......... .......... 53% 2.42M 2s
  8400K .......... .......... .......... .......... .......... 54% 1.45M 2s
  8450K .......... .......... .......... .......... .......... 54%  469K 2s
  8500K .......... .......... .......... .......... .......... 54% 1.28M 2s
  8550K .......... .......... .......... .......... .......... 55% 1.37M 2s
  8600K .......... .......... .......... .......... .......... 55% 2.14M 2s
  8650K .......... .......... .......... .......... .......... 55% 1.86M 2s
  8700K .......... .......... .......... .......... .......... 55% 4.40M 2s
  8750K .......... .......... .......... .......... .......... 56% 2.99M 2s
  8800K .......... .......... .......... .......... .......... 56% 3.47M 2s
  8850K .......... .......... .......... .......... .......... 56% 4.54M 2s
  8900K .......... .......... .......... .......... .......... 57% 6.71M 2s
  8950K .......... .......... .......... .......... .......... 57% 1.07M 2s
  9000K .......... .......... .......... .......... .......... 57% 7.56M 2s
  9050K .......... .......... .......... .......... .......... 58% 2.75M 2s
  9100K .......... .......... .......... .......... .......... 58% 2.14M 2s
  9150K .......... .......... .......... .......... .......... 58% 1.82M 2s
  9200K .......... .......... .......... .......... .......... 59% 4.44M 2s
  9250K .......... .......... .......... .......... .......... 59% 2.24M 2s
  9300K .......... .......... .......... .......... .......... 59% 3.23M 2s
  9350K .......... .......... .......... .......... .......... 60% 3.92M 2s
  9400K .......... .......... .......... .......... .......... 60% 1.87M 2s
  9450K .......... .......... .......... .......... .......... 60%  549K 2s
  9500K .......... .......... .......... .......... .......... 61% 3.60M 2s
  9550K .......... .......... .......... .......... .......... 61%  702K 2s
  9600K .......... .......... .......... .......... .......... 61% 10.7M 2s
  9650K .......... .......... .......... .......... .......... 62% 3.06M 2s
  9700K .......... .......... .......... .......... .......... 62% 2.94M 2s
  9750K .......... .......... .......... .......... .......... 62% 5.14M 2s
  9800K .......... .......... .......... .......... .......... 63% 5.25M 2s
  9850K .......... .......... .......... .......... .......... 63% 2.42M 2s
  9900K .......... .......... .......... .......... .......... 63% 6.64M 2s
  9950K .......... .......... .......... .......... .......... 63% 5.67M 2s
 10000K .......... .......... .......... .......... .......... 64% 3.88M 2s
 10050K .......... .......... .......... .......... .......... 64% 2.27M 2s
 10100K .......... .......... .......... .......... .......... 64% 6.78M 2s
 10150K .......... .......... .......... .......... .......... 65% 5.01M 2s
 10200K .......... .......... .......... .......... .......... 65% 9.37M 2s
 10250K .......... .......... .......... .......... .......... 65% 1.56M 2s
 10300K .......... .......... .......... .......... .......... 66% 14.1M 2s
 10350K .......... .......... .......... .......... .......... 66% 4.72M 2s
 10400K .......... .......... .......... .......... .......... 66% 4.30M 1s
 10450K .......... .......... .......... .......... .......... 67% 6.27M 1s
 10500K .......... .......... .......... .......... .......... 67% 1.57M 1s
 10550K .......... .......... .......... .......... .......... 67% 7.56M 1s
 10600K .......... .......... .......... .......... .......... 68% 1.83M 1s
 10650K .......... .......... .......... .......... .......... 68% 3.56M 1s
 10700K .......... .......... .......... .......... .......... 68% 3.80M 1s
 10750K .......... .......... .......... .......... .......... 69% 5.05M 1s
 10800K .......... .......... .......... .......... .......... 69% 2.17M 1s
 10850K .......... .......... .......... .......... .......... 69% 23.6M 1s
 10900K .......... .......... .......... .......... .......... 70% 4.28M 1s
 10950K .......... .......... .......... .......... .......... 70% 6.31M 1s
 11000K .......... .......... .......... .......... .......... 70% 1.70M 1s
 11050K .......... .......... .......... .......... .......... 71% 4.63M 1s
 11100K .......... .......... .......... .......... .......... 71% 5.79M 1s
 11150K .......... .......... .......... .......... .......... 71% 6.93M 1s
 11200K .......... .......... .......... .......... .......... 71% 2.96M 1s
 11250K .......... .......... .......... .......... .......... 72% 10.6M 1s
 11300K .......... .......... .......... .......... .......... 72% 8.36M 1s
 11350K .......... .......... .......... .......... .......... 72% 3.59M 1s
 11400K .......... .......... .......... .......... .......... 73% 7.43M 1s
 11450K .......... .......... .......... .......... .......... 73% 1.22M 1s
 11500K .......... .......... .......... .......... .......... 73% 2.05M 1s
 11550K .......... .......... .......... .......... .......... 74% 4.33M 1s
 11600K .......... .......... .......... .......... .......... 74% 2.03M 1s
 11650K .......... .......... .......... .......... .......... 74% 1.71M 1s
 11700K .......... .......... .......... .......... .......... 75% 4.53M 1s
 11750K .......... .......... .......... .......... .......... 75% 7.61M 1s
 11800K .......... .......... .......... .......... .......... 75% 1.80M 1s
 11850K .......... .......... .......... .......... .......... 76% 3.14M 1s
 11900K .......... .......... .......... .......... .......... 76% 10.4M 1s
 11950K .......... .......... .......... .......... .......... 76% 4.51M 1s
 12000K .......... .......... .......... .......... .......... 77% 1.50M 1s
 12050K .......... .......... .......... .......... .......... 77% 3.56M 1s
 12100K .......... .......... .......... .......... .......... 77% 7.20M 1s
 12150K .......... .......... .......... .......... .......... 78% 2.00M 1s
 12200K .......... .......... .......... .......... .......... 78% 3.68M 1s
 12250K .......... .......... .......... .......... .......... 78% 6.47M 1s
 12300K .......... .......... .......... .......... .......... 79% 8.74M 1s
 12350K .......... .......... .......... .......... .......... 79% 1.75M 1s
 12400K .......... .......... .......... .......... .......... 79% 5.65M 1s
 12450K .......... .......... .......... .......... .......... 79% 2.00M 1s
 12500K .......... .......... .......... .......... .......... 80% 4.13M 1s
 12550K .......... .......... .......... .......... .......... 80% 5.98M 1s
 12600K .......... .......... .......... .......... .......... 80% 8.23M 1s
 12650K .......... .......... .......... .......... .......... 81% 5.12M 1s
 12700K .......... .......... .......... .......... .......... 81%  665K 1s
 12750K .......... .......... .......... .......... .......... 81%  117M 1s
 12800K .......... .......... .......... .......... .......... 82%  121M 1s
 12850K .......... .......... .......... .......... .......... 82%  900K 1s
 12900K .......... .......... .......... .......... .......... 82% 13.3M 1s
 12950K .......... .......... .......... .......... .......... 83% 2.34M 1s
 13000K .......... .......... .......... .......... .......... 83% 2.92M 1s
 13050K .......... .......... .......... .......... .......... 83% 4.78M 1s
 13100K .......... .......... .......... .......... .......... 84% 3.25M 1s
 13150K .......... .......... .......... .......... .......... 84% 8.33M 1s
 13200K .......... .......... .......... .......... .......... 84% 1020K 1s
 13250K .......... .......... .......... .......... .......... 85% 8.31M 1s
 13300K .......... .......... .......... .......... .......... 85% 17.3M 1s
 13350K .......... .......... .......... .......... .......... 85% 2.12M 1s
 13400K .......... .......... .......... .......... .......... 86% 4.24M 1s
 13450K .......... .......... .......... .......... .......... 86% 2.93M 1s
 13500K .......... .......... .......... .......... .......... 86% 1.75M 1s
 13550K .......... .......... .......... .......... .......... 87% 2.87M 1s
 13600K .......... .......... .......... .......... .......... 87% 2.88M 1s
 13650K .......... .......... .......... .......... .......... 87% 2.65M 1s
 13700K .......... .......... .......... .......... .......... 87% 2.79M 1s
 13750K .......... .......... .......... .......... .......... 88% 1.45M 1s
 13800K .......... .......... .......... .......... .......... 88% 21.1M 1s
 13850K .......... .......... .......... .......... .......... 88% 1.28M 1s
 13900K .......... .......... .......... .......... .......... 89% 3.32M 0s
 13950K .......... .......... .......... .......... .......... 89% 3.62M 0s
 14000K .......... .......... .......... .......... .......... 89% 1.33M 0s
 14050K .......... .......... .......... .......... .......... 90% 1.90M 0s
 14100K .......... .......... .......... .......... .......... 90% 3.23M 0s
 14150K .......... .......... .......... .......... .......... 90%  339K 0s
 14200K .......... .......... .......... .......... .......... 91%  135M 0s
 14250K .......... .......... .......... .......... .......... 91% 3.53M 0s
 14300K .......... .......... .......... .......... .......... 91% 1.70M 0s
 14350K .......... .......... .......... .......... .......... 92% 2.23M 0s
 14400K .......... .......... .......... .......... .......... 92% 1.98M 0s
 14450K .......... .......... .......... .......... .......... 92%  821K 0s
 14500K .......... .......... .......... .......... .......... 93% 4.41M 0s
 14550K .......... .......... .......... .......... .......... 93% 2.22M 0s
 14600K .......... .......... .......... .......... .......... 93% 1.42M 0s
 14650K .......... .......... .......... .......... .......... 94% 2.02M 0s
 14700K .......... .......... .......... .......... .......... 94% 1.25M 0s
 14750K .......... .......... .......... .......... .......... 94% 1.38M 0s
 14800K .......... .......... .......... .......... .......... 95% 1.71M 0s
 14850K .......... .......... .......... .......... .......... 95% 2.53M 0s
 14900K .......... .......... .......... .......... .......... 95% 3.50M 0s
 14950K .......... .......... .......... .......... .......... 95% 3.21M 0s
 15000K .......... .......... .......... .......... .......... 96% 1.57M 0s
 15050K .......... .......... .......... .......... .......... 96% 1.77M 0s
 15100K .......... .......... .......... .......... .......... 96% 2.45M 0s
 15150K .......... .......... .......... .......... .......... 97% 3.40M 0s
 15200K .......... .......... .......... .......... .......... 97% 1.23M 0s
 15250K .......... .......... .......... .......... .......... 97% 2.46M 0s
 15300K .......... .......... .......... .......... .......... 98% 2.45M 0s
 15350K .......... .......... .......... .......... .......... 98% 3.79M 0s
 15400K .......... .......... .......... .......... .......... 98% 3.42M 0s
 15450K .......... .......... .......... .......... .......... 99%  961K 0s
 15500K .......... .......... .......... .......... .......... 99% 3.48M 0s
 15550K .......... .......... .......... .......... .......... 99% 1.41M 0s
 15600K .......... .......... .....                           100% 22.2M=5.1s

2026-03-03 18:01:24 (3.00 MB/s) - ‘/home/essivekkeli/multi_robot_slam_ws/build/multirobot_map_merge/2011-08-09-12-22-52.pgm’ saved [16000058/16000058]

--2026-03-03 18:01:24--  https://raw.githubusercontent.com/hrnr/m-explore-extra/master/map_merge/gmapping_maps/2012-01-28-11-12-01.pgm
Resolving raw.githubusercontent.com (raw.githubusercontent.com)... 185.199.108.133, 185.199.110.133, 185.199.111.133, ...
Connecting to raw.githubusercontent.com (raw.githubusercontent.com)|185.199.108.133|:443... connected.
HTTP request sent, awaiting response... 200 OK
Length: 16000058 (15M) [application/octet-stream]
Saving to: ‘/home/essivekkeli/multi_robot_slam_ws/build/multirobot_map_merge/2012-01-28-11-12-01.pgm’

     0K .......... .......... .......... .......... ..........  0% 2.48M 6s
    50K .......... .......... .......... .......... ..........  0% 2.82M 6s
   100K .......... .......... .......... .......... ..........  0% 5.34M 5s
   150K .......... .......... .......... .......... ..........  1% 5.89M 4s
   200K .......... .......... .......... .......... ..........  1% 4.06M 4s
   250K .......... .......... .......... .......... ..........  1% 13.8M 4s
   300K .......... .......... .......... .......... ..........  2% 13.5M 3s
   350K .......... .......... .......... .......... ..........  2% 1.74M 4s
   400K .......... .......... .......... .......... ..........  2% 9.84M 4s
   450K .......... .......... .......... .......... ..........  3% 5.12M 4s
   500K .......... .......... .......... .......... ..........  3% 20.9M 3s
   550K .......... .......... .......... .......... ..........  3% 13.0M 3s
   600K .......... .......... .......... .......... ..........  4% 13.8M 3s
   650K .......... .......... .......... .......... ..........  4% 2.25M 3s
   700K .......... .......... .......... .......... ..........  4% 9.38M 3s
   750K .......... .......... .......... .......... ..........  5% 12.8M 3s
   800K .......... .......... .......... .......... ..........  5% 10.2M 3s
   850K .......... .......... .......... .......... ..........  5% 5.30M 3s
   900K .......... .......... .......... .......... ..........  6% 22.2M 3s
   950K .......... .......... .......... .......... ..........  6% 8.90M 3s
  1000K .......... .......... .......... .......... ..........  6% 10.7M 3s
  1050K .......... .......... .......... .......... ..........  7% 2.10M 3s
  1100K .......... .......... .......... .......... ..........  7% 19.3M 3s
  1150K .......... .......... .......... .......... ..........  7% 6.77M 3s
  1200K .......... .......... .......... .......... ..........  7% 6.24M 3s
  1250K .......... .......... .......... .......... ..........  8% 12.3M 3s
  1300K .......... .......... .......... .......... ..........  8% 12.6M 2s
  1350K .......... .......... .......... .......... ..........  8% 12.9M 2s
  1400K .......... .......... .......... .......... ..........  9% 1.80M 3s
  1450K .......... .......... .......... .......... ..........  9%  155M 2s
  1500K .......... .......... .......... .......... ..........  9%  195M 2s
  1550K .......... .......... .......... .......... .......... 10%  196M 2s
  1600K .......... .......... .......... .......... .......... 10%  147M 2s
  1650K .......... .......... .......... .......... .......... 10% 7.05M 2s
  1700K .......... .......... .......... .......... .......... 11% 8.63M 2s
  1750K .......... .......... .......... .......... .......... 11% 8.96M 2s
  1800K .......... .......... .......... .......... .......... 11% 13.8M 2s
  1850K .......... .......... .......... .......... .......... 12% 2.76M 2s
  1900K .......... .......... .......... .......... .......... 12% 3.75M 2s
  1950K .......... .......... .......... .......... .......... 12% 22.6M 2s
  2000K .......... .......... .......... .......... .......... 13% 9.70M 2s
  2050K .......... .......... .......... .......... .......... 13% 12.6M 2s
  2100K .......... .......... .......... .......... .......... 13% 10.3M 2s
  2150K .......... .......... .......... .......... .......... 14% 2.27M 2s
  2200K .......... .......... .......... .......... .......... 14% 8.56M 2s
  2250K .......... .......... .......... .......... .......... 14% 12.4M 2s
  2300K .......... .......... .......... .......... .......... 15% 11.7M 2s
  2350K .......... .......... .......... .......... .......... 15% 6.06M 2s
  2400K .......... .......... .......... .......... .......... 15% 12.7M 2s
  2450K .......... .......... .......... .......... .......... 15% 14.2M 2s
  2500K .......... .......... .......... .......... .......... 16% 17.8M 2s
  2550K .......... .......... .......... .......... .......... 16% 1.85M 2s
  2600K .......... .......... .......... .......... .......... 16% 6.62M 2s
  2650K .......... .......... .......... .......... .......... 17% 6.88M 2s
  2700K .......... .......... .......... .......... .......... 17% 16.7M 2s
  2750K .......... .......... .......... .......... .......... 17% 13.3M 2s
  2800K .......... .......... .......... .......... .......... 18% 7.47M 2s
  2850K .......... .......... .......... .......... .......... 18% 2.22M 2s
  2900K .......... .......... .......... .......... .......... 18% 13.5M 2s
  2950K .......... .......... .......... .......... .......... 19% 11.9M 2s
  3000K .......... .......... .......... .......... .......... 19% 3.65M 2s
  3050K .......... .......... .......... .......... .......... 19% 17.5M 2s
  3100K .......... .......... .......... .......... .......... 20% 11.6M 2s
  3150K .......... .......... .......... .......... .......... 20% 13.5M 2s
  3200K .......... .......... .......... .......... .......... 20% 3.02M 2s
  3250K .......... .......... .......... .......... .......... 21% 2.19M 2s
  3300K .......... .......... .......... .......... .......... 21% 7.36M 2s
  3350K .......... .......... .......... .......... .......... 21% 7.38M 2s
  3400K .......... .......... .......... .......... .......... 22% 9.36M 2s
  3450K .......... .......... .......... .......... .......... 22% 6.45M 2s
  3500K .......... .......... .......... .......... .......... 22% 12.0M 2s
  3550K .......... .......... .......... .......... .......... 23% 15.1M 2s
  3600K .......... .......... .......... .......... .......... 23% 12.0M 2s
  3650K .......... .......... .......... .......... .......... 23% 3.79M 2s
  3700K .......... .......... .......... .......... .......... 23% 21.4M 2s
  3750K .......... .......... .......... .......... .......... 24% 12.2M 2s
  3800K .......... .......... .......... .......... .......... 24% 8.47M 2s
  3850K .......... .......... .......... .......... .......... 24% 4.82M 2s
  3900K .......... .......... .......... .......... .......... 25% 1.96M 2s
  3950K .......... .......... .......... .......... .......... 25% 8.98M 2s
  4000K .......... .......... .......... .......... .......... 25% 5.02M 2s
  4050K .......... .......... .......... .......... .......... 26% 9.11M 2s
  4100K .......... .......... .......... .......... .......... 26% 10.6M 2s
  4150K .......... .......... .......... .......... .......... 26% 6.38M 2s
  4200K .......... .......... .......... .......... .......... 27% 14.4M 2s
  4250K .......... .......... .......... .......... .......... 27% 14.8M 2s
  4300K .......... .......... .......... .......... .......... 27% 9.85M 2s
  4350K .......... .......... .......... .......... .......... 28% 9.69M 2s
  4400K .......... .......... .......... .......... .......... 28% 5.93M 2s
  4450K .......... .......... .......... .......... .......... 28% 11.3M 2s
  4500K .......... .......... .......... .......... .......... 29% 2.44M 2s
  4550K .......... .......... .......... .......... .......... 29% 6.88M 2s
  4600K .......... .......... .......... .......... .......... 29% 20.6M 2s
  4650K .......... .......... .......... .......... .......... 30% 7.00M 2s
  4700K .......... .......... .......... .......... .......... 30% 1.78M 2s
  4750K .......... .......... .......... .......... .......... 30% 5.41M 2s
  4800K .......... .......... .......... .......... .......... 31% 5.48M 2s
  4850K .......... .......... .......... .......... .......... 31% 5.59M 2s
  4900K .......... .......... .......... .......... .......... 31% 12.5M 2s
  4950K .......... .......... .......... .......... .......... 31% 17.2M 2s
  5000K .......... .......... .......... .......... .......... 32% 7.75M 2s
  5050K .......... .......... .......... .......... .......... 32% 7.75M 2s
  5100K .......... .......... .......... .......... .......... 32% 2.16M 2s
  5150K .......... .......... .......... .......... .......... 33% 6.55M 2s
  5200K .......... .......... .......... .......... .......... 33% 11.8M 2s
  5250K .......... .......... .......... .......... .......... 33% 11.5M 2s
  5300K .......... .......... .......... .......... .......... 34% 17.8M 2s
  5350K .......... .......... .......... .......... .......... 34% 13.0M 2s
  5400K .......... .......... .......... .......... .......... 34% 2.31M 2s
  5450K .......... .......... .......... .......... .......... 35% 6.04M 2s
  5500K .......... .......... .......... .......... .......... 35% 10.8M 2s
  5550K .......... .......... .......... .......... .......... 35% 4.47M 2s
  5600K .......... .......... .......... .......... .......... 36% 11.8M 2s
  5650K .......... .......... .......... .......... .......... 36% 13.9M 2s
  5700K .......... .......... .......... .......... .......... 36% 6.14M 2s
  5750K .......... .......... .......... .......... .......... 37% 3.38M 2s
  5800K .......... .......... .......... .......... .......... 37% 1.32M 2s
  5850K .......... .......... .......... .......... .......... 37% 5.62M 2s
  5900K .......... .......... .......... .......... .......... 38% 6.96M 2s
  5950K .......... .......... .......... .......... .......... 38% 9.49M 2s
  6000K .......... .......... .......... .......... .......... 38% 3.27M 2s
  6050K .......... .......... .......... .......... .......... 39% 9.70M 2s
  6100K .......... .......... .......... .......... .......... 39% 23.4M 2s
  6150K .......... .......... .......... .......... .......... 39% 9.31M 2s
  6200K .......... .......... .......... .......... .......... 39% 2.64M 2s
  6250K .......... .......... .......... .......... .......... 40% 13.1M 2s
  6300K .......... .......... .......... .......... .......... 40% 7.72M 2s
  6350K .......... .......... .......... .......... .......... 40% 2.01M 2s
  6400K .......... .......... .......... .......... .......... 41% 4.26M 2s
  6450K .......... .......... .......... .......... .......... 41% 14.8M 2s
  6500K .......... .......... .......... .......... .......... 41% 10.4M 1s
  6550K .......... .......... .......... .......... .......... 42% 9.28M 1s
  6600K .......... .......... .......... .......... .......... 42% 6.60M 1s
  6650K .......... .......... .......... .......... .......... 42% 11.4M 1s
  6700K .......... .......... .......... .......... .......... 43% 15.7M 1s
  6750K .......... .......... .......... .......... .......... 43% 8.24M 1s
  6800K .......... .......... .......... .......... .......... 43% 2.49M 1s
  6850K .......... .......... .......... .......... .......... 44% 14.3M 1s
  6900K .......... .......... .......... .......... .......... 44% 9.27M 1s
  6950K .......... .......... .......... .......... .......... 44% 8.14M 1s
  7000K .......... .......... .......... .......... .......... 45% 8.45M 1s
  7050K .......... .......... .......... .......... .......... 45% 10.5M 1s
  7100K .......... .......... .......... .......... .......... 45% 8.26M 1s
  7150K .......... .......... .......... .......... .......... 46% 12.1M 1s
  7200K .......... .......... .......... .......... .......... 46% 8.16M 1s
  7250K .......... .......... .......... .......... .......... 46% 4.21M 1s
  7300K .......... .......... .......... .......... .......... 47% 9.90M 1s
  7350K .......... .......... .......... .......... .......... 47% 23.9M 1s
  7400K .......... .......... .......... .......... .......... 47% 9.65M 1s
  7450K .......... .......... .......... .......... .......... 47% 6.22M 1s
  7500K .......... .......... .......... .......... .......... 48% 19.7M 1s
  7550K .......... .......... .......... .......... .......... 48% 11.2M 1s
  7600K .......... .......... .......... .......... .......... 48% 3.22M 1s
  7650K .......... .......... .......... .......... .......... 49% 1.74M 1s
  7700K .......... .......... .......... .......... .......... 49% 9.55M 1s
  7750K .......... .......... .......... .......... .......... 49% 20.6M 1s
  7800K .......... .......... .......... .......... .......... 50% 14.6M 1s
  7850K .......... .......... .......... .......... .......... 50%  659K 1s
  7900K .......... .......... .......... .......... .......... 50%  664K 1s
  7950K .......... .......... .......... .......... .......... 51% 84.7M 1s
  8000K .......... .......... .......... .......... .......... 51%  119M 1s
  8050K .......... .......... .......... .......... .......... 51% 1.27M 1s
  8100K .......... .......... .......... .......... .......... 52% 13.5M 1s
  8150K .......... .......... .......... .......... .......... 52% 4.43M 1s
  8200K .......... .......... .......... .......... .......... 52% 4.20M 1s
  8250K .......... .......... .......... .......... .......... 53%  498K 1s
  8300K .......... .......... .......... .......... .......... 53%  129M 1s
  8350K .......... .......... .......... .......... .......... 53%  186M 1s
  8400K .......... .......... .......... .......... .......... 54%  142M 1s
  8450K .......... .......... .......... .......... .......... 54% 5.37M 1s
  8500K .......... .......... .......... .......... .......... 54% 7.88M 1s
  8550K .......... .......... .......... .......... .......... 55% 4.53M 1s
  8600K .......... .......... .......... .......... .......... 55% 1.18M 1s
  8650K .......... .......... .......... .......... .......... 55% 1.50M 1s
  8700K .......... .......... .......... .......... .......... 55% 1019K 1s
  8750K .......... .......... .......... .......... .......... 56% 2.50M 1s
  8800K .......... .......... .......... .......... .......... 56% 2.90M 1s
  8850K .......... .......... .......... .......... .......... 56% 5.59M 1s
  8900K .......... .......... .......... .......... .......... 57% 1.14M 1s
  8950K .......... .......... .......... .......... .......... 57% 8.62M 1s
  9000K .......... .......... .......... .......... .......... 57% 3.88M 1s
  9050K .......... .......... .......... .......... .......... 58%  572K 1s
  9100K .......... .......... .......... .......... .......... 58% 21.1M 1s
  9150K .......... .......... .......... .......... .......... 58% 1.72M 1s
  9200K .......... .......... .......... .......... .......... 59% 1.52M 1s
  9250K .......... .......... .......... .......... .......... 59% 11.0M 1s
  9300K .......... .......... .......... .......... .......... 59% 5.29M 1s
  9350K .......... .......... .......... .......... .......... 60% 2.40M 1s
  9400K .......... .......... .......... .......... .......... 60%  593K 1s
  9450K .......... .......... .......... .......... .......... 60% 2.86M 1s
  9500K .......... .......... .......... .......... .......... 61%  146K 2s
  9550K .......... .......... .......... .......... .......... 61%  158M 2s
  9600K .......... .......... .......... .......... .......... 61%  129M 2s
  9650K .......... .......... .......... .......... .......... 62% 3.47M 2s
  9700K .......... .......... .......... .......... .......... 62% 2.68M 2s
  9750K .......... .......... .......... .......... .......... 62% 9.70M 1s
  9800K .......... .......... .......... .......... .......... 63% 1.34M 1s
  9850K .......... .......... .......... .......... .......... 63% 1.89M 1s
  9900K .......... .......... .......... .......... .......... 63% 9.37M 1s
  9950K .......... .......... .......... .......... .......... 63% 1.90M 1s
 10000K .......... .......... .......... .......... .......... 64% 1.97M 1s
 10050K .......... .......... .......... .......... .......... 64% 4.72M 1s
 10100K .......... .......... .......... .......... .......... 64% 5.22M 1s
 10150K .......... .......... .......... .......... .......... 65%  641K 1s
 10200K .......... .......... .......... .......... .......... 65% 6.80M 1s
 10250K .......... .......... .......... .......... .......... 65% 3.66M 1s
 10300K .......... .......... .......... .......... .......... 66% 1.13M 1s
 10350K .......... .......... .......... .......... .......... 66% 1.67M 1s
 10400K .......... .......... .......... .......... .......... 66% 1.93M 1s
 10450K .......... .......... .......... .......... .......... 67% 14.0M 1s
 10500K .......... .......... .......... .......... .......... 67%  824K 1s
 10550K .......... .......... .......... .......... .......... 67% 3.25M 1s
 10600K .......... .......... .......... .......... .......... 68% 3.29M 1s
 10650K .......... .......... .......... .......... .......... 68% 2.62M 1s
 10700K .......... .......... .......... .......... .......... 68% 1.18M 1s
 10750K .......... .......... .......... .......... .......... 69% 2.54M 1s
 10800K .......... .......... .......... .......... .......... 69% 1.38M 1s
 10850K .......... .......... .......... .......... .......... 69%  657K 1s
 10900K .......... .......... .......... .......... .......... 70% 1.44M 1s
 10950K .......... .......... .......... .......... .......... 70%  913K 1s
 11000K .......... .......... .......... .......... .......... 70%  108M 1s
 11050K .......... .......... .......... .......... .......... 71% 10.3M 1s
 11100K .......... .......... .......... .......... .......... 71% 3.08M 1s
 11150K .......... .......... .......... .......... .......... 71% 3.62M 1s
 11200K .......... .......... .......... .......... .......... 71% 5.51M 1s
 11250K .......... .......... .......... .......... .......... 72% 1.61M 1s
 11300K .......... .......... .......... .......... .......... 72% 2.92M 1s
 11350K .......... .......... .......... .......... .......... 72% 4.51M 1s
 11400K .......... .......... .......... .......... .......... 73% 3.59M 1s
 11450K .......... .......... .......... .......... .......... 73% 5.69M 1s
 11500K .......... .......... .......... .......... .......... 73% 3.58M 1s
 11550K .......... .......... .......... .......... .......... 74% 12.7M 1s
 11600K .......... .......... .......... .......... .......... 74% 1.18M 1s
 11650K .......... .......... .......... .......... .......... 74% 3.91M 1s
 11700K .......... .......... .......... .......... .......... 75% 4.21M 1s
 11750K .......... .......... .......... .......... .......... 75% 2.20M 1s
 11800K .......... .......... .......... .......... .......... 75% 4.45M 1s
 11850K .......... .......... .......... .......... .......... 76% 6.39M 1s
 11900K .......... .......... .......... .......... .......... 76% 6.13M 1s
 11950K .......... .......... .......... .......... .......... 76% 1.63M 1s
 12000K .......... .......... .......... .......... .......... 77% 5.11M 1s
 12050K .......... .......... .......... .......... .......... 77% 1.29M 1s
 12100K .......... .......... .......... .......... .......... 77% 3.49M 1s
 12150K .......... .......... .......... .......... .......... 78% 6.44M 1s
 12200K .......... .......... .......... .......... .......... 78% 2.44M 1s
 12250K .......... .......... .......... .......... .......... 78% 6.75M 1s
 12300K .......... .......... .......... .......... .......... 79% 2.90M 1s
 12350K .......... .......... .......... .......... .......... 79% 5.16M 1s
 12400K .......... .......... .......... .......... .......... 79% 2.63M 1s
 12450K .......... .......... .......... .......... .......... 79% 6.11M 1s
 12500K .......... .......... .......... .......... .......... 80% 5.43M 1s
 12550K .......... .......... .......... .......... .......... 80% 6.25M 1s
 12600K .......... .......... .......... .......... .......... 80% 5.88M 1s
 12650K .......... .......... .......... .......... .......... 81% 2.39M 1s
 12700K .......... .......... .......... .......... .......... 81% 2.46M 1s
 12750K .......... .......... .......... .......... .......... 81% 4.12M 1s
 12800K .......... .......... .......... .......... .......... 82% 3.54M 1s
 12850K .......... .......... .......... .......... .......... 82% 6.86M 1s
 12900K .......... .......... .......... .......... .......... 82% 2.35M 1s
 12950K .......... .......... .......... .......... .......... 83% 5.82M 1s
 13000K .......... .......... .......... .......... .......... 83% 3.39M 1s
 13050K .......... .......... .......... .......... .......... 83% 2.32M 1s
 13100K .......... .......... .......... .......... .......... 84% 5.06M 1s
 13150K .......... .......... .......... .......... .......... 84% 5.18M 1s
 13200K .......... .......... .......... .......... .......... 84% 3.00M 1s
 13250K .......... .......... .......... .......... .......... 85% 7.26M 1s
 13300K .......... .......... .......... .......... .......... 85% 4.51M 1s
 13350K .......... .......... .......... .......... .......... 85% 9.50M 1s
 13400K .......... .......... .......... .......... .......... 86% 1.96M 1s
 13450K .......... .......... .......... .......... .......... 86% 6.78M 1s
 13500K .......... .......... .......... .......... .......... 86% 4.06M 1s
 13550K .......... .......... .......... .......... .......... 87% 5.08M 1s
 13600K .......... .......... .......... .......... .......... 87% 4.12M 1s
 13650K .......... .......... .......... .......... .......... 87% 3.33M 1s
 13700K .......... .......... .......... .......... .......... 87% 10.8M 1s
 13750K .......... .......... .......... .......... .......... 88% 6.32M 1s
 13800K .......... .......... .......... .......... .......... 88% 4.09M 1s
 13850K .......... .......... .......... .......... .......... 88%  690K 1s
 13900K .......... .......... .......... .......... .......... 89%  133M 0s
 13950K .......... .......... .......... .......... .......... 89% 59.9M 0s
 14000K .......... .......... .......... .......... .......... 89% 1.92M 0s
 14050K .......... .......... .......... .......... .......... 90% 3.49M 0s
 14100K .......... .......... .......... .......... .......... 90%  865K 0s
 14150K .......... .......... .......... .......... .......... 90% 9.39M 0s
 14200K .......... .......... .......... .......... .......... 91% 2.41M 0s
 14250K .......... .......... .......... .......... .......... 91% 5.51M 0s
 14300K .......... .......... .......... .......... .......... 91%  986K 0s
 14350K .......... .......... .......... .......... .......... 92% 2.97M 0s
 14400K .......... .......... .......... .......... .......... 92% 3.59M 0s
 14450K .......... .......... .......... .......... .......... 92% 3.02M 0s
 14500K .......... .......... .......... .......... .......... 93% 4.24M 0s
 14550K .......... .......... .......... .......... .......... 93% 2.45M 0s
 14600K .......... .......... .......... .......... .......... 93% 5.27M 0s
 14650K .......... .......... .......... .......... .......... 94% 2.55M 0s
 14700K .......... .......... .......... .......... .......... 94% 8.11M 0s
 14750K .......... .......... .......... .......... .......... 94% 2.92M 0s
 14800K .......... .......... .......... .......... .......... 95% 4.01M 0s
 14850K .......... .......... .......... .......... .......... 95% 4.37M 0s
 14900K .......... .......... .......... .......... .......... 95%  601K 0s
 14950K .......... .......... .......... .......... .......... 95% 1.76M 0s
 15000K .......... .......... .......... .......... .......... 96% 2.71M 0s
 15050K .......... .......... .......... .......... .......... 96% 2.64M 0s
 15100K .......... .......... .......... .......... .......... 96% 4.45M 0s
 15150K .......... .......... .......... .......... .......... 97% 4.54M 0s
 15200K .......... .......... .......... .......... .......... 97% 3.09M 0s
 15250K .......... .......... .......... .......... .......... 97% 3.68M 0s
 15300K .......... .......... .......... .......... .......... 98% 7.55M 0s
 15350K .......... .......... .......... .......... .......... 98% 1.62M 0s
 15400K .......... .......... .......... .......... .......... 98% 14.7M 0s
 15450K .......... .......... .......... .......... .......... 99% 2.50M 0s
 15500K .......... .......... .......... .......... .......... 99% 4.97M 0s
 15550K .......... .......... .......... .......... .......... 99% 3.39M 0s
 15600K .......... .......... .....                           100% 7.13M=4.7s

2026-03-03 18:01:29 (3.28 MB/s) - ‘/home/essivekkeli/multi_robot_slam_ws/build/multirobot_map_merge/2012-01-28-11-12-01.pgm’ saved [16000058/16000058]

