[0.301s] Invoking command in '/home/essivekkeli/multi_robot_slam_ws/build/multirobot_map_merge': CMAKE_PREFIX_PATH=${CMAKE_PREFIX_PATH}:/home/essivekkeli/multi_robot_slam_ws/install/multi_robot_slam_py:/opt/ros/jazzy DEBUGINFOD_URLS=https://debuginfod.ubuntu.com /usr/bin/cmake /home/essivekkeli/multi_robot_slam_ws/src/m-explore-ros2/m-explore-ros2-main/map_merge -DCMAKE_INSTALL_PREFIX=/home/essivekkeli/multi_robot_slam_ws/install/multirobot_map_merge
[0.373s] -- The C compiler identification is GNU 13.3.0
[0.464s] -- The CXX compiler identification is GNU 13.3.0
[0.485s] -- Detecting C compiler ABI info
[0.608s] -- Detecting C compiler ABI info - done
[0.626s] -- Check for working C compiler: /usr/bin/cc - skipped
[0.626s] -- Detecting C compile features
[0.626s] -- Detecting C compile features - done
[0.639s] -- Detecting CXX compiler ABI info
[0.760s] -- Detecting CXX compiler ABI info - done
[0.781s] -- Check for working CXX compiler: /usr/bin/c++ - skipped
[0.782s] -- Detecting CXX compile features
[0.783s] -- Detecting CXX compile features - done
[0.791s] -- Found ament_cmake: 2.5.4 (/opt/ros/jazzy/share/ament_cmake/cmake)
[1.010s] -- Found Python3: /usr/bin/python3 (found version "3.12.3") found components: Interpreter 
[1.169s] -- Found rclcpp: 28.1.13 (/opt/ros/jazzy/share/rclcpp/cmake)
[1.249s] -- Found rosidl_generator_c: 4.6.6 (/opt/ros/jazzy/share/rosidl_generator_c/cmake)
[1.276s] -- Found rosidl_generator_cpp: 4.6.6 (/opt/ros/jazzy/share/rosidl_generator_cpp/cmake)
[1.306s] -- Using all available rosidl_typesupport_c: rosidl_typesupport_fastrtps_c;rosidl_typesupport_introspection_c
[1.347s] -- Using all available rosidl_typesupport_cpp: rosidl_typesupport_fastrtps_cpp;rosidl_typesupport_introspection_cpp
[1.469s] -- Found rmw_implementation_cmake: 7.3.2 (/opt/ros/jazzy/share/rmw_implementation_cmake/cmake)
[1.473s] -- Found rmw_fastrtps_cpp: 8.4.3 (/opt/ros/jazzy/share/rmw_fastrtps_cpp/cmake)
[1.599s] -- Found OpenSSL: /usr/lib/x86_64-linux-gnu/libcrypto.so (found version "3.0.13")  
[1.628s] -- Found FastRTPS: /opt/ros/jazzy/include (Required is at least version "2.13") 
[1.658s] -- Using RMW implementation 'rmw_fastrtps_cpp' as default
[1.771s] -- Found geometry_msgs: 5.3.6 (/opt/ros/jazzy/share/geometry_msgs/cmake)
[1.818s] -- Found image_geometry: 4.1.0 (/opt/ros/jazzy/share/image_geometry/cmake)
[1.872s] -- Found map_msgs: 2.4.1 (/opt/ros/jazzy/share/map_msgs/cmake)
[1.976s] -- Found tf2_geometry_msgs: 0.36.16 (/opt/ros/jazzy/share/tf2_geometry_msgs/cmake)
[2.003s] -- Found eigen3_cmake_module: 0.3.0 (/opt/ros/jazzy/share/eigen3_cmake_module/cmake)
[2.005s] -- Found Eigen3: TRUE (found version "3.4.0") 
[2.005s] -- Ensuring Eigen3 include directory is part of orocos-kdl CMake target
[2.334s] -- Found Boost: /usr/lib/x86_64-linux-gnu/cmake/Boost-1.83.0/BoostConfig.cmake (found version "1.83.0") found components: thread 
[2.346s] -- Found OpenCV: /usr (found version "4.6.0") 
[2.369s] -- Found ament_lint_auto: 0.17.3 (/opt/ros/jazzy/share/ament_lint_auto/cmake)
[2.508s] -- Found ament_cmake_gtest: 2.5.4 (/opt/ros/jazzy/share/ament_cmake_gtest/cmake)
[2.513s] --2026-03-03 18:01:16--  https://raw.githubusercontent.com/hrnr/m-explore-extra/master/map_merge/hector_maps/map00.pgm
[2.577s] Resolving raw.githubusercontent.com (raw.githubusercontent.com)... 185.199.111.133, 185.199.110.133, 185.199.108.133, ...
[2.593s] Connecting to raw.githubusercontent.com (raw.githubusercontent.com)|185.199.111.133|:443... connected.
[2.928s] HTTP request sent, awaiting response... 200 OK
[2.929s] Length: 4194362 (4.0M) [application/octet-stream]
[2.929s] Saving to: ‘/home/essivekkeli/multi_robot_slam_ws/build/multirobot_map_merge/map00.pgm’
[2.929s] 
[2.947s]      0K .......... .......... .......... .......... ..........  1% 2.70M 1s
[2.965s]     50K .......... .......... .......... .......... ..........  2% 2.58M 1s
[2.973s]    100K .......... .......... .......... .......... ..........  3% 6.31M 1s
[2.981s]    150K .......... .......... .......... .......... ..........  4% 5.90M 1s
[2.998s]    200K .......... .......... .......... .......... ..........  6% 3.02M 1s
[2.999s]    250K .......... .......... .......... .......... ..........  7% 39.4M 1s
[3.004s]    300K .......... .......... .......... .......... ..........  8% 10.1M 1s
[3.026s]    350K .......... .......... .......... .......... ..........  9% 2.17M 1s
[3.031s]    400K .......... .......... .......... .......... .......... 10% 9.45M 1s
[3.034s]    450K .......... .......... .......... .......... .......... 12% 18.5M 1s
[3.036s]    500K .......... .......... .......... .......... .......... 13% 30.3M 1s
[3.048s]    550K .......... .......... .......... .......... .......... 14% 4.01M 1s
[3.052s]    600K .......... .......... .......... .......... .......... 15% 13.0M 1s
[3.061s]    650K .......... .......... .......... .......... .......... 17% 5.19M 1s
[3.062s]    700K .......... .......... .......... .......... .......... 18% 36.0M 1s
[3.065s]    750K .......... .......... .......... .......... .......... 19% 17.3M 1s
[3.070s]    800K .......... .......... .......... .......... .......... 20% 11.0M 1s
[3.076s]    850K .......... .......... .......... .......... .......... 21% 7.74M 1s
[3.081s]    900K .......... .......... .......... .......... .......... 23% 8.80M 1s
[3.086s]    950K .......... .......... .......... .......... .......... 24% 11.2M 0s
[3.090s]   1000K .......... .......... .......... .......... .......... 25% 11.1M 0s
[3.096s]   1050K .......... .......... .......... .......... .......... 26% 7.68M 0s
[3.100s]   1100K .......... .......... .......... .......... .......... 28% 13.1M 0s
[3.104s]   1150K .......... .......... .......... .......... .......... 29% 18.1M 0s
[3.108s]   1200K .......... .......... .......... .......... .......... 30% 8.94M 0s
[3.131s]   1250K .......... .......... .......... .......... .......... 31% 2.16M 0s
[3.181s]   1300K .......... .......... .......... .......... .......... 32%  991K 1s
[3.184s]   1350K .......... .......... .......... .......... .......... 34% 17.3M 0s
[3.184s]   1400K .......... .......... .......... .......... .......... 35%  145M 0s
[3.185s]   1450K .......... .......... .......... .......... .......... 36%  170M 0s
[3.185s]   1500K .......... .......... .......... .......... .......... 37%  190M 0s
[3.185s]   1550K .......... .......... .......... .......... .......... 39%  176M 0s
[3.190s]   1600K .......... .......... .......... .......... .......... 40% 9.91M 0s
[3.191s]   1650K .......... .......... .......... .......... .......... 41%  166M 0s
[3.195s]   1700K .......... .......... .......... .......... .......... 42% 12.2M 0s
[3.203s]   1750K .......... .......... .......... .......... .......... 43% 6.16M 0s
[3.234s]   1800K .......... .......... .......... .......... .......... 45% 1.57M 0s
[3.235s]   1850K .......... .......... .......... .......... .......... 46% 32.9M 0s
[3.239s]   1900K .......... .......... .......... .......... .......... 47% 14.7M 0s
[3.244s]   1950K .......... .......... .......... .......... .......... 48% 8.99M 0s
[3.247s]   2000K .......... .......... .......... .......... .......... 50% 18.6M 0s
[3.253s]   2050K .......... .......... .......... .......... .......... 51% 7.50M 0s
[3.256s]   2100K .......... .......... .......... .......... .......... 52% 19.1M 0s
[3.264s]   2150K .......... .......... .......... .......... .......... 53% 6.17M 0s
[3.269s]   2200K .......... .......... .......... .......... .......... 54% 9.32M 0s
[3.273s]   2250K .......... .......... .......... .......... .......... 56% 11.1M 0s
[3.280s]   2300K .......... .......... .......... .......... .......... 57% 7.27M 0s
[3.283s]   2350K .......... .......... .......... .......... .......... 58% 17.0M 0s
[3.288s]   2400K .......... .......... .......... .......... .......... 59% 10.4M 0s
[3.293s]   2450K .......... .......... .......... .......... .......... 61% 8.20M 0s
[3.296s]   2500K .......... .......... .......... .......... .......... 62% 20.6M 0s
[3.303s]   2550K .......... .......... .......... .......... .......... 63% 6.73M 0s
[3.307s]   2600K .......... .......... .......... .......... .......... 64% 11.9M 0s
[3.311s]   2650K .......... .......... .......... .......... .......... 65% 13.7M 0s
[3.313s]   2700K .......... .......... .......... .......... .......... 67% 25.1M 0s
[3.337s]   2750K .......... .......... .......... .......... .......... 68% 2.01M 0s
[3.339s]   2800K .......... .......... .......... .......... .......... 69% 21.6M 0s
[3.357s]   2850K .......... .......... .......... .......... .......... 70% 2.81M 0s
[3.364s]   2900K .......... .......... .......... .......... .......... 72% 7.00M 0s
[3.368s]   2950K .......... .......... .......... .......... .......... 73% 12.1M 0s
[3.374s]   3000K .......... .......... .......... .......... .......... 74% 8.37M 0s
[3.378s]   3050K .......... .......... .......... .......... .......... 75% 11.6M 0s
[3.383s]   3100K .......... .......... .......... .......... .......... 76% 9.02M 0s
[3.387s]   3150K .......... .......... .......... .......... .......... 78% 17.5M 0s
[3.391s]   3200K .......... .......... .......... .......... .......... 79% 8.70M 0s
[3.396s]   3250K .......... .......... .......... .......... .......... 80% 11.3M 0s
[3.402s]   3300K .......... .......... .......... .......... .......... 81% 7.67M 0s
[3.413s]   3350K .......... .......... .......... .......... .......... 83% 4.66M 0s
[3.424s]   3400K .......... .......... .......... .......... .......... 84% 4.38M 0s
[3.440s]   3450K .......... .......... .......... .......... .......... 85% 2.97M 0s
[3.443s]   3500K .......... .......... .......... .......... .......... 86% 16.5M 0s
[3.447s]   3550K .......... .......... .......... .......... .......... 87% 29.8M 0s
[3.448s]   3600K .......... .......... .......... .......... .......... 89% 13.8M 0s
[3.477s]   3650K .......... .......... .......... .......... .......... 90% 1.71M 0s
[3.477s]   3700K .......... .......... .......... .......... .......... 91%  153M 0s
[3.478s]   3750K .......... .......... .......... .......... .......... 92%  250M 0s
[3.478s]   3800K .......... .......... .......... .......... .......... 93%  224M 0s
[3.490s]   3850K .......... .......... .......... .......... .......... 95% 3.96M 0s
[3.495s]   3900K .......... .......... .......... .......... .......... 96% 10.2M 0s
[3.500s]   3950K .......... .......... .......... .......... .......... 97% 9.70M 0s
[3.511s]   4000K .......... .......... .......... .......... .......... 98% 4.44M 0s
[3.512s]   4050K .......... .......... .......... .......... ......    100% 41.8M=0.6s
[3.512s] 
[3.512s] 2026-03-03 18:01:17 (6.86 MB/s) - ‘/home/essivekkeli/multi_robot_slam_ws/build/multirobot_map_merge/map00.pgm’ saved [4194362/4194362]
[3.512s] 
[3.513s] Checking MD5 sum of /home/essivekkeli/multi_robot_slam_ws/build/multirobot_map_merge/map00.pgm
[3.522s] /home/essivekkeli/multi_robot_slam_ws/build/multirobot_map_merge/map00.pgm: OK
[3.528s] --2026-03-03 18:01:17--  https://raw.githubusercontent.com/hrnr/m-explore-extra/master/map_merge/hector_maps/map05.pgm
[3.562s] Resolving raw.githubusercontent.com (raw.githubusercontent.com)... 185.199.108.133, 185.199.109.133, 185.199.110.133, ...
[3.578s] Connecting to raw.githubusercontent.com (raw.githubusercontent.com)|185.199.108.133|:443... connected.
[3.856s] HTTP request sent, awaiting response... 200 OK
[3.857s] Length: 4194362 (4.0M) [application/octet-stream]
[3.857s] Saving to: ‘/home/essivekkeli/multi_robot_slam_ws/build/multirobot_map_merge/map05.pgm’
[3.857s] 
[3.869s]      0K .......... .......... .......... .......... ..........  1% 2.61M 2s
[3.888s]     50K .......... .......... .......... .......... ..........  2% 2.57M 2s
[3.899s]    100K .......... .......... .......... .......... ..........  3% 4.59M 1s
[3.903s]    150K .......... .......... .......... .......... ..........  4% 10.5M 1s
[3.919s]    200K .......... .......... .......... .......... ..........  6% 3.03M 1s
[3.922s]    250K .......... .......... .......... .......... ..........  7% 15.7M 1s
[3.924s]    300K .......... .......... .......... .......... ..........  8% 30.5M 1s
[3.953s]    350K .......... .......... .......... .......... ..........  9% 1.86M 1s
[3.955s]    400K .......... .......... .......... .......... .......... 10% 9.38M 1s
[3.957s]    450K .......... .......... .......... .......... .......... 12% 31.6M 1s
[3.960s]    500K .......... .......... .......... .......... .......... 13% 13.9M 1s
[3.971s]    550K .......... .......... .......... .......... .......... 14% 4.70M 1s
[3.972s]    600K .......... .......... .......... .......... .......... 15% 30.7M 1s
[3.982s]    650K .......... .......... .......... .......... .......... 17% 5.41M 1s
[4.001s]    700K .......... .......... .......... .......... .......... 18% 2.49M 1s
[4.007s]    750K .......... .......... .......... .......... .......... 19% 11.0M 1s
[4.011s]    800K .......... .......... .......... .......... .......... 20% 8.35M 1s
[4.016s]    850K .......... .......... .......... .......... .......... 21% 10.7M 1s
[4.023s]    900K .......... .......... .......... .......... .......... 23% 6.93M 1s
[4.025s]    950K .......... .......... .......... .......... .......... 24% 27.7M 1s
[4.028s]   1000K .......... .......... .......... .......... .......... 25% 13.1M 1s
[4.037s]   1050K .......... .......... .......... .......... .......... 26% 5.56M 1s
[4.053s]   1100K .......... .......... .......... .......... .......... 28% 3.18M 1s
[4.073s]   1150K .......... .......... .......... .......... .......... 29% 3.14M 1s
[4.075s]   1200K .......... .......... .......... .......... .......... 30% 7.67M 1s
[4.083s]   1250K .......... .......... .......... .......... .......... 31% 5.56M 1s
[4.086s]   1300K .......... .......... .......... .......... .......... 32% 18.6M 0s
[4.088s]   1350K .......... .......... .......... .......... .......... 34% 22.8M 0s
[4.092s]   1400K .......... .......... .......... .......... .......... 35% 11.4M 0s
[4.100s]   1450K .......... .......... .......... .......... .......... 36% 6.73M 0s
[4.101s]   1500K .......... .......... .......... .......... .......... 37% 33.3M 0s
[4.106s]   1550K .......... .......... .......... .......... .......... 39% 15.2M 0s
[4.110s]   1600K .......... .......... .......... .......... .......... 40% 8.60M 0s
[4.114s]   1650K .......... .......... .......... .......... .......... 41% 12.6M 0s
[4.120s]   1700K .......... .......... .......... .......... .......... 42% 7.55M 0s
[4.125s]   1750K .......... .......... .......... .......... .......... 43% 9.84M 0s
[4.156s]   1800K .......... .......... .......... .......... .......... 45% 1.58M 0s
[4.160s]   1850K .......... .......... .......... .......... .......... 46% 13.1M 0s
[4.161s]   1900K .......... .......... .......... .......... .......... 47% 35.2M 0s
[4.167s]   1950K .......... .......... .......... .......... .......... 48% 8.49M 0s
[4.177s]   2000K .......... .......... .......... .......... .......... 50% 4.76M 0s
[4.179s]   2050K .......... .......... .......... .......... .......... 51% 34.6M 0s
[4.185s]   2100K .......... .......... .......... .......... .......... 52% 7.46M 0s
[4.188s]   2150K .......... .......... .......... .......... .......... 53% 18.8M 0s
[4.191s]   2200K .......... .......... .......... .......... .......... 54% 19.0M 0s
[4.193s]   2250K .......... .......... .......... .......... .......... 56% 21.5M 0s
[4.211s]   2300K .......... .......... .......... .......... .......... 57% 2.70M 0s
[4.223s]   2350K .......... .......... .......... .......... .......... 58% 3.97M 0s
[4.227s]   2400K .......... .......... .......... .......... .......... 59% 11.2M 0s
[4.230s]   2450K .......... .......... .......... .......... .......... 61% 20.5M 0s
[4.231s]   2500K .......... .......... .......... .......... .......... 62% 36.0M 0s
[4.235s]   2550K .......... .......... .......... .......... .......... 63% 14.3M 0s
[4.270s]   2600K .......... .......... .......... .......... .......... 64% 1.37M 0s
[4.279s]   2650K .......... .......... .......... .......... .......... 65% 5.37M 0s
[4.281s]   2700K .......... .......... .......... .......... .......... 67% 32.7M 0s
[4.290s]   2750K .......... .......... .......... .......... .......... 68% 8.84M 0s
[4.311s]   2800K .......... .......... .......... .......... .......... 69% 1.97M 0s
[4.328s]   2850K .......... .......... .......... .......... .......... 70% 3.02M 0s
[4.367s]   2900K .......... .......... .......... .......... .......... 72% 1.23M 0s
[4.391s]   2950K .......... .......... .......... .......... .......... 73% 2.03M 0s
[4.392s]   3000K .......... .......... .......... .......... .......... 74%  109M 0s
[4.392s]   3050K .......... .......... .......... .......... .......... 75%  186M 0s
[4.410s]   3100K .......... .......... .......... .......... .......... 76% 2.73M 0s
[4.415s]   3150K .......... .......... .......... .......... .......... 78% 11.2M 0s
[4.420s]   3200K .......... .......... .......... .......... .......... 79% 9.19M 0s
[4.424s]   3250K .......... .......... .......... .......... .......... 80% 9.94M 0s
[4.432s]   3300K .......... .......... .......... .......... .......... 81% 6.76M 0s
[4.435s]   3350K .......... .......... .......... .......... .......... 83% 15.0M 0s
[4.439s]   3400K .......... .......... .......... .......... .......... 84% 10.9M 0s
[4.452s]   3450K .......... .......... .......... .......... .......... 85% 3.74M 0s
[4.464s]   3500K .......... .......... .......... .......... .......... 86% 4.12M 0s
[4.472s]   3550K .......... .......... .......... .......... .......... 87% 6.07M 0s
[4.476s]   3600K .......... .......... .......... .......... .......... 89% 13.5M 0s
[4.505s]   3650K .......... .......... .......... .......... .......... 90% 1.68M 0s
[4.505s]   3700K .......... .......... .......... .......... .......... 91%  125M 0s
[4.506s]   3750K .......... .......... .......... .......... .......... 92%  194M 0s
[4.506s]   3800K .......... .......... .......... .......... .......... 93%  179M 0s
[4.506s]   3850K .......... .......... .......... .......... .......... 95%  185M 0s
[4.506s]   3900K .......... .......... .......... .......... .......... 96%  194M 0s
[4.510s]   3950K .......... .......... .......... .......... .......... 97% 25.2M 0s
[4.517s]   4000K .......... .......... .......... .......... .......... 98% 5.90M 0s
[4.520s]   4050K .......... .......... .......... .......... ......    100% 13.7M=0.7s
[4.520s] 
[4.520s] 2026-03-03 18:01:18 (5.97 MB/s) - ‘/home/essivekkeli/multi_robot_slam_ws/build/multirobot_map_merge/map05.pgm’ saved [4194362/4194362]
[4.520s] 
[4.521s] Checking MD5 sum of /home/essivekkeli/multi_robot_slam_ws/build/multirobot_map_merge/map05.pgm
[4.530s] /home/essivekkeli/multi_robot_slam_ws/build/multirobot_map_merge/map05.pgm: OK
[4.536s] --2026-03-03 18:01:18--  https://raw.githubusercontent.com/hrnr/m-explore-extra/master/map_merge/gmapping_maps/2011-08-09-12-22-52.pgm
[4.570s] Resolving raw.githubusercontent.com (raw.githubusercontent.com)... 185.199.110.133, 185.199.108.133, 185.199.111.133, ...
[4.585s] Connecting to raw.githubusercontent.com (raw.githubusercontent.com)|185.199.110.133|:443... connected.
[4.976s] HTTP request sent, awaiting response... 200 OK
[4.977s] Length: 16000058 (15M) [application/octet-stream]
[4.977s] Saving to: ‘/home/essivekkeli/multi_robot_slam_ws/build/multirobot_map_merge/2011-08-09-12-22-52.pgm’
[4.977s] 
[4.998s]      0K .......... .......... .......... .......... ..........  0% 2.29M 7s
[5.022s]     50K .......... .......... .......... .......... ..........  0% 2.07M 7s
[5.026s]    100K .......... .......... .......... .......... ..........  0% 10.2M 5s
[5.046s]    150K .......... .......... .......... .......... ..........  1% 2.44M 5s
[5.050s]    200K .......... .......... .......... .......... ..........  1% 15.0M 4s
[5.052s]    250K .......... .......... .......... .......... ..........  1% 17.8M 4s
[5.079s]    300K .......... .......... .......... .......... ..........  2% 1.84M 4s
[5.082s]    350K .......... .......... .......... .......... ..........  2% 18.0M 4s
[5.105s]    400K .......... .......... .......... .......... ..........  2% 2.09M 4s
[5.107s]    450K .......... .......... .......... .......... ..........  3% 21.9M 4s
[5.110s]    500K .......... .......... .......... .......... ..........  3% 17.0M 4s
[5.126s]    550K .......... .......... .......... .......... ..........  3% 3.02M 4s
[5.216s]    600K .......... .......... .......... .......... ..........  4%  555K 6s
[5.233s]    650K .......... .......... .......... .......... ..........  4% 3.01M 5s
[5.241s]    700K .......... .......... .......... .......... ..........  4% 6.19M 5s
[5.255s]    750K .......... .......... .......... .......... ..........  5% 5.83M 5s
[5.257s]    800K .......... .......... .......... .......... ..........  5% 6.14M 5s
[5.259s]    850K .......... .......... .......... .......... ..........  5% 18.3M 5s
[5.297s]    900K .......... .......... .......... .......... ..........  6% 1.31M 5s
[5.297s]    950K .......... .......... .......... .......... ..........  6%  133M 5s
[5.298s]   1000K .......... .......... .......... .......... ..........  6%  214M 4s
[5.298s]   1050K .......... .......... .......... .......... ..........  7%  195M 4s
[5.298s]   1100K .......... .......... .......... .......... ..........  7%  192M 4s
[5.298s]   1150K .......... .......... .......... .......... ..........  7%  191M 4s
[5.302s]   1200K .......... .......... .......... .......... ..........  7% 13.3M 4s
[5.308s]   1250K .......... .......... .......... .......... ..........  8% 7.43M 4s
[5.317s]   1300K .......... .......... .......... .......... ..........  8% 5.58M 4s
[5.322s]   1350K .......... .......... .......... .......... ..........  8% 11.1M 4s
[5.328s]   1400K .......... .......... .......... .......... ..........  9% 7.79M 3s
[5.330s]   1450K .......... .......... .......... .......... ..........  9% 19.9M 3s
[5.336s]   1500K .......... .......... .......... .......... ..........  9% 9.27M 3s
[5.340s]   1550K .......... .......... .......... .......... .......... 10% 16.9M 3s
[5.351s]   1600K .......... .......... .......... .......... .......... 10% 3.91M 3s
[5.355s]   1650K .......... .......... .......... .......... .......... 10% 10.7M 3s
[5.359s]   1700K .......... .......... .......... .......... .......... 11% 14.1M 3s
[5.368s]   1750K .......... .......... .......... .......... .......... 11% 5.33M 3s
[5.385s]   1800K .......... .......... .......... .......... .......... 11% 2.88M 3s
[5.388s]   1850K .......... .......... .......... .......... .......... 12% 15.8M 3s
[5.390s]   1900K .......... .......... .......... .......... .......... 12% 31.3M 3s
[5.406s]   1950K .......... .......... .......... .......... .......... 12% 3.38M 3s
[5.407s]   2000K .......... .......... .......... .......... .......... 13% 15.4M 3s
[5.430s]   2050K .......... .......... .......... .......... .......... 13% 2.16M 3s
[5.436s]   2100K .......... .......... .......... .......... .......... 13% 8.39M 3s
[5.441s]   2150K .......... .......... .......... .......... .......... 14% 9.72M 3s
[5.446s]   2200K .......... .......... .......... .......... .......... 14% 8.86M 3s
[5.451s]   2250K .......... .......... .......... .......... .......... 14% 9.75M 3s
[5.455s]   2300K .......... .......... .......... .......... .......... 15% 13.8M 3s
[5.460s]   2350K .......... .......... .......... .......... .......... 15% 11.6M 3s
[5.485s]   2400K .......... .......... .......... .......... .......... 15% 1.91M 3s
[5.490s]   2450K .......... .......... .......... .......... .......... 15% 9.66M 3s
[5.492s]   2500K .......... .......... .......... .......... .......... 16% 18.7M 3s
[5.497s]   2550K .......... .......... .......... .......... .......... 16% 9.49M 3s
[5.499s]   2600K .......... .......... .......... .......... .......... 16% 30.3M 3s
[5.508s]   2650K .......... .......... .......... .......... .......... 17% 5.54M 3s
[5.509s]   2700K .......... .......... .......... .......... .......... 17% 37.4M 2s
[5.533s]   2750K .......... .......... .......... .......... .......... 17% 2.09M 3s
[5.537s]   2800K .......... .......... .......... .......... .......... 18% 10.5M 3s
[5.541s]   2850K .......... .......... .......... .......... .......... 18% 11.6M 2s
[5.546s]   2900K .......... .......... .......... .......... .......... 18% 10.6M 2s
[5.550s]   2950K .......... .......... .......... .......... .......... 19% 10.9M 2s
[5.555s]   3000K .......... .......... .......... .......... .......... 19% 10.5M 2s
[5.559s]   3050K .......... .......... .......... .......... .......... 19% 11.9M 2s
[5.564s]   3100K .......... .......... .......... .......... .......... 20% 11.4M 2s
[5.636s]   3150K .......... .......... .......... .......... .......... 20% 8.37M 2s
[5.636s]   3200K .......... .......... .......... .......... .......... 20%  751K 3s
[5.636s]   3250K .......... .......... .......... .......... .......... 21%  128M 2s
[5.637s]   3300K .......... .......... .......... .......... .......... 21%  178M 2s
[5.637s]   3350K .......... .......... .......... .......... .......... 21%  185M 2s
[5.640s]   3400K .......... .......... .......... .......... .......... 22% 19.5M 2s
[5.647s]   3450K .......... .......... .......... .......... .......... 22% 6.57M 2s
[5.657s]   3500K .......... .......... .......... .......... .......... 22% 4.99M 2s
[5.661s]   3550K .......... .......... .......... .......... .......... 23% 16.9M 2s
[5.667s]   3600K .......... .......... .......... .......... .......... 23% 6.90M 2s
[5.711s]   3650K .......... .......... .......... .......... .......... 23% 1.10M 2s
[5.711s]   3700K .......... .......... .......... .......... .......... 23%  102M 2s
[5.712s]   3750K .......... .......... .......... .......... .......... 24%  157M 2s
[5.712s]   3800K .......... .......... .......... .......... .......... 24%  194M 2s
[5.738s]   3850K .......... .......... .......... .......... .......... 24% 1.90M 2s
[5.747s]   3900K .......... .......... .......... .......... .......... 25% 5.16M 2s
[5.760s]   3950K .......... .......... .......... .......... .......... 25% 4.45M 2s
[5.766s]   4000K .......... .......... .......... .......... .......... 25% 6.02M 2s
[5.793s]   4050K .......... .......... .......... .......... .......... 26% 1.80M 2s
[5.796s]   4100K .......... .......... .......... .......... .......... 26% 17.4M 2s
[5.809s]   4150K .......... .......... .......... .......... .......... 26% 3.90M 2s
[5.816s]   4200K .......... .......... .......... .......... .......... 27% 6.77M 2s
[5.823s]   4250K .......... .......... .......... .......... .......... 27% 6.60M 2s
[5.831s]   4300K .......... .......... .......... .......... .......... 27% 6.32M 2s
[5.847s]   4350K .......... .......... .......... .......... .......... 28% 3.54M 2s
[5.853s]   4400K .......... .......... .......... .......... .......... 28% 6.36M 2s
[5.862s]   4450K .......... .......... .......... .......... .......... 28% 5.26M 2s
[5.866s]   4500K .......... .......... .......... .......... .......... 29% 10.9M 2s
[5.879s]   4550K .......... .......... .......... .......... .......... 29% 3.97M 2s
[5.909s]   4600K .......... .......... .......... .......... .......... 29% 1.63M 2s
[5.918s]   4650K .......... .......... .......... .......... .......... 30% 5.35M 2s
[5.942s]   4700K .......... .......... .......... .......... .......... 30% 2.02M 2s
[5.956s]   4750K .......... .......... .......... .......... .......... 30% 4.82M 2s
[5.964s]   4800K .......... .......... .......... .......... .......... 31% 3.92M 2s
[5.969s]   4850K .......... .......... .......... .......... .......... 31% 9.96M 2s
[5.983s]   4900K .......... .......... .......... .......... .......... 31% 3.57M 2s
[6.000s]   4950K .......... .......... .......... .......... .......... 31% 2.84M 2s
[6.003s]   5000K .......... .......... .......... .......... .......... 32% 18.6M 2s
[6.021s]   5050K .......... .......... .......... .......... .......... 32% 2.71M 2s
[6.026s]   5100K .......... .......... .......... .......... .......... 32% 9.42M 2s
[6.046s]   5150K .......... .......... .......... .......... .......... 33% 5.71M 2s
[6.053s]   5200K .......... .......... .......... .......... .......... 33% 2.67M 2s
[6.059s]   5250K .......... .......... .......... .......... .......... 33% 8.33M 2s
[6.069s]   5300K .......... .......... .......... .......... .......... 34% 4.62M 2s
[6.072s]   5350K .......... .......... .......... .......... .......... 34% 17.4M 2s
[6.086s]   5400K .......... .......... .......... .......... .......... 34% 3.59M 2s
[6.104s]   5450K .......... .......... .......... .......... .......... 35% 2.72M 2s
[6.106s]   5500K .......... .......... .......... .......... .......... 35% 19.9M 2s
[6.123s]   5550K .......... .......... .......... .......... .......... 35% 2.93M 2s
[6.132s]   5600K .......... .......... .......... .......... .......... 36% 5.24M 2s
[6.147s]   5650K .......... .......... .......... .......... .......... 36% 3.24M 2s
[6.155s]   5700K .......... .......... .......... .......... .......... 36% 6.75M 2s
[6.160s]   5750K .......... .......... .......... .......... .......... 37% 8.57M 2s
[6.169s]   5800K .......... .......... .......... .......... .......... 37% 5.94M 2s
[6.173s]   5850K .......... .......... .......... .......... .......... 37% 10.3M 2s
[6.199s]   5900K .......... .......... .......... .......... .......... 38% 1.88M 2s
[6.207s]   5950K .......... .......... .......... .......... .......... 38% 6.62M 2s
[6.212s]   6000K .......... .......... .......... .......... .......... 38% 8.94M 2s
[6.224s]   6050K .......... .......... .......... .......... .......... 39% 3.99M 2s
[6.233s]   6100K .......... .......... .......... .......... .......... 39% 5.55M 2s
[6.259s]   6150K .......... .......... .......... .......... .......... 39% 1.91M 2s
[6.266s]   6200K .......... .......... .......... .......... .......... 39% 6.31M 2s
[6.273s]   6250K .......... .......... .......... .......... .......... 40% 7.06M 2s
[6.279s]   6300K .......... .......... .......... .......... .......... 40% 8.11M 2s
[6.313s]   6350K .......... .......... .......... .......... .......... 40% 1.70M 2s
[6.333s]   6400K .......... .......... .......... .......... .......... 41% 1.98M 2s
[6.340s]   6450K .......... .......... .......... .......... .......... 41% 6.60M 2s
[6.367s]   6500K .......... .......... .......... .......... .......... 41% 1.81M 2s
[6.381s]   6550K .......... .......... .......... .......... .......... 42% 3.50M 2s
[6.393s]   6600K .......... .......... .......... .......... .......... 42% 3.90M 2s
[6.409s]   6650K .......... .......... .......... .......... .......... 42% 3.18M 2s
[6.425s]   6700K .......... .......... .......... .......... .......... 43% 2.98M 2s
[6.435s]   6750K .......... .......... .......... .......... .......... 43% 4.78M 2s
[6.443s]   6800K .......... .......... .......... .......... .......... 43% 6.15M 2s
[6.453s]   6850K .......... .......... .......... .......... .......... 44% 4.89M 2s
[6.461s]   6900K .......... .......... .......... .......... .......... 44% 6.08M 2s
[6.466s]   6950K .......... .......... .......... .......... .......... 44% 9.54M 2s
[6.476s]   7000K .......... .......... .......... .......... .......... 45% 5.36M 2s
[6.479s]   7050K .......... .......... .......... .......... .......... 45% 13.8M 2s
[6.485s]   7100K .......... .......... .......... .......... .......... 45% 7.76M 2s
[6.517s]   7150K .......... .......... .......... .......... .......... 46% 1.90M 2s
[6.521s]   7200K .......... .......... .......... .......... .......... 46% 4.72M 2s
[6.533s]   7250K .......... .......... .......... .......... .......... 46% 4.14M 2s
[6.541s]   7300K .......... .......... .......... .......... .......... 47% 6.08M 2s
[6.551s]   7350K .......... .......... .......... .......... .......... 47% 4.88M 2s
[6.561s]   7400K .......... .......... .......... .......... .......... 47% 5.29M 2s
[6.568s]   7450K .......... .......... .......... .......... .......... 47% 6.92M 2s
[6.573s]   7500K .......... .......... .......... .......... .......... 48% 8.67M 2s
[6.587s]   7550K .......... .......... .......... .......... .......... 48% 3.56M 2s
[6.615s]   7600K .......... .......... .......... .......... .......... 48% 1.72M 2s
[6.628s]   7650K .......... .......... .......... .......... .......... 49% 3.78M 2s
[6.635s]   7700K .......... .......... .......... .......... .......... 49% 7.16M 2s
[6.643s]   7750K .......... .......... .......... .......... .......... 49% 5.82M 2s
[6.664s]   7800K .......... .......... .......... .......... .......... 50% 2.35M 2s
[6.676s]   7850K .......... .......... .......... .......... .......... 50% 4.29M 2s
[6.687s]   7900K .......... .......... .......... .......... .......... 50% 4.43M 2s
[6.697s]   7950K .......... .......... .......... .......... .......... 51% 9.03M 2s
[6.718s]   8000K .......... .......... .......... .......... .......... 51% 1.86M 2s
[6.732s]   8050K .......... .......... .......... .......... .......... 51% 3.49M 2s
[6.792s]   8100K .......... .......... .......... .......... .......... 52%  842K 2s
[6.801s]   8150K .......... .......... .......... .......... .......... 52% 5.37M 2s
[6.819s]   8200K .......... .......... .......... .......... .......... 52% 2.66M 2s
[6.826s]   8250K .......... .......... .......... .......... .......... 53% 6.72M 2s
[7.045s]   8300K .......... .......... .......... .......... .......... 53%  229K 2s
[7.065s]   8350K .......... .......... .......... .......... .......... 53% 2.42M 2s
[7.099s]   8400K .......... .......... .......... .......... .......... 54% 1.45M 2s
[7.206s]   8450K .......... .......... .......... .......... .......... 54%  469K 2s
[7.244s]   8500K .......... .......... .......... .......... .......... 54% 1.28M 2s
[7.279s]   8550K .......... .......... .......... .......... .......... 55% 1.37M 2s
[7.302s]   8600K .......... .......... .......... .......... .......... 55% 2.14M 2s
[7.328s]   8650K .......... .......... .......... .......... .......... 55% 1.86M 2s
[7.340s]   8700K .......... .......... .......... .......... .......... 55% 4.40M 2s
[7.360s]   8750K .......... .......... .......... .......... .......... 56% 2.99M 2s
[7.370s]   8800K .......... .......... .......... .......... .......... 56% 3.47M 2s
[7.381s]   8850K .......... .......... .......... .......... .......... 56% 4.54M 2s
[7.388s]   8900K .......... .......... .......... .......... .......... 57% 6.71M 2s
[7.434s]   8950K .......... .......... .......... .......... .......... 57% 1.07M 2s
[7.440s]   9000K .......... .......... .......... .......... .......... 57% 7.56M 2s
[7.458s]   9050K .......... .......... .......... .......... .......... 58% 2.75M 2s
[7.481s]   9100K .......... .......... .......... .......... .......... 58% 2.14M 2s
[7.508s]   9150K .......... .......... .......... .......... .......... 58% 1.82M 2s
[7.518s]   9200K .......... .......... .......... .......... .......... 59% 4.44M 2s
[7.540s]   9250K .......... .......... .......... .......... .......... 59% 2.24M 2s
[7.555s]   9300K .......... .......... .......... .......... .......... 59% 3.23M 2s
[7.568s]   9350K .......... .......... .......... .......... .......... 60% 3.92M 2s
[7.594s]   9400K .......... .......... .......... .......... .......... 60% 1.87M 2s
[7.685s]   9450K .......... .......... .......... .......... .......... 60%  549K 2s
[7.699s]   9500K .......... .......... .......... .......... .......... 61% 3.60M 2s
[7.770s]   9550K .......... .......... .......... .......... .......... 61%  702K 2s
[7.774s]   9600K .......... .......... .......... .......... .......... 61% 10.7M 2s
[7.790s]   9650K .......... .......... .......... .......... .......... 62% 3.06M 2s
[7.807s]   9700K .......... .......... .......... .......... .......... 62% 2.94M 2s
[7.816s]   9750K .......... .......... .......... .......... .......... 62% 5.14M 2s
[7.826s]   9800K .......... .......... .......... .......... .......... 63% 5.25M 2s
[7.846s]   9850K .......... .......... .......... .......... .......... 63% 2.42M 2s
[7.853s]   9900K .......... .......... .......... .......... .......... 63% 6.64M 2s
[7.867s]   9950K .......... .......... .......... .......... .......... 63% 5.67M 2s
[7.874s]  10000K .......... .......... .......... .......... .......... 64% 3.88M 2s
[7.896s]  10050K .......... .......... .......... .......... .......... 64% 2.27M 2s
[7.903s]  10100K .......... .......... .......... .......... .......... 64% 6.78M 2s
[7.913s]  10150K .......... .......... .......... .......... .......... 65% 5.01M 2s
[7.918s]  10200K .......... .......... .......... .......... .......... 65% 9.37M 2s
[7.949s]  10250K .......... .......... .......... .......... .......... 65% 1.56M 2s
[7.953s]  10300K .......... .......... .......... .......... .......... 66% 14.1M 2s
[7.966s]  10350K .......... .......... .......... .......... .......... 66% 4.72M 2s
[7.975s]  10400K .......... .......... .......... .......... .......... 66% 4.30M 1s
[7.982s]  10450K .......... .......... .......... .......... .......... 67% 6.27M 1s
[8.013s]  10500K .......... .......... .......... .......... .......... 67% 1.57M 1s
[8.020s]  10550K .......... .......... .......... .......... .......... 67% 7.56M 1s
[8.047s]  10600K .......... .......... .......... .......... .......... 68% 1.83M 1s
[8.060s]  10650K .......... .......... .......... .......... .......... 68% 3.56M 1s
[8.073s]  10700K .......... .......... .......... .......... .......... 68% 3.80M 1s
[8.087s]  10750K .......... .......... .......... .......... .......... 69% 5.05M 1s
[8.105s]  10800K .......... .......... .......... .......... .......... 69% 2.17M 1s
[8.107s]  10850K .......... .......... .......... .......... .......... 69% 23.6M 1s
[8.119s]  10900K .......... .......... .......... .......... .......... 70% 4.28M 1s
[8.127s]  10950K .......... .......... .......... .......... .......... 70% 6.31M 1s
[8.155s]  11000K .......... .......... .......... .......... .......... 70% 1.70M 1s
[8.166s]  11050K .......... .......... .......... .......... .......... 71% 4.63M 1s
[8.174s]  11100K .......... .......... .......... .......... .......... 71% 5.79M 1s
[8.184s]  11150K .......... .......... .......... .......... .......... 71% 6.93M 1s
[8.198s]  11200K .......... .......... .......... .......... .......... 71% 2.96M 1s
[8.202s]  11250K .......... .......... .......... .......... .......... 72% 10.6M 1s
[8.208s]  11300K .......... .......... .......... .......... .......... 72% 8.36M 1s
[8.222s]  11350K .......... .......... .......... .......... .......... 72% 3.59M 1s
[8.228s]  11400K .......... .......... .......... .......... .......... 73% 7.43M 1s
[8.268s]  11450K .......... .......... .......... .......... .......... 73% 1.22M 1s
[8.292s]  11500K .......... .......... .......... .......... .......... 73% 2.05M 1s
[8.303s]  11550K .......... .......... .......... .......... .......... 74% 4.33M 1s
[8.327s]  11600K .......... .......... .......... .......... .......... 74% 2.03M 1s
[8.356s]  11650K .......... .......... .......... .......... .......... 74% 1.71M 1s
[8.367s]  11700K .......... .......... .......... .......... .......... 75% 4.53M 1s
[8.373s]  11750K .......... .......... .......... .......... .......... 75% 7.61M 1s
[8.400s]  11800K .......... .......... .......... .......... .......... 75% 1.80M 1s
[8.416s]  11850K .......... .......... .......... .......... .......... 76% 3.14M 1s
[8.420s]  11900K .......... .......... .......... .......... .......... 76% 10.4M 1s
[8.434s]  11950K .......... .......... .......... .......... .......... 76% 4.51M 1s
[8.464s]  12000K .......... .......... .......... .......... .......... 77% 1.50M 1s
[8.478s]  12050K .......... .......... .......... .......... .......... 77% 3.56M 1s
[8.484s]  12100K .......... .......... .......... .......... .......... 77% 7.20M 1s
[8.509s]  12150K .......... .......... .......... .......... .......... 78% 2.00M 1s
[8.522s]  12200K .......... .......... .......... .......... .......... 78% 3.68M 1s
[8.530s]  12250K .......... .......... .......... .......... .......... 78% 6.47M 1s
[8.535s]  12300K .......... .......... .......... .......... .......... 79% 8.74M 1s
[8.565s]  12350K .......... .......... .......... .......... .......... 79% 1.75M 1s
[8.572s]  12400K .......... .......... .......... .......... .......... 79% 5.65M 1s
[8.596s]  12450K .......... .......... .......... .......... .......... 79% 2.00M 1s
[8.608s]  12500K .......... .......... .......... .......... .......... 80% 4.13M 1s
[8.616s]  12550K .......... .......... .......... .......... .......... 80% 5.98M 1s
[8.622s]  12600K .......... .......... .......... .......... .......... 80% 8.23M 1s
[8.632s]  12650K .......... .......... .......... .......... .......... 81% 5.12M 1s
[8.707s]  12700K .......... .......... .......... .......... .......... 81%  665K 1s
[8.707s]  12750K .......... .......... .......... .......... .......... 81%  117M 1s
[8.708s]  12800K .......... .......... .......... .......... .......... 82%  121M 1s
[8.764s]  12850K .......... .......... .......... .......... .......... 82%  900K 1s
[8.767s]  12900K .......... .......... .......... .......... .......... 82% 13.3M 1s
[8.788s]  12950K .......... .......... .......... .......... .......... 83% 2.34M 1s
[8.804s]  13000K .......... .......... .......... .......... .......... 83% 2.92M 1s
[8.815s]  13050K .......... .......... .......... .......... .......... 83% 4.78M 1s
[8.830s]  13100K .......... .......... .......... .......... .......... 84% 3.25M 1s
[8.837s]  13150K .......... .......... .......... .......... .......... 84% 8.33M 1s
[8.890s]  13200K .......... .......... .......... .......... .......... 84% 1020K 1s
[8.890s]  13250K .......... .......... .......... .......... .......... 85% 8.31M 1s
[8.893s]  13300K .......... .......... .......... .......... .......... 85% 17.3M 1s
[8.916s]  13350K .......... .......... .......... .......... .......... 85% 2.12M 1s
[8.928s]  13400K .......... .......... .......... .......... .......... 86% 4.24M 1s
[8.944s]  13450K .......... .......... .......... .......... .......... 86% 2.93M 1s
[8.973s]  13500K .......... .......... .......... .......... .......... 86% 1.75M 1s
[8.994s]  13550K .......... .......... .......... .......... .......... 87% 2.87M 1s
[9.006s]  13600K .......... .......... .......... .......... .......... 87% 2.88M 1s
[9.025s]  13650K .......... .......... .......... .......... .......... 87% 2.65M 1s
[9.042s]  13700K .......... .......... .......... .......... .......... 87% 2.79M 1s
[9.076s]  13750K .......... .......... .......... .......... .......... 88% 1.45M 1s
[9.078s]  13800K .......... .......... .......... .......... .......... 88% 21.1M 1s
[9.116s]  13850K .......... .......... .......... .......... .......... 88% 1.28M 1s
[9.131s]  13900K .......... .......... .......... .......... .......... 89% 3.32M 0s
[9.177s]  13950K .......... .......... .......... .......... .......... 89% 3.62M 0s
[9.181s]  14000K .......... .......... .......... .......... .......... 89% 1.33M 0s
[9.207s]  14050K .......... .......... .......... .......... .......... 90% 1.90M 0s
[9.222s]  14100K .......... .......... .......... .......... .......... 90% 3.23M 0s
[9.369s]  14150K .......... .......... .......... .......... .......... 90%  339K 0s
[9.370s]  14200K .......... .......... .......... .......... .......... 91%  135M 0s
[9.383s]  14250K .......... .......... .......... .......... .......... 91% 3.53M 0s
[9.412s]  14300K .......... .......... .......... .......... .......... 91% 1.70M 0s
[9.439s]  14350K .......... .......... .......... .......... .......... 92% 2.23M 0s
[9.459s]  14400K .......... .......... .......... .......... .......... 92% 1.98M 0s
[9.520s]  14450K .......... .......... .......... .......... .......... 92%  821K 0s
[9.531s]  14500K .......... .......... .......... .......... .......... 93% 4.41M 0s
[9.553s]  14550K .......... .......... .......... .......... .......... 93% 2.22M 0s
[9.587s]  14600K .......... .......... .......... .......... .......... 93% 1.42M 0s
[9.611s]  14650K .......... .......... .......... .......... .......... 94% 2.02M 0s
[9.650s]  14700K .......... .......... .......... .......... .......... 94% 1.25M 0s
[9.687s]  14750K .......... .......... .......... .......... .......... 94% 1.38M 0s
[9.714s]  14800K .......... .......... .......... .......... .......... 95% 1.71M 0s
[9.733s]  14850K .......... .......... .......... .......... .......... 95% 2.53M 0s
[9.747s]  14900K .......... .......... .......... .......... .......... 95% 3.50M 0s
[9.763s]  14950K .......... .......... .......... .......... .......... 95% 3.21M 0s
[9.794s]  15000K .......... .......... .......... .......... .......... 96% 1.57M 0s
[9.821s]  15050K .......... .......... .......... .......... .......... 96% 1.77M 0s
[9.841s]  15100K .......... .......... .......... .......... .......... 96% 2.45M 0s
[9.859s]  15150K .......... .......... .......... .......... .......... 97% 3.40M 0s
[9.895s]  15200K .......... .......... .......... .......... .......... 97% 1.23M 0s
[9.915s]  15250K .......... .......... .......... .......... .......... 97% 2.46M 0s
[9.935s]  15300K .......... .......... .......... .......... .......... 98% 2.45M 0s
[9.948s]  15350K .......... .......... .......... .......... .......... 98% 3.79M 0s
[9.962s]  15400K .......... .......... .......... .......... .......... 98% 3.42M 0s
[10.014s]  15450K .......... .......... .......... .......... .......... 99%  961K 0s
[10.028s]  15500K .......... .......... .......... .......... .......... 99% 3.48M 0s
[10.064s]  15550K .......... .......... .......... .......... .......... 99% 1.41M 0s
[10.064s]  15600K .......... .......... .....                           100% 22.2M=5.1s
[10.064s] 
[10.064s] 2026-03-03 18:01:24 (3.00 MB/s) - ‘/home/essivekkeli/multi_robot_slam_ws/build/multirobot_map_merge/2011-08-09-12-22-52.pgm’ saved [16000058/16000058]
[10.065s] 
[10.066s] Checking MD5 sum of /home/essivekkeli/multi_robot_slam_ws/build/multirobot_map_merge/2011-08-09-12-22-52.pgm
[10.093s] /home/essivekkeli/multi_robot_slam_ws/build/multirobot_map_merge/2011-08-09-12-22-52.pgm: OK
[10.101s] --2026-03-03 18:01:24--  https://raw.githubusercontent.com/hrnr/m-explore-extra/master/map_merge/gmapping_maps/2012-01-28-11-12-01.pgm
[10.135s] Resolving raw.githubusercontent.com (raw.githubusercontent.com)... 185.199.108.133, 185.199.110.133, 185.199.111.133, ...
[10.175s] Connecting to raw.githubusercontent.com (raw.githubusercontent.com)|185.199.108.133|:443... connected.
[10.506s] HTTP request sent, awaiting response... 200 OK
[10.506s] Length: 16000058 (15M) [application/octet-stream]
[10.507s] Saving to: ‘/home/essivekkeli/multi_robot_slam_ws/build/multirobot_map_merge/2012-01-28-11-12-01.pgm’
[10.507s] 
[10.526s]      0K .......... .......... .......... .......... ..........  0% 2.48M 6s
[10.543s]     50K .......... .......... .......... .......... ..........  0% 2.82M 6s
[10.552s]    100K .......... .......... .......... .......... ..........  0% 5.34M 5s
[10.561s]    150K .......... .......... .......... .......... ..........  1% 5.89M 4s
[10.573s]    200K .......... .......... .......... .......... ..........  1% 4.06M 4s
[10.576s]    250K .......... .......... .......... .......... ..........  1% 13.8M 4s
[10.580s]    300K .......... .......... .......... .......... ..........  2% 13.5M 3s
[10.609s]    350K .......... .......... .......... .......... ..........  2% 1.74M 4s
[10.613s]    400K .......... .......... .......... .......... ..........  2% 9.84M 4s
[10.622s]    450K .......... .......... .......... .......... ..........  3% 5.12M 4s
[10.625s]    500K .......... .......... .......... .......... ..........  3% 20.9M 3s
[10.628s]    550K .......... .......... .......... .......... ..........  3% 13.0M 3s
[10.632s]    600K .......... .......... .......... .......... ..........  4% 13.8M 3s
[10.654s]    650K .......... .......... .......... .......... ..........  4% 2.25M 3s
[10.659s]    700K .......... .......... .......... .......... ..........  4% 9.38M 3s
[10.665s]    750K .......... .......... .......... .......... ..........  5% 12.8M 3s
[10.667s]    800K .......... .......... .......... .......... ..........  5% 10.2M 3s
[10.677s]    850K .......... .......... .......... .......... ..........  5% 5.30M 3s
[10.679s]    900K .......... .......... .......... .......... ..........  6% 22.2M 3s
[10.684s]    950K .......... .......... .......... .......... ..........  6% 8.90M 3s
[10.689s]   1000K .......... .......... .......... .......... ..........  6% 10.7M 3s
[10.712s]   1050K .......... .......... .......... .......... ..........  7% 2.10M 3s
[10.715s]   1100K .......... .......... .......... .......... ..........  7% 19.3M 3s
[10.725s]   1150K .......... .......... .......... .......... ..........  7% 6.77M 3s
[10.730s]   1200K .......... .......... .......... .......... ..........  7% 6.24M 3s
[10.734s]   1250K .......... .......... .......... .......... ..........  8% 12.3M 3s
[10.738s]   1300K .......... .......... .......... .......... ..........  8% 12.6M 2s
[10.741s]   1350K .......... .......... .......... .......... ..........  8% 12.9M 2s
[10.769s]   1400K .......... .......... .......... .......... ..........  9% 1.80M 3s
[10.769s]   1450K .......... .......... .......... .......... ..........  9%  155M 2s
[10.769s]   1500K .......... .......... .......... .......... ..........  9%  195M 2s
[10.769s]   1550K .......... .......... .......... .......... .......... 10%  196M 2s
[10.770s]   1600K .......... .......... .......... .......... .......... 10%  147M 2s
[10.777s]   1650K .......... .......... .......... .......... .......... 10% 7.05M 2s
[10.782s]   1700K .......... .......... .......... .......... .......... 11% 8.63M 2s
[10.788s]   1750K .......... .......... .......... .......... .......... 11% 8.96M 2s
[10.791s]   1800K .......... .......... .......... .......... .......... 11% 13.8M 2s
[10.809s]   1850K .......... .......... .......... .......... .......... 12% 2.76M 2s
[10.822s]   1900K .......... .......... .......... .......... .......... 12% 3.75M 2s
[10.824s]   1950K .......... .......... .......... .......... .......... 12% 22.6M 2s
[10.829s]   2000K .......... .......... .......... .......... .......... 13% 9.70M 2s
[10.833s]   2050K .......... .......... .......... .......... .......... 13% 12.6M 2s
[10.838s]   2100K .......... .......... .......... .......... .......... 13% 10.3M 2s
[10.859s]   2150K .......... .......... .......... .......... .......... 14% 2.27M 2s
[10.865s]   2200K .......... .......... .......... .......... .......... 14% 8.56M 2s
[10.869s]   2250K .......... .......... .......... .......... .......... 14% 12.4M 2s
[10.873s]   2300K .......... .......... .......... .......... .......... 15% 11.7M 2s
[10.881s]   2350K .......... .......... .......... .......... .......... 15% 6.06M 2s
[10.885s]   2400K .......... .......... .......... .......... .......... 15% 12.7M 2s
[10.889s]   2450K .......... .......... .......... .......... .......... 15% 14.2M 2s
[10.891s]   2500K .......... .......... .......... .......... .......... 16% 17.8M 2s
[10.918s]   2550K .......... .......... .......... .......... .......... 16% 1.85M 2s
[10.925s]   2600K .......... .......... .......... .......... .......... 16% 6.62M 2s
[10.932s]   2650K .......... .......... .......... .......... .......... 17% 6.88M 2s
[10.935s]   2700K .......... .......... .......... .......... .......... 17% 16.7M 2s
[10.941s]   2750K .......... .......... .......... .......... .......... 17% 13.3M 2s
[10.945s]   2800K .......... .......... .......... .......... .......... 18% 7.47M 2s
[10.967s]   2850K .......... .......... .......... .......... .......... 18% 2.22M 2s
[10.971s]   2900K .......... .......... .......... .......... .......... 18% 13.5M 2s
[10.975s]   2950K .......... .......... .......... .......... .......... 19% 11.9M 2s
[10.988s]   3000K .......... .......... .......... .......... .......... 19% 3.65M 2s
[10.991s]   3050K .......... .......... .......... .......... .......... 19% 17.5M 2s
[10.995s]   3100K .......... .......... .......... .......... .......... 20% 11.6M 2s
[10.999s]   3150K .......... .......... .......... .......... .......... 20% 13.5M 2s
[11.015s]   3200K .......... .......... .......... .......... .......... 20% 3.02M 2s
[11.037s]   3250K .......... .......... .......... .......... .......... 21% 2.19M 2s
[11.044s]   3300K .......... .......... .......... .......... .......... 21% 7.36M 2s
[11.051s]   3350K .......... .......... .......... .......... .......... 21% 7.38M 2s
[11.056s]   3400K .......... .......... .......... .......... .......... 22% 9.36M 2s
[11.064s]   3450K .......... .......... .......... .......... .......... 22% 6.45M 2s
[11.068s]   3500K .......... .......... .......... .......... .......... 22% 12.0M 2s
[11.071s]   3550K .......... .......... .......... .......... .......... 23% 15.1M 2s
[11.075s]   3600K .......... .......... .......... .......... .......... 23% 12.0M 2s
[11.088s]   3650K .......... .......... .......... .......... .......... 23% 3.79M 2s
[11.090s]   3700K .......... .......... .......... .......... .......... 23% 21.4M 2s
[11.094s]   3750K .......... .......... .......... .......... .......... 24% 12.2M 2s
[11.100s]   3800K .......... .......... .......... .......... .......... 24% 8.47M 2s
[11.110s]   3850K .......... .......... .......... .......... .......... 24% 4.82M 2s
[11.135s]   3900K .......... .......... .......... .......... .......... 25% 1.96M 2s
[11.142s]   3950K .......... .......... .......... .......... .......... 25% 8.98M 2s
[11.150s]   4000K .......... .......... .......... .......... .......... 25% 5.02M 2s
[11.156s]   4050K .......... .......... .......... .......... .......... 26% 9.11M 2s
[11.160s]   4100K .......... .......... .......... .......... .......... 26% 10.6M 2s
[11.168s]   4150K .......... .......... .......... .......... .......... 26% 6.38M 2s
[11.171s]   4200K .......... .......... .......... .......... .......... 27% 14.4M 2s
[11.174s]   4250K .......... .......... .......... .......... .......... 27% 14.8M 2s
[11.179s]   4300K .......... .......... .......... .......... .......... 27% 9.85M 2s
[11.185s]   4350K .......... .......... .......... .......... .......... 28% 9.69M 2s
[11.193s]   4400K .......... .......... .......... .......... .......... 28% 5.93M 2s
[11.197s]   4450K .......... .......... .......... .......... .......... 28% 11.3M 2s
[11.217s]   4500K .......... .......... .......... .......... .......... 29% 2.44M 2s
[11.224s]   4550K .......... .......... .......... .......... .......... 29% 6.88M 2s
[11.226s]   4600K .......... .......... .......... .......... .......... 29% 20.6M 2s
[11.233s]   4650K .......... .......... .......... .......... .......... 30% 7.00M 2s
[11.261s]   4700K .......... .......... .......... .......... .......... 30% 1.78M 2s
[11.271s]   4750K .......... .......... .......... .......... .......... 30% 5.41M 2s
[11.279s]   4800K .......... .......... .......... .......... .......... 31% 5.48M 2s
[11.288s]   4850K .......... .......... .......... .......... .......... 31% 5.59M 2s
[11.291s]   4900K .......... .......... .......... .......... .......... 31% 12.5M 2s
[11.294s]   4950K .......... .......... .......... .......... .......... 31% 17.2M 2s
[11.301s]   5000K .......... .......... .......... .......... .......... 32% 7.75M 2s
[11.307s]   5050K .......... .......... .......... .......... .......... 32% 7.75M 2s
[11.329s]   5100K .......... .......... .......... .......... .......... 32% 2.16M 2s
[11.337s]   5150K .......... .......... .......... .......... .......... 33% 6.55M 2s
[11.341s]   5200K .......... .......... .......... .......... .......... 33% 11.8M 2s
[11.345s]   5250K .......... .......... .......... .......... .......... 33% 11.5M 2s
[11.348s]   5300K .......... .......... .......... .......... .......... 34% 17.8M 2s
[11.352s]   5350K .......... .......... .......... .......... .......... 34% 13.0M 2s
[11.373s]   5400K .......... .......... .......... .......... .......... 34% 2.31M 2s
[11.381s]   5450K .......... .......... .......... .......... .......... 35% 6.04M 2s
[11.386s]   5500K .......... .......... .......... .......... .......... 35% 10.8M 2s
[11.399s]   5550K .......... .......... .......... .......... .......... 35% 4.47M 2s
[11.401s]   5600K .......... .......... .......... .......... .......... 36% 11.8M 2s
[11.404s]   5650K .......... .......... .......... .......... .......... 36% 13.9M 2s
[11.412s]   5700K .......... .......... .......... .......... .......... 36% 6.14M 2s
[11.427s]   5750K .......... .......... .......... .......... .......... 37% 3.38M 2s
[11.464s]   5800K .......... .......... .......... .......... .......... 37% 1.32M 2s
[11.472s]   5850K .......... .......... .......... .......... .......... 37% 5.62M 2s
[11.479s]   5900K .......... .......... .......... .......... .......... 38% 6.96M 2s
[11.486s]   5950K .......... .......... .......... .......... .......... 38% 9.49M 2s
[11.499s]   6000K .......... .......... .......... .......... .......... 38% 3.27M 2s
[11.504s]   6050K .......... .......... .......... .......... .......... 39% 9.70M 2s
[11.506s]   6100K .......... .......... .......... .......... .......... 39% 23.4M 2s
[11.512s]   6150K .......... .......... .......... .......... .......... 39% 9.31M 2s
[11.530s]   6200K .......... .......... .......... .......... .......... 39% 2.64M 2s
[11.534s]   6250K .......... .......... .......... .......... .......... 40% 13.1M 2s
[11.540s]   6300K .......... .......... .......... .......... .......... 40% 7.72M 2s
[11.566s]   6350K .......... .......... .......... .......... .......... 40% 2.01M 2s
[11.576s]   6400K .......... .......... .......... .......... .......... 41% 4.26M 2s
[11.579s]   6450K .......... .......... .......... .......... .......... 41% 14.8M 2s
[11.584s]   6500K .......... .......... .......... .......... .......... 41% 10.4M 1s
[11.589s]   6550K .......... .......... .......... .......... .......... 42% 9.28M 1s
[11.597s]   6600K .......... .......... .......... .......... .......... 42% 6.60M 1s
[11.601s]   6650K .......... .......... .......... .......... .......... 42% 11.4M 1s
[11.604s]   6700K .......... .......... .......... .......... .......... 43% 15.7M 1s
[11.615s]   6750K .......... .......... .......... .......... .......... 43% 8.24M 1s
[11.630s]   6800K .......... .......... .......... .......... .......... 43% 2.49M 1s
[11.633s]   6850K .......... .......... .......... .......... .......... 44% 14.3M 1s
[11.638s]   6900K .......... .......... .......... .......... .......... 44% 9.27M 1s
[11.644s]   6950K .......... .......... .......... .......... .......... 44% 8.14M 1s
[11.650s]   7000K .......... .......... .......... .......... .......... 45% 8.45M 1s
[11.655s]   7050K .......... .......... .......... .......... .......... 45% 10.5M 1s
[11.660s]   7100K .......... .......... .......... .......... .......... 45% 8.26M 1s
[11.667s]   7150K .......... .......... .......... .......... .......... 46% 12.1M 1s
[11.670s]   7200K .......... .......... .......... .......... .......... 46% 8.16M 1s
[11.682s]   7250K .......... .......... .......... .......... .......... 46% 4.21M 1s
[11.687s]   7300K .......... .......... .......... .......... .......... 47% 9.90M 1s
[11.689s]   7350K .......... .......... .......... .......... .......... 47% 23.9M 1s
[11.694s]   7400K .......... .......... .......... .......... .......... 47% 9.65M 1s
[11.702s]   7450K .......... .......... .......... .......... .......... 47% 6.22M 1s
[11.704s]   7500K .......... .......... .......... .......... .......... 48% 19.7M 1s
[11.715s]   7550K .......... .......... .......... .......... .......... 48% 11.2M 1s
[11.724s]   7600K .......... .......... .......... .......... .......... 48% 3.22M 1s
[11.752s]   7650K .......... .......... .......... .......... .......... 49% 1.74M 1s
[11.757s]   7700K .......... .......... .......... .......... .......... 49% 9.55M 1s
[11.759s]   7750K .......... .......... .......... .......... .......... 49% 20.6M 1s
[11.763s]   7800K .......... .......... .......... .......... .......... 50% 14.6M 1s
[11.839s]   7850K .......... .......... .......... .......... .......... 50%  659K 1s
[11.914s]   7900K .......... .......... .......... .......... .......... 50%  664K 1s
[11.915s]   7950K .......... .......... .......... .......... .......... 51% 84.7M 1s
[11.915s]   8000K .......... .......... .......... .......... .......... 51%  119M 1s
[11.954s]   8050K .......... .......... .......... .......... .......... 51% 1.27M 1s
[11.957s]   8100K .......... .......... .......... .......... .......... 52% 13.5M 1s
[11.968s]   8150K .......... .......... .......... .......... .......... 52% 4.43M 1s
[11.980s]   8200K .......... .......... .......... .......... .......... 52% 4.20M 1s
[12.080s]   8250K .......... .......... .......... .......... .......... 53%  498K 1s
[12.081s]   8300K .......... .......... .......... .......... .......... 53%  129M 1s
[12.081s]   8350K .......... .......... .......... .......... .......... 53%  186M 1s
[12.081s]   8400K .......... .......... .......... .......... .......... 54%  142M 1s
[12.090s]   8450K .......... .......... .......... .......... .......... 54% 5.37M 1s
[12.097s]   8500K .......... .......... .......... .......... .......... 54% 7.88M 1s
[12.107s]   8550K .......... .......... .......... .......... .......... 55% 4.53M 1s
[12.149s]   8600K .......... .......... .......... .......... .......... 55% 1.18M 1s
[12.181s]   8650K .......... .......... .......... .......... .......... 55% 1.50M 1s
[12.231s]   8700K .......... .......... .......... .......... .......... 55% 1019K 1s
[12.255s]   8750K .......... .......... .......... .......... .......... 56% 2.50M 1s
[12.268s]   8800K .......... .......... .......... .......... .......... 56% 2.90M 1s
[12.276s]   8850K .......... .......... .......... .......... .......... 56% 5.59M 1s
[12.319s]   8900K .......... .......... .......... .......... .......... 57% 1.14M 1s
[12.324s]   8950K .......... .......... .......... .......... .......... 57% 8.62M 1s
[12.337s]   9000K .......... .......... .......... .......... .......... 57% 3.88M 1s
[12.424s]   9050K .......... .......... .......... .......... .......... 58%  572K 1s
[12.426s]   9100K .......... .......... .......... .......... .......... 58% 21.1M 1s
[12.485s]   9150K .......... .......... .......... .......... .......... 58% 1.72M 1s
[12.487s]   9200K .......... .......... .......... .......... .......... 59% 1.52M 1s
[12.491s]   9250K .......... .......... .......... .......... .......... 59% 11.0M 1s
[12.501s]   9300K .......... .......... .......... .......... .......... 59% 5.29M 1s
[12.521s]   9350K .......... .......... .......... .......... .......... 60% 2.40M 1s
[12.605s]   9400K .......... .......... .......... .......... .......... 60%  593K 1s
[12.622s]   9450K .......... .......... .......... .......... .......... 60% 2.86M 1s
[12.966s]   9500K .......... .......... .......... .......... .......... 61%  146K 2s
[12.966s]   9550K .......... .......... .......... .......... .......... 61%  158M 2s
[12.966s]   9600K .......... .......... .......... .......... .......... 61%  129M 2s
[12.980s]   9650K .......... .......... .......... .......... .......... 62% 3.47M 2s
[12.999s]   9700K .......... .......... .......... .......... .......... 62% 2.68M 2s
[13.004s]   9750K .......... .......... .......... .......... .......... 62% 9.70M 1s
[13.040s]   9800K .......... .......... .......... .......... .......... 63% 1.34M 1s
[13.066s]   9850K .......... .......... .......... .......... .......... 63% 1.89M 1s
[13.071s]   9900K .......... .......... .......... .......... .......... 63% 9.37M 1s
[13.097s]   9950K .......... .......... .......... .......... .......... 63% 1.90M 1s
[13.122s]  10000K .......... .......... .......... .......... .......... 64% 1.97M 1s
[13.132s]  10050K .......... .......... .......... .......... .......... 64% 4.72M 1s
[13.141s]  10100K .......... .......... .......... .......... .......... 64% 5.22M 1s
[13.219s]  10150K .......... .......... .......... .......... .......... 65%  641K 1s
[13.226s]  10200K .......... .......... .......... .......... .......... 65% 6.80M 1s
[13.240s]  10250K .......... .......... .......... .......... .......... 65% 3.66M 1s
[13.283s]  10300K .......... .......... .......... .......... .......... 66% 1.13M 1s
[13.312s]  10350K .......... .......... .......... .......... .......... 66% 1.67M 1s
[13.338s]  10400K .......... .......... .......... .......... .......... 66% 1.93M 1s
[13.341s]  10450K .......... .......... .......... .......... .......... 67% 14.0M 1s
[13.402s]  10500K .......... .......... .......... .......... .......... 67%  824K 1s
[13.417s]  10550K .......... .......... .......... .......... .......... 67% 3.25M 1s
[13.432s]  10600K .......... .......... .......... .......... .......... 68% 3.29M 1s
[13.450s]  10650K .......... .......... .......... .......... .......... 68% 2.62M 1s
[13.492s]  10700K .......... .......... .......... .......... .......... 68% 1.18M 1s
[13.512s]  10750K .......... .......... .......... .......... .......... 69% 2.54M 1s
[13.546s]  10800K .......... .......... .......... .......... .......... 69% 1.38M 1s
[13.622s]  10850K .......... .......... .......... .......... .......... 69%  657K 1s
[13.656s]  10900K .......... .......... .......... .......... .......... 70% 1.44M 1s
[13.711s]  10950K .......... .......... .......... .......... .......... 70%  913K 1s
[13.712s]  11000K .......... .......... .......... .......... .......... 70%  108M 1s
[13.716s]  11050K .......... .......... .......... .......... .......... 71% 10.3M 1s
[13.732s]  11100K .......... .......... .......... .......... .......... 71% 3.08M 1s
[13.747s]  11150K .......... .......... .......... .......... .......... 71% 3.62M 1s
[13.754s]  11200K .......... .......... .......... .......... .......... 71% 5.51M 1s
[13.785s]  11250K .......... .......... .......... .......... .......... 72% 1.61M 1s
[13.802s]  11300K .......... .......... .......... .......... .......... 72% 2.92M 1s
[13.812s]  11350K .......... .......... .......... .......... .......... 72% 4.51M 1s
[13.826s]  11400K .......... .......... .......... .......... .......... 73% 3.59M 1s
[13.835s]  11450K .......... .......... .......... .......... .......... 73% 5.69M 1s
[13.848s]  11500K .......... .......... .......... .......... .......... 73% 3.58M 1s
[13.854s]  11550K .......... .......... .......... .......... .......... 74% 12.7M 1s
[13.894s]  11600K .......... .......... .......... .......... .......... 74% 1.18M 1s
[13.906s]  11650K .......... .......... .......... .......... .......... 74% 3.91M 1s
[13.918s]  11700K .......... .......... .......... .......... .......... 75% 4.21M 1s
[13.940s]  11750K .......... .......... .......... .......... .......... 75% 2.20M 1s
[13.951s]  11800K .......... .......... .......... .......... .......... 75% 4.45M 1s
[13.958s]  11850K .......... .......... .......... .......... .......... 76% 6.39M 1s
[13.966s]  11900K .......... .......... .......... .......... .......... 76% 6.13M 1s
[13.996s]  11950K .......... .......... .......... .......... .......... 76% 1.63M 1s
[14.006s]  12000K .......... .......... .......... .......... .......... 77% 5.11M 1s
[14.044s]  12050K .......... .......... .......... .......... .......... 77% 1.29M 1s
[14.058s]  12100K .......... .......... .......... .......... .......... 77% 3.49M 1s
[14.065s]  12150K .......... .......... .......... .......... .......... 78% 6.44M 1s
[14.085s]  12200K .......... .......... .......... .......... .......... 78% 2.44M 1s
[14.093s]  12250K .......... .......... .......... .......... .......... 78% 6.75M 1s
[14.110s]  12300K .......... .......... .......... .......... .......... 79% 2.90M 1s
[14.122s]  12350K .......... .......... .......... .......... .......... 79% 5.16M 1s
[14.138s]  12400K .......... .......... .......... .......... .......... 79% 2.63M 1s
[14.146s]  12450K .......... .......... .......... .......... .......... 79% 6.11M 1s
[14.155s]  12500K .......... .......... .......... .......... .......... 80% 5.43M 1s
[14.162s]  12550K .......... .......... .......... .......... .......... 80% 6.25M 1s
[14.171s]  12600K .......... .......... .......... .......... .......... 80% 5.88M 1s
[14.191s]  12650K .......... .......... .......... .......... .......... 81% 2.39M 1s
[14.211s]  12700K .......... .......... .......... .......... .......... 81% 2.46M 1s
[14.226s]  12750K .......... .......... .......... .......... .......... 81% 4.12M 1s
[14.237s]  12800K .......... .......... .......... .......... .......... 82% 3.54M 1s
[14.244s]  12850K .......... .......... .......... .......... .......... 82% 6.86M 1s
[14.264s]  12900K .......... .......... .......... .......... .......... 82% 2.35M 1s
[14.273s]  12950K .......... .......... .......... .......... .......... 83% 5.82M 1s
[14.287s]  13000K .......... .......... .......... .......... .......... 83% 3.39M 1s
[14.308s]  13050K .......... .......... .......... .......... .......... 83% 2.32M 1s
[14.318s]  13100K .......... .......... .......... .......... .......... 84% 5.06M 1s
[14.331s]  13150K .......... .......... .......... .......... .......... 84% 5.18M 1s
[14.344s]  13200K .......... .......... .......... .......... .......... 84% 3.00M 1s
[14.350s]  13250K .......... .......... .......... .......... .......... 85% 7.26M 1s
[14.361s]  13300K .......... .......... .......... .......... .......... 85% 4.51M 1s
[14.366s]  13350K .......... .......... .......... .......... .......... 85% 9.50M 1s
[14.391s]  13400K .......... .......... .......... .......... .......... 86% 1.96M 1s
[14.398s]  13450K .......... .......... .......... .......... .......... 86% 6.78M 1s
[14.411s]  13500K .......... .......... .......... .......... .......... 86% 4.06M 1s
[14.422s]  13550K .......... .......... .......... .......... .......... 87% 5.08M 1s
[14.432s]  13600K .......... .......... .......... .......... .......... 87% 4.12M 1s
[14.447s]  13650K .......... .......... .......... .......... .......... 87% 3.33M 1s
[14.451s]  13700K .......... .......... .......... .......... .......... 87% 10.8M 1s
[14.459s]  13750K .......... .......... .......... .......... .......... 88% 6.32M 1s
[14.471s]  13800K .......... .......... .......... .......... .......... 88% 4.09M 1s
[14.543s]  13850K .......... .......... .......... .......... .......... 88%  690K 1s
[14.544s]  13900K .......... .......... .......... .......... .......... 89%  133M 0s
[14.549s]  13950K .......... .......... .......... .......... .......... 89% 59.9M 0s
[14.570s]  14000K .......... .......... .......... .......... .......... 89% 1.92M 0s
[14.584s]  14050K .......... .......... .......... .......... .......... 90% 3.49M 0s
[14.642s]  14100K .......... .......... .......... .......... .......... 90%  865K 0s
[14.647s]  14150K .......... .......... .......... .......... .......... 90% 9.39M 0s
[14.667s]  14200K .......... .......... .......... .......... .......... 91% 2.41M 0s
[14.676s]  14250K .......... .......... .......... .......... .......... 91% 5.51M 0s
[14.727s]  14300K .......... .......... .......... .......... .......... 91%  986K 0s
[14.748s]  14350K .......... .......... .......... .......... .......... 92% 2.97M 0s
[14.757s]  14400K .......... .......... .......... .......... .......... 92% 3.59M 0s
[14.773s]  14450K .......... .......... .......... .......... .......... 92% 3.02M 0s
[14.784s]  14500K .......... .......... .......... .......... .......... 93% 4.24M 0s
[14.804s]  14550K .......... .......... .......... .......... .......... 93% 2.45M 0s
[14.814s]  14600K .......... .......... .......... .......... .......... 93% 5.27M 0s
[14.833s]  14650K .......... .......... .......... .......... .......... 94% 2.55M 0s
[14.839s]  14700K .......... .......... .......... .......... .......... 94% 8.11M 0s
[14.859s]  14750K .......... .......... .......... .......... .......... 94% 2.92M 0s
[14.868s]  14800K .......... .......... .......... .......... .......... 95% 4.01M 0s
[14.879s]  14850K .......... .......... .......... .......... .......... 95% 4.37M 0s
[14.962s]  14900K .......... .......... .......... .......... .......... 95%  601K 0s
[14.990s]  14950K .......... .......... .......... .......... .......... 95% 1.76M 0s
[15.008s]  15000K .......... .......... .......... .......... .......... 96% 2.71M 0s
[15.026s]  15050K .......... .......... .......... .......... .......... 96% 2.64M 0s
[15.037s]  15100K .......... .......... .......... .......... .......... 96% 4.45M 0s
[15.056s]  15150K .......... .......... .......... .......... .......... 97% 4.54M 0s
[15.064s]  15200K .......... .......... .......... .......... .......... 97% 3.09M 0s
[15.077s]  15250K .......... .......... .......... .......... .......... 97% 3.68M 0s
[15.084s]  15300K .......... .......... .......... .......... .......... 98% 7.55M 0s
[15.114s]  15350K .......... .......... .......... .......... .......... 98% 1.62M 0s
[15.117s]  15400K .......... .......... .......... .......... .......... 98% 14.7M 0s
[15.137s]  15450K .......... .......... .......... .......... .......... 99% 2.50M 0s
[15.146s]  15500K .......... .......... .......... .......... .......... 99% 4.97M 0s
[15.164s]  15550K .......... .......... .......... .......... .......... 99% 3.39M 0s
[15.164s]  15600K .......... .......... .....                           100% 7.13M=4.7s
[15.165s] 
[15.165s] 2026-03-03 18:01:29 (3.28 MB/s) - ‘/home/essivekkeli/multi_robot_slam_ws/build/multirobot_map_merge/2012-01-28-11-12-01.pgm’ saved [16000058/16000058]
[15.165s] 
[15.165s] Checking MD5 sum of /home/essivekkeli/multi_robot_slam_ws/build/multirobot_map_merge/2012-01-28-11-12-01.pgm
[15.193s] /home/essivekkeli/multi_robot_slam_ws/build/multirobot_map_merge/2012-01-28-11-12-01.pgm: OK
[15.199s] -- Found gtest sources under '/opt/ros/jazzy/src/gtest_vendor': C++ tests using 'Google Test' will be built
[15.205s] -- Found Threads: TRUE  
[15.213s] -- Added test 'cppcheck' to perform static code analysis on C / C++ code
[15.213s] -- Configured cppcheck include dirs: /home/essivekkeli/multi_robot_slam_ws/src/m-explore-ros2/m-explore-ros2-main/map_merge/include;$<BUILD_INTERFACE:/home/essivekkeli/multi_robot_slam_ws/src/m-explore-ros2/m-explore-ros2-main/map_merge/include>
[15.213s] -- Configured cppcheck exclude dirs and/or files: 
[15.215s] -- Added test 'flake8' to check Python code syntax and style conventions
[15.215s] -- Configured 'flake8' exclude dirs and/or files: 
[15.217s] -- Added test 'lint_cmake' to check CMake code style
[15.219s] -- Added test 'pep257' to check Python code against some of the docstring style conventions in PEP 257
[15.222s] -- Added test 'uncrustify' to check C / C++ code style
[15.222s] -- Configured uncrustify additional arguments: 
[15.224s] -- Added test 'xmllint' to check XML markup files
[15.228s] -- Configuring done (14.9s)
[15.394s] -- Generating done (0.1s)
[15.406s] -- Build files have been written to: /home/essivekkeli/multi_robot_slam_ws/build/multirobot_map_merge
[15.420s] Invoked command in '/home/essivekkeli/multi_robot_slam_ws/build/multirobot_map_merge' returned '0': CMAKE_PREFIX_PATH=${CMAKE_PREFIX_PATH}:/home/essivekkeli/multi_robot_slam_ws/install/multi_robot_slam_py:/opt/ros/jazzy DEBUGINFOD_URLS=https://debuginfod.ubuntu.com /usr/bin/cmake /home/essivekkeli/multi_robot_slam_ws/src/m-explore-ros2/m-explore-ros2-main/map_merge -DCMAKE_INSTALL_PREFIX=/home/essivekkeli/multi_robot_slam_ws/install/multirobot_map_merge
[15.422s] Invoking command in '/home/essivekkeli/multi_robot_slam_ws/build/multirobot_map_merge': CMAKE_PREFIX_PATH=${CMAKE_PREFIX_PATH}:/home/essivekkeli/multi_robot_slam_ws/install/multi_robot_slam_py:/opt/ros/jazzy DEBUGINFOD_URLS=https://debuginfod.ubuntu.com /usr/bin/cmake --build /home/essivekkeli/multi_robot_slam_ws/build/multirobot_map_merge -- -j8 -l8
[15.483s] [  8%] [32mBuilding CXX object CMakeFiles/combine_grids.dir/src/combine_grids/grid_compositor.cpp.o[0m
[16.797s] [ 16%] [32mBuilding CXX object CMakeFiles/combine_grids.dir/src/combine_grids/merging_pipeline.cpp.o[0m
[20.797s] [ 25%] [32mBuilding CXX object CMakeFiles/combine_grids.dir/src/combine_grids/grid_warper.cpp.o[0m
[22.106s] [ 33%] [32m[1mLinking CXX static library libcombine_grids.a[0m
[22.190s] [ 33%] Built target combine_grids
[22.219s] [ 41%] [32mBuilding CXX object gtest/CMakeFiles/gtest.dir/src/gtest-all.cc.o[0m
[26.553s] [ 50%] [32m[1mLinking CXX static library libgtest.a[0m
[26.651s] [ 50%] Built target gtest
[26.676s] [ 58%] [32mBuilding CXX object CMakeFiles/map_merge.dir/src/map_merge.cpp.o[0m
[40.734s] [ 66%] [32m[1mLinking CXX executable map_merge[0m
[41.792s] [ 66%] Built target map_merge
[41.819s] [ 75%] [32mBuilding CXX object gtest/CMakeFiles/gtest_main.dir/src/gtest_main.cc.o[0m
[42.739s] [ 83%] [32m[1mLinking CXX static library libgtest_main.a[0m
[42.807s] [ 83%] Built target gtest_main
[42.832s] [ 91%] [32mBuilding CXX object CMakeFiles/test_merging_pipeline.dir/test/test_merging_pipeline.cpp.o[0m
[47.586s] [100%] [32m[1mLinking CXX executable test_merging_pipeline[0m
[48.225s] [100%] Built target test_merging_pipeline
[48.239s] Invoked command in '/home/essivekkeli/multi_robot_slam_ws/build/multirobot_map_merge' returned '0': CMAKE_PREFIX_PATH=${CMAKE_PREFIX_PATH}:/home/essivekkeli/multi_robot_slam_ws/install/multi_robot_slam_py:/opt/ros/jazzy DEBUGINFOD_URLS=https://debuginfod.ubuntu.com /usr/bin/cmake --build /home/essivekkeli/multi_robot_slam_ws/build/multirobot_map_merge -- -j8 -l8
[48.240s] Invoking command in '/home/essivekkeli/multi_robot_slam_ws/build/multirobot_map_merge': CMAKE_PREFIX_PATH=${CMAKE_PREFIX_PATH}:/home/essivekkeli/multi_robot_slam_ws/install/multi_robot_slam_py:/opt/ros/jazzy DEBUGINFOD_URLS=https://debuginfod.ubuntu.com /usr/bin/cmake --install /home/essivekkeli/multi_robot_slam_ws/build/multirobot_map_merge
[48.249s] -- Install configuration: ""
[48.249s] -- Installing: /home/essivekkeli/multi_robot_slam_ws/install/multirobot_map_merge/include/map_merge/
[48.250s] -- Installing: /home/essivekkeli/multi_robot_slam_ws/install/multirobot_map_merge/include/map_merge//ros1_names.hpp
[48.250s] -- Installing: /home/essivekkeli/multi_robot_slam_ws/install/multirobot_map_merge/include/map_merge//map_merge.h
[48.250s] -- Installing: /home/essivekkeli/multi_robot_slam_ws/install/multirobot_map_merge/share/multirobot_map_merge/launch
[48.250s] -- Installing: /home/essivekkeli/multi_robot_slam_ws/install/multirobot_map_merge/share/multirobot_map_merge/launch/map_merge.launch.py
[48.250s] -- Installing: /home/essivekkeli/multi_robot_slam_ws/install/multirobot_map_merge/share/multirobot_map_merge/launch/tb3_simulation
[48.250s] -- Installing: /home/essivekkeli/multi_robot_slam_ws/install/multirobot_map_merge/share/multirobot_map_merge/launch/tb3_simulation/worlds
[48.250s] -- Installing: /home/essivekkeli/multi_robot_slam_ws/install/multirobot_map_merge/share/multirobot_map_merge/launch/tb3_simulation/worlds/world_only.model
[48.251s] -- Installing: /home/essivekkeli/multi_robot_slam_ws/install/multirobot_map_merge/share/multirobot_map_merge/launch/tb3_simulation/config
[48.251s] -- Installing: /home/essivekkeli/multi_robot_slam_ws/install/multirobot_map_merge/share/multirobot_map_merge/launch/tb3_simulation/config/nav2_multirobot_params_1.yaml
[48.251s] -- Installing: /home/essivekkeli/multi_robot_slam_ws/install/multirobot_map_merge/share/multirobot_map_merge/launch/tb3_simulation/config/nav2_multirobot_params_2.yaml
[48.251s] -- Installing: /home/essivekkeli/multi_robot_slam_ws/install/multirobot_map_merge/share/multirobot_map_merge/launch/tb3_simulation/tb3_simulation_launch.py
[48.251s] -- Installing: /home/essivekkeli/multi_robot_slam_ws/install/multirobot_map_merge/share/multirobot_map_merge/launch/tb3_simulation/multi_tb3_simulation_launch.py
[48.251s] -- Installing: /home/essivekkeli/multi_robot_slam_ws/install/multirobot_map_merge/share/multirobot_map_merge/launch/tb3_simulation/slam_toolbox.py
[48.251s] -- Installing: /home/essivekkeli/multi_robot_slam_ws/install/multirobot_map_merge/share/multirobot_map_merge/launch/tb3_simulation/bringup_launch.py
[48.251s] -- Installing: /home/essivekkeli/multi_robot_slam_ws/install/multirobot_map_merge/share/multirobot_map_merge/launch/from_map_server.launch.py
[48.252s] -- Installing: /home/essivekkeli/multi_robot_slam_ws/install/multirobot_map_merge/share/multirobot_map_merge/launch/map_merge.rviz
[48.252s] -- Installing: /home/essivekkeli/multi_robot_slam_ws/install/multirobot_map_merge/share/multirobot_map_merge/config
[48.252s] -- Installing: /home/essivekkeli/multi_robot_slam_ws/install/multirobot_map_merge/share/multirobot_map_merge/config/params.yaml
[48.252s] -- Installing: /home/essivekkeli/multi_robot_slam_ws/install/multirobot_map_merge/lib/libcombine_grids.a
[48.253s] -- Installing: /home/essivekkeli/multi_robot_slam_ws/install/multirobot_map_merge/lib/multirobot_map_merge/map_merge
[48.260s] -- Set non-toolchain portion of runtime path of "/home/essivekkeli/multi_robot_slam_ws/install/multirobot_map_merge/lib/multirobot_map_merge/map_merge" to ""
[48.260s] -- Installing: /home/essivekkeli/multi_robot_slam_ws/install/multirobot_map_merge/share/multirobot_map_merge/environment/library_path.sh
[48.260s] -- Installing: /home/essivekkeli/multi_robot_slam_ws/install/multirobot_map_merge/share/multirobot_map_merge/environment/library_path.dsv
[48.260s] -- Installing: /home/essivekkeli/multi_robot_slam_ws/install/multirobot_map_merge/share/ament_index/resource_index/package_run_dependencies/multirobot_map_merge
[48.260s] -- Installing: /home/essivekkeli/multi_robot_slam_ws/install/multirobot_map_merge/share/ament_index/resource_index/parent_prefix_path/multirobot_map_merge
[48.260s] -- Installing: /home/essivekkeli/multi_robot_slam_ws/install/multirobot_map_merge/share/multirobot_map_merge/environment/ament_prefix_path.sh
[48.261s] -- Installing: /home/essivekkeli/multi_robot_slam_ws/install/multirobot_map_merge/share/multirobot_map_merge/environment/ament_prefix_path.dsv
[48.261s] -- Installing: /home/essivekkeli/multi_robot_slam_ws/install/multirobot_map_merge/share/multirobot_map_merge/environment/path.sh
[48.261s] -- Installing: /home/essivekkeli/multi_robot_slam_ws/install/multirobot_map_merge/share/multirobot_map_merge/environment/path.dsv
[48.261s] -- Installing: /home/essivekkeli/multi_robot_slam_ws/install/multirobot_map_merge/share/multirobot_map_merge/local_setup.bash
[48.261s] -- Installing: /home/essivekkeli/multi_robot_slam_ws/install/multirobot_map_merge/share/multirobot_map_merge/local_setup.sh
[48.261s] -- Installing: /home/essivekkeli/multi_robot_slam_ws/install/multirobot_map_merge/share/multirobot_map_merge/local_setup.zsh
[48.262s] -- Installing: /home/essivekkeli/multi_robot_slam_ws/install/multirobot_map_merge/share/multirobot_map_merge/local_setup.dsv
[48.262s] -- Installing: /home/essivekkeli/multi_robot_slam_ws/install/multirobot_map_merge/share/multirobot_map_merge/package.dsv
[48.262s] -- Installing: /home/essivekkeli/multi_robot_slam_ws/install/multirobot_map_merge/share/ament_index/resource_index/packages/multirobot_map_merge
[48.262s] -- Installing: /home/essivekkeli/multi_robot_slam_ws/install/multirobot_map_merge/share/multirobot_map_merge/cmake/ament_cmake_export_include_directories-extras.cmake
[48.262s] -- Installing: /home/essivekkeli/multi_robot_slam_ws/install/multirobot_map_merge/share/multirobot_map_merge/cmake/ament_cmake_export_libraries-extras.cmake
[48.263s] -- Installing: /home/essivekkeli/multi_robot_slam_ws/install/multirobot_map_merge/share/multirobot_map_merge/cmake/multirobot_map_mergeConfig.cmake
[48.263s] -- Installing: /home/essivekkeli/multi_robot_slam_ws/install/multirobot_map_merge/share/multirobot_map_merge/cmake/multirobot_map_mergeConfig-version.cmake
[48.263s] -- Installing: /home/essivekkeli/multi_robot_slam_ws/install/multirobot_map_merge/share/multirobot_map_merge/package.xml
[48.265s] Invoked command in '/home/essivekkeli/multi_robot_slam_ws/build/multirobot_map_merge' returned '0': CMAKE_PREFIX_PATH=${CMAKE_PREFIX_PATH}:/home/essivekkeli/multi_robot_slam_ws/install/multi_robot_slam_py:/opt/ros/jazzy DEBUGINFOD_URLS=https://debuginfod.ubuntu.com /usr/bin/cmake --install /home/essivekkeli/multi_robot_slam_ws/build/multirobot_map_merge
