running egg_info
creating ../../build/multi_robot_slam_py/multi_robot_slam_py.egg-info
writing ../../build/multi_robot_slam_py/multi_robot_slam_py.egg-info/PKG-INFO
writing dependency_links to ../../build/multi_robot_slam_py/multi_robot_slam_py.egg-info/dependency_links.txt
writing entry points to ../../build/multi_robot_slam_py/multi_robot_slam_py.egg-info/entry_points.txt
writing requirements to ../../build/multi_robot_slam_py/multi_robot_slam_py.egg-info/requires.txt
writing top-level names to ../../build/multi_robot_slam_py/multi_robot_slam_py.egg-info/top_level.txt
writing manifest file '../../build/multi_robot_slam_py/multi_robot_slam_py.egg-info/SOURCES.txt'
reading manifest file '../../build/multi_robot_slam_py/multi_robot_slam_py.egg-info/SOURCES.txt'
writing manifest file '../../build/multi_robot_slam_py/multi_robot_slam_py.egg-info/SOURCES.txt'
running build
running build_py
creating /home/essivekkeli/multi_robot_slam_ws/build/multi_robot_slam_py/build
creating /home/essivekkeli/multi_robot_slam_ws/build/multi_robot_slam_py/build/lib
creating /home/essivekkeli/multi_robot_slam_ws/build/multi_robot_slam_py/build/lib/multi_robot_slam_py
copying multi_robot_slam_py/central_server.py -> /home/essivekkeli/multi_robot_slam_ws/build/multi_robot_slam_py/build/lib/multi_robot_slam_py
copying multi_robot_slam_py/__init__.py -> /home/essivekkeli/multi_robot_slam_ws/build/multi_robot_slam_py/build/lib/multi_robot_slam_py
running install
running install_lib
creating /home/essivekkeli/multi_robot_slam_ws/install/multi_robot_slam_py/lib/python3.12/site-packages/multi_robot_slam_py
copying /home/essivekkeli/multi_robot_slam_ws/build/multi_robot_slam_py/build/lib/multi_robot_slam_py/central_server.py -> /home/essivekkeli/multi_robot_slam_ws/install/multi_robot_slam_py/lib/python3.12/site-packages/multi_robot_slam_py
copying /home/essivekkeli/multi_robot_slam_ws/build/multi_robot_slam_py/build/lib/multi_robot_slam_py/__init__.py -> /home/essivekkeli/multi_robot_slam_ws/install/multi_robot_slam_py/lib/python3.12/site-packages/multi_robot_slam_py
byte-compiling /home/essivekkeli/multi_robot_slam_ws/install/multi_robot_slam_py/lib/python3.12/site-packages/multi_robot_slam_py/central_server.py to central_server.cpython-312.pyc
byte-compiling /home/essivekkeli/multi_robot_slam_ws/install/multi_robot_slam_py/lib/python3.12/site-packages/multi_robot_slam_py/__init__.py to __init__.cpython-312.pyc
running install_data
creating /home/essivekkeli/multi_robot_slam_ws/install/multi_robot_slam_py/share/ament_index
creating /home/essivekkeli/multi_robot_slam_ws/install/multi_robot_slam_py/share/ament_index/resource_index
creating /home/essivekkeli/multi_robot_slam_ws/install/multi_robot_slam_py/share/ament_index/resource_index/packages
copying resource/multi_robot_slam_py -> /home/essivekkeli/multi_robot_slam_ws/install/multi_robot_slam_py/share/ament_index/resource_index/packages
copying package.xml -> /home/essivekkeli/multi_robot_slam_ws/install/multi_robot_slam_py/share/multi_robot_slam_py
running install_egg_info
Copying ../../build/multi_robot_slam_py/multi_robot_slam_py.egg-info to /home/essivekkeli/multi_robot_slam_ws/install/multi_robot_slam_py/lib/python3.12/site-packages/multi_robot_slam_py-0.0.1-py3.12.egg-info
running install_scripts
Installing central_server script to /home/essivekkeli/multi_robot_slam_ws/install/multi_robot_slam_py/lib/multi_robot_slam_py
Installing smooth_circle script to /home/essivekkeli/multi_robot_slam_ws/install/multi_robot_slam_py/lib/multi_robot_slam_py
writing list of installed files to '/home/essivekkeli/multi_robot_slam_ws/build/multi_robot_slam_py/install.log'
