[1.154s] Invoking command in '/home/essivekkeli/multi_robot_slam_ws/src/multi_robot_slam_py': DEBUGINFOD_URLS=https://debuginfod.ubuntu.com PYTHONPATH=/home/essivekkeli/multi_robot_slam_ws/build/multi_robot_slam_py/prefix_override:/usr/lib/python3/dist-packages/colcon_core/task/python/colcon_distutils_commands:/home/essivekkeli/multi_robot_slam_ws/install/multi_robot_slam_py/lib/python3.12/site-packages:${PYTHONPATH} /usr/bin/python3 -W ignore:setup.py install is deprecated -W ignore:easy_install command is deprecated setup.py egg_info --egg-base ../../build/multi_robot_slam_py build --build-base /home/essivekkeli/multi_robot_slam_ws/build/multi_robot_slam_py/build install --record /home/essivekkeli/multi_robot_slam_ws/build/multi_robot_slam_py/install.log --single-version-externally-managed install_data
[1.546s] running egg_info
[1.546s] creating ../../build/multi_robot_slam_py/multi_robot_slam_py.egg-info
[1.574s] writing ../../build/multi_robot_slam_py/multi_robot_slam_py.egg-info/PKG-INFO
[1.574s] writing dependency_links to ../../build/multi_robot_slam_py/multi_robot_slam_py.egg-info/dependency_links.txt
[1.574s] writing entry points to ../../build/multi_robot_slam_py/multi_robot_slam_py.egg-info/entry_points.txt
[1.575s] writing requirements to ../../build/multi_robot_slam_py/multi_robot_slam_py.egg-info/requires.txt
[1.575s] writing top-level names to ../../build/multi_robot_slam_py/multi_robot_slam_py.egg-info/top_level.txt
[1.575s] writing manifest file '../../build/multi_robot_slam_py/multi_robot_slam_py.egg-info/SOURCES.txt'
[1.641s] reading manifest file '../../build/multi_robot_slam_py/multi_robot_slam_py.egg-info/SOURCES.txt'
[1.642s] writing manifest file '../../build/multi_robot_slam_py/multi_robot_slam_py.egg-info/SOURCES.txt'
[1.642s] running build
[1.643s] running build_py
[1.643s] creating /home/essivekkeli/multi_robot_slam_ws/build/multi_robot_slam_py/build
[1.643s] creating /home/essivekkeli/multi_robot_slam_ws/build/multi_robot_slam_py/build/lib
[1.643s] creating /home/essivekkeli/multi_robot_slam_ws/build/multi_robot_slam_py/build/lib/multi_robot_slam_py
[1.643s] copying multi_robot_slam_py/central_server.py -> /home/essivekkeli/multi_robot_slam_ws/build/multi_robot_slam_py/build/lib/multi_robot_slam_py
[1.643s] copying multi_robot_slam_py/__init__.py -> /home/essivekkeli/multi_robot_slam_ws/build/multi_robot_slam_py/build/lib/multi_robot_slam_py
[1.644s] running install
[1.650s] running install_lib
[1.677s] creating /home/essivekkeli/multi_robot_slam_ws/install/multi_robot_slam_py/lib/python3.12/site-packages/multi_robot_slam_py
[1.678s] copying /home/essivekkeli/multi_robot_slam_ws/build/multi_robot_slam_py/build/lib/multi_robot_slam_py/central_server.py -> /home/essivekkeli/multi_robot_slam_ws/install/multi_robot_slam_py/lib/python3.12/site-packages/multi_robot_slam_py
[1.678s] copying /home/essivekkeli/multi_robot_slam_ws/build/multi_robot_slam_py/build/lib/multi_robot_slam_py/__init__.py -> /home/essivekkeli/multi_robot_slam_ws/install/multi_robot_slam_py/lib/python3.12/site-packages/multi_robot_slam_py
[1.678s] byte-compiling /home/essivekkeli/multi_robot_slam_ws/install/multi_robot_slam_py/lib/python3.12/site-packages/multi_robot_slam_py/central_server.py to central_server.cpython-312.pyc
[1.680s] byte-compiling /home/essivekkeli/multi_robot_slam_ws/install/multi_robot_slam_py/lib/python3.12/site-packages/multi_robot_slam_py/__init__.py to __init__.cpython-312.pyc
[1.680s] running install_data
[1.680s] creating /home/essivekkeli/multi_robot_slam_ws/install/multi_robot_slam_py/share/ament_index
[1.681s] creating /home/essivekkeli/multi_robot_slam_ws/install/multi_robot_slam_py/share/ament_index/resource_index
[1.681s] creating /home/essivekkeli/multi_robot_slam_ws/install/multi_robot_slam_py/share/ament_index/resource_index/packages
[1.681s] copying resource/multi_robot_slam_py -> /home/essivekkeli/multi_robot_slam_ws/install/multi_robot_slam_py/share/ament_index/resource_index/packages
[1.681s] copying package.xml -> /home/essivekkeli/multi_robot_slam_ws/install/multi_robot_slam_py/share/multi_robot_slam_py
[1.681s] running install_egg_info
[1.711s] Copying ../../build/multi_robot_slam_py/multi_robot_slam_py.egg-info to /home/essivekkeli/multi_robot_slam_ws/install/multi_robot_slam_py/lib/python3.12/site-packages/multi_robot_slam_py-0.0.1-py3.12.egg-info
[1.712s] running install_scripts
[1.889s] Installing central_server script to /home/essivekkeli/multi_robot_slam_ws/install/multi_robot_slam_py/lib/multi_robot_slam_py
[1.890s] Installing smooth_circle script to /home/essivekkeli/multi_robot_slam_ws/install/multi_robot_slam_py/lib/multi_robot_slam_py
[1.890s] writing list of installed files to '/home/essivekkeli/multi_robot_slam_ws/build/multi_robot_slam_py/install.log'
[1.926s] Invoked command in '/home/essivekkeli/multi_robot_slam_ws/src/multi_robot_slam_py' returned '0': DEBUGINFOD_URLS=https://debuginfod.ubuntu.com PYTHONPATH=/home/essivekkeli/multi_robot_slam_ws/build/multi_robot_slam_py/prefix_override:/usr/lib/python3/dist-packages/colcon_core/task/python/colcon_distutils_commands:/home/essivekkeli/multi_robot_slam_ws/install/multi_robot_slam_py/lib/python3.12/site-packages:${PYTHONPATH} /usr/bin/python3 -W ignore:setup.py install is deprecated -W ignore:easy_install command is deprecated setup.py egg_info --egg-base ../../build/multi_robot_slam_py build --build-base /home/essivekkeli/multi_robot_slam_ws/build/multi_robot_slam_py/build install --record /home/essivekkeli/multi_robot_slam_ws/build/multi_robot_slam_py/install.log --single-version-externally-managed install_data
