[0.024s] Invoking command in '/home/essivekkeli/multi_robot_slam_ws/build/multi_robot_slam': CMAKE_PREFIX_PATH=${CMAKE_PREFIX_PATH}:/home/essivekkeli/multi_robot_slam_ws/install/multi_robot_slam_py:/opt/ros/jazzy DEBUGINFOD_URLS=https://debuginfod.ubuntu.com /usr/bin/cmake /home/essivekkeli/multi_robot_slam_ws/src/multi_robot_slam -DCMAKE_INSTALL_PREFIX=/home/essivekkeli/multi_robot_slam_ws/install/multi_robot_slam
[0.311s] -- The C compiler identification is GNU 13.3.0
[0.311s] -- The CXX compiler identification is GNU 13.3.0
[0.311s] -- Detecting C compiler ABI info
[0.311s] -- Detecting C compiler ABI info - done
[0.317s] -- Check for working C compiler: /usr/bin/cc - skipped
[0.317s] -- Detecting C compile features
[0.318s] -- Detecting C compile features - done
[0.331s] -- Detecting CXX compiler ABI info
[0.478s] -- Detecting CXX compiler ABI info - done
[0.495s] -- Check for working CXX compiler: /usr/bin/c++ - skipped
[0.495s] -- Detecting CXX compile features
[0.496s] -- Detecting CXX compile features - done
[0.501s] -- Found ament_cmake: 2.5.4 (/opt/ros/jazzy/share/ament_cmake/cmake)
[0.723s] -- Found Python3: /usr/bin/python3 (found version "3.12.3") found components: Interpreter 
[0.915s] -- Found rclcpp: 28.1.13 (/opt/ros/jazzy/share/rclcpp/cmake)
[0.987s] -- Found rosidl_generator_c: 4.6.6 (/opt/ros/jazzy/share/rosidl_generator_c/cmake)
[1.011s] -- Found rosidl_generator_cpp: 4.6.6 (/opt/ros/jazzy/share/rosidl_generator_cpp/cmake)
[1.037s] -- Using all available rosidl_typesupport_c: rosidl_typesupport_fastrtps_c;rosidl_typesupport_introspection_c
[1.069s] -- Using all available rosidl_typesupport_cpp: rosidl_typesupport_fastrtps_cpp;rosidl_typesupport_introspection_cpp
[1.193s] -- Found rmw_implementation_cmake: 7.3.2 (/opt/ros/jazzy/share/rmw_implementation_cmake/cmake)
[1.199s] -- Found rmw_fastrtps_cpp: 8.4.3 (/opt/ros/jazzy/share/rmw_fastrtps_cpp/cmake)
[1.328s] -- Found OpenSSL: /usr/lib/x86_64-linux-gnu/libcrypto.so (found version "3.0.13")  
[1.361s] -- Found FastRTPS: /opt/ros/jazzy/include (Required is at least version "2.13") 
[1.405s] -- Using RMW implementation 'rmw_fastrtps_cpp' as default
[1.527s] -- Found std_msgs: 5.3.6 (/opt/ros/jazzy/share/std_msgs/cmake)
[1.548s] -- Found geometry_msgs: 5.3.6 (/opt/ros/jazzy/share/geometry_msgs/cmake)
[1.572s] -- Found sensor_msgs: 5.3.6 (/opt/ros/jazzy/share/sensor_msgs/cmake)
[1.610s] -- Found nav_msgs: 5.3.6 (/opt/ros/jazzy/share/nav_msgs/cmake)
[1.647s] -- Found tf2: 0.36.16 (/opt/ros/jazzy/share/tf2/cmake)
[1.658s] -- Found tf2_ros: 0.36.16 (/opt/ros/jazzy/share/tf2_ros/cmake)
[1.842s] -- Found ament_lint_auto: 0.17.3 (/opt/ros/jazzy/share/ament_lint_auto/cmake)
[2.004s] -- Added test 'copyright' to check source files copyright and LICENSE
[2.009s] -- Added test 'flake8' to check Python code syntax and style conventions
[2.009s] -- Configured 'flake8' exclude dirs and/or files: 
[2.010s] -- Added test 'lint_cmake' to check CMake code style
[2.012s] -- Added test 'pep257' to check Python code against some of the docstring style conventions in PEP 257
[2.014s] -- Added test 'xmllint' to check XML markup files
[2.017s] -- Configuring done (2.0s)
[2.024s] -- Generating done (0.0s)
[2.027s] -- Build files have been written to: /home/essivekkeli/multi_robot_slam_ws/build/multi_robot_slam
[2.039s] Invoked command in '/home/essivekkeli/multi_robot_slam_ws/build/multi_robot_slam' returned '0': CMAKE_PREFIX_PATH=${CMAKE_PREFIX_PATH}:/home/essivekkeli/multi_robot_slam_ws/install/multi_robot_slam_py:/opt/ros/jazzy DEBUGINFOD_URLS=https://debuginfod.ubuntu.com /usr/bin/cmake /home/essivekkeli/multi_robot_slam_ws/src/multi_robot_slam -DCMAKE_INSTALL_PREFIX=/home/essivekkeli/multi_robot_slam_ws/install/multi_robot_slam
[2.041s] Invoking command in '/home/essivekkeli/multi_robot_slam_ws/build/multi_robot_slam': CMAKE_PREFIX_PATH=${CMAKE_PREFIX_PATH}:/home/essivekkeli/multi_robot_slam_ws/install/multi_robot_slam_py:/opt/ros/jazzy DEBUGINFOD_URLS=https://debuginfod.ubuntu.com /usr/bin/cmake --build /home/essivekkeli/multi_robot_slam_ws/build/multi_robot_slam -- -j8 -l8
[2.091s] Invoked command in '/home/essivekkeli/multi_robot_slam_ws/build/multi_robot_slam' returned '0': CMAKE_PREFIX_PATH=${CMAKE_PREFIX_PATH}:/home/essivekkeli/multi_robot_slam_ws/install/multi_robot_slam_py:/opt/ros/jazzy DEBUGINFOD_URLS=https://debuginfod.ubuntu.com /usr/bin/cmake --build /home/essivekkeli/multi_robot_slam_ws/build/multi_robot_slam -- -j8 -l8
[2.104s] Invoking command in '/home/essivekkeli/multi_robot_slam_ws/build/multi_robot_slam': CMAKE_PREFIX_PATH=${CMAKE_PREFIX_PATH}:/home/essivekkeli/multi_robot_slam_ws/install/multi_robot_slam_py:/opt/ros/jazzy DEBUGINFOD_URLS=https://debuginfod.ubuntu.com /usr/bin/cmake --install /home/essivekkeli/multi_robot_slam_ws/build/multi_robot_slam
[2.113s] -- Install configuration: ""
[2.113s] -- Installing: /home/essivekkeli/multi_robot_slam_ws/install/multi_robot_slam/share/multi_robot_slam//launch
[2.114s] -- Installing: /home/essivekkeli/multi_robot_slam_ws/install/multi_robot_slam/share/multi_robot_slam//launch/gz_multi_robot.launch.py
[2.114s] -- Installing: /home/essivekkeli/multi_robot_slam_ws/install/multi_robot_slam/share/multi_robot_slam//launch/multi_robot_nav2.launch.py
[2.114s] -- Installing: /home/essivekkeli/multi_robot_slam_ws/install/multi_robot_slam/share/multi_robot_slam//launch/full_system.launch.py
[2.114s] -- Installing: /home/essivekkeli/multi_robot_slam_ws/install/multi_robot_slam/share/multi_robot_slam//launch/multi_robot_slam.launch.py
[2.115s] -- Installing: /home/essivekkeli/multi_robot_slam_ws/install/multi_robot_slam/share/multi_robot_slam//launch/single_robot_slam.launch.py
[2.115s] -- Installing: /home/essivekkeli/multi_robot_slam_ws/install/multi_robot_slam/share/multi_robot_slam//launch/central_server.launch.py
[2.115s] -- Installing: /home/essivekkeli/multi_robot_slam_ws/install/multi_robot_slam/share/multi_robot_slam//config
[2.115s] -- Installing: /home/essivekkeli/multi_robot_slam_ws/install/multi_robot_slam/share/multi_robot_slam//config/multi_robot_slam.yaml
[2.116s] -- Installing: /home/essivekkeli/multi_robot_slam_ws/install/multi_robot_slam/share/multi_robot_slam//config/rviz_config.rviz
[2.116s] -- Installing: /home/essivekkeli/multi_robot_slam_ws/install/multi_robot_slam/share/multi_robot_slam//config/multi_robot_params.yaml
[2.116s] -- Installing: /home/essivekkeli/multi_robot_slam_ws/install/multi_robot_slam/share/multi_robot_slam//config/robots.yaml
[2.116s] -- Installing: /home/essivekkeli/multi_robot_slam_ws/install/multi_robot_slam/share/multi_robot_slam//config/slam_params.yaml
[2.117s] -- Installing: /home/essivekkeli/multi_robot_slam_ws/install/multi_robot_slam/share/multi_robot_slam//config/nav2
[2.117s] -- Installing: /home/essivekkeli/multi_robot_slam_ws/install/multi_robot_slam/share/multi_robot_slam//config/nav2/nav2_params_base.yaml
[2.117s] -- Installing: /home/essivekkeli/multi_robot_slam_ws/install/multi_robot_slam/share/multi_robot_slam//worlds
[2.117s] -- Installing: /home/essivekkeli/multi_robot_slam_ws/install/multi_robot_slam/share/multi_robot_slam//worlds/multi_robot_world.sdf
[2.118s] -- Installing: /home/essivekkeli/multi_robot_slam_ws/install/multi_robot_slam/share/multi_robot_slam//urdf
[2.118s] -- Installing: /home/essivekkeli/multi_robot_slam_ws/install/multi_robot_slam/share/multi_robot_slam//urdf/robot.urdf.xacro
[2.118s] -- Installing: /home/essivekkeli/multi_robot_slam_ws/install/multi_robot_slam/share/multi_robot_slam//scripts
[2.118s] -- Installing: /home/essivekkeli/multi_robot_slam_ws/install/multi_robot_slam/share/multi_robot_slam//scripts/send_goal.py
[2.119s] -- Installing: /home/essivekkeli/multi_robot_slam_ws/install/multi_robot_slam/share/multi_robot_slam//scripts/smooth_circle.py
[2.119s] -- Installing: /home/essivekkeli/multi_robot_slam_ws/install/multi_robot_slam/share/multi_robot_slam//scripts/odom_to_tf.py
[2.119s] -- Installing: /home/essivekkeli/multi_robot_slam_ws/install/multi_robot_slam/share/multi_robot_slam//scripts/scan_frame_fixer.py
[2.119s] -- Installing: /home/essivekkeli/multi_robot_slam_ws/install/multi_robot_slam/lib/multi_robot_slam/odom_to_tf.py
[2.119s] -- Installing: /home/essivekkeli/multi_robot_slam_ws/install/multi_robot_slam/lib/multi_robot_slam/scan_frame_fixer.py
[2.120s] -- Installing: /home/essivekkeli/multi_robot_slam_ws/install/multi_robot_slam/share/ament_index/resource_index/package_run_dependencies/multi_robot_slam
[2.120s] -- Installing: /home/essivekkeli/multi_robot_slam_ws/install/multi_robot_slam/share/ament_index/resource_index/parent_prefix_path/multi_robot_slam
[2.120s] -- Installing: /home/essivekkeli/multi_robot_slam_ws/install/multi_robot_slam/share/multi_robot_slam/environment/ament_prefix_path.sh
[2.120s] -- Installing: /home/essivekkeli/multi_robot_slam_ws/install/multi_robot_slam/share/multi_robot_slam/environment/ament_prefix_path.dsv
[2.120s] -- Installing: /home/essivekkeli/multi_robot_slam_ws/install/multi_robot_slam/share/multi_robot_slam/environment/path.sh
[2.120s] -- Installing: /home/essivekkeli/multi_robot_slam_ws/install/multi_robot_slam/share/multi_robot_slam/environment/path.dsv
[2.121s] -- Installing: /home/essivekkeli/multi_robot_slam_ws/install/multi_robot_slam/share/multi_robot_slam/local_setup.bash
[2.121s] -- Installing: /home/essivekkeli/multi_robot_slam_ws/install/multi_robot_slam/share/multi_robot_slam/local_setup.sh
[2.121s] -- Installing: /home/essivekkeli/multi_robot_slam_ws/install/multi_robot_slam/share/multi_robot_slam/local_setup.zsh
[2.121s] -- Installing: /home/essivekkeli/multi_robot_slam_ws/install/multi_robot_slam/share/multi_robot_slam/local_setup.dsv
[2.121s] -- Installing: /home/essivekkeli/multi_robot_slam_ws/install/multi_robot_slam/share/multi_robot_slam/package.dsv
[2.122s] -- Installing: /home/essivekkeli/multi_robot_slam_ws/install/multi_robot_slam/share/ament_index/resource_index/packages/multi_robot_slam
[2.122s] -- Installing: /home/essivekkeli/multi_robot_slam_ws/install/multi_robot_slam/share/multi_robot_slam/cmake/multi_robot_slamConfig.cmake
[2.122s] -- Installing: /home/essivekkeli/multi_robot_slam_ws/install/multi_robot_slam/share/multi_robot_slam/cmake/multi_robot_slamConfig-version.cmake
[2.123s] -- Installing: /home/essivekkeli/multi_robot_slam_ws/install/multi_robot_slam/share/multi_robot_slam/package.xml
[2.124s] Invoked command in '/home/essivekkeli/multi_robot_slam_ws/build/multi_robot_slam' returned '0': CMAKE_PREFIX_PATH=${CMAKE_PREFIX_PATH}:/home/essivekkeli/multi_robot_slam_ws/install/multi_robot_slam_py:/opt/ros/jazzy DEBUGINFOD_URLS=https://debuginfod.ubuntu.com /usr/bin/cmake --install /home/essivekkeli/multi_robot_slam_ws/build/multi_robot_slam
