[0.025s] Invoking command in '/home/essivekkeli/multi_robot_slam_ws/build/explore_lite': CMAKE_PREFIX_PATH=${CMAKE_PREFIX_PATH}:/home/essivekkeli/multi_robot_slam_ws/install/multi_robot_slam_py:/opt/ros/jazzy DEBUGINFOD_URLS=https://debuginfod.ubuntu.com /usr/bin/cmake /home/essivekkeli/multi_robot_slam_ws/src/m-explore-ros2/m-explore-ros2-main/explore -DAMENT_CMAKE_SYMLINK_INSTALL=1 -DCMAKE_INSTALL_PREFIX=/home/essivekkeli/multi_robot_slam_ws/install/explore_lite
[0.346s] -- The C compiler identification is GNU 13.3.0
[0.346s] -- The CXX compiler identification is GNU 13.3.0
[0.346s] -- Detecting C compiler ABI info
[0.347s] -- Detecting C compiler ABI info - done
[0.347s] -- Check for working C compiler: /usr/bin/cc - skipped
[0.347s] -- Detecting C compile features
[0.347s] -- Detecting C compile features - done
[0.347s] -- Detecting CXX compiler ABI info
[0.477s] -- Detecting CXX compiler ABI info - done
[0.498s] -- Check for working CXX compiler: /usr/bin/c++ - skipped
[0.499s] -- Detecting CXX compile features
[0.499s] -- Detecting CXX compile features - done
[0.500s] -- BuilD for ROS2: jazzy
[0.507s] -- Found ament_cmake: 2.5.4 (/opt/ros/jazzy/share/ament_cmake/cmake)
[0.753s] -- Found Python3: /usr/bin/python3 (found version "3.12.3") found components: Interpreter 
[0.863s] -- Override CMake install command with custom implementation using symlinks instead of copying resources
[0.931s] -- Found rclcpp: 28.1.13 (/opt/ros/jazzy/share/rclcpp/cmake)
[1.005s] -- Found rosidl_generator_c: 4.6.6 (/opt/ros/jazzy/share/rosidl_generator_c/cmake)
[1.030s] -- Found rosidl_generator_cpp: 4.6.6 (/opt/ros/jazzy/share/rosidl_generator_cpp/cmake)
[1.058s] -- Using all available rosidl_typesupport_c: rosidl_typesupport_fastrtps_c;rosidl_typesupport_introspection_c
[1.089s] -- Using all available rosidl_typesupport_cpp: rosidl_typesupport_fastrtps_cpp;rosidl_typesupport_introspection_cpp
[1.218s] -- Found rmw_implementation_cmake: 7.3.2 (/opt/ros/jazzy/share/rmw_implementation_cmake/cmake)
[1.224s] -- Found rmw_fastrtps_cpp: 8.4.3 (/opt/ros/jazzy/share/rmw_fastrtps_cpp/cmake)
[1.360s] -- Found OpenSSL: /usr/lib/x86_64-linux-gnu/libcrypto.so (found version "3.0.13")  
[1.392s] -- Found FastRTPS: /opt/ros/jazzy/include (Required is at least version "2.13") 
[1.437s] -- Using RMW implementation 'rmw_fastrtps_cpp' as default
[1.585s] -- Found std_msgs: 5.3.6 (/opt/ros/jazzy/share/std_msgs/cmake)
[1.619s] -- Found sensor_msgs: 5.3.6 (/opt/ros/jazzy/share/sensor_msgs/cmake)
[1.699s] -- Found tf2_ros: 0.36.16 (/opt/ros/jazzy/share/tf2_ros/cmake)
[1.981s] -- Found tf2_geometry_msgs: 0.36.16 (/opt/ros/jazzy/share/tf2_geometry_msgs/cmake)
[2.022s] -- Found eigen3_cmake_module: 0.3.0 (/opt/ros/jazzy/share/eigen3_cmake_module/cmake)
[2.024s] -- Found Eigen3: TRUE (found version "3.4.0") 
[2.024s] -- Ensuring Eigen3 include directory is part of orocos-kdl CMake target
[2.034s] -- Found nav2_msgs: 1.3.10 (/opt/ros/jazzy/share/nav2_msgs/cmake)
[2.299s] -- Found map_msgs: 2.4.1 (/opt/ros/jazzy/share/map_msgs/cmake)
[2.360s] -- Found visualization_msgs: 5.3.6 (/opt/ros/jazzy/share/visualization_msgs/cmake)
[2.428s] -- Found nav2_costmap_2d: 1.3.10 (/opt/ros/jazzy/share/nav2_costmap_2d/cmake)
[2.715s] -- Found ament_lint_auto: 0.17.3 (/opt/ros/jazzy/share/ament_lint_auto/cmake)
[2.883s] -- Found ament_cmake_gtest: 2.5.4 (/opt/ros/jazzy/share/ament_cmake_gtest/cmake)
[2.889s] -- Found gtest sources under '/opt/ros/jazzy/src/gtest_vendor': C++ tests using 'Google Test' will be built
[2.893s] -- Performing Test CMAKE_HAVE_LIBC_PTHREAD
[2.996s] -- Performing Test CMAKE_HAVE_LIBC_PTHREAD - Success
[2.998s] -- Found Threads: TRUE  
[3.013s] -- Added test 'cppcheck' to perform static code analysis on C / C++ code
[3.014s] -- Configured cppcheck include dirs: /home/essivekkeli/multi_robot_slam_ws/src/m-explore-ros2/m-explore-ros2-main/explore/include;$<BUILD_INTERFACE:/home/essivekkeli/multi_robot_slam_ws/src/m-explore-ros2/m-explore-ros2-main/explore/include>
[3.014s] -- Configured cppcheck exclude dirs and/or files: 
[3.015s] -- Added test 'flake8' to check Python code syntax and style conventions
[3.015s] -- Configured 'flake8' exclude dirs and/or files: 
[3.016s] -- Added test 'lint_cmake' to check CMake code style
[3.018s] -- Added test 'pep257' to check Python code against some of the docstring style conventions in PEP 257
[3.020s] -- Added test 'uncrustify' to check C / C++ code style
[3.020s] -- Configured uncrustify additional arguments: 
[3.021s] -- Added test 'xmllint' to check XML markup files
[3.026s] -- Configuring done (3.0s)
[3.144s] -- Generating done (0.1s)
[3.157s] -- Build files have been written to: /home/essivekkeli/multi_robot_slam_ws/build/explore_lite
[3.171s] Invoked command in '/home/essivekkeli/multi_robot_slam_ws/build/explore_lite' returned '0': CMAKE_PREFIX_PATH=${CMAKE_PREFIX_PATH}:/home/essivekkeli/multi_robot_slam_ws/install/multi_robot_slam_py:/opt/ros/jazzy DEBUGINFOD_URLS=https://debuginfod.ubuntu.com /usr/bin/cmake /home/essivekkeli/multi_robot_slam_ws/src/m-explore-ros2/m-explore-ros2-main/explore -DAMENT_CMAKE_SYMLINK_INSTALL=1 -DCMAKE_INSTALL_PREFIX=/home/essivekkeli/multi_robot_slam_ws/install/explore_lite
[3.173s] Invoking command in '/home/essivekkeli/multi_robot_slam_ws/build/explore_lite': CMAKE_PREFIX_PATH=${CMAKE_PREFIX_PATH}:/home/essivekkeli/multi_robot_slam_ws/install/multi_robot_slam_py:/opt/ros/jazzy DEBUGINFOD_URLS=https://debuginfod.ubuntu.com /usr/bin/cmake --build /home/essivekkeli/multi_robot_slam_ws/build/explore_lite -- -j8 -l8
[3.235s] [ 10%] [32mBuilding CXX object gtest/CMakeFiles/gtest_main.dir/src/gtest_main.cc.o[0m
[3.238s] [ 30%] [32mBuilding CXX object CMakeFiles/explore.dir/src/costmap_client.cpp.o[0m
[3.238s] [ 30%] [32mBuilding CXX object CMakeFiles/explore.dir/src/frontier_search.cpp.o[0m
[3.239s] [ 40%] [32mBuilding CXX object gtest/CMakeFiles/gtest.dir/src/gtest-all.cc.o[0m
[3.241s] [ 50%] [32mBuilding CXX object CMakeFiles/explore.dir/src/explore.cpp.o[0m
[4.262s] [ 60%] [32m[1mLinking CXX static library libgtest_main.a[0m
[4.370s] [ 60%] Built target gtest_main
[7.871s] [ 70%] [32m[1mLinking CXX static library libgtest.a[0m
[7.969s] [ 70%] Built target gtest
[7.995s] [ 80%] [32mBuilding CXX object CMakeFiles/test_explore.dir/test/test_explore.cpp.o[0m
[9.394s] [ 90%] [32m[1mLinking CXX executable test_explore[0m
[10.431s] [ 90%] Built target test_explore
[18.349s] [100%] [32m[1mLinking CXX executable explore[0m
[20.240s] [100%] Built target explore
[20.253s] Invoked command in '/home/essivekkeli/multi_robot_slam_ws/build/explore_lite' returned '0': CMAKE_PREFIX_PATH=${CMAKE_PREFIX_PATH}:/home/essivekkeli/multi_robot_slam_ws/install/multi_robot_slam_py:/opt/ros/jazzy DEBUGINFOD_URLS=https://debuginfod.ubuntu.com /usr/bin/cmake --build /home/essivekkeli/multi_robot_slam_ws/build/explore_lite -- -j8 -l8
[20.254s] Invoking command in '/home/essivekkeli/multi_robot_slam_ws/build/explore_lite': CMAKE_PREFIX_PATH=${CMAKE_PREFIX_PATH}:/home/essivekkeli/multi_robot_slam_ws/install/multi_robot_slam_py:/opt/ros/jazzy DEBUGINFOD_URLS=https://debuginfod.ubuntu.com /usr/bin/cmake --install /home/essivekkeli/multi_robot_slam_ws/build/explore_lite
[20.263s] -- Install configuration: ""
[20.263s] -- Execute custom install script
[20.264s] -- Symlinking: /home/essivekkeli/multi_robot_slam_ws/install/explore_lite/include/explore//costmap_client.h
[20.274s] -- Symlinking: /home/essivekkeli/multi_robot_slam_ws/install/explore_lite/include/explore//costmap_tools.h
[20.284s] -- Symlinking: /home/essivekkeli/multi_robot_slam_ws/install/explore_lite/include/explore//explore.h
[20.293s] -- Symlinking: /home/essivekkeli/multi_robot_slam_ws/install/explore_lite/include/explore//frontier_search.h
[20.304s] -- Symlinking: /home/essivekkeli/multi_robot_slam_ws/install/explore_lite/share/explore_lite/config/params.yaml
[20.314s] -- Symlinking: /home/essivekkeli/multi_robot_slam_ws/install/explore_lite/share/explore_lite/config/params_costmap.yaml
[20.324s] -- Symlinking: /home/essivekkeli/multi_robot_slam_ws/install/explore_lite/share/explore_lite/launch/explore.launch.py
[20.334s] -- Symlinking: /home/essivekkeli/multi_robot_slam_ws/install/explore_lite/lib/explore_lite/explore
[20.345s] -- Symlinking: /home/essivekkeli/multi_robot_slam_ws/install/explore_lite/share/ament_index/resource_index/package_run_dependencies/explore_lite
[20.356s] -- Symlinking: /home/essivekkeli/multi_robot_slam_ws/install/explore_lite/share/ament_index/resource_index/parent_prefix_path/explore_lite
[20.366s] -- Symlinking: /home/essivekkeli/multi_robot_slam_ws/install/explore_lite/share/explore_lite/environment/ament_prefix_path.sh
[20.376s] -- Symlinking: /home/essivekkeli/multi_robot_slam_ws/install/explore_lite/share/explore_lite/environment/ament_prefix_path.dsv
[20.386s] -- Symlinking: /home/essivekkeli/multi_robot_slam_ws/install/explore_lite/share/explore_lite/environment/path.sh
[20.396s] -- Symlinking: /home/essivekkeli/multi_robot_slam_ws/install/explore_lite/share/explore_lite/environment/path.dsv
[20.406s] -- Symlinking: /home/essivekkeli/multi_robot_slam_ws/install/explore_lite/share/explore_lite/local_setup.bash
[20.417s] -- Symlinking: /home/essivekkeli/multi_robot_slam_ws/install/explore_lite/share/explore_lite/local_setup.sh
[20.427s] -- Symlinking: /home/essivekkeli/multi_robot_slam_ws/install/explore_lite/share/explore_lite/local_setup.zsh
[20.437s] -- Symlinking: /home/essivekkeli/multi_robot_slam_ws/install/explore_lite/share/explore_lite/local_setup.dsv
[20.448s] -- Symlinking: /home/essivekkeli/multi_robot_slam_ws/install/explore_lite/share/explore_lite/package.dsv
[20.458s] -- Symlinking: /home/essivekkeli/multi_robot_slam_ws/install/explore_lite/share/ament_index/resource_index/packages/explore_lite
[20.469s] -- Symlinking: /home/essivekkeli/multi_robot_slam_ws/install/explore_lite/share/explore_lite/cmake/ament_cmake_export_include_directories-extras.cmake
[20.480s] -- Symlinking: /home/essivekkeli/multi_robot_slam_ws/install/explore_lite/share/explore_lite/cmake/explore_liteConfig.cmake
[20.489s] -- Symlinking: /home/essivekkeli/multi_robot_slam_ws/install/explore_lite/share/explore_lite/cmake/explore_liteConfig-version.cmake
[20.500s] -- Symlinking: /home/essivekkeli/multi_robot_slam_ws/install/explore_lite/share/explore_lite/package.xml
[20.512s] Invoked command in '/home/essivekkeli/multi_robot_slam_ws/build/explore_lite' returned '0': CMAKE_PREFIX_PATH=${CMAKE_PREFIX_PATH}:/home/essivekkeli/multi_robot_slam_ws/install/multi_robot_slam_py:/opt/ros/jazzy DEBUGINFOD_URLS=https://debuginfod.ubuntu.com /usr/bin/cmake --install /home/essivekkeli/multi_robot_slam_ws/build/explore_lite
