[0.113s] DEBUG:colcon:Command line arguments: ['/usr/bin/colcon', 'build']
[0.114s] DEBUG:colcon:Parsed command line arguments: Namespace(log_base=None, log_level=None, verb_name='build', build_base='build', install_base='install', merge_install=False, symlink_install=False, test_result_base=None, continue_on_error=False, executor='parallel', parallel_workers=8, event_handlers=None, ignore_user_meta=False, metas=['./colcon.meta'], base_paths=['.'], packages_ignore=None, packages_ignore_regex=None, paths=None, packages_up_to=None, packages_up_to_regex=None, packages_above=None, packages_above_and_dependencies=None, packages_above_depth=None, packages_select_by_dep=None, packages_skip_by_dep=None, packages_skip_up_to=None, packages_select_build_failed=False, packages_skip_build_finished=False, packages_select_test_failures=False, packages_skip_test_passed=False, packages_select=None, packages_skip=None, packages_select_regex=None, packages_skip_regex=None, packages_start=None, packages_end=None, allow_overriding=[], cmake_args=None, cmake_target=None, cmake_target_skip_unavailable=False, cmake_clean_cache=False, cmake_clean_first=False, cmake_force_configure=False, ament_cmake_args=None, catkin_cmake_args=None, catkin_skip_building_tests=False, mixin_files=None, mixin=None, verb_parser=<colcon_mixin.mixin.mixin_argument.MixinArgumentDecorator object at 0x7821cf2acda0>, verb_extension=<colcon_core.verb.build.BuildVerb object at 0x7821cf2ac860>, main=<bound method BuildVerb.main of <colcon_core.verb.build.BuildVerb object at 0x7821cf2ac860>>, mixin_verb=('build',))
[0.156s] Level 1:colcon.colcon_core.package_discovery:discover_packages(colcon_meta) check parameters
[0.156s] Level 1:colcon.colcon_core.package_discovery:discover_packages(recursive) check parameters
[0.156s] Level 1:colcon.colcon_core.package_discovery:discover_packages(ignore) check parameters
[0.156s] Level 1:colcon.colcon_core.package_discovery:discover_packages(path) check parameters
[0.156s] Level 1:colcon.colcon_core.package_discovery:discover_packages(colcon_meta) discover
[0.157s] Level 1:colcon.colcon_core.package_discovery:discover_packages(recursive) discover
[0.157s] INFO:colcon.colcon_core.package_discovery:Crawling recursively for packages in '/home/essivekkeli/multi_robot_slam_ws'
[0.157s] Level 1:colcon.colcon_core.package_identification:_identify(.) by extensions ['ignore', 'ignore_ament_install']
[0.157s] Level 1:colcon.colcon_core.package_identification:_identify(.) by extension 'ignore'
[0.157s] Level 1:colcon.colcon_core.package_identification:_identify(.) by extension 'ignore_ament_install'
[0.157s] Level 1:colcon.colcon_core.package_identification:_identify(.) by extensions ['colcon_pkg']
[0.157s] Level 1:colcon.colcon_core.package_identification:_identify(.) by extension 'colcon_pkg'
[0.157s] Level 1:colcon.colcon_core.package_identification:_identify(.) by extensions ['colcon_meta']
[0.157s] Level 1:colcon.colcon_core.package_identification:_identify(.) by extension 'colcon_meta'
[0.157s] Level 1:colcon.colcon_core.package_identification:_identify(.) by extensions ['ros']
[0.157s] Level 1:colcon.colcon_core.package_identification:_identify(.) by extension 'ros'
[0.183s] Level 1:colcon.colcon_core.package_identification:_identify(.) by extensions ['cmake', 'python']
[0.183s] Level 1:colcon.colcon_core.package_identification:_identify(.) by extension 'cmake'
[0.183s] Level 1:colcon.colcon_core.package_identification:_identify(.) by extension 'python'
[0.183s] Level 1:colcon.colcon_core.package_identification:_identify(.) by extensions ['python_setup_py']
[0.183s] Level 1:colcon.colcon_core.package_identification:_identify(.) by extension 'python_setup_py'
[0.183s] Level 1:colcon.colcon_core.package_identification:_identify(build) by extensions ['ignore', 'ignore_ament_install']
[0.184s] Level 1:colcon.colcon_core.package_identification:_identify(build) by extension 'ignore'
[0.184s] Level 1:colcon.colcon_core.package_identification:_identify(build) ignored
[0.184s] Level 1:colcon.colcon_core.package_identification:_identify(docs) by extensions ['ignore', 'ignore_ament_install']
[0.184s] Level 1:colcon.colcon_core.package_identification:_identify(docs) by extension 'ignore'
[0.184s] Level 1:colcon.colcon_core.package_identification:_identify(docs) by extension 'ignore_ament_install'
[0.184s] Level 1:colcon.colcon_core.package_identification:_identify(docs) by extensions ['colcon_pkg']
[0.184s] Level 1:colcon.colcon_core.package_identification:_identify(docs) by extension 'colcon_pkg'
[0.184s] Level 1:colcon.colcon_core.package_identification:_identify(docs) by extensions ['colcon_meta']
[0.184s] Level 1:colcon.colcon_core.package_identification:_identify(docs) by extension 'colcon_meta'
[0.184s] Level 1:colcon.colcon_core.package_identification:_identify(docs) by extensions ['ros']
[0.184s] Level 1:colcon.colcon_core.package_identification:_identify(docs) by extension 'ros'
[0.184s] Level 1:colcon.colcon_core.package_identification:_identify(docs) by extensions ['cmake', 'python']
[0.184s] Level 1:colcon.colcon_core.package_identification:_identify(docs) by extension 'cmake'
[0.184s] Level 1:colcon.colcon_core.package_identification:_identify(docs) by extension 'python'
[0.184s] Level 1:colcon.colcon_core.package_identification:_identify(docs) by extensions ['python_setup_py']
[0.184s] Level 1:colcon.colcon_core.package_identification:_identify(docs) by extension 'python_setup_py'
[0.185s] Level 1:colcon.colcon_core.package_identification:_identify(install) by extensions ['ignore', 'ignore_ament_install']
[0.185s] Level 1:colcon.colcon_core.package_identification:_identify(install) by extension 'ignore'
[0.185s] Level 1:colcon.colcon_core.package_identification:_identify(install) ignored
[0.185s] Level 1:colcon.colcon_core.package_identification:_identify(log) by extensions ['ignore', 'ignore_ament_install']
[0.185s] Level 1:colcon.colcon_core.package_identification:_identify(log) by extension 'ignore'
[0.185s] Level 1:colcon.colcon_core.package_identification:_identify(log) ignored
[0.185s] Level 1:colcon.colcon_core.package_identification:_identify(src) by extensions ['ignore', 'ignore_ament_install']
[0.185s] Level 1:colcon.colcon_core.package_identification:_identify(src) by extension 'ignore'
[0.185s] Level 1:colcon.colcon_core.package_identification:_identify(src) by extension 'ignore_ament_install'
[0.185s] Level 1:colcon.colcon_core.package_identification:_identify(src) by extensions ['colcon_pkg']
[0.185s] Level 1:colcon.colcon_core.package_identification:_identify(src) by extension 'colcon_pkg'
[0.185s] Level 1:colcon.colcon_core.package_identification:_identify(src) by extensions ['colcon_meta']
[0.185s] Level 1:colcon.colcon_core.package_identification:_identify(src) by extension 'colcon_meta'
[0.185s] Level 1:colcon.colcon_core.package_identification:_identify(src) by extensions ['ros']
[0.185s] Level 1:colcon.colcon_core.package_identification:_identify(src) by extension 'ros'
[0.185s] Level 1:colcon.colcon_core.package_identification:_identify(src) by extensions ['cmake', 'python']
[0.185s] Level 1:colcon.colcon_core.package_identification:_identify(src) by extension 'cmake'
[0.185s] Level 1:colcon.colcon_core.package_identification:_identify(src) by extension 'python'
[0.185s] Level 1:colcon.colcon_core.package_identification:_identify(src) by extensions ['python_setup_py']
[0.185s] Level 1:colcon.colcon_core.package_identification:_identify(src) by extension 'python_setup_py'
[0.186s] Level 1:colcon.colcon_core.package_identification:_identify(src/m-explore-ros2) by extensions ['ignore', 'ignore_ament_install']
[0.186s] Level 1:colcon.colcon_core.package_identification:_identify(src/m-explore-ros2) by extension 'ignore'
[0.186s] Level 1:colcon.colcon_core.package_identification:_identify(src/m-explore-ros2) by extension 'ignore_ament_install'
[0.186s] Level 1:colcon.colcon_core.package_identification:_identify(src/m-explore-ros2) by extensions ['colcon_pkg']
[0.186s] Level 1:colcon.colcon_core.package_identification:_identify(src/m-explore-ros2) by extension 'colcon_pkg'
[0.186s] Level 1:colcon.colcon_core.package_identification:_identify(src/m-explore-ros2) by extensions ['colcon_meta']
[0.186s] Level 1:colcon.colcon_core.package_identification:_identify(src/m-explore-ros2) by extension 'colcon_meta'
[0.186s] Level 1:colcon.colcon_core.package_identification:_identify(src/m-explore-ros2) by extensions ['ros']
[0.186s] Level 1:colcon.colcon_core.package_identification:_identify(src/m-explore-ros2) by extension 'ros'
[0.186s] Level 1:colcon.colcon_core.package_identification:_identify(src/m-explore-ros2) by extensions ['cmake', 'python']
[0.186s] Level 1:colcon.colcon_core.package_identification:_identify(src/m-explore-ros2) by extension 'cmake'
[0.186s] Level 1:colcon.colcon_core.package_identification:_identify(src/m-explore-ros2) by extension 'python'
[0.186s] Level 1:colcon.colcon_core.package_identification:_identify(src/m-explore-ros2) by extensions ['python_setup_py']
[0.186s] Level 1:colcon.colcon_core.package_identification:_identify(src/m-explore-ros2) by extension 'python_setup_py'
[0.186s] Level 1:colcon.colcon_core.package_identification:_identify(src/m-explore-ros2/m-explore-ros2-main) by extensions ['ignore', 'ignore_ament_install']
[0.186s] Level 1:colcon.colcon_core.package_identification:_identify(src/m-explore-ros2/m-explore-ros2-main) by extension 'ignore'
[0.186s] Level 1:colcon.colcon_core.package_identification:_identify(src/m-explore-ros2/m-explore-ros2-main) by extension 'ignore_ament_install'
[0.186s] Level 1:colcon.colcon_core.package_identification:_identify(src/m-explore-ros2/m-explore-ros2-main) by extensions ['colcon_pkg']
[0.186s] Level 1:colcon.colcon_core.package_identification:_identify(src/m-explore-ros2/m-explore-ros2-main) by extension 'colcon_pkg'
[0.187s] Level 1:colcon.colcon_core.package_identification:_identify(src/m-explore-ros2/m-explore-ros2-main) by extensions ['colcon_meta']
[0.187s] Level 1:colcon.colcon_core.package_identification:_identify(src/m-explore-ros2/m-explore-ros2-main) by extension 'colcon_meta'
[0.187s] Level 1:colcon.colcon_core.package_identification:_identify(src/m-explore-ros2/m-explore-ros2-main) by extensions ['ros']
[0.187s] Level 1:colcon.colcon_core.package_identification:_identify(src/m-explore-ros2/m-explore-ros2-main) by extension 'ros'
[0.187s] Level 1:colcon.colcon_core.package_identification:_identify(src/m-explore-ros2/m-explore-ros2-main) by extensions ['cmake', 'python']
[0.187s] Level 1:colcon.colcon_core.package_identification:_identify(src/m-explore-ros2/m-explore-ros2-main) by extension 'cmake'
[0.187s] Level 1:colcon.colcon_core.package_identification:_identify(src/m-explore-ros2/m-explore-ros2-main) by extension 'python'
[0.187s] Level 1:colcon.colcon_core.package_identification:_identify(src/m-explore-ros2/m-explore-ros2-main) by extensions ['python_setup_py']
[0.187s] Level 1:colcon.colcon_core.package_identification:_identify(src/m-explore-ros2/m-explore-ros2-main) by extension 'python_setup_py'
[0.187s] Level 1:colcon.colcon_core.package_identification:_identify(src/m-explore-ros2/m-explore-ros2-main/explore) by extensions ['ignore', 'ignore_ament_install']
[0.187s] Level 1:colcon.colcon_core.package_identification:_identify(src/m-explore-ros2/m-explore-ros2-main/explore) by extension 'ignore'
[0.187s] Level 1:colcon.colcon_core.package_identification:_identify(src/m-explore-ros2/m-explore-ros2-main/explore) by extension 'ignore_ament_install'
[0.187s] Level 1:colcon.colcon_core.package_identification:_identify(src/m-explore-ros2/m-explore-ros2-main/explore) by extensions ['colcon_pkg']
[0.187s] Level 1:colcon.colcon_core.package_identification:_identify(src/m-explore-ros2/m-explore-ros2-main/explore) by extension 'colcon_pkg'
[0.187s] Level 1:colcon.colcon_core.package_identification:_identify(src/m-explore-ros2/m-explore-ros2-main/explore) by extensions ['colcon_meta']
[0.187s] Level 1:colcon.colcon_core.package_identification:_identify(src/m-explore-ros2/m-explore-ros2-main/explore) by extension 'colcon_meta'
[0.187s] Level 1:colcon.colcon_core.package_identification:_identify(src/m-explore-ros2/m-explore-ros2-main/explore) by extensions ['ros']
[0.187s] Level 1:colcon.colcon_core.package_identification:_identify(src/m-explore-ros2/m-explore-ros2-main/explore) by extension 'ros'
[0.191s] DEBUG:colcon.colcon_core.package_identification:Package 'src/m-explore-ros2/m-explore-ros2-main/explore' with type 'ros.ament_cmake' and name 'explore_lite'
[0.191s] Level 1:colcon.colcon_core.package_identification:_identify(src/m-explore-ros2/m-explore-ros2-main/map_merge) by extensions ['ignore', 'ignore_ament_install']
[0.191s] Level 1:colcon.colcon_core.package_identification:_identify(src/m-explore-ros2/m-explore-ros2-main/map_merge) by extension 'ignore'
[0.191s] Level 1:colcon.colcon_core.package_identification:_identify(src/m-explore-ros2/m-explore-ros2-main/map_merge) by extension 'ignore_ament_install'
[0.191s] Level 1:colcon.colcon_core.package_identification:_identify(src/m-explore-ros2/m-explore-ros2-main/map_merge) by extensions ['colcon_pkg']
[0.191s] Level 1:colcon.colcon_core.package_identification:_identify(src/m-explore-ros2/m-explore-ros2-main/map_merge) by extension 'colcon_pkg'
[0.191s] Level 1:colcon.colcon_core.package_identification:_identify(src/m-explore-ros2/m-explore-ros2-main/map_merge) by extensions ['colcon_meta']
[0.191s] Level 1:colcon.colcon_core.package_identification:_identify(src/m-explore-ros2/m-explore-ros2-main/map_merge) by extension 'colcon_meta'
[0.191s] Level 1:colcon.colcon_core.package_identification:_identify(src/m-explore-ros2/m-explore-ros2-main/map_merge) by extensions ['ros']
[0.191s] Level 1:colcon.colcon_core.package_identification:_identify(src/m-explore-ros2/m-explore-ros2-main/map_merge) by extension 'ros'
[0.192s] DEBUG:colcon.colcon_core.package_identification:Package 'src/m-explore-ros2/m-explore-ros2-main/map_merge' with type 'ros.ament_cmake' and name 'multirobot_map_merge'
[0.192s] Level 1:colcon.colcon_core.package_identification:_identify(src/multi_robot_slam) by extensions ['ignore', 'ignore_ament_install']
[0.192s] Level 1:colcon.colcon_core.package_identification:_identify(src/multi_robot_slam) by extension 'ignore'
[0.193s] Level 1:colcon.colcon_core.package_identification:_identify(src/multi_robot_slam) by extension 'ignore_ament_install'
[0.193s] Level 1:colcon.colcon_core.package_identification:_identify(src/multi_robot_slam) by extensions ['colcon_pkg']
[0.193s] Level 1:colcon.colcon_core.package_identification:_identify(src/multi_robot_slam) by extension 'colcon_pkg'
[0.193s] Level 1:colcon.colcon_core.package_identification:_identify(src/multi_robot_slam) by extensions ['colcon_meta']
[0.193s] Level 1:colcon.colcon_core.package_identification:_identify(src/multi_robot_slam) by extension 'colcon_meta'
[0.193s] Level 1:colcon.colcon_core.package_identification:_identify(src/multi_robot_slam) by extensions ['ros']
[0.193s] Level 1:colcon.colcon_core.package_identification:_identify(src/multi_robot_slam) by extension 'ros'
[0.195s] DEBUG:colcon.colcon_core.package_identification:Package 'src/multi_robot_slam' with type 'ros.ament_cmake' and name 'multi_robot_slam'
[0.195s] Level 1:colcon.colcon_core.package_identification:_identify(src/multi_robot_slam_py) by extensions ['ignore', 'ignore_ament_install']
[0.195s] Level 1:colcon.colcon_core.package_identification:_identify(src/multi_robot_slam_py) by extension 'ignore'
[0.195s] Level 1:colcon.colcon_core.package_identification:_identify(src/multi_robot_slam_py) by extension 'ignore_ament_install'
[0.195s] Level 1:colcon.colcon_core.package_identification:_identify(src/multi_robot_slam_py) by extensions ['colcon_pkg']
[0.195s] Level 1:colcon.colcon_core.package_identification:_identify(src/multi_robot_slam_py) by extension 'colcon_pkg'
[0.195s] Level 1:colcon.colcon_core.package_identification:_identify(src/multi_robot_slam_py) by extensions ['colcon_meta']
[0.195s] Level 1:colcon.colcon_core.package_identification:_identify(src/multi_robot_slam_py) by extension 'colcon_meta'
[0.195s] Level 1:colcon.colcon_core.package_identification:_identify(src/multi_robot_slam_py) by extensions ['ros']
[0.195s] Level 1:colcon.colcon_core.package_identification:_identify(src/multi_robot_slam_py) by extension 'ros'
[0.196s] DEBUG:colcon.colcon_core.package_identification:Package 'src/multi_robot_slam_py' with type 'ros.ament_python' and name 'multi_robot_slam_py'
[0.196s] Level 1:colcon.colcon_core.package_discovery:discover_packages(recursive) using defaults
[0.196s] Level 1:colcon.colcon_core.package_discovery:discover_packages(ignore) discover
[0.196s] Level 1:colcon.colcon_core.package_discovery:discover_packages(ignore) using defaults
[0.196s] Level 1:colcon.colcon_core.package_discovery:discover_packages(path) discover
[0.196s] Level 1:colcon.colcon_core.package_discovery:discover_packages(path) using defaults
[0.213s] Level 1:colcon.colcon_core.package_discovery:discover_packages(prefix_path) check parameters
[0.213s] Level 1:colcon.colcon_core.package_discovery:discover_packages(prefix_path) discover
[0.214s] WARNING:colcon.colcon_ros.prefix_path.ament:The path '/home/essivekkeli/multi_robot_slam_ws/install/multirobot_map_merge' in the environment variable AMENT_PREFIX_PATH doesn't exist
[0.214s] WARNING:colcon.colcon_ros.prefix_path.ament:The path '/home/essivekkeli/multi_robot_slam_ws/install/multi_robot_slam_py' in the environment variable AMENT_PREFIX_PATH doesn't exist
[0.214s] WARNING:colcon.colcon_ros.prefix_path.ament:The path '/home/essivekkeli/multi_robot_slam_ws/install/multi_robot_slam' in the environment variable AMENT_PREFIX_PATH doesn't exist
[0.215s] WARNING:colcon.colcon_ros.prefix_path.ament:The path '/home/essivekkeli/multi_robot_slam_ws/install/explore_lite' in the environment variable AMENT_PREFIX_PATH doesn't exist
[0.215s] WARNING:colcon.colcon_ros.prefix_path.catkin:The path '/home/essivekkeli/multi_robot_slam_ws/install/multirobot_map_merge' in the environment variable CMAKE_PREFIX_PATH doesn't exist
[0.215s] WARNING:colcon.colcon_ros.prefix_path.catkin:The path '/home/essivekkeli/multi_robot_slam_ws/install/multi_robot_slam' in the environment variable CMAKE_PREFIX_PATH doesn't exist
[0.215s] WARNING:colcon.colcon_ros.prefix_path.catkin:The path '/home/essivekkeli/multi_robot_slam_ws/install/explore_lite' in the environment variable CMAKE_PREFIX_PATH doesn't exist
[0.216s] DEBUG:colcon.colcon_installed_package_information.package_discovery:Found 0 installed packages in /home/essivekkeli/multi_robot_slam_ws/install
[0.219s] DEBUG:colcon.colcon_installed_package_information.package_discovery:Found 381 installed packages in /opt/ros/jazzy
[0.220s] Level 1:colcon.colcon_core.package_discovery:discover_packages(prefix_path) using defaults
[0.280s] Level 5:colcon.colcon_core.verb:set package 'explore_lite' build argument 'cmake_args' from command line to 'None'
[0.280s] Level 5:colcon.colcon_core.verb:set package 'explore_lite' build argument 'cmake_target' from command line to 'None'
[0.280s] Level 5:colcon.colcon_core.verb:set package 'explore_lite' build argument 'cmake_target_skip_unavailable' from command line to 'False'
[0.280s] Level 5:colcon.colcon_core.verb:set package 'explore_lite' build argument 'cmake_clean_cache' from command line to 'False'
[0.280s] Level 5:colcon.colcon_core.verb:set package 'explore_lite' build argument 'cmake_clean_first' from command line to 'False'
[0.280s] Level 5:colcon.colcon_core.verb:set package 'explore_lite' build argument 'cmake_force_configure' from command line to 'False'
[0.280s] Level 5:colcon.colcon_core.verb:set package 'explore_lite' build argument 'ament_cmake_args' from command line to 'None'
[0.280s] Level 5:colcon.colcon_core.verb:set package 'explore_lite' build argument 'catkin_cmake_args' from command line to 'None'
[0.280s] Level 5:colcon.colcon_core.verb:set package 'explore_lite' build argument 'catkin_skip_building_tests' from command line to 'False'
[0.280s] DEBUG:colcon.colcon_core.verb:Building package 'explore_lite' with the following arguments: {'ament_cmake_args': None, 'build_base': '/home/essivekkeli/multi_robot_slam_ws/build/explore_lite', 'catkin_cmake_args': None, 'catkin_skip_building_tests': False, 'cmake_args': None, 'cmake_clean_cache': False, 'cmake_clean_first': False, 'cmake_force_configure': False, 'cmake_target': None, 'cmake_target_skip_unavailable': False, 'install_base': '/home/essivekkeli/multi_robot_slam_ws/install/explore_lite', 'merge_install': False, 'path': '/home/essivekkeli/multi_robot_slam_ws/src/m-explore-ros2/m-explore-ros2-main/explore', 'symlink_install': False, 'test_result_base': None}
[0.280s] Level 5:colcon.colcon_core.verb:set package 'multi_robot_slam' build argument 'cmake_args' from command line to 'None'
[0.280s] Level 5:colcon.colcon_core.verb:set package 'multi_robot_slam' build argument 'cmake_target' from command line to 'None'
[0.281s] Level 5:colcon.colcon_core.verb:set package 'multi_robot_slam' build argument 'cmake_target_skip_unavailable' from command line to 'False'
[0.281s] Level 5:colcon.colcon_core.verb:set package 'multi_robot_slam' build argument 'cmake_clean_cache' from command line to 'False'
[0.281s] Level 5:colcon.colcon_core.verb:set package 'multi_robot_slam' build argument 'cmake_clean_first' from command line to 'False'
[0.281s] Level 5:colcon.colcon_core.verb:set package 'multi_robot_slam' build argument 'cmake_force_configure' from command line to 'False'
[0.281s] Level 5:colcon.colcon_core.verb:set package 'multi_robot_slam' build argument 'ament_cmake_args' from command line to 'None'
[0.281s] Level 5:colcon.colcon_core.verb:set package 'multi_robot_slam' build argument 'catkin_cmake_args' from command line to 'None'
[0.281s] Level 5:colcon.colcon_core.verb:set package 'multi_robot_slam' build argument 'catkin_skip_building_tests' from command line to 'False'
[0.281s] DEBUG:colcon.colcon_core.verb:Building package 'multi_robot_slam' with the following arguments: {'ament_cmake_args': None, 'build_base': '/home/essivekkeli/multi_robot_slam_ws/build/multi_robot_slam', 'catkin_cmake_args': None, 'catkin_skip_building_tests': False, 'cmake_args': None, 'cmake_clean_cache': False, 'cmake_clean_first': False, 'cmake_force_configure': False, 'cmake_target': None, 'cmake_target_skip_unavailable': False, 'install_base': '/home/essivekkeli/multi_robot_slam_ws/install/multi_robot_slam', 'merge_install': False, 'path': '/home/essivekkeli/multi_robot_slam_ws/src/multi_robot_slam', 'symlink_install': False, 'test_result_base': None}
[0.281s] Level 5:colcon.colcon_core.verb:set package 'multi_robot_slam_py' build argument 'cmake_args' from command line to 'None'
[0.281s] Level 5:colcon.colcon_core.verb:set package 'multi_robot_slam_py' build argument 'cmake_target' from command line to 'None'
[0.281s] Level 5:colcon.colcon_core.verb:set package 'multi_robot_slam_py' build argument 'cmake_target_skip_unavailable' from command line to 'False'
[0.281s] Level 5:colcon.colcon_core.verb:set package 'multi_robot_slam_py' build argument 'cmake_clean_cache' from command line to 'False'
[0.281s] Level 5:colcon.colcon_core.verb:set package 'multi_robot_slam_py' build argument 'cmake_clean_first' from command line to 'False'
[0.281s] Level 5:colcon.colcon_core.verb:set package 'multi_robot_slam_py' build argument 'cmake_force_configure' from command line to 'False'
[0.281s] Level 5:colcon.colcon_core.verb:set package 'multi_robot_slam_py' build argument 'ament_cmake_args' from command line to 'None'
[0.281s] Level 5:colcon.colcon_core.verb:set package 'multi_robot_slam_py' build argument 'catkin_cmake_args' from command line to 'None'
[0.281s] Level 5:colcon.colcon_core.verb:set package 'multi_robot_slam_py' build argument 'catkin_skip_building_tests' from command line to 'False'
[0.281s] DEBUG:colcon.colcon_core.verb:Building package 'multi_robot_slam_py' with the following arguments: {'ament_cmake_args': None, 'build_base': '/home/essivekkeli/multi_robot_slam_ws/build/multi_robot_slam_py', 'catkin_cmake_args': None, 'catkin_skip_building_tests': False, 'cmake_args': None, 'cmake_clean_cache': False, 'cmake_clean_first': False, 'cmake_force_configure': False, 'cmake_target': None, 'cmake_target_skip_unavailable': False, 'install_base': '/home/essivekkeli/multi_robot_slam_ws/install/multi_robot_slam_py', 'merge_install': False, 'path': '/home/essivekkeli/multi_robot_slam_ws/src/multi_robot_slam_py', 'symlink_install': False, 'test_result_base': None}
[0.281s] Level 5:colcon.colcon_core.verb:set package 'multirobot_map_merge' build argument 'cmake_args' from command line to 'None'
[0.281s] Level 5:colcon.colcon_core.verb:set package 'multirobot_map_merge' build argument 'cmake_target' from command line to 'None'
[0.281s] Level 5:colcon.colcon_core.verb:set package 'multirobot_map_merge' build argument 'cmake_target_skip_unavailable' from command line to 'False'
[0.281s] Level 5:colcon.colcon_core.verb:set package 'multirobot_map_merge' build argument 'cmake_clean_cache' from command line to 'False'
[0.281s] Level 5:colcon.colcon_core.verb:set package 'multirobot_map_merge' build argument 'cmake_clean_first' from command line to 'False'
[0.281s] Level 5:colcon.colcon_core.verb:set package 'multirobot_map_merge' build argument 'cmake_force_configure' from command line to 'False'
[0.282s] Level 5:colcon.colcon_core.verb:set package 'multirobot_map_merge' build argument 'ament_cmake_args' from command line to 'None'
[0.282s] Level 5:colcon.colcon_core.verb:set package 'multirobot_map_merge' build argument 'catkin_cmake_args' from command line to 'None'
[0.282s] Level 5:colcon.colcon_core.verb:set package 'multirobot_map_merge' build argument 'catkin_skip_building_tests' from command line to 'False'
[0.282s] DEBUG:colcon.colcon_core.verb:Building package 'multirobot_map_merge' with the following arguments: {'ament_cmake_args': None, 'build_base': '/home/essivekkeli/multi_robot_slam_ws/build/multirobot_map_merge', 'catkin_cmake_args': None, 'catkin_skip_building_tests': False, 'cmake_args': None, 'cmake_clean_cache': False, 'cmake_clean_first': False, 'cmake_force_configure': False, 'cmake_target': None, 'cmake_target_skip_unavailable': False, 'install_base': '/home/essivekkeli/multi_robot_slam_ws/install/multirobot_map_merge', 'merge_install': False, 'path': '/home/essivekkeli/multi_robot_slam_ws/src/m-explore-ros2/m-explore-ros2-main/map_merge', 'symlink_install': False, 'test_result_base': None}
[0.282s] INFO:colcon.colcon_core.executor:Executing jobs using 'parallel' executor
[0.283s] DEBUG:colcon.colcon_parallel_executor.executor.parallel:run_until_complete
[0.283s] INFO:colcon.colcon_ros.task.ament_cmake.build:Building ROS package in '/home/essivekkeli/multi_robot_slam_ws/src/m-explore-ros2/m-explore-ros2-main/explore' with build type 'ament_cmake'
[0.283s] INFO:colcon.colcon_cmake.task.cmake.build:Building CMake package in '/home/essivekkeli/multi_robot_slam_ws/src/m-explore-ros2/m-explore-ros2-main/explore'
[0.285s] INFO:colcon.colcon_core.plugin_system:Skipping extension 'colcon_core.shell.bat': Not used on non-Windows systems
[0.285s] INFO:colcon.colcon_core.shell:Skip shell extension 'powershell' for command environment: Not usable outside of PowerShell
[0.285s] DEBUG:colcon.colcon_core.shell:Skip shell extension 'dsv' for command environment
[0.289s] INFO:colcon.colcon_ros.task.ament_cmake.build:Building ROS package in '/home/essivekkeli/multi_robot_slam_ws/src/multi_robot_slam' with build type 'ament_cmake'
[0.289s] INFO:colcon.colcon_cmake.task.cmake.build:Building CMake package in '/home/essivekkeli/multi_robot_slam_ws/src/multi_robot_slam'
[0.289s] INFO:colcon.colcon_core.shell:Skip shell extension 'powershell' for command environment: Not usable outside of PowerShell
[0.289s] DEBUG:colcon.colcon_core.shell:Skip shell extension 'dsv' for command environment
[0.294s] INFO:colcon.colcon_ros.task.ament_python.build:Building ROS package in '/home/essivekkeli/multi_robot_slam_ws/src/multi_robot_slam_py' with build type 'ament_python'
[0.294s] Level 1:colcon.colcon_core.shell:create_environment_hook('multi_robot_slam_py', 'ament_prefix_path')
[0.294s] INFO:colcon.colcon_core.shell:Creating environment hook '/home/essivekkeli/multi_robot_slam_ws/install/multi_robot_slam_py/share/multi_robot_slam_py/hook/ament_prefix_path.ps1'
[0.296s] INFO:colcon.colcon_core.shell:Creating environment descriptor '/home/essivekkeli/multi_robot_slam_ws/install/multi_robot_slam_py/share/multi_robot_slam_py/hook/ament_prefix_path.dsv'
[0.296s] INFO:colcon.colcon_core.shell:Creating environment hook '/home/essivekkeli/multi_robot_slam_ws/install/multi_robot_slam_py/share/multi_robot_slam_py/hook/ament_prefix_path.sh'
[0.297s] INFO:colcon.colcon_core.shell:Skip shell extension 'powershell' for command environment: Not usable outside of PowerShell
[0.297s] DEBUG:colcon.colcon_core.shell:Skip shell extension 'dsv' for command environment
[0.301s] INFO:colcon.colcon_ros.task.ament_cmake.build:Building ROS package in '/home/essivekkeli/multi_robot_slam_ws/src/m-explore-ros2/m-explore-ros2-main/map_merge' with build type 'ament_cmake'
[0.301s] INFO:colcon.colcon_cmake.task.cmake.build:Building CMake package in '/home/essivekkeli/multi_robot_slam_ws/src/m-explore-ros2/m-explore-ros2-main/map_merge'
[0.301s] INFO:colcon.colcon_core.shell:Skip shell extension 'powershell' for command environment: Not usable outside of PowerShell
[0.301s] DEBUG:colcon.colcon_core.shell:Skip shell extension 'dsv' for command environment
[0.311s] DEBUG:colcon.colcon_core.event_handler.log_command:Invoking command in '/home/essivekkeli/multi_robot_slam_ws/build/explore_lite': CMAKE_PREFIX_PATH=${CMAKE_PREFIX_PATH}:/home/essivekkeli/multi_robot_slam_ws/install/multi_robot_slam_py:/opt/ros/jazzy DEBUGINFOD_URLS=https://debuginfod.ubuntu.com /usr/bin/cmake /home/essivekkeli/multi_robot_slam_ws/src/m-explore-ros2/m-explore-ros2-main/explore -DCMAKE_INSTALL_PREFIX=/home/essivekkeli/multi_robot_slam_ws/install/explore_lite
[0.314s] DEBUG:colcon.colcon_core.event_handler.log_command:Invoking command in '/home/essivekkeli/multi_robot_slam_ws/build/multi_robot_slam': CMAKE_PREFIX_PATH=${CMAKE_PREFIX_PATH}:/home/essivekkeli/multi_robot_slam_ws/install/multi_robot_slam_py:/opt/ros/jazzy DEBUGINFOD_URLS=https://debuginfod.ubuntu.com /usr/bin/cmake /home/essivekkeli/multi_robot_slam_ws/src/multi_robot_slam -DCMAKE_INSTALL_PREFIX=/home/essivekkeli/multi_robot_slam_ws/install/multi_robot_slam
[0.594s] INFO:colcon.colcon_core.task.python.build:Building Python package in '/home/essivekkeli/multi_robot_slam_ws/src/multi_robot_slam_py'
[0.594s] INFO:colcon.colcon_core.shell:Skip shell extension 'powershell' for command environment: Not usable outside of PowerShell
[0.594s] DEBUG:colcon.colcon_core.shell:Skip shell extension 'dsv' for command environment
[0.603s] DEBUG:colcon.colcon_core.event_handler.log_command:Invoking command in '/home/essivekkeli/multi_robot_slam_ws/build/multirobot_map_merge': CMAKE_PREFIX_PATH=${CMAKE_PREFIX_PATH}:/home/essivekkeli/multi_robot_slam_ws/install/multi_robot_slam_py:/opt/ros/jazzy DEBUGINFOD_URLS=https://debuginfod.ubuntu.com /usr/bin/cmake /home/essivekkeli/multi_robot_slam_ws/src/m-explore-ros2/m-explore-ros2-main/map_merge -DCMAKE_INSTALL_PREFIX=/home/essivekkeli/multi_robot_slam_ws/install/multirobot_map_merge
[1.449s] DEBUG:colcon.colcon_core.event_handler.log_command:Invoking command in '/home/essivekkeli/multi_robot_slam_ws/src/multi_robot_slam_py': DEBUGINFOD_URLS=https://debuginfod.ubuntu.com PYTHONPATH=/home/essivekkeli/multi_robot_slam_ws/build/multi_robot_slam_py/prefix_override:/usr/lib/python3/dist-packages/colcon_core/task/python/colcon_distutils_commands:/home/essivekkeli/multi_robot_slam_ws/install/multi_robot_slam_py/lib/python3.12/site-packages:${PYTHONPATH} /usr/bin/python3 -W ignore:setup.py install is deprecated -W ignore:easy_install command is deprecated setup.py egg_info --egg-base ../../build/multi_robot_slam_py build --build-base /home/essivekkeli/multi_robot_slam_ws/build/multi_robot_slam_py/build install --record /home/essivekkeli/multi_robot_slam_ws/build/multi_robot_slam_py/install.log --single-version-externally-managed install_data
[2.221s] DEBUG:colcon.colcon_core.event_handler.log_command:Invoked command in '/home/essivekkeli/multi_robot_slam_ws/src/multi_robot_slam_py' returned '0': DEBUGINFOD_URLS=https://debuginfod.ubuntu.com PYTHONPATH=/home/essivekkeli/multi_robot_slam_ws/build/multi_robot_slam_py/prefix_override:/usr/lib/python3/dist-packages/colcon_core/task/python/colcon_distutils_commands:/home/essivekkeli/multi_robot_slam_ws/install/multi_robot_slam_py/lib/python3.12/site-packages:${PYTHONPATH} /usr/bin/python3 -W ignore:setup.py install is deprecated -W ignore:easy_install command is deprecated setup.py egg_info --egg-base ../../build/multi_robot_slam_py build --build-base /home/essivekkeli/multi_robot_slam_ws/build/multi_robot_slam_py/build install --record /home/essivekkeli/multi_robot_slam_ws/build/multi_robot_slam_py/install.log --single-version-externally-managed install_data
[2.223s] Level 1:colcon.colcon_core.environment:checking '/home/essivekkeli/multi_robot_slam_ws/install/multi_robot_slam_py' for CMake module files
[2.224s] Level 1:colcon.colcon_core.environment:checking '/home/essivekkeli/multi_robot_slam_ws/install/multi_robot_slam_py' for CMake config files
[2.225s] Level 1:colcon.colcon_core.environment:checking '/home/essivekkeli/multi_robot_slam_ws/install/multi_robot_slam_py/lib'
[2.225s] Level 1:colcon.colcon_core.environment:checking '/home/essivekkeli/multi_robot_slam_ws/install/multi_robot_slam_py/bin'
[2.225s] Level 1:colcon.colcon_core.environment:checking '/home/essivekkeli/multi_robot_slam_ws/install/multi_robot_slam_py/lib/pkgconfig/multi_robot_slam_py.pc'
[2.225s] Level 1:colcon.colcon_core.environment:checking '/home/essivekkeli/multi_robot_slam_ws/install/multi_robot_slam_py/lib/python3.12/site-packages'
[2.225s] Level 1:colcon.colcon_core.shell:create_environment_hook('multi_robot_slam_py', 'pythonpath')
[2.225s] INFO:colcon.colcon_core.shell:Creating environment hook '/home/essivekkeli/multi_robot_slam_ws/install/multi_robot_slam_py/share/multi_robot_slam_py/hook/pythonpath.ps1'
[2.226s] INFO:colcon.colcon_core.shell:Creating environment descriptor '/home/essivekkeli/multi_robot_slam_ws/install/multi_robot_slam_py/share/multi_robot_slam_py/hook/pythonpath.dsv'
[2.226s] INFO:colcon.colcon_core.shell:Creating environment hook '/home/essivekkeli/multi_robot_slam_ws/install/multi_robot_slam_py/share/multi_robot_slam_py/hook/pythonpath.sh'
[2.227s] Level 1:colcon.colcon_core.environment:checking '/home/essivekkeli/multi_robot_slam_ws/install/multi_robot_slam_py/bin'
[2.227s] Level 1:colcon.colcon_core.environment:create_environment_scripts_only(multi_robot_slam_py)
[2.227s] INFO:colcon.colcon_core.shell:Creating package script '/home/essivekkeli/multi_robot_slam_ws/install/multi_robot_slam_py/share/multi_robot_slam_py/package.ps1'
[2.228s] INFO:colcon.colcon_core.shell:Creating package descriptor '/home/essivekkeli/multi_robot_slam_ws/install/multi_robot_slam_py/share/multi_robot_slam_py/package.dsv'
[2.228s] INFO:colcon.colcon_core.shell:Creating package script '/home/essivekkeli/multi_robot_slam_ws/install/multi_robot_slam_py/share/multi_robot_slam_py/package.sh'
[2.229s] INFO:colcon.colcon_core.shell:Creating package script '/home/essivekkeli/multi_robot_slam_ws/install/multi_robot_slam_py/share/multi_robot_slam_py/package.bash'
[2.230s] INFO:colcon.colcon_core.shell:Creating package script '/home/essivekkeli/multi_robot_slam_ws/install/multi_robot_slam_py/share/multi_robot_slam_py/package.zsh'
[2.230s] Level 1:colcon.colcon_core.environment:create_file_with_runtime_dependencies(/home/essivekkeli/multi_robot_slam_ws/install/multi_robot_slam_py/share/colcon-core/packages/multi_robot_slam_py)
[2.329s] DEBUG:colcon.colcon_core.event_handler.log_command:Invoked command in '/home/essivekkeli/multi_robot_slam_ws/build/multi_robot_slam' returned '0': CMAKE_PREFIX_PATH=${CMAKE_PREFIX_PATH}:/home/essivekkeli/multi_robot_slam_ws/install/multi_robot_slam_py:/opt/ros/jazzy DEBUGINFOD_URLS=https://debuginfod.ubuntu.com /usr/bin/cmake /home/essivekkeli/multi_robot_slam_ws/src/multi_robot_slam -DCMAKE_INSTALL_PREFIX=/home/essivekkeli/multi_robot_slam_ws/install/multi_robot_slam
[2.331s] DEBUG:colcon.colcon_core.event_handler.log_command:Invoking command in '/home/essivekkeli/multi_robot_slam_ws/build/multi_robot_slam': CMAKE_PREFIX_PATH=${CMAKE_PREFIX_PATH}:/home/essivekkeli/multi_robot_slam_ws/install/multi_robot_slam_py:/opt/ros/jazzy DEBUGINFOD_URLS=https://debuginfod.ubuntu.com /usr/bin/cmake --build /home/essivekkeli/multi_robot_slam_ws/build/multi_robot_slam -- -j8 -l8
[2.381s] DEBUG:colcon.colcon_core.event_handler.log_command:Invoked command in '/home/essivekkeli/multi_robot_slam_ws/build/multi_robot_slam' returned '0': CMAKE_PREFIX_PATH=${CMAKE_PREFIX_PATH}:/home/essivekkeli/multi_robot_slam_ws/install/multi_robot_slam_py:/opt/ros/jazzy DEBUGINFOD_URLS=https://debuginfod.ubuntu.com /usr/bin/cmake --build /home/essivekkeli/multi_robot_slam_ws/build/multi_robot_slam -- -j8 -l8
[2.393s] DEBUG:colcon.colcon_core.event_handler.log_command:Invoking command in '/home/essivekkeli/multi_robot_slam_ws/build/multi_robot_slam': CMAKE_PREFIX_PATH=${CMAKE_PREFIX_PATH}:/home/essivekkeli/multi_robot_slam_ws/install/multi_robot_slam_py:/opt/ros/jazzy DEBUGINFOD_URLS=https://debuginfod.ubuntu.com /usr/bin/cmake --install /home/essivekkeli/multi_robot_slam_ws/build/multi_robot_slam
[2.412s] Level 1:colcon.colcon_core.environment:create_environment_scripts_only(multi_robot_slam)
[2.412s] Level 1:colcon.colcon_core.environment:checking '/home/essivekkeli/multi_robot_slam_ws/install/multi_robot_slam' for CMake module files
[2.413s] DEBUG:colcon.colcon_core.event_handler.log_command:Invoked command in '/home/essivekkeli/multi_robot_slam_ws/build/multi_robot_slam' returned '0': CMAKE_PREFIX_PATH=${CMAKE_PREFIX_PATH}:/home/essivekkeli/multi_robot_slam_ws/install/multi_robot_slam_py:/opt/ros/jazzy DEBUGINFOD_URLS=https://debuginfod.ubuntu.com /usr/bin/cmake --install /home/essivekkeli/multi_robot_slam_ws/build/multi_robot_slam
[2.414s] Level 1:colcon.colcon_core.environment:checking '/home/essivekkeli/multi_robot_slam_ws/install/multi_robot_slam' for CMake config files
[2.414s] Level 1:colcon.colcon_core.shell:create_environment_hook('multi_robot_slam', 'cmake_prefix_path')
[2.414s] INFO:colcon.colcon_core.shell:Creating environment hook '/home/essivekkeli/multi_robot_slam_ws/install/multi_robot_slam/share/multi_robot_slam/hook/cmake_prefix_path.ps1'
[2.415s] INFO:colcon.colcon_core.shell:Creating environment descriptor '/home/essivekkeli/multi_robot_slam_ws/install/multi_robot_slam/share/multi_robot_slam/hook/cmake_prefix_path.dsv'
[2.416s] INFO:colcon.colcon_core.shell:Creating environment hook '/home/essivekkeli/multi_robot_slam_ws/install/multi_robot_slam/share/multi_robot_slam/hook/cmake_prefix_path.sh'
[2.416s] Level 1:colcon.colcon_core.environment:checking '/home/essivekkeli/multi_robot_slam_ws/install/multi_robot_slam/lib'
[2.416s] Level 1:colcon.colcon_core.environment:checking '/home/essivekkeli/multi_robot_slam_ws/install/multi_robot_slam/bin'
[2.417s] Level 1:colcon.colcon_core.environment:checking '/home/essivekkeli/multi_robot_slam_ws/install/multi_robot_slam/lib/pkgconfig/multi_robot_slam.pc'
[2.417s] Level 1:colcon.colcon_core.environment:checking '/home/essivekkeli/multi_robot_slam_ws/install/multi_robot_slam/lib/python3.12/site-packages'
[2.418s] Level 1:colcon.colcon_core.environment:checking '/home/essivekkeli/multi_robot_slam_ws/install/multi_robot_slam/bin'
[2.418s] INFO:colcon.colcon_core.shell:Creating package script '/home/essivekkeli/multi_robot_slam_ws/install/multi_robot_slam/share/multi_robot_slam/package.ps1'
[2.418s] INFO:colcon.colcon_core.shell:Creating package descriptor '/home/essivekkeli/multi_robot_slam_ws/install/multi_robot_slam/share/multi_robot_slam/package.dsv'
[2.419s] INFO:colcon.colcon_core.shell:Creating package script '/home/essivekkeli/multi_robot_slam_ws/install/multi_robot_slam/share/multi_robot_slam/package.sh'
[2.420s] INFO:colcon.colcon_core.shell:Creating package script '/home/essivekkeli/multi_robot_slam_ws/install/multi_robot_slam/share/multi_robot_slam/package.bash'
[2.420s] INFO:colcon.colcon_core.shell:Creating package script '/home/essivekkeli/multi_robot_slam_ws/install/multi_robot_slam/share/multi_robot_slam/package.zsh'
[2.420s] Level 1:colcon.colcon_core.environment:create_file_with_runtime_dependencies(/home/essivekkeli/multi_robot_slam_ws/install/multi_robot_slam/share/colcon-core/packages/multi_robot_slam)
[2.421s] Level 1:colcon.colcon_core.environment:create_environment_scripts_only(multi_robot_slam)
[2.421s] Level 1:colcon.colcon_core.environment:checking '/home/essivekkeli/multi_robot_slam_ws/install/multi_robot_slam' for CMake module files
[2.422s] Level 1:colcon.colcon_core.environment:checking '/home/essivekkeli/multi_robot_slam_ws/install/multi_robot_slam' for CMake config files
[2.423s] Level 1:colcon.colcon_core.shell:create_environment_hook('multi_robot_slam', 'cmake_prefix_path')
[2.423s] INFO:colcon.colcon_core.shell:Creating environment hook '/home/essivekkeli/multi_robot_slam_ws/install/multi_robot_slam/share/multi_robot_slam/hook/cmake_prefix_path.ps1'
[2.423s] INFO:colcon.colcon_core.shell:Creating environment descriptor '/home/essivekkeli/multi_robot_slam_ws/install/multi_robot_slam/share/multi_robot_slam/hook/cmake_prefix_path.dsv'
[2.424s] INFO:colcon.colcon_core.shell:Creating environment hook '/home/essivekkeli/multi_robot_slam_ws/install/multi_robot_slam/share/multi_robot_slam/hook/cmake_prefix_path.sh'
[2.425s] Level 1:colcon.colcon_core.environment:checking '/home/essivekkeli/multi_robot_slam_ws/install/multi_robot_slam/lib'
[2.425s] Level 1:colcon.colcon_core.environment:checking '/home/essivekkeli/multi_robot_slam_ws/install/multi_robot_slam/bin'
[2.425s] Level 1:colcon.colcon_core.environment:checking '/home/essivekkeli/multi_robot_slam_ws/install/multi_robot_slam/lib/pkgconfig/multi_robot_slam.pc'
[2.425s] Level 1:colcon.colcon_core.environment:checking '/home/essivekkeli/multi_robot_slam_ws/install/multi_robot_slam/lib/python3.12/site-packages'
[2.426s] Level 1:colcon.colcon_core.environment:checking '/home/essivekkeli/multi_robot_slam_ws/install/multi_robot_slam/bin'
[2.426s] INFO:colcon.colcon_core.shell:Creating package script '/home/essivekkeli/multi_robot_slam_ws/install/multi_robot_slam/share/multi_robot_slam/package.ps1'
[2.427s] INFO:colcon.colcon_core.shell:Creating package descriptor '/home/essivekkeli/multi_robot_slam_ws/install/multi_robot_slam/share/multi_robot_slam/package.dsv'
[2.428s] INFO:colcon.colcon_core.shell:Creating package script '/home/essivekkeli/multi_robot_slam_ws/install/multi_robot_slam/share/multi_robot_slam/package.sh'
[2.428s] INFO:colcon.colcon_core.shell:Creating package script '/home/essivekkeli/multi_robot_slam_ws/install/multi_robot_slam/share/multi_robot_slam/package.bash'
[2.429s] INFO:colcon.colcon_core.shell:Creating package script '/home/essivekkeli/multi_robot_slam_ws/install/multi_robot_slam/share/multi_robot_slam/package.zsh'
[2.430s] Level 1:colcon.colcon_core.environment:create_file_with_runtime_dependencies(/home/essivekkeli/multi_robot_slam_ws/install/multi_robot_slam/share/colcon-core/packages/multi_robot_slam)
[2.994s] DEBUG:colcon.colcon_core.event_handler.log_command:Invoked command in '/home/essivekkeli/multi_robot_slam_ws/build/explore_lite' returned '0': CMAKE_PREFIX_PATH=${CMAKE_PREFIX_PATH}:/home/essivekkeli/multi_robot_slam_ws/install/multi_robot_slam_py:/opt/ros/jazzy DEBUGINFOD_URLS=https://debuginfod.ubuntu.com /usr/bin/cmake /home/essivekkeli/multi_robot_slam_ws/src/m-explore-ros2/m-explore-ros2-main/explore -DCMAKE_INSTALL_PREFIX=/home/essivekkeli/multi_robot_slam_ws/install/explore_lite
[2.995s] DEBUG:colcon.colcon_core.event_handler.log_command:Invoking command in '/home/essivekkeli/multi_robot_slam_ws/build/explore_lite': CMAKE_PREFIX_PATH=${CMAKE_PREFIX_PATH}:/home/essivekkeli/multi_robot_slam_ws/install/multi_robot_slam_py:/opt/ros/jazzy DEBUGINFOD_URLS=https://debuginfod.ubuntu.com /usr/bin/cmake --build /home/essivekkeli/multi_robot_slam_ws/build/explore_lite -- -j8 -l8
[15.721s] DEBUG:colcon.colcon_core.event_handler.log_command:Invoked command in '/home/essivekkeli/multi_robot_slam_ws/build/multirobot_map_merge' returned '0': CMAKE_PREFIX_PATH=${CMAKE_PREFIX_PATH}:/home/essivekkeli/multi_robot_slam_ws/install/multi_robot_slam_py:/opt/ros/jazzy DEBUGINFOD_URLS=https://debuginfod.ubuntu.com /usr/bin/cmake /home/essivekkeli/multi_robot_slam_ws/src/m-explore-ros2/m-explore-ros2-main/map_merge -DCMAKE_INSTALL_PREFIX=/home/essivekkeli/multi_robot_slam_ws/install/multirobot_map_merge
[15.723s] DEBUG:colcon.colcon_core.event_handler.log_command:Invoking command in '/home/essivekkeli/multi_robot_slam_ws/build/multirobot_map_merge': CMAKE_PREFIX_PATH=${CMAKE_PREFIX_PATH}:/home/essivekkeli/multi_robot_slam_ws/install/multi_robot_slam_py:/opt/ros/jazzy DEBUGINFOD_URLS=https://debuginfod.ubuntu.com /usr/bin/cmake --build /home/essivekkeli/multi_robot_slam_ws/build/multirobot_map_merge -- -j8 -l8
[44.035s] DEBUG:colcon.colcon_core.event_handler.log_command:Invoked command in '/home/essivekkeli/multi_robot_slam_ws/build/explore_lite' returned '0': CMAKE_PREFIX_PATH=${CMAKE_PREFIX_PATH}:/home/essivekkeli/multi_robot_slam_ws/install/multi_robot_slam_py:/opt/ros/jazzy DEBUGINFOD_URLS=https://debuginfod.ubuntu.com /usr/bin/cmake --build /home/essivekkeli/multi_robot_slam_ws/build/explore_lite -- -j8 -l8
[44.037s] DEBUG:colcon.colcon_core.event_handler.log_command:Invoking command in '/home/essivekkeli/multi_robot_slam_ws/build/explore_lite': CMAKE_PREFIX_PATH=${CMAKE_PREFIX_PATH}:/home/essivekkeli/multi_robot_slam_ws/install/multi_robot_slam_py:/opt/ros/jazzy DEBUGINFOD_URLS=https://debuginfod.ubuntu.com /usr/bin/cmake --install /home/essivekkeli/multi_robot_slam_ws/build/explore_lite
[44.061s] Level 1:colcon.colcon_core.environment:create_environment_scripts_only(explore_lite)
[44.061s] Level 1:colcon.colcon_core.environment:checking '/home/essivekkeli/multi_robot_slam_ws/install/explore_lite' for CMake module files
[44.062s] DEBUG:colcon.colcon_core.event_handler.log_command:Invoked command in '/home/essivekkeli/multi_robot_slam_ws/build/explore_lite' returned '0': CMAKE_PREFIX_PATH=${CMAKE_PREFIX_PATH}:/home/essivekkeli/multi_robot_slam_ws/install/multi_robot_slam_py:/opt/ros/jazzy DEBUGINFOD_URLS=https://debuginfod.ubuntu.com /usr/bin/cmake --install /home/essivekkeli/multi_robot_slam_ws/build/explore_lite
[44.062s] Level 1:colcon.colcon_core.environment:checking '/home/essivekkeli/multi_robot_slam_ws/install/explore_lite' for CMake config files
[44.063s] Level 1:colcon.colcon_core.shell:create_environment_hook('explore_lite', 'cmake_prefix_path')
[44.063s] INFO:colcon.colcon_core.shell:Creating environment hook '/home/essivekkeli/multi_robot_slam_ws/install/explore_lite/share/explore_lite/hook/cmake_prefix_path.ps1'
[44.063s] INFO:colcon.colcon_core.shell:Creating environment descriptor '/home/essivekkeli/multi_robot_slam_ws/install/explore_lite/share/explore_lite/hook/cmake_prefix_path.dsv'
[44.064s] INFO:colcon.colcon_core.shell:Creating environment hook '/home/essivekkeli/multi_robot_slam_ws/install/explore_lite/share/explore_lite/hook/cmake_prefix_path.sh'
[44.064s] Level 1:colcon.colcon_core.environment:checking '/home/essivekkeli/multi_robot_slam_ws/install/explore_lite/lib'
[44.064s] Level 1:colcon.colcon_core.environment:checking '/home/essivekkeli/multi_robot_slam_ws/install/explore_lite/bin'
[44.064s] Level 1:colcon.colcon_core.environment:checking '/home/essivekkeli/multi_robot_slam_ws/install/explore_lite/lib/pkgconfig/explore_lite.pc'
[44.065s] Level 1:colcon.colcon_core.environment:checking '/home/essivekkeli/multi_robot_slam_ws/install/explore_lite/lib/python3.12/site-packages'
[44.065s] Level 1:colcon.colcon_core.environment:checking '/home/essivekkeli/multi_robot_slam_ws/install/explore_lite/bin'
[44.065s] INFO:colcon.colcon_core.shell:Creating package script '/home/essivekkeli/multi_robot_slam_ws/install/explore_lite/share/explore_lite/package.ps1'
[44.066s] INFO:colcon.colcon_core.shell:Creating package descriptor '/home/essivekkeli/multi_robot_slam_ws/install/explore_lite/share/explore_lite/package.dsv'
[44.066s] INFO:colcon.colcon_core.shell:Creating package script '/home/essivekkeli/multi_robot_slam_ws/install/explore_lite/share/explore_lite/package.sh'
[44.066s] INFO:colcon.colcon_core.shell:Creating package script '/home/essivekkeli/multi_robot_slam_ws/install/explore_lite/share/explore_lite/package.bash'
[44.067s] INFO:colcon.colcon_core.shell:Creating package script '/home/essivekkeli/multi_robot_slam_ws/install/explore_lite/share/explore_lite/package.zsh'
[44.067s] Level 1:colcon.colcon_core.environment:create_file_with_runtime_dependencies(/home/essivekkeli/multi_robot_slam_ws/install/explore_lite/share/colcon-core/packages/explore_lite)
[44.068s] Level 1:colcon.colcon_core.environment:create_environment_scripts_only(explore_lite)
[44.068s] Level 1:colcon.colcon_core.environment:checking '/home/essivekkeli/multi_robot_slam_ws/install/explore_lite' for CMake module files
[44.068s] Level 1:colcon.colcon_core.environment:checking '/home/essivekkeli/multi_robot_slam_ws/install/explore_lite' for CMake config files
[44.069s] Level 1:colcon.colcon_core.shell:create_environment_hook('explore_lite', 'cmake_prefix_path')
[44.069s] INFO:colcon.colcon_core.shell:Creating environment hook '/home/essivekkeli/multi_robot_slam_ws/install/explore_lite/share/explore_lite/hook/cmake_prefix_path.ps1'
[44.069s] INFO:colcon.colcon_core.shell:Creating environment descriptor '/home/essivekkeli/multi_robot_slam_ws/install/explore_lite/share/explore_lite/hook/cmake_prefix_path.dsv'
[44.070s] INFO:colcon.colcon_core.shell:Creating environment hook '/home/essivekkeli/multi_robot_slam_ws/install/explore_lite/share/explore_lite/hook/cmake_prefix_path.sh'
[44.070s] Level 1:colcon.colcon_core.environment:checking '/home/essivekkeli/multi_robot_slam_ws/install/explore_lite/lib'
[44.070s] Level 1:colcon.colcon_core.environment:checking '/home/essivekkeli/multi_robot_slam_ws/install/explore_lite/bin'
[44.070s] Level 1:colcon.colcon_core.environment:checking '/home/essivekkeli/multi_robot_slam_ws/install/explore_lite/lib/pkgconfig/explore_lite.pc'
[44.071s] Level 1:colcon.colcon_core.environment:checking '/home/essivekkeli/multi_robot_slam_ws/install/explore_lite/lib/python3.12/site-packages'
[44.071s] Level 1:colcon.colcon_core.environment:checking '/home/essivekkeli/multi_robot_slam_ws/install/explore_lite/bin'
[44.071s] INFO:colcon.colcon_core.shell:Creating package script '/home/essivekkeli/multi_robot_slam_ws/install/explore_lite/share/explore_lite/package.ps1'
[44.072s] INFO:colcon.colcon_core.shell:Creating package descriptor '/home/essivekkeli/multi_robot_slam_ws/install/explore_lite/share/explore_lite/package.dsv'
[44.072s] INFO:colcon.colcon_core.shell:Creating package script '/home/essivekkeli/multi_robot_slam_ws/install/explore_lite/share/explore_lite/package.sh'
[44.073s] INFO:colcon.colcon_core.shell:Creating package script '/home/essivekkeli/multi_robot_slam_ws/install/explore_lite/share/explore_lite/package.bash'
[44.073s] INFO:colcon.colcon_core.shell:Creating package script '/home/essivekkeli/multi_robot_slam_ws/install/explore_lite/share/explore_lite/package.zsh'
[44.074s] Level 1:colcon.colcon_core.environment:create_file_with_runtime_dependencies(/home/essivekkeli/multi_robot_slam_ws/install/explore_lite/share/colcon-core/packages/explore_lite)
[48.540s] DEBUG:colcon.colcon_core.event_handler.log_command:Invoked command in '/home/essivekkeli/multi_robot_slam_ws/build/multirobot_map_merge' returned '0': CMAKE_PREFIX_PATH=${CMAKE_PREFIX_PATH}:/home/essivekkeli/multi_robot_slam_ws/install/multi_robot_slam_py:/opt/ros/jazzy DEBUGINFOD_URLS=https://debuginfod.ubuntu.com /usr/bin/cmake --build /home/essivekkeli/multi_robot_slam_ws/build/multirobot_map_merge -- -j8 -l8
[48.542s] DEBUG:colcon.colcon_core.event_handler.log_command:Invoking command in '/home/essivekkeli/multi_robot_slam_ws/build/multirobot_map_merge': CMAKE_PREFIX_PATH=${CMAKE_PREFIX_PATH}:/home/essivekkeli/multi_robot_slam_ws/install/multi_robot_slam_py:/opt/ros/jazzy DEBUGINFOD_URLS=https://debuginfod.ubuntu.com /usr/bin/cmake --install /home/essivekkeli/multi_robot_slam_ws/build/multirobot_map_merge
[48.566s] Level 1:colcon.colcon_core.environment:create_environment_scripts_only(multirobot_map_merge)
[48.566s] Level 1:colcon.colcon_core.environment:checking '/home/essivekkeli/multi_robot_slam_ws/install/multirobot_map_merge' for CMake module files
[48.566s] DEBUG:colcon.colcon_core.event_handler.log_command:Invoked command in '/home/essivekkeli/multi_robot_slam_ws/build/multirobot_map_merge' returned '0': CMAKE_PREFIX_PATH=${CMAKE_PREFIX_PATH}:/home/essivekkeli/multi_robot_slam_ws/install/multi_robot_slam_py:/opt/ros/jazzy DEBUGINFOD_URLS=https://debuginfod.ubuntu.com /usr/bin/cmake --install /home/essivekkeli/multi_robot_slam_ws/build/multirobot_map_merge
[48.567s] Level 1:colcon.colcon_core.environment:checking '/home/essivekkeli/multi_robot_slam_ws/install/multirobot_map_merge' for CMake config files
[48.567s] Level 1:colcon.colcon_core.shell:create_environment_hook('multirobot_map_merge', 'cmake_prefix_path')
[48.567s] INFO:colcon.colcon_core.shell:Creating environment hook '/home/essivekkeli/multi_robot_slam_ws/install/multirobot_map_merge/share/multirobot_map_merge/hook/cmake_prefix_path.ps1'
[48.568s] INFO:colcon.colcon_core.shell:Creating environment descriptor '/home/essivekkeli/multi_robot_slam_ws/install/multirobot_map_merge/share/multirobot_map_merge/hook/cmake_prefix_path.dsv'
[48.568s] INFO:colcon.colcon_core.shell:Creating environment hook '/home/essivekkeli/multi_robot_slam_ws/install/multirobot_map_merge/share/multirobot_map_merge/hook/cmake_prefix_path.sh'
[48.569s] Level 1:colcon.colcon_core.environment:checking '/home/essivekkeli/multi_robot_slam_ws/install/multirobot_map_merge/lib'
[48.569s] Level 1:colcon.colcon_core.environment:checking '/home/essivekkeli/multi_robot_slam_ws/install/multirobot_map_merge/bin'
[48.569s] Level 1:colcon.colcon_core.environment:checking '/home/essivekkeli/multi_robot_slam_ws/install/multirobot_map_merge/lib/pkgconfig/multirobot_map_merge.pc'
[48.569s] Level 1:colcon.colcon_core.environment:checking '/home/essivekkeli/multi_robot_slam_ws/install/multirobot_map_merge/lib/python3.12/site-packages'
[48.569s] Level 1:colcon.colcon_core.environment:checking '/home/essivekkeli/multi_robot_slam_ws/install/multirobot_map_merge/bin'
[48.570s] INFO:colcon.colcon_core.shell:Creating package script '/home/essivekkeli/multi_robot_slam_ws/install/multirobot_map_merge/share/multirobot_map_merge/package.ps1'
[48.570s] INFO:colcon.colcon_core.shell:Creating package descriptor '/home/essivekkeli/multi_robot_slam_ws/install/multirobot_map_merge/share/multirobot_map_merge/package.dsv'
[48.570s] INFO:colcon.colcon_core.shell:Creating package script '/home/essivekkeli/multi_robot_slam_ws/install/multirobot_map_merge/share/multirobot_map_merge/package.sh'
[48.571s] INFO:colcon.colcon_core.shell:Creating package script '/home/essivekkeli/multi_robot_slam_ws/install/multirobot_map_merge/share/multirobot_map_merge/package.bash'
[48.571s] INFO:colcon.colcon_core.shell:Creating package script '/home/essivekkeli/multi_robot_slam_ws/install/multirobot_map_merge/share/multirobot_map_merge/package.zsh'
[48.571s] Level 1:colcon.colcon_core.environment:create_file_with_runtime_dependencies(/home/essivekkeli/multi_robot_slam_ws/install/multirobot_map_merge/share/colcon-core/packages/multirobot_map_merge)
[48.572s] Level 1:colcon.colcon_core.environment:create_environment_scripts_only(multirobot_map_merge)
[48.572s] Level 1:colcon.colcon_core.environment:checking '/home/essivekkeli/multi_robot_slam_ws/install/multirobot_map_merge' for CMake module files
[48.573s] Level 1:colcon.colcon_core.environment:checking '/home/essivekkeli/multi_robot_slam_ws/install/multirobot_map_merge' for CMake config files
[48.573s] Level 1:colcon.colcon_core.shell:create_environment_hook('multirobot_map_merge', 'cmake_prefix_path')
[48.573s] INFO:colcon.colcon_core.shell:Creating environment hook '/home/essivekkeli/multi_robot_slam_ws/install/multirobot_map_merge/share/multirobot_map_merge/hook/cmake_prefix_path.ps1'
[48.574s] INFO:colcon.colcon_core.shell:Creating environment descriptor '/home/essivekkeli/multi_robot_slam_ws/install/multirobot_map_merge/share/multirobot_map_merge/hook/cmake_prefix_path.dsv'
[48.574s] INFO:colcon.colcon_core.shell:Creating environment hook '/home/essivekkeli/multi_robot_slam_ws/install/multirobot_map_merge/share/multirobot_map_merge/hook/cmake_prefix_path.sh'
[48.574s] Level 1:colcon.colcon_core.environment:checking '/home/essivekkeli/multi_robot_slam_ws/install/multirobot_map_merge/lib'
[48.575s] Level 1:colcon.colcon_core.environment:checking '/home/essivekkeli/multi_robot_slam_ws/install/multirobot_map_merge/bin'
[48.575s] Level 1:colcon.colcon_core.environment:checking '/home/essivekkeli/multi_robot_slam_ws/install/multirobot_map_merge/lib/pkgconfig/multirobot_map_merge.pc'
[48.575s] Level 1:colcon.colcon_core.environment:checking '/home/essivekkeli/multi_robot_slam_ws/install/multirobot_map_merge/lib/python3.12/site-packages'
[48.575s] Level 1:colcon.colcon_core.environment:checking '/home/essivekkeli/multi_robot_slam_ws/install/multirobot_map_merge/bin'
[48.575s] INFO:colcon.colcon_core.shell:Creating package script '/home/essivekkeli/multi_robot_slam_ws/install/multirobot_map_merge/share/multirobot_map_merge/package.ps1'
[48.576s] INFO:colcon.colcon_core.shell:Creating package descriptor '/home/essivekkeli/multi_robot_slam_ws/install/multirobot_map_merge/share/multirobot_map_merge/package.dsv'
[48.576s] INFO:colcon.colcon_core.shell:Creating package script '/home/essivekkeli/multi_robot_slam_ws/install/multirobot_map_merge/share/multirobot_map_merge/package.sh'
[48.577s] INFO:colcon.colcon_core.shell:Creating package script '/home/essivekkeli/multi_robot_slam_ws/install/multirobot_map_merge/share/multirobot_map_merge/package.bash'
[48.577s] INFO:colcon.colcon_core.shell:Creating package script '/home/essivekkeli/multi_robot_slam_ws/install/multirobot_map_merge/share/multirobot_map_merge/package.zsh'
[48.578s] Level 1:colcon.colcon_core.environment:create_file_with_runtime_dependencies(/home/essivekkeli/multi_robot_slam_ws/install/multirobot_map_merge/share/colcon-core/packages/multirobot_map_merge)
[48.578s] DEBUG:colcon.colcon_parallel_executor.executor.parallel:closing loop
[48.578s] DEBUG:colcon.colcon_parallel_executor.executor.parallel:loop closed
[48.578s] DEBUG:colcon.colcon_parallel_executor.executor.parallel:run_until_complete finished with '0'
[48.578s] DEBUG:colcon.colcon_core.event_reactor:joining thread
[48.587s] INFO:colcon.colcon_core.plugin_system:Skipping extension 'colcon_notification.desktop_notification.terminal_notifier': Not used on non-Darwin systems
[48.587s] INFO:colcon.colcon_core.plugin_system:Skipping extension 'colcon_notification.desktop_notification.win32': Not used on non-Windows systems
[48.587s] INFO:colcon.colcon_notification.desktop_notification:Sending desktop notification using 'notify2'
[48.612s] DEBUG:colcon.colcon_core.event_reactor:joined thread
[48.613s] INFO:colcon.colcon_core.shell:Creating prefix script '/home/essivekkeli/multi_robot_slam_ws/install/local_setup.ps1'
[48.614s] INFO:colcon.colcon_core.shell:Creating prefix util module '/home/essivekkeli/multi_robot_slam_ws/install/_local_setup_util_ps1.py'
[48.615s] INFO:colcon.colcon_core.shell:Creating prefix chain script '/home/essivekkeli/multi_robot_slam_ws/install/setup.ps1'
[48.616s] INFO:colcon.colcon_core.shell:Creating prefix script '/home/essivekkeli/multi_robot_slam_ws/install/local_setup.sh'
[48.616s] INFO:colcon.colcon_core.shell:Creating prefix util module '/home/essivekkeli/multi_robot_slam_ws/install/_local_setup_util_sh.py'
[48.617s] INFO:colcon.colcon_core.shell:Creating prefix chain script '/home/essivekkeli/multi_robot_slam_ws/install/setup.sh'
[48.619s] INFO:colcon.colcon_core.shell:Creating prefix script '/home/essivekkeli/multi_robot_slam_ws/install/local_setup.bash'
[48.619s] INFO:colcon.colcon_core.shell:Creating prefix chain script '/home/essivekkeli/multi_robot_slam_ws/install/setup.bash'
[48.620s] INFO:colcon.colcon_core.shell:Creating prefix script '/home/essivekkeli/multi_robot_slam_ws/install/local_setup.zsh'
[48.621s] INFO:colcon.colcon_core.shell:Creating prefix chain script '/home/essivekkeli/multi_robot_slam_ws/install/setup.zsh'
