[0.129s] DEBUG:colcon:Command line arguments: ['/usr/bin/colcon', 'build', '--symlink-install']
[0.129s] DEBUG:colcon:Parsed command line arguments: Namespace(log_base=None, log_level=None, verb_name='build', build_base='build', install_base='install', merge_install=False, symlink_install=True, test_result_base=None, continue_on_error=False, executor='parallel', parallel_workers=8, event_handlers=None, ignore_user_meta=False, metas=['./colcon.meta'], base_paths=['.'], packages_ignore=None, packages_ignore_regex=None, paths=None, packages_up_to=None, packages_up_to_regex=None, packages_above=None, packages_above_and_dependencies=None, packages_above_depth=None, packages_select_by_dep=None, packages_skip_by_dep=None, packages_skip_up_to=None, packages_select_build_failed=False, packages_skip_build_finished=False, packages_select_test_failures=False, packages_skip_test_passed=False, packages_select=None, packages_skip=None, packages_select_regex=None, packages_skip_regex=None, packages_start=None, packages_end=None, allow_overriding=[], cmake_args=None, cmake_target=None, cmake_target_skip_unavailable=False, cmake_clean_cache=False, cmake_clean_first=False, cmake_force_configure=False, ament_cmake_args=None, catkin_cmake_args=None, catkin_skip_building_tests=False, mixin_files=None, mixin=None, verb_parser=<colcon_mixin.mixin.mixin_argument.MixinArgumentDecorator object at 0x7fd253b98980>, verb_extension=<colcon_core.verb.build.BuildVerb object at 0x7fd253b98320>, main=<bound method BuildVerb.main of <colcon_core.verb.build.BuildVerb object at 0x7fd253b98320>>, mixin_verb=('build',))
[0.170s] Level 1:colcon.colcon_core.package_discovery:discover_packages(colcon_meta) check parameters
[0.171s] Level 1:colcon.colcon_core.package_discovery:discover_packages(recursive) check parameters
[0.171s] Level 1:colcon.colcon_core.package_discovery:discover_packages(ignore) check parameters
[0.171s] Level 1:colcon.colcon_core.package_discovery:discover_packages(path) check parameters
[0.171s] Level 1:colcon.colcon_core.package_discovery:discover_packages(colcon_meta) discover
[0.171s] Level 1:colcon.colcon_core.package_discovery:discover_packages(recursive) discover
[0.171s] INFO:colcon.colcon_core.package_discovery:Crawling recursively for packages in '/home/essivekkeli/multi_robot_slam_ws'
[0.171s] Level 1:colcon.colcon_core.package_identification:_identify(.) by extensions ['ignore', 'ignore_ament_install']
[0.171s] Level 1:colcon.colcon_core.package_identification:_identify(.) by extension 'ignore'
[0.171s] Level 1:colcon.colcon_core.package_identification:_identify(.) by extension 'ignore_ament_install'
[0.171s] Level 1:colcon.colcon_core.package_identification:_identify(.) by extensions ['colcon_pkg']
[0.171s] Level 1:colcon.colcon_core.package_identification:_identify(.) by extension 'colcon_pkg'
[0.171s] Level 1:colcon.colcon_core.package_identification:_identify(.) by extensions ['colcon_meta']
[0.171s] Level 1:colcon.colcon_core.package_identification:_identify(.) by extension 'colcon_meta'
[0.171s] Level 1:colcon.colcon_core.package_identification:_identify(.) by extensions ['ros']
[0.171s] Level 1:colcon.colcon_core.package_identification:_identify(.) by extension 'ros'
[0.197s] Level 1:colcon.colcon_core.package_identification:_identify(.) by extensions ['cmake', 'python']
[0.197s] Level 1:colcon.colcon_core.package_identification:_identify(.) by extension 'cmake'
[0.197s] Level 1:colcon.colcon_core.package_identification:_identify(.) by extension 'python'
[0.197s] Level 1:colcon.colcon_core.package_identification:_identify(.) by extensions ['python_setup_py']
[0.197s] Level 1:colcon.colcon_core.package_identification:_identify(.) by extension 'python_setup_py'
[0.197s] Level 1:colcon.colcon_core.package_identification:_identify(build) by extensions ['ignore', 'ignore_ament_install']
[0.197s] Level 1:colcon.colcon_core.package_identification:_identify(build) by extension 'ignore'
[0.198s] Level 1:colcon.colcon_core.package_identification:_identify(build) ignored
[0.198s] Level 1:colcon.colcon_core.package_identification:_identify(docs) by extensions ['ignore', 'ignore_ament_install']
[0.198s] Level 1:colcon.colcon_core.package_identification:_identify(docs) by extension 'ignore'
[0.198s] Level 1:colcon.colcon_core.package_identification:_identify(docs) by extension 'ignore_ament_install'
[0.198s] Level 1:colcon.colcon_core.package_identification:_identify(docs) by extensions ['colcon_pkg']
[0.198s] Level 1:colcon.colcon_core.package_identification:_identify(docs) by extension 'colcon_pkg'
[0.198s] Level 1:colcon.colcon_core.package_identification:_identify(docs) by extensions ['colcon_meta']
[0.198s] Level 1:colcon.colcon_core.package_identification:_identify(docs) by extension 'colcon_meta'
[0.198s] Level 1:colcon.colcon_core.package_identification:_identify(docs) by extensions ['ros']
[0.198s] Level 1:colcon.colcon_core.package_identification:_identify(docs) by extension 'ros'
[0.198s] Level 1:colcon.colcon_core.package_identification:_identify(docs) by extensions ['cmake', 'python']
[0.198s] Level 1:colcon.colcon_core.package_identification:_identify(docs) by extension 'cmake'
[0.198s] Level 1:colcon.colcon_core.package_identification:_identify(docs) by extension 'python'
[0.198s] Level 1:colcon.colcon_core.package_identification:_identify(docs) by extensions ['python_setup_py']
[0.198s] Level 1:colcon.colcon_core.package_identification:_identify(docs) by extension 'python_setup_py'
[0.198s] Level 1:colcon.colcon_core.package_identification:_identify(install) by extensions ['ignore', 'ignore_ament_install']
[0.198s] Level 1:colcon.colcon_core.package_identification:_identify(install) by extension 'ignore'
[0.199s] Level 1:colcon.colcon_core.package_identification:_identify(install) ignored
[0.199s] Level 1:colcon.colcon_core.package_identification:_identify(log) by extensions ['ignore', 'ignore_ament_install']
[0.199s] Level 1:colcon.colcon_core.package_identification:_identify(log) by extension 'ignore'
[0.199s] Level 1:colcon.colcon_core.package_identification:_identify(log) ignored
[0.199s] Level 1:colcon.colcon_core.package_identification:_identify(src) by extensions ['ignore', 'ignore_ament_install']
[0.199s] Level 1:colcon.colcon_core.package_identification:_identify(src) by extension 'ignore'
[0.199s] Level 1:colcon.colcon_core.package_identification:_identify(src) by extension 'ignore_ament_install'
[0.199s] Level 1:colcon.colcon_core.package_identification:_identify(src) by extensions ['colcon_pkg']
[0.199s] Level 1:colcon.colcon_core.package_identification:_identify(src) by extension 'colcon_pkg'
[0.199s] Level 1:colcon.colcon_core.package_identification:_identify(src) by extensions ['colcon_meta']
[0.199s] Level 1:colcon.colcon_core.package_identification:_identify(src) by extension 'colcon_meta'
[0.199s] Level 1:colcon.colcon_core.package_identification:_identify(src) by extensions ['ros']
[0.199s] Level 1:colcon.colcon_core.package_identification:_identify(src) by extension 'ros'
[0.199s] Level 1:colcon.colcon_core.package_identification:_identify(src) by extensions ['cmake', 'python']
[0.199s] Level 1:colcon.colcon_core.package_identification:_identify(src) by extension 'cmake'
[0.199s] Level 1:colcon.colcon_core.package_identification:_identify(src) by extension 'python'
[0.199s] Level 1:colcon.colcon_core.package_identification:_identify(src) by extensions ['python_setup_py']
[0.199s] Level 1:colcon.colcon_core.package_identification:_identify(src) by extension 'python_setup_py'
[0.199s] Level 1:colcon.colcon_core.package_identification:_identify(src/m-explore-ros2) by extensions ['ignore', 'ignore_ament_install']
[0.200s] Level 1:colcon.colcon_core.package_identification:_identify(src/m-explore-ros2) by extension 'ignore'
[0.200s] Level 1:colcon.colcon_core.package_identification:_identify(src/m-explore-ros2) by extension 'ignore_ament_install'
[0.200s] Level 1:colcon.colcon_core.package_identification:_identify(src/m-explore-ros2) by extensions ['colcon_pkg']
[0.200s] Level 1:colcon.colcon_core.package_identification:_identify(src/m-explore-ros2) by extension 'colcon_pkg'
[0.200s] Level 1:colcon.colcon_core.package_identification:_identify(src/m-explore-ros2) by extensions ['colcon_meta']
[0.200s] Level 1:colcon.colcon_core.package_identification:_identify(src/m-explore-ros2) by extension 'colcon_meta'
[0.200s] Level 1:colcon.colcon_core.package_identification:_identify(src/m-explore-ros2) by extensions ['ros']
[0.200s] Level 1:colcon.colcon_core.package_identification:_identify(src/m-explore-ros2) by extension 'ros'
[0.200s] Level 1:colcon.colcon_core.package_identification:_identify(src/m-explore-ros2) by extensions ['cmake', 'python']
[0.200s] Level 1:colcon.colcon_core.package_identification:_identify(src/m-explore-ros2) by extension 'cmake'
[0.200s] Level 1:colcon.colcon_core.package_identification:_identify(src/m-explore-ros2) by extension 'python'
[0.200s] Level 1:colcon.colcon_core.package_identification:_identify(src/m-explore-ros2) by extensions ['python_setup_py']
[0.200s] Level 1:colcon.colcon_core.package_identification:_identify(src/m-explore-ros2) by extension 'python_setup_py'
[0.200s] Level 1:colcon.colcon_core.package_identification:_identify(src/m-explore-ros2/m-explore-ros2-main) by extensions ['ignore', 'ignore_ament_install']
[0.200s] Level 1:colcon.colcon_core.package_identification:_identify(src/m-explore-ros2/m-explore-ros2-main) by extension 'ignore'
[0.200s] Level 1:colcon.colcon_core.package_identification:_identify(src/m-explore-ros2/m-explore-ros2-main) by extension 'ignore_ament_install'
[0.200s] Level 1:colcon.colcon_core.package_identification:_identify(src/m-explore-ros2/m-explore-ros2-main) by extensions ['colcon_pkg']
[0.200s] Level 1:colcon.colcon_core.package_identification:_identify(src/m-explore-ros2/m-explore-ros2-main) by extension 'colcon_pkg'
[0.201s] Level 1:colcon.colcon_core.package_identification:_identify(src/m-explore-ros2/m-explore-ros2-main) by extensions ['colcon_meta']
[0.201s] Level 1:colcon.colcon_core.package_identification:_identify(src/m-explore-ros2/m-explore-ros2-main) by extension 'colcon_meta'
[0.201s] Level 1:colcon.colcon_core.package_identification:_identify(src/m-explore-ros2/m-explore-ros2-main) by extensions ['ros']
[0.201s] Level 1:colcon.colcon_core.package_identification:_identify(src/m-explore-ros2/m-explore-ros2-main) by extension 'ros'
[0.201s] Level 1:colcon.colcon_core.package_identification:_identify(src/m-explore-ros2/m-explore-ros2-main) by extensions ['cmake', 'python']
[0.201s] Level 1:colcon.colcon_core.package_identification:_identify(src/m-explore-ros2/m-explore-ros2-main) by extension 'cmake'
[0.201s] Level 1:colcon.colcon_core.package_identification:_identify(src/m-explore-ros2/m-explore-ros2-main) by extension 'python'
[0.201s] Level 1:colcon.colcon_core.package_identification:_identify(src/m-explore-ros2/m-explore-ros2-main) by extensions ['python_setup_py']
[0.201s] Level 1:colcon.colcon_core.package_identification:_identify(src/m-explore-ros2/m-explore-ros2-main) by extension 'python_setup_py'
[0.201s] Level 1:colcon.colcon_core.package_identification:_identify(src/m-explore-ros2/m-explore-ros2-main/explore) by extensions ['ignore', 'ignore_ament_install']
[0.201s] Level 1:colcon.colcon_core.package_identification:_identify(src/m-explore-ros2/m-explore-ros2-main/explore) by extension 'ignore'
[0.201s] Level 1:colcon.colcon_core.package_identification:_identify(src/m-explore-ros2/m-explore-ros2-main/explore) by extension 'ignore_ament_install'
[0.201s] Level 1:colcon.colcon_core.package_identification:_identify(src/m-explore-ros2/m-explore-ros2-main/explore) by extensions ['colcon_pkg']
[0.201s] Level 1:colcon.colcon_core.package_identification:_identify(src/m-explore-ros2/m-explore-ros2-main/explore) by extension 'colcon_pkg'
[0.201s] Level 1:colcon.colcon_core.package_identification:_identify(src/m-explore-ros2/m-explore-ros2-main/explore) by extensions ['colcon_meta']
[0.201s] Level 1:colcon.colcon_core.package_identification:_identify(src/m-explore-ros2/m-explore-ros2-main/explore) by extension 'colcon_meta'
[0.201s] Level 1:colcon.colcon_core.package_identification:_identify(src/m-explore-ros2/m-explore-ros2-main/explore) by extensions ['ros']
[0.201s] Level 1:colcon.colcon_core.package_identification:_identify(src/m-explore-ros2/m-explore-ros2-main/explore) by extension 'ros'
[0.205s] DEBUG:colcon.colcon_core.package_identification:Package 'src/m-explore-ros2/m-explore-ros2-main/explore' with type 'ros.ament_cmake' and name 'explore_lite'
[0.205s] Level 1:colcon.colcon_core.package_identification:_identify(src/m-explore-ros2/m-explore-ros2-main/map_merge) by extensions ['ignore', 'ignore_ament_install']
[0.205s] Level 1:colcon.colcon_core.package_identification:_identify(src/m-explore-ros2/m-explore-ros2-main/map_merge) by extension 'ignore'
[0.205s] Level 1:colcon.colcon_core.package_identification:_identify(src/m-explore-ros2/m-explore-ros2-main/map_merge) by extension 'ignore_ament_install'
[0.205s] Level 1:colcon.colcon_core.package_identification:_identify(src/m-explore-ros2/m-explore-ros2-main/map_merge) by extensions ['colcon_pkg']
[0.206s] Level 1:colcon.colcon_core.package_identification:_identify(src/m-explore-ros2/m-explore-ros2-main/map_merge) by extension 'colcon_pkg'
[0.206s] Level 1:colcon.colcon_core.package_identification:_identify(src/m-explore-ros2/m-explore-ros2-main/map_merge) by extensions ['colcon_meta']
[0.206s] Level 1:colcon.colcon_core.package_identification:_identify(src/m-explore-ros2/m-explore-ros2-main/map_merge) by extension 'colcon_meta'
[0.206s] Level 1:colcon.colcon_core.package_identification:_identify(src/m-explore-ros2/m-explore-ros2-main/map_merge) by extensions ['ros']
[0.206s] Level 1:colcon.colcon_core.package_identification:_identify(src/m-explore-ros2/m-explore-ros2-main/map_merge) by extension 'ros'
[0.207s] DEBUG:colcon.colcon_core.package_identification:Package 'src/m-explore-ros2/m-explore-ros2-main/map_merge' with type 'ros.ament_cmake' and name 'multirobot_map_merge'
[0.207s] Level 1:colcon.colcon_core.package_identification:_identify(src/multi_robot_slam) by extensions ['ignore', 'ignore_ament_install']
[0.207s] Level 1:colcon.colcon_core.package_identification:_identify(src/multi_robot_slam) by extension 'ignore'
[0.207s] Level 1:colcon.colcon_core.package_identification:_identify(src/multi_robot_slam) by extension 'ignore_ament_install'
[0.207s] Level 1:colcon.colcon_core.package_identification:_identify(src/multi_robot_slam) by extensions ['colcon_pkg']
[0.207s] Level 1:colcon.colcon_core.package_identification:_identify(src/multi_robot_slam) by extension 'colcon_pkg'
[0.207s] Level 1:colcon.colcon_core.package_identification:_identify(src/multi_robot_slam) by extensions ['colcon_meta']
[0.207s] Level 1:colcon.colcon_core.package_identification:_identify(src/multi_robot_slam) by extension 'colcon_meta'
[0.207s] Level 1:colcon.colcon_core.package_identification:_identify(src/multi_robot_slam) by extensions ['ros']
[0.207s] Level 1:colcon.colcon_core.package_identification:_identify(src/multi_robot_slam) by extension 'ros'
[0.209s] DEBUG:colcon.colcon_core.package_identification:Package 'src/multi_robot_slam' with type 'ros.ament_cmake' and name 'multi_robot_slam'
[0.209s] Level 1:colcon.colcon_core.package_identification:_identify(src/multi_robot_slam_py) by extensions ['ignore', 'ignore_ament_install']
[0.210s] Level 1:colcon.colcon_core.package_identification:_identify(src/multi_robot_slam_py) by extension 'ignore'
[0.210s] Level 1:colcon.colcon_core.package_identification:_identify(src/multi_robot_slam_py) by extension 'ignore_ament_install'
[0.210s] Level 1:colcon.colcon_core.package_identification:_identify(src/multi_robot_slam_py) by extensions ['colcon_pkg']
[0.210s] Level 1:colcon.colcon_core.package_identification:_identify(src/multi_robot_slam_py) by extension 'colcon_pkg'
[0.210s] Level 1:colcon.colcon_core.package_identification:_identify(src/multi_robot_slam_py) by extensions ['colcon_meta']
[0.210s] Level 1:colcon.colcon_core.package_identification:_identify(src/multi_robot_slam_py) by extension 'colcon_meta'
[0.210s] Level 1:colcon.colcon_core.package_identification:_identify(src/multi_robot_slam_py) by extensions ['ros']
[0.210s] Level 1:colcon.colcon_core.package_identification:_identify(src/multi_robot_slam_py) by extension 'ros'
[0.211s] DEBUG:colcon.colcon_core.package_identification:Package 'src/multi_robot_slam_py' with type 'ros.ament_python' and name 'multi_robot_slam_py'
[0.211s] Level 1:colcon.colcon_core.package_discovery:discover_packages(recursive) using defaults
[0.211s] Level 1:colcon.colcon_core.package_discovery:discover_packages(ignore) discover
[0.211s] Level 1:colcon.colcon_core.package_discovery:discover_packages(ignore) using defaults
[0.211s] Level 1:colcon.colcon_core.package_discovery:discover_packages(path) discover
[0.211s] Level 1:colcon.colcon_core.package_discovery:discover_packages(path) using defaults
[0.229s] Level 1:colcon.colcon_core.package_discovery:discover_packages(prefix_path) check parameters
[0.229s] Level 1:colcon.colcon_core.package_discovery:discover_packages(prefix_path) discover
[0.230s] WARNING:colcon.colcon_ros.prefix_path.ament:The path '/home/essivekkeli/multi_robot_slam_ws/install/multirobot_map_merge' in the environment variable AMENT_PREFIX_PATH doesn't exist
[0.230s] WARNING:colcon.colcon_ros.prefix_path.ament:The path '/home/essivekkeli/multi_robot_slam_ws/install/multi_robot_slam_py' in the environment variable AMENT_PREFIX_PATH doesn't exist
[0.230s] WARNING:colcon.colcon_ros.prefix_path.ament:The path '/home/essivekkeli/multi_robot_slam_ws/install/multi_robot_slam' in the environment variable AMENT_PREFIX_PATH doesn't exist
[0.230s] WARNING:colcon.colcon_ros.prefix_path.ament:The path '/home/essivekkeli/multi_robot_slam_ws/install/explore_lite' in the environment variable AMENT_PREFIX_PATH doesn't exist
[0.230s] WARNING:colcon.colcon_ros.prefix_path.catkin:The path '/home/essivekkeli/multi_robot_slam_ws/install/multirobot_map_merge' in the environment variable CMAKE_PREFIX_PATH doesn't exist
[0.230s] WARNING:colcon.colcon_ros.prefix_path.catkin:The path '/home/essivekkeli/multi_robot_slam_ws/install/multi_robot_slam' in the environment variable CMAKE_PREFIX_PATH doesn't exist
[0.231s] WARNING:colcon.colcon_ros.prefix_path.catkin:The path '/home/essivekkeli/multi_robot_slam_ws/install/explore_lite' in the environment variable CMAKE_PREFIX_PATH doesn't exist
[0.232s] DEBUG:colcon.colcon_installed_package_information.package_discovery:Found 0 installed packages in /home/essivekkeli/multi_robot_slam_ws/install
[0.234s] DEBUG:colcon.colcon_installed_package_information.package_discovery:Found 381 installed packages in /opt/ros/jazzy
[0.236s] Level 1:colcon.colcon_core.package_discovery:discover_packages(prefix_path) using defaults
[0.297s] Level 5:colcon.colcon_core.verb:set package 'explore_lite' build argument 'cmake_args' from command line to 'None'
[0.297s] Level 5:colcon.colcon_core.verb:set package 'explore_lite' build argument 'cmake_target' from command line to 'None'
[0.297s] Level 5:colcon.colcon_core.verb:set package 'explore_lite' build argument 'cmake_target_skip_unavailable' from command line to 'False'
[0.297s] Level 5:colcon.colcon_core.verb:set package 'explore_lite' build argument 'cmake_clean_cache' from command line to 'False'
[0.297s] Level 5:colcon.colcon_core.verb:set package 'explore_lite' build argument 'cmake_clean_first' from command line to 'False'
[0.297s] Level 5:colcon.colcon_core.verb:set package 'explore_lite' build argument 'cmake_force_configure' from command line to 'False'
[0.297s] Level 5:colcon.colcon_core.verb:set package 'explore_lite' build argument 'ament_cmake_args' from command line to 'None'
[0.297s] Level 5:colcon.colcon_core.verb:set package 'explore_lite' build argument 'catkin_cmake_args' from command line to 'None'
[0.297s] Level 5:colcon.colcon_core.verb:set package 'explore_lite' build argument 'catkin_skip_building_tests' from command line to 'False'
[0.297s] DEBUG:colcon.colcon_core.verb:Building package 'explore_lite' with the following arguments: {'ament_cmake_args': None, 'build_base': '/home/essivekkeli/multi_robot_slam_ws/build/explore_lite', 'catkin_cmake_args': None, 'catkin_skip_building_tests': False, 'cmake_args': None, 'cmake_clean_cache': False, 'cmake_clean_first': False, 'cmake_force_configure': False, 'cmake_target': None, 'cmake_target_skip_unavailable': False, 'install_base': '/home/essivekkeli/multi_robot_slam_ws/install/explore_lite', 'merge_install': False, 'path': '/home/essivekkeli/multi_robot_slam_ws/src/m-explore-ros2/m-explore-ros2-main/explore', 'symlink_install': True, 'test_result_base': None}
[0.297s] Level 5:colcon.colcon_core.verb:set package 'multi_robot_slam' build argument 'cmake_args' from command line to 'None'
[0.297s] Level 5:colcon.colcon_core.verb:set package 'multi_robot_slam' build argument 'cmake_target' from command line to 'None'
[0.297s] Level 5:colcon.colcon_core.verb:set package 'multi_robot_slam' build argument 'cmake_target_skip_unavailable' from command line to 'False'
[0.297s] Level 5:colcon.colcon_core.verb:set package 'multi_robot_slam' build argument 'cmake_clean_cache' from command line to 'False'
[0.297s] Level 5:colcon.colcon_core.verb:set package 'multi_robot_slam' build argument 'cmake_clean_first' from command line to 'False'
[0.297s] Level 5:colcon.colcon_core.verb:set package 'multi_robot_slam' build argument 'cmake_force_configure' from command line to 'False'
[0.297s] Level 5:colcon.colcon_core.verb:set package 'multi_robot_slam' build argument 'ament_cmake_args' from command line to 'None'
[0.297s] Level 5:colcon.colcon_core.verb:set package 'multi_robot_slam' build argument 'catkin_cmake_args' from command line to 'None'
[0.297s] Level 5:colcon.colcon_core.verb:set package 'multi_robot_slam' build argument 'catkin_skip_building_tests' from command line to 'False'
[0.298s] DEBUG:colcon.colcon_core.verb:Building package 'multi_robot_slam' with the following arguments: {'ament_cmake_args': None, 'build_base': '/home/essivekkeli/multi_robot_slam_ws/build/multi_robot_slam', 'catkin_cmake_args': None, 'catkin_skip_building_tests': False, 'cmake_args': None, 'cmake_clean_cache': False, 'cmake_clean_first': False, 'cmake_force_configure': False, 'cmake_target': None, 'cmake_target_skip_unavailable': False, 'install_base': '/home/essivekkeli/multi_robot_slam_ws/install/multi_robot_slam', 'merge_install': False, 'path': '/home/essivekkeli/multi_robot_slam_ws/src/multi_robot_slam', 'symlink_install': True, 'test_result_base': None}
[0.298s] Level 5:colcon.colcon_core.verb:set package 'multi_robot_slam_py' build argument 'cmake_args' from command line to 'None'
[0.298s] Level 5:colcon.colcon_core.verb:set package 'multi_robot_slam_py' build argument 'cmake_target' from command line to 'None'
[0.298s] Level 5:colcon.colcon_core.verb:set package 'multi_robot_slam_py' build argument 'cmake_target_skip_unavailable' from command line to 'False'
[0.298s] Level 5:colcon.colcon_core.verb:set package 'multi_robot_slam_py' build argument 'cmake_clean_cache' from command line to 'False'
[0.298s] Level 5:colcon.colcon_core.verb:set package 'multi_robot_slam_py' build argument 'cmake_clean_first' from command line to 'False'
[0.298s] Level 5:colcon.colcon_core.verb:set package 'multi_robot_slam_py' build argument 'cmake_force_configure' from command line to 'False'
[0.298s] Level 5:colcon.colcon_core.verb:set package 'multi_robot_slam_py' build argument 'ament_cmake_args' from command line to 'None'
[0.298s] Level 5:colcon.colcon_core.verb:set package 'multi_robot_slam_py' build argument 'catkin_cmake_args' from command line to 'None'
[0.298s] Level 5:colcon.colcon_core.verb:set package 'multi_robot_slam_py' build argument 'catkin_skip_building_tests' from command line to 'False'
[0.298s] DEBUG:colcon.colcon_core.verb:Building package 'multi_robot_slam_py' with the following arguments: {'ament_cmake_args': None, 'build_base': '/home/essivekkeli/multi_robot_slam_ws/build/multi_robot_slam_py', 'catkin_cmake_args': None, 'catkin_skip_building_tests': False, 'cmake_args': None, 'cmake_clean_cache': False, 'cmake_clean_first': False, 'cmake_force_configure': False, 'cmake_target': None, 'cmake_target_skip_unavailable': False, 'install_base': '/home/essivekkeli/multi_robot_slam_ws/install/multi_robot_slam_py', 'merge_install': False, 'path': '/home/essivekkeli/multi_robot_slam_ws/src/multi_robot_slam_py', 'symlink_install': True, 'test_result_base': None}
[0.298s] Level 5:colcon.colcon_core.verb:set package 'multirobot_map_merge' build argument 'cmake_args' from command line to 'None'
[0.298s] Level 5:colcon.colcon_core.verb:set package 'multirobot_map_merge' build argument 'cmake_target' from command line to 'None'
[0.298s] Level 5:colcon.colcon_core.verb:set package 'multirobot_map_merge' build argument 'cmake_target_skip_unavailable' from command line to 'False'
[0.298s] Level 5:colcon.colcon_core.verb:set package 'multirobot_map_merge' build argument 'cmake_clean_cache' from command line to 'False'
[0.298s] Level 5:colcon.colcon_core.verb:set package 'multirobot_map_merge' build argument 'cmake_clean_first' from command line to 'False'
[0.298s] Level 5:colcon.colcon_core.verb:set package 'multirobot_map_merge' build argument 'cmake_force_configure' from command line to 'False'
[0.298s] Level 5:colcon.colcon_core.verb:set package 'multirobot_map_merge' build argument 'ament_cmake_args' from command line to 'None'
[0.298s] Level 5:colcon.colcon_core.verb:set package 'multirobot_map_merge' build argument 'catkin_cmake_args' from command line to 'None'
[0.298s] Level 5:colcon.colcon_core.verb:set package 'multirobot_map_merge' build argument 'catkin_skip_building_tests' from command line to 'False'
[0.298s] DEBUG:colcon.colcon_core.verb:Building package 'multirobot_map_merge' with the following arguments: {'ament_cmake_args': None, 'build_base': '/home/essivekkeli/multi_robot_slam_ws/build/multirobot_map_merge', 'catkin_cmake_args': None, 'catkin_skip_building_tests': False, 'cmake_args': None, 'cmake_clean_cache': False, 'cmake_clean_first': False, 'cmake_force_configure': False, 'cmake_target': None, 'cmake_target_skip_unavailable': False, 'install_base': '/home/essivekkeli/multi_robot_slam_ws/install/multirobot_map_merge', 'merge_install': False, 'path': '/home/essivekkeli/multi_robot_slam_ws/src/m-explore-ros2/m-explore-ros2-main/map_merge', 'symlink_install': True, 'test_result_base': None}
[0.299s] INFO:colcon.colcon_core.executor:Executing jobs using 'parallel' executor
[0.300s] DEBUG:colcon.colcon_parallel_executor.executor.parallel:run_until_complete
[0.300s] INFO:colcon.colcon_ros.task.ament_cmake.build:Building ROS package in '/home/essivekkeli/multi_robot_slam_ws/src/m-explore-ros2/m-explore-ros2-main/explore' with build type 'ament_cmake'
[0.300s] INFO:colcon.colcon_cmake.task.cmake.build:Building CMake package in '/home/essivekkeli/multi_robot_slam_ws/src/m-explore-ros2/m-explore-ros2-main/explore'
[0.303s] INFO:colcon.colcon_core.plugin_system:Skipping extension 'colcon_core.shell.bat': Not used on non-Windows systems
[0.303s] INFO:colcon.colcon_core.shell:Skip shell extension 'powershell' for command environment: Not usable outside of PowerShell
[0.303s] DEBUG:colcon.colcon_core.shell:Skip shell extension 'dsv' for command environment
[0.307s] INFO:colcon.colcon_ros.task.ament_cmake.build:Building ROS package in '/home/essivekkeli/multi_robot_slam_ws/src/multi_robot_slam' with build type 'ament_cmake'
[0.307s] INFO:colcon.colcon_cmake.task.cmake.build:Building CMake package in '/home/essivekkeli/multi_robot_slam_ws/src/multi_robot_slam'
[0.308s] INFO:colcon.colcon_core.shell:Skip shell extension 'powershell' for command environment: Not usable outside of PowerShell
[0.308s] DEBUG:colcon.colcon_core.shell:Skip shell extension 'dsv' for command environment
[0.312s] INFO:colcon.colcon_ros.task.ament_python.build:Building ROS package in '/home/essivekkeli/multi_robot_slam_ws/src/multi_robot_slam_py' with build type 'ament_python'
[0.312s] Level 1:colcon.colcon_core.shell:create_environment_hook('multi_robot_slam_py', 'ament_prefix_path')
[0.312s] INFO:colcon.colcon_core.shell:Creating environment hook '/home/essivekkeli/multi_robot_slam_ws/install/multi_robot_slam_py/share/multi_robot_slam_py/hook/ament_prefix_path.ps1'
[0.313s] INFO:colcon.colcon_core.shell:Creating environment descriptor '/home/essivekkeli/multi_robot_slam_ws/install/multi_robot_slam_py/share/multi_robot_slam_py/hook/ament_prefix_path.dsv'
[0.313s] INFO:colcon.colcon_core.shell:Creating environment hook '/home/essivekkeli/multi_robot_slam_ws/install/multi_robot_slam_py/share/multi_robot_slam_py/hook/ament_prefix_path.sh'
[0.314s] INFO:colcon.colcon_core.shell:Skip shell extension 'powershell' for command environment: Not usable outside of PowerShell
[0.314s] DEBUG:colcon.colcon_core.shell:Skip shell extension 'dsv' for command environment
[0.317s] INFO:colcon.colcon_ros.task.ament_cmake.build:Building ROS package in '/home/essivekkeli/multi_robot_slam_ws/src/m-explore-ros2/m-explore-ros2-main/map_merge' with build type 'ament_cmake'
[0.317s] INFO:colcon.colcon_cmake.task.cmake.build:Building CMake package in '/home/essivekkeli/multi_robot_slam_ws/src/m-explore-ros2/m-explore-ros2-main/map_merge'
[0.318s] INFO:colcon.colcon_core.shell:Skip shell extension 'powershell' for command environment: Not usable outside of PowerShell
[0.318s] DEBUG:colcon.colcon_core.shell:Skip shell extension 'dsv' for command environment
[0.326s] DEBUG:colcon.colcon_core.event_handler.log_command:Invoking command in '/home/essivekkeli/multi_robot_slam_ws/build/explore_lite': CMAKE_PREFIX_PATH=${CMAKE_PREFIX_PATH}:/home/essivekkeli/multi_robot_slam_ws/install/multi_robot_slam_py:/opt/ros/jazzy DEBUGINFOD_URLS=https://debuginfod.ubuntu.com /usr/bin/cmake /home/essivekkeli/multi_robot_slam_ws/src/m-explore-ros2/m-explore-ros2-main/explore -DAMENT_CMAKE_SYMLINK_INSTALL=1 -DCMAKE_INSTALL_PREFIX=/home/essivekkeli/multi_robot_slam_ws/install/explore_lite
[0.329s] DEBUG:colcon.colcon_core.event_handler.log_command:Invoking command in '/home/essivekkeli/multi_robot_slam_ws/build/multi_robot_slam': CMAKE_PREFIX_PATH=${CMAKE_PREFIX_PATH}:/home/essivekkeli/multi_robot_slam_ws/install/multi_robot_slam_py:/opt/ros/jazzy DEBUGINFOD_URLS=https://debuginfod.ubuntu.com /usr/bin/cmake /home/essivekkeli/multi_robot_slam_ws/src/multi_robot_slam -DAMENT_CMAKE_SYMLINK_INSTALL=1 -DCMAKE_INSTALL_PREFIX=/home/essivekkeli/multi_robot_slam_ws/install/multi_robot_slam
[0.639s] INFO:colcon.colcon_core.task.python.build:Building Python package in '/home/essivekkeli/multi_robot_slam_ws/src/multi_robot_slam_py'
[0.639s] INFO:colcon.colcon_core.shell:Skip shell extension 'powershell' for command environment: Not usable outside of PowerShell
[0.639s] DEBUG:colcon.colcon_core.shell:Skip shell extension 'dsv' for command environment
[0.652s] DEBUG:colcon.colcon_core.event_handler.log_command:Invoking command in '/home/essivekkeli/multi_robot_slam_ws/build/multirobot_map_merge': CMAKE_PREFIX_PATH=${CMAKE_PREFIX_PATH}:/home/essivekkeli/multi_robot_slam_ws/install/multi_robot_slam_py:/opt/ros/jazzy DEBUGINFOD_URLS=https://debuginfod.ubuntu.com /usr/bin/cmake /home/essivekkeli/multi_robot_slam_ws/src/m-explore-ros2/m-explore-ros2-main/map_merge -DAMENT_CMAKE_SYMLINK_INSTALL=1 -DCMAKE_INSTALL_PREFIX=/home/essivekkeli/multi_robot_slam_ws/install/multirobot_map_merge
[1.619s] DEBUG:colcon.colcon_core.event_handler.log_command:Invoking command in '/home/essivekkeli/multi_robot_slam_ws/build/multi_robot_slam_py': DEBUGINFOD_URLS=https://debuginfod.ubuntu.com PYTHONPATH=/home/essivekkeli/multi_robot_slam_ws/build/multi_robot_slam_py/prefix_override:/usr/lib/python3/dist-packages/colcon_core/task/python/colcon_distutils_commands:/home/essivekkeli/multi_robot_slam_ws/install/multi_robot_slam_py/lib/python3.12/site-packages:${PYTHONPATH} /usr/bin/python3 -W ignore:setup.py install is deprecated -W ignore:easy_install command is deprecated setup.py develop --editable --build-directory /home/essivekkeli/multi_robot_slam_ws/build/multi_robot_slam_py/build --no-deps symlink_data
[2.594s] DEBUG:colcon.colcon_core.event_handler.log_command:Invoked command in '/home/essivekkeli/multi_robot_slam_ws/build/multi_robot_slam' returned '0': CMAKE_PREFIX_PATH=${CMAKE_PREFIX_PATH}:/home/essivekkeli/multi_robot_slam_ws/install/multi_robot_slam_py:/opt/ros/jazzy DEBUGINFOD_URLS=https://debuginfod.ubuntu.com /usr/bin/cmake /home/essivekkeli/multi_robot_slam_ws/src/multi_robot_slam -DAMENT_CMAKE_SYMLINK_INSTALL=1 -DCMAKE_INSTALL_PREFIX=/home/essivekkeli/multi_robot_slam_ws/install/multi_robot_slam
[2.597s] DEBUG:colcon.colcon_core.event_handler.log_command:Invoking command in '/home/essivekkeli/multi_robot_slam_ws/build/multi_robot_slam': CMAKE_PREFIX_PATH=${CMAKE_PREFIX_PATH}:/home/essivekkeli/multi_robot_slam_ws/install/multi_robot_slam_py:/opt/ros/jazzy DEBUGINFOD_URLS=https://debuginfod.ubuntu.com /usr/bin/cmake --build /home/essivekkeli/multi_robot_slam_ws/build/multi_robot_slam -- -j8 -l8
[2.690s] DEBUG:colcon.colcon_core.event_handler.log_command:Invoked command in '/home/essivekkeli/multi_robot_slam_ws/build/multi_robot_slam' returned '0': CMAKE_PREFIX_PATH=${CMAKE_PREFIX_PATH}:/home/essivekkeli/multi_robot_slam_ws/install/multi_robot_slam_py:/opt/ros/jazzy DEBUGINFOD_URLS=https://debuginfod.ubuntu.com /usr/bin/cmake --build /home/essivekkeli/multi_robot_slam_ws/build/multi_robot_slam -- -j8 -l8
[2.711s] DEBUG:colcon.colcon_core.event_handler.log_command:Invoking command in '/home/essivekkeli/multi_robot_slam_ws/build/multi_robot_slam': CMAKE_PREFIX_PATH=${CMAKE_PREFIX_PATH}:/home/essivekkeli/multi_robot_slam_ws/install/multi_robot_slam_py:/opt/ros/jazzy DEBUGINFOD_URLS=https://debuginfod.ubuntu.com /usr/bin/cmake --install /home/essivekkeli/multi_robot_slam_ws/build/multi_robot_slam
[2.736s] Level 1:colcon.colcon_core.shell:create_environment_hook('multi_robot_slam_py', 'pythonpath_develop')
[2.736s] INFO:colcon.colcon_core.shell:Creating environment hook '/home/essivekkeli/multi_robot_slam_ws/build/multi_robot_slam_py/share/multi_robot_slam_py/hook/pythonpath_develop.ps1'
[2.737s] DEBUG:colcon.colcon_core.event_handler.log_command:Invoked command in '/home/essivekkeli/multi_robot_slam_ws/build/multi_robot_slam_py' returned '0': DEBUGINFOD_URLS=https://debuginfod.ubuntu.com PYTHONPATH=/home/essivekkeli/multi_robot_slam_ws/build/multi_robot_slam_py/prefix_override:/usr/lib/python3/dist-packages/colcon_core/task/python/colcon_distutils_commands:/home/essivekkeli/multi_robot_slam_ws/install/multi_robot_slam_py/lib/python3.12/site-packages:${PYTHONPATH} /usr/bin/python3 -W ignore:setup.py install is deprecated -W ignore:easy_install command is deprecated setup.py develop --editable --build-directory /home/essivekkeli/multi_robot_slam_ws/build/multi_robot_slam_py/build --no-deps symlink_data
[2.739s] INFO:colcon.colcon_core.shell:Creating environment descriptor '/home/essivekkeli/multi_robot_slam_ws/build/multi_robot_slam_py/share/multi_robot_slam_py/hook/pythonpath_develop.dsv'
[2.741s] INFO:colcon.colcon_core.shell:Creating environment hook '/home/essivekkeli/multi_robot_slam_ws/build/multi_robot_slam_py/share/multi_robot_slam_py/hook/pythonpath_develop.sh'
[2.746s] Level 1:colcon.colcon_core.environment:checking '/home/essivekkeli/multi_robot_slam_ws/install/multi_robot_slam_py' for CMake module files
[2.747s] Level 1:colcon.colcon_core.environment:checking '/home/essivekkeli/multi_robot_slam_ws/install/multi_robot_slam_py' for CMake config files
[2.747s] Level 1:colcon.colcon_core.environment:checking '/home/essivekkeli/multi_robot_slam_ws/install/multi_robot_slam_py/lib'
[2.748s] Level 1:colcon.colcon_core.environment:checking '/home/essivekkeli/multi_robot_slam_ws/install/multi_robot_slam_py/bin'
[2.748s] Level 1:colcon.colcon_core.environment:checking '/home/essivekkeli/multi_robot_slam_ws/install/multi_robot_slam_py/lib/pkgconfig/multi_robot_slam_py.pc'
[2.748s] Level 1:colcon.colcon_core.environment:checking '/home/essivekkeli/multi_robot_slam_ws/install/multi_robot_slam_py/lib/python3.12/site-packages'
[2.749s] Level 1:colcon.colcon_core.shell:create_environment_hook('multi_robot_slam_py', 'pythonpath')
[2.749s] INFO:colcon.colcon_core.shell:Creating environment hook '/home/essivekkeli/multi_robot_slam_ws/install/multi_robot_slam_py/share/multi_robot_slam_py/hook/pythonpath.ps1'
[2.750s] INFO:colcon.colcon_core.shell:Creating environment descriptor '/home/essivekkeli/multi_robot_slam_ws/install/multi_robot_slam_py/share/multi_robot_slam_py/hook/pythonpath.dsv'
[2.751s] INFO:colcon.colcon_core.shell:Creating environment hook '/home/essivekkeli/multi_robot_slam_ws/install/multi_robot_slam_py/share/multi_robot_slam_py/hook/pythonpath.sh'
[2.752s] Level 1:colcon.colcon_core.environment:checking '/home/essivekkeli/multi_robot_slam_ws/install/multi_robot_slam_py/bin'
[2.753s] Level 1:colcon.colcon_core.environment:create_environment_scripts_only(multi_robot_slam_py)
[2.753s] INFO:colcon.colcon_core.shell:Creating package script '/home/essivekkeli/multi_robot_slam_ws/install/multi_robot_slam_py/share/multi_robot_slam_py/package.ps1'
[2.754s] INFO:colcon.colcon_core.shell:Creating package descriptor '/home/essivekkeli/multi_robot_slam_ws/install/multi_robot_slam_py/share/multi_robot_slam_py/package.dsv'
[2.755s] INFO:colcon.colcon_core.shell:Creating package script '/home/essivekkeli/multi_robot_slam_ws/install/multi_robot_slam_py/share/multi_robot_slam_py/package.sh'
[2.756s] INFO:colcon.colcon_core.shell:Creating package script '/home/essivekkeli/multi_robot_slam_ws/install/multi_robot_slam_py/share/multi_robot_slam_py/package.bash'
[2.757s] INFO:colcon.colcon_core.shell:Creating package script '/home/essivekkeli/multi_robot_slam_ws/install/multi_robot_slam_py/share/multi_robot_slam_py/package.zsh'
[2.757s] Level 1:colcon.colcon_core.environment:create_file_with_runtime_dependencies(/home/essivekkeli/multi_robot_slam_ws/install/multi_robot_slam_py/share/colcon-core/packages/multi_robot_slam_py)
[3.171s] Level 1:colcon.colcon_core.environment:create_environment_scripts_only(multi_robot_slam)
[3.171s] Level 1:colcon.colcon_core.environment:checking '/home/essivekkeli/multi_robot_slam_ws/install/multi_robot_slam' for CMake module files
[3.172s] DEBUG:colcon.colcon_core.event_handler.log_command:Invoked command in '/home/essivekkeli/multi_robot_slam_ws/build/multi_robot_slam' returned '0': CMAKE_PREFIX_PATH=${CMAKE_PREFIX_PATH}:/home/essivekkeli/multi_robot_slam_ws/install/multi_robot_slam_py:/opt/ros/jazzy DEBUGINFOD_URLS=https://debuginfod.ubuntu.com /usr/bin/cmake --install /home/essivekkeli/multi_robot_slam_ws/build/multi_robot_slam
[3.172s] Level 1:colcon.colcon_core.environment:checking '/home/essivekkeli/multi_robot_slam_ws/install/multi_robot_slam' for CMake config files
[3.173s] Level 1:colcon.colcon_core.shell:create_environment_hook('multi_robot_slam', 'cmake_prefix_path')
[3.173s] INFO:colcon.colcon_core.shell:Creating environment hook '/home/essivekkeli/multi_robot_slam_ws/install/multi_robot_slam/share/multi_robot_slam/hook/cmake_prefix_path.ps1'
[3.174s] INFO:colcon.colcon_core.shell:Creating environment descriptor '/home/essivekkeli/multi_robot_slam_ws/install/multi_robot_slam/share/multi_robot_slam/hook/cmake_prefix_path.dsv'
[3.174s] INFO:colcon.colcon_core.shell:Creating environment hook '/home/essivekkeli/multi_robot_slam_ws/install/multi_robot_slam/share/multi_robot_slam/hook/cmake_prefix_path.sh'
[3.175s] Level 1:colcon.colcon_core.environment:checking '/home/essivekkeli/multi_robot_slam_ws/install/multi_robot_slam/lib'
[3.175s] Level 1:colcon.colcon_core.environment:checking '/home/essivekkeli/multi_robot_slam_ws/install/multi_robot_slam/bin'
[3.175s] Level 1:colcon.colcon_core.environment:checking '/home/essivekkeli/multi_robot_slam_ws/install/multi_robot_slam/lib/pkgconfig/multi_robot_slam.pc'
[3.175s] Level 1:colcon.colcon_core.environment:checking '/home/essivekkeli/multi_robot_slam_ws/install/multi_robot_slam/lib/python3.12/site-packages'
[3.176s] Level 1:colcon.colcon_core.environment:checking '/home/essivekkeli/multi_robot_slam_ws/install/multi_robot_slam/bin'
[3.176s] INFO:colcon.colcon_core.shell:Creating package script '/home/essivekkeli/multi_robot_slam_ws/install/multi_robot_slam/share/multi_robot_slam/package.ps1'
[3.176s] INFO:colcon.colcon_core.shell:Creating package descriptor '/home/essivekkeli/multi_robot_slam_ws/install/multi_robot_slam/share/multi_robot_slam/package.dsv'
[3.177s] INFO:colcon.colcon_core.shell:Creating package script '/home/essivekkeli/multi_robot_slam_ws/install/multi_robot_slam/share/multi_robot_slam/package.sh'
[3.177s] INFO:colcon.colcon_core.shell:Creating package script '/home/essivekkeli/multi_robot_slam_ws/install/multi_robot_slam/share/multi_robot_slam/package.bash'
[3.178s] INFO:colcon.colcon_core.shell:Creating package script '/home/essivekkeli/multi_robot_slam_ws/install/multi_robot_slam/share/multi_robot_slam/package.zsh'
[3.178s] Level 1:colcon.colcon_core.environment:create_file_with_runtime_dependencies(/home/essivekkeli/multi_robot_slam_ws/install/multi_robot_slam/share/colcon-core/packages/multi_robot_slam)
[3.179s] Level 1:colcon.colcon_core.environment:create_environment_scripts_only(multi_robot_slam)
[3.179s] Level 1:colcon.colcon_core.environment:checking '/home/essivekkeli/multi_robot_slam_ws/install/multi_robot_slam' for CMake module files
[3.180s] Level 1:colcon.colcon_core.environment:checking '/home/essivekkeli/multi_robot_slam_ws/install/multi_robot_slam' for CMake config files
[3.180s] Level 1:colcon.colcon_core.shell:create_environment_hook('multi_robot_slam', 'cmake_prefix_path')
[3.180s] INFO:colcon.colcon_core.shell:Creating environment hook '/home/essivekkeli/multi_robot_slam_ws/install/multi_robot_slam/share/multi_robot_slam/hook/cmake_prefix_path.ps1'
[3.181s] INFO:colcon.colcon_core.shell:Creating environment descriptor '/home/essivekkeli/multi_robot_slam_ws/install/multi_robot_slam/share/multi_robot_slam/hook/cmake_prefix_path.dsv'
[3.181s] INFO:colcon.colcon_core.shell:Creating environment hook '/home/essivekkeli/multi_robot_slam_ws/install/multi_robot_slam/share/multi_robot_slam/hook/cmake_prefix_path.sh'
[3.182s] Level 1:colcon.colcon_core.environment:checking '/home/essivekkeli/multi_robot_slam_ws/install/multi_robot_slam/lib'
[3.182s] Level 1:colcon.colcon_core.environment:checking '/home/essivekkeli/multi_robot_slam_ws/install/multi_robot_slam/bin'
[3.182s] Level 1:colcon.colcon_core.environment:checking '/home/essivekkeli/multi_robot_slam_ws/install/multi_robot_slam/lib/pkgconfig/multi_robot_slam.pc'
[3.182s] Level 1:colcon.colcon_core.environment:checking '/home/essivekkeli/multi_robot_slam_ws/install/multi_robot_slam/lib/python3.12/site-packages'
[3.183s] Level 1:colcon.colcon_core.environment:checking '/home/essivekkeli/multi_robot_slam_ws/install/multi_robot_slam/bin'
[3.183s] INFO:colcon.colcon_core.shell:Creating package script '/home/essivekkeli/multi_robot_slam_ws/install/multi_robot_slam/share/multi_robot_slam/package.ps1'
[3.184s] INFO:colcon.colcon_core.shell:Creating package descriptor '/home/essivekkeli/multi_robot_slam_ws/install/multi_robot_slam/share/multi_robot_slam/package.dsv'
[3.184s] INFO:colcon.colcon_core.shell:Creating package script '/home/essivekkeli/multi_robot_slam_ws/install/multi_robot_slam/share/multi_robot_slam/package.sh'
[3.185s] INFO:colcon.colcon_core.shell:Creating package script '/home/essivekkeli/multi_robot_slam_ws/install/multi_robot_slam/share/multi_robot_slam/package.bash'
[3.186s] INFO:colcon.colcon_core.shell:Creating package script '/home/essivekkeli/multi_robot_slam_ws/install/multi_robot_slam/share/multi_robot_slam/package.zsh'
[3.186s] Level 1:colcon.colcon_core.environment:create_file_with_runtime_dependencies(/home/essivekkeli/multi_robot_slam_ws/install/multi_robot_slam/share/colcon-core/packages/multi_robot_slam)
[3.472s] DEBUG:colcon.colcon_core.event_handler.log_command:Invoked command in '/home/essivekkeli/multi_robot_slam_ws/build/explore_lite' returned '0': CMAKE_PREFIX_PATH=${CMAKE_PREFIX_PATH}:/home/essivekkeli/multi_robot_slam_ws/install/multi_robot_slam_py:/opt/ros/jazzy DEBUGINFOD_URLS=https://debuginfod.ubuntu.com /usr/bin/cmake /home/essivekkeli/multi_robot_slam_ws/src/m-explore-ros2/m-explore-ros2-main/explore -DAMENT_CMAKE_SYMLINK_INSTALL=1 -DCMAKE_INSTALL_PREFIX=/home/essivekkeli/multi_robot_slam_ws/install/explore_lite
[3.473s] DEBUG:colcon.colcon_core.event_handler.log_command:Invoking command in '/home/essivekkeli/multi_robot_slam_ws/build/explore_lite': CMAKE_PREFIX_PATH=${CMAKE_PREFIX_PATH}:/home/essivekkeli/multi_robot_slam_ws/install/multi_robot_slam_py:/opt/ros/jazzy DEBUGINFOD_URLS=https://debuginfod.ubuntu.com /usr/bin/cmake --build /home/essivekkeli/multi_robot_slam_ws/build/explore_lite -- -j8 -l8
[20.554s] DEBUG:colcon.colcon_core.event_handler.log_command:Invoked command in '/home/essivekkeli/multi_robot_slam_ws/build/explore_lite' returned '0': CMAKE_PREFIX_PATH=${CMAKE_PREFIX_PATH}:/home/essivekkeli/multi_robot_slam_ws/install/multi_robot_slam_py:/opt/ros/jazzy DEBUGINFOD_URLS=https://debuginfod.ubuntu.com /usr/bin/cmake --build /home/essivekkeli/multi_robot_slam_ws/build/explore_lite -- -j8 -l8
[20.555s] DEBUG:colcon.colcon_core.event_handler.log_command:Invoking command in '/home/essivekkeli/multi_robot_slam_ws/build/explore_lite': CMAKE_PREFIX_PATH=${CMAKE_PREFIX_PATH}:/home/essivekkeli/multi_robot_slam_ws/install/multi_robot_slam_py:/opt/ros/jazzy DEBUGINFOD_URLS=https://debuginfod.ubuntu.com /usr/bin/cmake --install /home/essivekkeli/multi_robot_slam_ws/build/explore_lite
[20.812s] Level 1:colcon.colcon_core.environment:create_environment_scripts_only(explore_lite)
[20.812s] Level 1:colcon.colcon_core.environment:checking '/home/essivekkeli/multi_robot_slam_ws/install/explore_lite' for CMake module files
[20.813s] DEBUG:colcon.colcon_core.event_handler.log_command:Invoked command in '/home/essivekkeli/multi_robot_slam_ws/build/explore_lite' returned '0': CMAKE_PREFIX_PATH=${CMAKE_PREFIX_PATH}:/home/essivekkeli/multi_robot_slam_ws/install/multi_robot_slam_py:/opt/ros/jazzy DEBUGINFOD_URLS=https://debuginfod.ubuntu.com /usr/bin/cmake --install /home/essivekkeli/multi_robot_slam_ws/build/explore_lite
[20.813s] Level 1:colcon.colcon_core.environment:checking '/home/essivekkeli/multi_robot_slam_ws/install/explore_lite' for CMake config files
[20.813s] Level 1:colcon.colcon_core.shell:create_environment_hook('explore_lite', 'cmake_prefix_path')
[20.814s] INFO:colcon.colcon_core.shell:Creating environment hook '/home/essivekkeli/multi_robot_slam_ws/install/explore_lite/share/explore_lite/hook/cmake_prefix_path.ps1'
[20.814s] INFO:colcon.colcon_core.shell:Creating environment descriptor '/home/essivekkeli/multi_robot_slam_ws/install/explore_lite/share/explore_lite/hook/cmake_prefix_path.dsv'
[20.814s] INFO:colcon.colcon_core.shell:Creating environment hook '/home/essivekkeli/multi_robot_slam_ws/install/explore_lite/share/explore_lite/hook/cmake_prefix_path.sh'
[20.815s] Level 1:colcon.colcon_core.environment:checking '/home/essivekkeli/multi_robot_slam_ws/install/explore_lite/lib'
[20.815s] Level 1:colcon.colcon_core.environment:checking '/home/essivekkeli/multi_robot_slam_ws/install/explore_lite/bin'
[20.815s] Level 1:colcon.colcon_core.environment:checking '/home/essivekkeli/multi_robot_slam_ws/install/explore_lite/lib/pkgconfig/explore_lite.pc'
[20.815s] Level 1:colcon.colcon_core.environment:checking '/home/essivekkeli/multi_robot_slam_ws/install/explore_lite/lib/python3.12/site-packages'
[20.816s] Level 1:colcon.colcon_core.environment:checking '/home/essivekkeli/multi_robot_slam_ws/install/explore_lite/bin'
[20.816s] INFO:colcon.colcon_core.shell:Creating package script '/home/essivekkeli/multi_robot_slam_ws/install/explore_lite/share/explore_lite/package.ps1'
[20.816s] INFO:colcon.colcon_core.shell:Creating package descriptor '/home/essivekkeli/multi_robot_slam_ws/install/explore_lite/share/explore_lite/package.dsv'
[20.817s] INFO:colcon.colcon_core.shell:Creating package script '/home/essivekkeli/multi_robot_slam_ws/install/explore_lite/share/explore_lite/package.sh'
[20.817s] INFO:colcon.colcon_core.shell:Creating package script '/home/essivekkeli/multi_robot_slam_ws/install/explore_lite/share/explore_lite/package.bash'
[20.817s] INFO:colcon.colcon_core.shell:Creating package script '/home/essivekkeli/multi_robot_slam_ws/install/explore_lite/share/explore_lite/package.zsh'
[20.818s] Level 1:colcon.colcon_core.environment:create_file_with_runtime_dependencies(/home/essivekkeli/multi_robot_slam_ws/install/explore_lite/share/colcon-core/packages/explore_lite)
[20.818s] Level 1:colcon.colcon_core.environment:create_environment_scripts_only(explore_lite)
[20.818s] Level 1:colcon.colcon_core.environment:checking '/home/essivekkeli/multi_robot_slam_ws/install/explore_lite' for CMake module files
[20.819s] Level 1:colcon.colcon_core.environment:checking '/home/essivekkeli/multi_robot_slam_ws/install/explore_lite' for CMake config files
[20.819s] Level 1:colcon.colcon_core.shell:create_environment_hook('explore_lite', 'cmake_prefix_path')
[20.819s] INFO:colcon.colcon_core.shell:Creating environment hook '/home/essivekkeli/multi_robot_slam_ws/install/explore_lite/share/explore_lite/hook/cmake_prefix_path.ps1'
[20.820s] INFO:colcon.colcon_core.shell:Creating environment descriptor '/home/essivekkeli/multi_robot_slam_ws/install/explore_lite/share/explore_lite/hook/cmake_prefix_path.dsv'
[20.820s] INFO:colcon.colcon_core.shell:Creating environment hook '/home/essivekkeli/multi_robot_slam_ws/install/explore_lite/share/explore_lite/hook/cmake_prefix_path.sh'
[20.820s] Level 1:colcon.colcon_core.environment:checking '/home/essivekkeli/multi_robot_slam_ws/install/explore_lite/lib'
[20.820s] Level 1:colcon.colcon_core.environment:checking '/home/essivekkeli/multi_robot_slam_ws/install/explore_lite/bin'
[20.821s] Level 1:colcon.colcon_core.environment:checking '/home/essivekkeli/multi_robot_slam_ws/install/explore_lite/lib/pkgconfig/explore_lite.pc'
[20.821s] Level 1:colcon.colcon_core.environment:checking '/home/essivekkeli/multi_robot_slam_ws/install/explore_lite/lib/python3.12/site-packages'
[20.821s] Level 1:colcon.colcon_core.environment:checking '/home/essivekkeli/multi_robot_slam_ws/install/explore_lite/bin'
[20.821s] INFO:colcon.colcon_core.shell:Creating package script '/home/essivekkeli/multi_robot_slam_ws/install/explore_lite/share/explore_lite/package.ps1'
[20.822s] INFO:colcon.colcon_core.shell:Creating package descriptor '/home/essivekkeli/multi_robot_slam_ws/install/explore_lite/share/explore_lite/package.dsv'
[20.822s] INFO:colcon.colcon_core.shell:Creating package script '/home/essivekkeli/multi_robot_slam_ws/install/explore_lite/share/explore_lite/package.sh'
[20.823s] INFO:colcon.colcon_core.shell:Creating package script '/home/essivekkeli/multi_robot_slam_ws/install/explore_lite/share/explore_lite/package.bash'
[20.823s] INFO:colcon.colcon_core.shell:Creating package script '/home/essivekkeli/multi_robot_slam_ws/install/explore_lite/share/explore_lite/package.zsh'
[20.823s] Level 1:colcon.colcon_core.environment:create_file_with_runtime_dependencies(/home/essivekkeli/multi_robot_slam_ws/install/explore_lite/share/colcon-core/packages/explore_lite)
[53.250s] DEBUG:colcon.colcon_core.event_handler.log_command:Invoked command in '/home/essivekkeli/multi_robot_slam_ws/build/multirobot_map_merge' returned '0': CMAKE_PREFIX_PATH=${CMAKE_PREFIX_PATH}:/home/essivekkeli/multi_robot_slam_ws/install/multi_robot_slam_py:/opt/ros/jazzy DEBUGINFOD_URLS=https://debuginfod.ubuntu.com /usr/bin/cmake /home/essivekkeli/multi_robot_slam_ws/src/m-explore-ros2/m-explore-ros2-main/map_merge -DAMENT_CMAKE_SYMLINK_INSTALL=1 -DCMAKE_INSTALL_PREFIX=/home/essivekkeli/multi_robot_slam_ws/install/multirobot_map_merge
[53.251s] DEBUG:colcon.colcon_core.event_handler.log_command:Invoking command in '/home/essivekkeli/multi_robot_slam_ws/build/multirobot_map_merge': CMAKE_PREFIX_PATH=${CMAKE_PREFIX_PATH}:/home/essivekkeli/multi_robot_slam_ws/install/multi_robot_slam_py:/opt/ros/jazzy DEBUGINFOD_URLS=https://debuginfod.ubuntu.com /usr/bin/cmake --build /home/essivekkeli/multi_robot_slam_ws/build/multirobot_map_merge -- -j8 -l8
[72.090s] DEBUG:colcon.colcon_core.event_handler.log_command:Invoked command in '/home/essivekkeli/multi_robot_slam_ws/build/multirobot_map_merge' returned '0': CMAKE_PREFIX_PATH=${CMAKE_PREFIX_PATH}:/home/essivekkeli/multi_robot_slam_ws/install/multi_robot_slam_py:/opt/ros/jazzy DEBUGINFOD_URLS=https://debuginfod.ubuntu.com /usr/bin/cmake --build /home/essivekkeli/multi_robot_slam_ws/build/multirobot_map_merge -- -j8 -l8
[72.091s] DEBUG:colcon.colcon_core.event_handler.log_command:Invoking command in '/home/essivekkeli/multi_robot_slam_ws/build/multirobot_map_merge': CMAKE_PREFIX_PATH=${CMAKE_PREFIX_PATH}:/home/essivekkeli/multi_robot_slam_ws/install/multi_robot_slam_py:/opt/ros/jazzy DEBUGINFOD_URLS=https://debuginfod.ubuntu.com /usr/bin/cmake --install /home/essivekkeli/multi_robot_slam_ws/build/multirobot_map_merge
[72.448s] Level 1:colcon.colcon_core.environment:create_environment_scripts_only(multirobot_map_merge)
[72.448s] Level 1:colcon.colcon_core.environment:checking '/home/essivekkeli/multi_robot_slam_ws/install/multirobot_map_merge' for CMake module files
[72.448s] DEBUG:colcon.colcon_core.event_handler.log_command:Invoked command in '/home/essivekkeli/multi_robot_slam_ws/build/multirobot_map_merge' returned '0': CMAKE_PREFIX_PATH=${CMAKE_PREFIX_PATH}:/home/essivekkeli/multi_robot_slam_ws/install/multi_robot_slam_py:/opt/ros/jazzy DEBUGINFOD_URLS=https://debuginfod.ubuntu.com /usr/bin/cmake --install /home/essivekkeli/multi_robot_slam_ws/build/multirobot_map_merge
[72.449s] Level 1:colcon.colcon_core.environment:checking '/home/essivekkeli/multi_robot_slam_ws/install/multirobot_map_merge' for CMake config files
[72.449s] Level 1:colcon.colcon_core.shell:create_environment_hook('multirobot_map_merge', 'cmake_prefix_path')
[72.449s] INFO:colcon.colcon_core.shell:Creating environment hook '/home/essivekkeli/multi_robot_slam_ws/install/multirobot_map_merge/share/multirobot_map_merge/hook/cmake_prefix_path.ps1'
[72.450s] INFO:colcon.colcon_core.shell:Creating environment descriptor '/home/essivekkeli/multi_robot_slam_ws/install/multirobot_map_merge/share/multirobot_map_merge/hook/cmake_prefix_path.dsv'
[72.450s] INFO:colcon.colcon_core.shell:Creating environment hook '/home/essivekkeli/multi_robot_slam_ws/install/multirobot_map_merge/share/multirobot_map_merge/hook/cmake_prefix_path.sh'
[72.451s] Level 1:colcon.colcon_core.environment:checking '/home/essivekkeli/multi_robot_slam_ws/install/multirobot_map_merge/lib'
[72.451s] Level 1:colcon.colcon_core.environment:checking '/home/essivekkeli/multi_robot_slam_ws/install/multirobot_map_merge/bin'
[72.451s] Level 1:colcon.colcon_core.environment:checking '/home/essivekkeli/multi_robot_slam_ws/install/multirobot_map_merge/lib/pkgconfig/multirobot_map_merge.pc'
[72.451s] Level 1:colcon.colcon_core.environment:checking '/home/essivekkeli/multi_robot_slam_ws/install/multirobot_map_merge/lib/python3.12/site-packages'
[72.451s] Level 1:colcon.colcon_core.environment:checking '/home/essivekkeli/multi_robot_slam_ws/install/multirobot_map_merge/bin'
[72.452s] INFO:colcon.colcon_core.shell:Creating package script '/home/essivekkeli/multi_robot_slam_ws/install/multirobot_map_merge/share/multirobot_map_merge/package.ps1'
[72.452s] INFO:colcon.colcon_core.shell:Creating package descriptor '/home/essivekkeli/multi_robot_slam_ws/install/multirobot_map_merge/share/multirobot_map_merge/package.dsv'
[72.452s] INFO:colcon.colcon_core.shell:Creating package script '/home/essivekkeli/multi_robot_slam_ws/install/multirobot_map_merge/share/multirobot_map_merge/package.sh'
[72.453s] INFO:colcon.colcon_core.shell:Creating package script '/home/essivekkeli/multi_robot_slam_ws/install/multirobot_map_merge/share/multirobot_map_merge/package.bash'
[72.453s] INFO:colcon.colcon_core.shell:Creating package script '/home/essivekkeli/multi_robot_slam_ws/install/multirobot_map_merge/share/multirobot_map_merge/package.zsh'
[72.453s] Level 1:colcon.colcon_core.environment:create_file_with_runtime_dependencies(/home/essivekkeli/multi_robot_slam_ws/install/multirobot_map_merge/share/colcon-core/packages/multirobot_map_merge)
[72.454s] Level 1:colcon.colcon_core.environment:create_environment_scripts_only(multirobot_map_merge)
[72.454s] Level 1:colcon.colcon_core.environment:checking '/home/essivekkeli/multi_robot_slam_ws/install/multirobot_map_merge' for CMake module files
[72.455s] Level 1:colcon.colcon_core.environment:checking '/home/essivekkeli/multi_robot_slam_ws/install/multirobot_map_merge' for CMake config files
[72.455s] Level 1:colcon.colcon_core.shell:create_environment_hook('multirobot_map_merge', 'cmake_prefix_path')
[72.456s] INFO:colcon.colcon_core.shell:Creating environment hook '/home/essivekkeli/multi_robot_slam_ws/install/multirobot_map_merge/share/multirobot_map_merge/hook/cmake_prefix_path.ps1'
[72.456s] INFO:colcon.colcon_core.shell:Creating environment descriptor '/home/essivekkeli/multi_robot_slam_ws/install/multirobot_map_merge/share/multirobot_map_merge/hook/cmake_prefix_path.dsv'
[72.456s] INFO:colcon.colcon_core.shell:Creating environment hook '/home/essivekkeli/multi_robot_slam_ws/install/multirobot_map_merge/share/multirobot_map_merge/hook/cmake_prefix_path.sh'
[72.457s] Level 1:colcon.colcon_core.environment:checking '/home/essivekkeli/multi_robot_slam_ws/install/multirobot_map_merge/lib'
[72.457s] Level 1:colcon.colcon_core.environment:checking '/home/essivekkeli/multi_robot_slam_ws/install/multirobot_map_merge/bin'
[72.457s] Level 1:colcon.colcon_core.environment:checking '/home/essivekkeli/multi_robot_slam_ws/install/multirobot_map_merge/lib/pkgconfig/multirobot_map_merge.pc'
[72.457s] Level 1:colcon.colcon_core.environment:checking '/home/essivekkeli/multi_robot_slam_ws/install/multirobot_map_merge/lib/python3.12/site-packages'
[72.458s] Level 1:colcon.colcon_core.environment:checking '/home/essivekkeli/multi_robot_slam_ws/install/multirobot_map_merge/bin'
[72.458s] INFO:colcon.colcon_core.shell:Creating package script '/home/essivekkeli/multi_robot_slam_ws/install/multirobot_map_merge/share/multirobot_map_merge/package.ps1'
[72.458s] INFO:colcon.colcon_core.shell:Creating package descriptor '/home/essivekkeli/multi_robot_slam_ws/install/multirobot_map_merge/share/multirobot_map_merge/package.dsv'
[72.459s] INFO:colcon.colcon_core.shell:Creating package script '/home/essivekkeli/multi_robot_slam_ws/install/multirobot_map_merge/share/multirobot_map_merge/package.sh'
[72.459s] INFO:colcon.colcon_core.shell:Creating package script '/home/essivekkeli/multi_robot_slam_ws/install/multirobot_map_merge/share/multirobot_map_merge/package.bash'
[72.460s] INFO:colcon.colcon_core.shell:Creating package script '/home/essivekkeli/multi_robot_slam_ws/install/multirobot_map_merge/share/multirobot_map_merge/package.zsh'
[72.460s] Level 1:colcon.colcon_core.environment:create_file_with_runtime_dependencies(/home/essivekkeli/multi_robot_slam_ws/install/multirobot_map_merge/share/colcon-core/packages/multirobot_map_merge)
[72.460s] DEBUG:colcon.colcon_parallel_executor.executor.parallel:closing loop
[72.460s] DEBUG:colcon.colcon_parallel_executor.executor.parallel:loop closed
[72.460s] DEBUG:colcon.colcon_parallel_executor.executor.parallel:run_until_complete finished with '0'
[72.460s] DEBUG:colcon.colcon_core.event_reactor:joining thread
[72.468s] INFO:colcon.colcon_core.plugin_system:Skipping extension 'colcon_notification.desktop_notification.terminal_notifier': Not used on non-Darwin systems
[72.469s] INFO:colcon.colcon_core.plugin_system:Skipping extension 'colcon_notification.desktop_notification.win32': Not used on non-Windows systems
[72.469s] INFO:colcon.colcon_notification.desktop_notification:Sending desktop notification using 'notify2'
[72.491s] DEBUG:colcon.colcon_core.event_reactor:joined thread
[72.492s] INFO:colcon.colcon_core.shell:Creating prefix script '/home/essivekkeli/multi_robot_slam_ws/install/local_setup.ps1'
[72.492s] INFO:colcon.colcon_core.shell:Creating prefix util module '/home/essivekkeli/multi_robot_slam_ws/install/_local_setup_util_ps1.py'
[72.493s] INFO:colcon.colcon_core.shell:Creating prefix chain script '/home/essivekkeli/multi_robot_slam_ws/install/setup.ps1'
[72.495s] INFO:colcon.colcon_core.shell:Creating prefix script '/home/essivekkeli/multi_robot_slam_ws/install/local_setup.sh'
[72.495s] INFO:colcon.colcon_core.shell:Creating prefix util module '/home/essivekkeli/multi_robot_slam_ws/install/_local_setup_util_sh.py'
[72.495s] INFO:colcon.colcon_core.shell:Creating prefix chain script '/home/essivekkeli/multi_robot_slam_ws/install/setup.sh'
[72.497s] INFO:colcon.colcon_core.shell:Creating prefix script '/home/essivekkeli/multi_robot_slam_ws/install/local_setup.bash'
[72.497s] INFO:colcon.colcon_core.shell:Creating prefix chain script '/home/essivekkeli/multi_robot_slam_ws/install/setup.bash'
[72.498s] INFO:colcon.colcon_core.shell:Creating prefix script '/home/essivekkeli/multi_robot_slam_ws/install/local_setup.zsh'
[72.499s] INFO:colcon.colcon_core.shell:Creating prefix chain script '/home/essivekkeli/multi_robot_slam_ws/install/setup.zsh'
