[0.027s] Invoking command in '/home/essivekkeli/multi_robot_slam_ws/build/explore_lite': CMAKE_PREFIX_PATH=${CMAKE_PREFIX_PATH}:/home/essivekkeli/multi_robot_slam_ws/install/multi_robot_slam_py:/opt/ros/jazzy DEBUGINFOD_URLS=https://debuginfod.ubuntu.com /usr/bin/cmake /home/essivekkeli/multi_robot_slam_ws/src/m-explore-ros2/m-explore-ros2-main/explore -DCMAKE_INSTALL_PREFIX=/home/essivekkeli/multi_robot_slam_ws/install/explore_lite
[0.316s] -- The C compiler identification is GNU 13.3.0
[0.317s] -- The CXX compiler identification is GNU 13.3.0
[0.317s] -- Detecting C compiler ABI info
[0.317s] -- Detecting C compiler ABI info - done
[0.324s] -- Check for working C compiler: /usr/bin/cc - skipped
[0.324s] -- Detecting C compile features
[0.325s] -- Detecting C compile features - done
[0.337s] -- Detecting CXX compiler ABI info
[0.471s] -- Detecting CXX compiler ABI info - done
[0.490s] -- Check for working CXX compiler: /usr/bin/c++ - skipped
[0.491s] -- Detecting CXX compile features
[0.492s] -- Detecting CXX compile features - done
[0.493s] -- BuilD for ROS2: jazzy
[0.499s] -- Found ament_cmake: 2.5.4 (/opt/ros/jazzy/share/ament_cmake/cmake)
[0.708s] -- Found Python3: /usr/bin/python3 (found version "3.12.3") found components: Interpreter 
[0.865s] -- Found rclcpp: 28.1.13 (/opt/ros/jazzy/share/rclcpp/cmake)
[0.939s] -- Found rosidl_generator_c: 4.6.6 (/opt/ros/jazzy/share/rosidl_generator_c/cmake)
[0.965s] -- Found rosidl_generator_cpp: 4.6.6 (/opt/ros/jazzy/share/rosidl_generator_cpp/cmake)
[0.994s] -- Using all available rosidl_typesupport_c: rosidl_typesupport_fastrtps_c;rosidl_typesupport_introspection_c
[1.024s] -- Using all available rosidl_typesupport_cpp: rosidl_typesupport_fastrtps_cpp;rosidl_typesupport_introspection_cpp
[1.150s] -- Found rmw_implementation_cmake: 7.3.2 (/opt/ros/jazzy/share/rmw_implementation_cmake/cmake)
[1.155s] -- Found rmw_fastrtps_cpp: 8.4.3 (/opt/ros/jazzy/share/rmw_fastrtps_cpp/cmake)
[1.287s] -- Found OpenSSL: /usr/lib/x86_64-linux-gnu/libcrypto.so (found version "3.0.13")  
[1.317s] -- Found FastRTPS: /opt/ros/jazzy/include (Required is at least version "2.13") 
[1.347s] -- Using RMW implementation 'rmw_fastrtps_cpp' as default
[1.465s] -- Found std_msgs: 5.3.6 (/opt/ros/jazzy/share/std_msgs/cmake)
[1.489s] -- Found sensor_msgs: 5.3.6 (/opt/ros/jazzy/share/sensor_msgs/cmake)
[1.552s] -- Found tf2_ros: 0.36.16 (/opt/ros/jazzy/share/tf2_ros/cmake)
[1.771s] -- Found tf2_geometry_msgs: 0.36.16 (/opt/ros/jazzy/share/tf2_geometry_msgs/cmake)
[1.797s] -- Found eigen3_cmake_module: 0.3.0 (/opt/ros/jazzy/share/eigen3_cmake_module/cmake)
[1.799s] -- Found Eigen3: TRUE (found version "3.4.0") 
[1.799s] -- Ensuring Eigen3 include directory is part of orocos-kdl CMake target
[1.805s] -- Found nav2_msgs: 1.3.10 (/opt/ros/jazzy/share/nav2_msgs/cmake)
[1.968s] -- Found map_msgs: 2.4.1 (/opt/ros/jazzy/share/map_msgs/cmake)
[2.012s] -- Found visualization_msgs: 5.3.6 (/opt/ros/jazzy/share/visualization_msgs/cmake)
[2.055s] -- Found nav2_costmap_2d: 1.3.10 (/opt/ros/jazzy/share/nav2_costmap_2d/cmake)
[2.285s] -- Found ament_lint_auto: 0.17.3 (/opt/ros/jazzy/share/ament_lint_auto/cmake)
[2.434s] -- Found ament_cmake_gtest: 2.5.4 (/opt/ros/jazzy/share/ament_cmake_gtest/cmake)
[2.439s] -- Found gtest sources under '/opt/ros/jazzy/src/gtest_vendor': C++ tests using 'Google Test' will be built
[2.444s] -- Performing Test CMAKE_HAVE_LIBC_PTHREAD
[2.547s] -- Performing Test CMAKE_HAVE_LIBC_PTHREAD - Success
[2.548s] -- Found Threads: TRUE  
[2.559s] -- Added test 'cppcheck' to perform static code analysis on C / C++ code
[2.560s] -- Configured cppcheck include dirs: /home/essivekkeli/multi_robot_slam_ws/src/m-explore-ros2/m-explore-ros2-main/explore/include;$<BUILD_INTERFACE:/home/essivekkeli/multi_robot_slam_ws/src/m-explore-ros2/m-explore-ros2-main/explore/include>
[2.560s] -- Configured cppcheck exclude dirs and/or files: 
[2.561s] -- Added test 'flake8' to check Python code syntax and style conventions
[2.561s] -- Configured 'flake8' exclude dirs and/or files: 
[2.562s] -- Added test 'lint_cmake' to check CMake code style
[2.563s] -- Added test 'pep257' to check Python code against some of the docstring style conventions in PEP 257
[2.566s] -- Added test 'uncrustify' to check C / C++ code style
[2.566s] -- Configured uncrustify additional arguments: 
[2.567s] -- Added test 'xmllint' to check XML markup files
[2.570s] -- Configuring done (2.5s)
[2.683s] -- Generating done (0.1s)
[2.695s] -- Build files have been written to: /home/essivekkeli/multi_robot_slam_ws/build/explore_lite
[2.711s] Invoked command in '/home/essivekkeli/multi_robot_slam_ws/build/explore_lite' returned '0': CMAKE_PREFIX_PATH=${CMAKE_PREFIX_PATH}:/home/essivekkeli/multi_robot_slam_ws/install/multi_robot_slam_py:/opt/ros/jazzy DEBUGINFOD_URLS=https://debuginfod.ubuntu.com /usr/bin/cmake /home/essivekkeli/multi_robot_slam_ws/src/m-explore-ros2/m-explore-ros2-main/explore -DCMAKE_INSTALL_PREFIX=/home/essivekkeli/multi_robot_slam_ws/install/explore_lite
[2.712s] Invoking command in '/home/essivekkeli/multi_robot_slam_ws/build/explore_lite': CMAKE_PREFIX_PATH=${CMAKE_PREFIX_PATH}:/home/essivekkeli/multi_robot_slam_ws/install/multi_robot_slam_py:/opt/ros/jazzy DEBUGINFOD_URLS=https://debuginfod.ubuntu.com /usr/bin/cmake --build /home/essivekkeli/multi_robot_slam_ws/build/explore_lite -- -j8 -l8
[2.779s] [ 10%] [32mBuilding CXX object CMakeFiles/explore.dir/src/costmap_client.cpp.o[0m
[15.275s] [ 20%] [32mBuilding CXX object CMakeFiles/explore.dir/src/frontier_search.cpp.o[0m
[20.587s] [ 30%] [32mBuilding CXX object CMakeFiles/explore.dir/src/explore.cpp.o[0m
[34.470s] [ 40%] [32m[1mLinking CXX executable explore[0m
[36.661s] [ 40%] Built target explore
[36.686s] [ 50%] [32mBuilding CXX object gtest/CMakeFiles/gtest.dir/src/gtest-all.cc.o[0m
[40.489s] [ 60%] [32m[1mLinking CXX static library libgtest.a[0m
[40.584s] [ 60%] Built target gtest
[40.608s] [ 70%] [32mBuilding CXX object gtest/CMakeFiles/gtest_main.dir/src/gtest_main.cc.o[0m
[41.379s] [ 80%] [32m[1mLinking CXX static library libgtest_main.a[0m
[41.446s] [ 80%] Built target gtest_main
[41.472s] [ 90%] [32mBuilding CXX object CMakeFiles/test_explore.dir/test/test_explore.cpp.o[0m
[42.775s] [100%] [32m[1mLinking CXX executable test_explore[0m
[43.739s] [100%] Built target test_explore
[43.752s] Invoked command in '/home/essivekkeli/multi_robot_slam_ws/build/explore_lite' returned '0': CMAKE_PREFIX_PATH=${CMAKE_PREFIX_PATH}:/home/essivekkeli/multi_robot_slam_ws/install/multi_robot_slam_py:/opt/ros/jazzy DEBUGINFOD_URLS=https://debuginfod.ubuntu.com /usr/bin/cmake --build /home/essivekkeli/multi_robot_slam_ws/build/explore_lite -- -j8 -l8
[43.753s] Invoking command in '/home/essivekkeli/multi_robot_slam_ws/build/explore_lite': CMAKE_PREFIX_PATH=${CMAKE_PREFIX_PATH}:/home/essivekkeli/multi_robot_slam_ws/install/multi_robot_slam_py:/opt/ros/jazzy DEBUGINFOD_URLS=https://debuginfod.ubuntu.com /usr/bin/cmake --install /home/essivekkeli/multi_robot_slam_ws/build/explore_lite
[43.763s] -- Install configuration: ""
[43.763s] -- Installing: /home/essivekkeli/multi_robot_slam_ws/install/explore_lite/include/explore/
[43.763s] -- Installing: /home/essivekkeli/multi_robot_slam_ws/install/explore_lite/include/explore//costmap_tools.h
[43.763s] -- Installing: /home/essivekkeli/multi_robot_slam_ws/install/explore_lite/include/explore//explore.h
[43.764s] -- Installing: /home/essivekkeli/multi_robot_slam_ws/install/explore_lite/include/explore//costmap_client.h
[43.764s] -- Installing: /home/essivekkeli/multi_robot_slam_ws/install/explore_lite/include/explore//frontier_search.h
[43.764s] -- Installing: /home/essivekkeli/multi_robot_slam_ws/install/explore_lite/share/explore_lite/config
[43.764s] -- Installing: /home/essivekkeli/multi_robot_slam_ws/install/explore_lite/share/explore_lite/config/params.yaml
[43.765s] -- Installing: /home/essivekkeli/multi_robot_slam_ws/install/explore_lite/share/explore_lite/config/params_costmap.yaml
[43.765s] -- Installing: /home/essivekkeli/multi_robot_slam_ws/install/explore_lite/share/explore_lite/launch
[43.765s] -- Installing: /home/essivekkeli/multi_robot_slam_ws/install/explore_lite/share/explore_lite/launch/explore.launch.py
[43.765s] -- Installing: /home/essivekkeli/multi_robot_slam_ws/install/explore_lite/lib/explore_lite/explore
[43.773s] -- Set non-toolchain portion of runtime path of "/home/essivekkeli/multi_robot_slam_ws/install/explore_lite/lib/explore_lite/explore" to ""
[43.773s] -- Installing: /home/essivekkeli/multi_robot_slam_ws/install/explore_lite/share/ament_index/resource_index/package_run_dependencies/explore_lite
[43.774s] -- Installing: /home/essivekkeli/multi_robot_slam_ws/install/explore_lite/share/ament_index/resource_index/parent_prefix_path/explore_lite
[43.774s] -- Installing: /home/essivekkeli/multi_robot_slam_ws/install/explore_lite/share/explore_lite/environment/ament_prefix_path.sh
[43.774s] -- Installing: /home/essivekkeli/multi_robot_slam_ws/install/explore_lite/share/explore_lite/environment/ament_prefix_path.dsv
[43.774s] -- Installing: /home/essivekkeli/multi_robot_slam_ws/install/explore_lite/share/explore_lite/environment/path.sh
[43.774s] -- Installing: /home/essivekkeli/multi_robot_slam_ws/install/explore_lite/share/explore_lite/environment/path.dsv
[43.775s] -- Installing: /home/essivekkeli/multi_robot_slam_ws/install/explore_lite/share/explore_lite/local_setup.bash
[43.775s] -- Installing: /home/essivekkeli/multi_robot_slam_ws/install/explore_lite/share/explore_lite/local_setup.sh
[43.775s] -- Installing: /home/essivekkeli/multi_robot_slam_ws/install/explore_lite/share/explore_lite/local_setup.zsh
[43.775s] -- Installing: /home/essivekkeli/multi_robot_slam_ws/install/explore_lite/share/explore_lite/local_setup.dsv
[43.775s] -- Installing: /home/essivekkeli/multi_robot_slam_ws/install/explore_lite/share/explore_lite/package.dsv
[43.775s] -- Installing: /home/essivekkeli/multi_robot_slam_ws/install/explore_lite/share/ament_index/resource_index/packages/explore_lite
[43.775s] -- Installing: /home/essivekkeli/multi_robot_slam_ws/install/explore_lite/share/explore_lite/cmake/ament_cmake_export_include_directories-extras.cmake
[43.776s] -- Installing: /home/essivekkeli/multi_robot_slam_ws/install/explore_lite/share/explore_lite/cmake/explore_liteConfig.cmake
[43.776s] -- Installing: /home/essivekkeli/multi_robot_slam_ws/install/explore_lite/share/explore_lite/cmake/explore_liteConfig-version.cmake
[43.776s] -- Installing: /home/essivekkeli/multi_robot_slam_ws/install/explore_lite/share/explore_lite/package.xml
[43.779s] Invoked command in '/home/essivekkeli/multi_robot_slam_ws/build/explore_lite' returned '0': CMAKE_PREFIX_PATH=${CMAKE_PREFIX_PATH}:/home/essivekkeli/multi_robot_slam_ws/install/multi_robot_slam_py:/opt/ros/jazzy DEBUGINFOD_URLS=https://debuginfod.ubuntu.com /usr/bin/cmake --install /home/essivekkeli/multi_robot_slam_ws/build/explore_lite
