[0.110s] DEBUG:colcon:Command line arguments: ['/usr/bin/colcon', 'build', '--symlink-install']
[0.110s] DEBUG:colcon:Parsed command line arguments: Namespace(log_base=None, log_level=None, verb_name='build', build_base='build', install_base='install', merge_install=False, symlink_install=True, test_result_base=None, continue_on_error=False, executor='parallel', parallel_workers=20, event_handlers=None, ignore_user_meta=False, metas=['./colcon.meta'], base_paths=['.'], packages_ignore=None, packages_ignore_regex=None, paths=None, packages_up_to=None, packages_up_to_regex=None, packages_above=None, packages_above_and_dependencies=None, packages_above_depth=None, packages_select_by_dep=None, packages_skip_by_dep=None, packages_skip_up_to=None, packages_select_build_failed=False, packages_skip_build_finished=False, packages_select_test_failures=False, packages_skip_test_passed=False, packages_select=None, packages_skip=None, packages_select_regex=None, packages_skip_regex=None, packages_start=None, packages_end=None, allow_overriding=[], cmake_args=None, cmake_target=None, cmake_target_skip_unavailable=False, cmake_clean_cache=False, cmake_clean_first=False, cmake_force_configure=False, ament_cmake_args=None, catkin_cmake_args=None, catkin_skip_building_tests=False, mixin_files=None, mixin=None, verb_parser=<colcon_mixin.mixin.mixin_argument.MixinArgumentDecorator object at 0x7a6dc72a3110>, verb_extension=<colcon_core.verb.build.BuildVerb object at 0x7a6dc72a2d20>, main=<bound method BuildVerb.main of <colcon_core.verb.build.BuildVerb object at 0x7a6dc72a2d20>>, mixin_verb=('build',))
[0.148s] Level 1:colcon.colcon_core.package_discovery:discover_packages(colcon_meta) check parameters
[0.148s] Level 1:colcon.colcon_core.package_discovery:discover_packages(recursive) check parameters
[0.148s] Level 1:colcon.colcon_core.package_discovery:discover_packages(ignore) check parameters
[0.148s] Level 1:colcon.colcon_core.package_discovery:discover_packages(path) check parameters
[0.148s] Level 1:colcon.colcon_core.package_discovery:discover_packages(colcon_meta) discover
[0.148s] Level 1:colcon.colcon_core.package_discovery:discover_packages(recursive) discover
[0.148s] INFO:colcon.colcon_core.package_discovery:Crawling recursively for packages in '/home/aisl/Documents/multi_robot_slam_ws'
[0.148s] Level 1:colcon.colcon_core.package_identification:_identify(.) by extensions ['ignore', 'ignore_ament_install']
[0.148s] Level 1:colcon.colcon_core.package_identification:_identify(.) by extension 'ignore'
[0.148s] Level 1:colcon.colcon_core.package_identification:_identify(.) by extension 'ignore_ament_install'
[0.148s] Level 1:colcon.colcon_core.package_identification:_identify(.) by extensions ['colcon_pkg']
[0.148s] Level 1:colcon.colcon_core.package_identification:_identify(.) by extension 'colcon_pkg'
[0.148s] Level 1:colcon.colcon_core.package_identification:_identify(.) by extensions ['colcon_meta']
[0.148s] Level 1:colcon.colcon_core.package_identification:_identify(.) by extension 'colcon_meta'
[0.148s] Level 1:colcon.colcon_core.package_identification:_identify(.) by extensions ['ros']
[0.148s] Level 1:colcon.colcon_core.package_identification:_identify(.) by extension 'ros'
[0.168s] Level 1:colcon.colcon_core.package_identification:_identify(.) by extensions ['cmake', 'python']
[0.168s] Level 1:colcon.colcon_core.package_identification:_identify(.) by extension 'cmake'
[0.168s] Level 1:colcon.colcon_core.package_identification:_identify(.) by extension 'python'
[0.168s] Level 1:colcon.colcon_core.package_identification:_identify(.) by extensions ['python_setup_py']
[0.168s] Level 1:colcon.colcon_core.package_identification:_identify(.) by extension 'python_setup_py'
[0.168s] Level 1:colcon.colcon_core.package_identification:_identify(build) by extensions ['ignore', 'ignore_ament_install']
[0.168s] Level 1:colcon.colcon_core.package_identification:_identify(build) by extension 'ignore'
[0.168s] Level 1:colcon.colcon_core.package_identification:_identify(build) ignored
[0.168s] Level 1:colcon.colcon_core.package_identification:_identify(docs) by extensions ['ignore', 'ignore_ament_install']
[0.168s] Level 1:colcon.colcon_core.package_identification:_identify(docs) by extension 'ignore'
[0.168s] Level 1:colcon.colcon_core.package_identification:_identify(docs) by extension 'ignore_ament_install'
[0.168s] Level 1:colcon.colcon_core.package_identification:_identify(docs) by extensions ['colcon_pkg']
[0.168s] Level 1:colcon.colcon_core.package_identification:_identify(docs) by extension 'colcon_pkg'
[0.168s] Level 1:colcon.colcon_core.package_identification:_identify(docs) by extensions ['colcon_meta']
[0.168s] Level 1:colcon.colcon_core.package_identification:_identify(docs) by extension 'colcon_meta'
[0.168s] Level 1:colcon.colcon_core.package_identification:_identify(docs) by extensions ['ros']
[0.168s] Level 1:colcon.colcon_core.package_identification:_identify(docs) by extension 'ros'
[0.168s] Level 1:colcon.colcon_core.package_identification:_identify(docs) by extensions ['cmake', 'python']
[0.169s] Level 1:colcon.colcon_core.package_identification:_identify(docs) by extension 'cmake'
[0.169s] Level 1:colcon.colcon_core.package_identification:_identify(docs) by extension 'python'
[0.169s] Level 1:colcon.colcon_core.package_identification:_identify(docs) by extensions ['python_setup_py']
[0.169s] Level 1:colcon.colcon_core.package_identification:_identify(docs) by extension 'python_setup_py'
[0.169s] Level 1:colcon.colcon_core.package_identification:_identify(install) by extensions ['ignore', 'ignore_ament_install']
[0.169s] Level 1:colcon.colcon_core.package_identification:_identify(install) by extension 'ignore'
[0.169s] Level 1:colcon.colcon_core.package_identification:_identify(install) ignored
[0.169s] Level 1:colcon.colcon_core.package_identification:_identify(log) by extensions ['ignore', 'ignore_ament_install']
[0.169s] Level 1:colcon.colcon_core.package_identification:_identify(log) by extension 'ignore'
[0.169s] Level 1:colcon.colcon_core.package_identification:_identify(log) ignored
[0.169s] Level 1:colcon.colcon_core.package_identification:_identify(src) by extensions ['ignore', 'ignore_ament_install']
[0.169s] Level 1:colcon.colcon_core.package_identification:_identify(src) by extension 'ignore'
[0.169s] Level 1:colcon.colcon_core.package_identification:_identify(src) by extension 'ignore_ament_install'
[0.169s] Level 1:colcon.colcon_core.package_identification:_identify(src) by extensions ['colcon_pkg']
[0.169s] Level 1:colcon.colcon_core.package_identification:_identify(src) by extension 'colcon_pkg'
[0.169s] Level 1:colcon.colcon_core.package_identification:_identify(src) by extensions ['colcon_meta']
[0.169s] Level 1:colcon.colcon_core.package_identification:_identify(src) by extension 'colcon_meta'
[0.169s] Level 1:colcon.colcon_core.package_identification:_identify(src) by extensions ['ros']
[0.169s] Level 1:colcon.colcon_core.package_identification:_identify(src) by extension 'ros'
[0.169s] Level 1:colcon.colcon_core.package_identification:_identify(src) by extensions ['cmake', 'python']
[0.169s] Level 1:colcon.colcon_core.package_identification:_identify(src) by extension 'cmake'
[0.169s] Level 1:colcon.colcon_core.package_identification:_identify(src) by extension 'python'
[0.169s] Level 1:colcon.colcon_core.package_identification:_identify(src) by extensions ['python_setup_py']
[0.169s] Level 1:colcon.colcon_core.package_identification:_identify(src) by extension 'python_setup_py'
[0.169s] Level 1:colcon.colcon_core.package_identification:_identify(src/m-explore-ros2) by extensions ['ignore', 'ignore_ament_install']
[0.170s] Level 1:colcon.colcon_core.package_identification:_identify(src/m-explore-ros2) by extension 'ignore'
[0.170s] Level 1:colcon.colcon_core.package_identification:_identify(src/m-explore-ros2) by extension 'ignore_ament_install'
[0.170s] Level 1:colcon.colcon_core.package_identification:_identify(src/m-explore-ros2) by extensions ['colcon_pkg']
[0.170s] Level 1:colcon.colcon_core.package_identification:_identify(src/m-explore-ros2) by extension 'colcon_pkg'
[0.170s] Level 1:colcon.colcon_core.package_identification:_identify(src/m-explore-ros2) by extensions ['colcon_meta']
[0.170s] Level 1:colcon.colcon_core.package_identification:_identify(src/m-explore-ros2) by extension 'colcon_meta'
[0.170s] Level 1:colcon.colcon_core.package_identification:_identify(src/m-explore-ros2) by extensions ['ros']
[0.170s] Level 1:colcon.colcon_core.package_identification:_identify(src/m-explore-ros2) by extension 'ros'
[0.170s] Level 1:colcon.colcon_core.package_identification:_identify(src/m-explore-ros2) by extensions ['cmake', 'python']
[0.170s] Level 1:colcon.colcon_core.package_identification:_identify(src/m-explore-ros2) by extension 'cmake'
[0.170s] Level 1:colcon.colcon_core.package_identification:_identify(src/m-explore-ros2) by extension 'python'
[0.170s] Level 1:colcon.colcon_core.package_identification:_identify(src/m-explore-ros2) by extensions ['python_setup_py']
[0.170s] Level 1:colcon.colcon_core.package_identification:_identify(src/m-explore-ros2) by extension 'python_setup_py'
[0.170s] Level 1:colcon.colcon_core.package_identification:_identify(src/m-explore-ros2/m-explore-ros2-main) by extensions ['ignore', 'ignore_ament_install']
[0.170s] Level 1:colcon.colcon_core.package_identification:_identify(src/m-explore-ros2/m-explore-ros2-main) by extension 'ignore'
[0.170s] Level 1:colcon.colcon_core.package_identification:_identify(src/m-explore-ros2/m-explore-ros2-main) by extension 'ignore_ament_install'
[0.170s] Level 1:colcon.colcon_core.package_identification:_identify(src/m-explore-ros2/m-explore-ros2-main) by extensions ['colcon_pkg']
[0.170s] Level 1:colcon.colcon_core.package_identification:_identify(src/m-explore-ros2/m-explore-ros2-main) by extension 'colcon_pkg'
[0.170s] Level 1:colcon.colcon_core.package_identification:_identify(src/m-explore-ros2/m-explore-ros2-main) by extensions ['colcon_meta']
[0.170s] Level 1:colcon.colcon_core.package_identification:_identify(src/m-explore-ros2/m-explore-ros2-main) by extension 'colcon_meta'
[0.170s] Level 1:colcon.colcon_core.package_identification:_identify(src/m-explore-ros2/m-explore-ros2-main) by extensions ['ros']
[0.170s] Level 1:colcon.colcon_core.package_identification:_identify(src/m-explore-ros2/m-explore-ros2-main) by extension 'ros'
[0.170s] Level 1:colcon.colcon_core.package_identification:_identify(src/m-explore-ros2/m-explore-ros2-main) by extensions ['cmake', 'python']
[0.170s] Level 1:colcon.colcon_core.package_identification:_identify(src/m-explore-ros2/m-explore-ros2-main) by extension 'cmake'
[0.170s] Level 1:colcon.colcon_core.package_identification:_identify(src/m-explore-ros2/m-explore-ros2-main) by extension 'python'
[0.170s] Level 1:colcon.colcon_core.package_identification:_identify(src/m-explore-ros2/m-explore-ros2-main) by extensions ['python_setup_py']
[0.170s] Level 1:colcon.colcon_core.package_identification:_identify(src/m-explore-ros2/m-explore-ros2-main) by extension 'python_setup_py'
[0.171s] Level 1:colcon.colcon_core.package_identification:_identify(src/m-explore-ros2/m-explore-ros2-main/explore) by extensions ['ignore', 'ignore_ament_install']
[0.171s] Level 1:colcon.colcon_core.package_identification:_identify(src/m-explore-ros2/m-explore-ros2-main/explore) by extension 'ignore'
[0.171s] Level 1:colcon.colcon_core.package_identification:_identify(src/m-explore-ros2/m-explore-ros2-main/explore) by extension 'ignore_ament_install'
[0.171s] Level 1:colcon.colcon_core.package_identification:_identify(src/m-explore-ros2/m-explore-ros2-main/explore) by extensions ['colcon_pkg']
[0.171s] Level 1:colcon.colcon_core.package_identification:_identify(src/m-explore-ros2/m-explore-ros2-main/explore) by extension 'colcon_pkg'
[0.171s] Level 1:colcon.colcon_core.package_identification:_identify(src/m-explore-ros2/m-explore-ros2-main/explore) by extensions ['colcon_meta']
[0.171s] Level 1:colcon.colcon_core.package_identification:_identify(src/m-explore-ros2/m-explore-ros2-main/explore) by extension 'colcon_meta'
[0.171s] Level 1:colcon.colcon_core.package_identification:_identify(src/m-explore-ros2/m-explore-ros2-main/explore) by extensions ['ros']
[0.171s] Level 1:colcon.colcon_core.package_identification:_identify(src/m-explore-ros2/m-explore-ros2-main/explore) by extension 'ros'
[0.173s] DEBUG:colcon.colcon_core.package_identification:Package 'src/m-explore-ros2/m-explore-ros2-main/explore' with type 'ros.ament_cmake' and name 'explore_lite'
[0.174s] Level 1:colcon.colcon_core.package_identification:_identify(src/m-explore-ros2/m-explore-ros2-main/map_merge) by extensions ['ignore', 'ignore_ament_install']
[0.174s] Level 1:colcon.colcon_core.package_identification:_identify(src/m-explore-ros2/m-explore-ros2-main/map_merge) by extension 'ignore'
[0.174s] Level 1:colcon.colcon_core.package_identification:_identify(src/m-explore-ros2/m-explore-ros2-main/map_merge) by extension 'ignore_ament_install'
[0.174s] Level 1:colcon.colcon_core.package_identification:_identify(src/m-explore-ros2/m-explore-ros2-main/map_merge) by extensions ['colcon_pkg']
[0.174s] Level 1:colcon.colcon_core.package_identification:_identify(src/m-explore-ros2/m-explore-ros2-main/map_merge) by extension 'colcon_pkg'
[0.174s] Level 1:colcon.colcon_core.package_identification:_identify(src/m-explore-ros2/m-explore-ros2-main/map_merge) by extensions ['colcon_meta']
[0.174s] Level 1:colcon.colcon_core.package_identification:_identify(src/m-explore-ros2/m-explore-ros2-main/map_merge) by extension 'colcon_meta'
[0.174s] Level 1:colcon.colcon_core.package_identification:_identify(src/m-explore-ros2/m-explore-ros2-main/map_merge) by extensions ['ros']
[0.174s] Level 1:colcon.colcon_core.package_identification:_identify(src/m-explore-ros2/m-explore-ros2-main/map_merge) by extension 'ros'
[0.175s] DEBUG:colcon.colcon_core.package_identification:Package 'src/m-explore-ros2/m-explore-ros2-main/map_merge' with type 'ros.ament_cmake' and name 'multirobot_map_merge'
[0.175s] Level 1:colcon.colcon_core.package_identification:_identify(src/multi_robot_slam) by extensions ['ignore', 'ignore_ament_install']
[0.175s] Level 1:colcon.colcon_core.package_identification:_identify(src/multi_robot_slam) by extension 'ignore'
[0.175s] Level 1:colcon.colcon_core.package_identification:_identify(src/multi_robot_slam) by extension 'ignore_ament_install'
[0.175s] Level 1:colcon.colcon_core.package_identification:_identify(src/multi_robot_slam) by extensions ['colcon_pkg']
[0.175s] Level 1:colcon.colcon_core.package_identification:_identify(src/multi_robot_slam) by extension 'colcon_pkg'
[0.175s] Level 1:colcon.colcon_core.package_identification:_identify(src/multi_robot_slam) by extensions ['colcon_meta']
[0.175s] Level 1:colcon.colcon_core.package_identification:_identify(src/multi_robot_slam) by extension 'colcon_meta'
[0.175s] Level 1:colcon.colcon_core.package_identification:_identify(src/multi_robot_slam) by extensions ['ros']
[0.175s] Level 1:colcon.colcon_core.package_identification:_identify(src/multi_robot_slam) by extension 'ros'
[0.176s] DEBUG:colcon.colcon_core.package_identification:Package 'src/multi_robot_slam' with type 'ros.ament_cmake' and name 'multi_robot_slam'
[0.176s] Level 1:colcon.colcon_core.package_identification:_identify(src/multi_robot_slam_py) by extensions ['ignore', 'ignore_ament_install']
[0.176s] Level 1:colcon.colcon_core.package_identification:_identify(src/multi_robot_slam_py) by extension 'ignore'
[0.176s] Level 1:colcon.colcon_core.package_identification:_identify(src/multi_robot_slam_py) by extension 'ignore_ament_install'
[0.176s] Level 1:colcon.colcon_core.package_identification:_identify(src/multi_robot_slam_py) by extensions ['colcon_pkg']
[0.176s] Level 1:colcon.colcon_core.package_identification:_identify(src/multi_robot_slam_py) by extension 'colcon_pkg'
[0.176s] Level 1:colcon.colcon_core.package_identification:_identify(src/multi_robot_slam_py) by extensions ['colcon_meta']
[0.176s] Level 1:colcon.colcon_core.package_identification:_identify(src/multi_robot_slam_py) by extension 'colcon_meta'
[0.176s] Level 1:colcon.colcon_core.package_identification:_identify(src/multi_robot_slam_py) by extensions ['ros']
[0.176s] Level 1:colcon.colcon_core.package_identification:_identify(src/multi_robot_slam_py) by extension 'ros'
[0.177s] DEBUG:colcon.colcon_core.package_identification:Package 'src/multi_robot_slam_py' with type 'ros.ament_python' and name 'multi_robot_slam_py'
[0.177s] Level 1:colcon.colcon_core.package_discovery:discover_packages(recursive) using defaults
[0.177s] Level 1:colcon.colcon_core.package_discovery:discover_packages(ignore) discover
[0.177s] Level 1:colcon.colcon_core.package_discovery:discover_packages(ignore) using defaults
[0.177s] Level 1:colcon.colcon_core.package_discovery:discover_packages(path) discover
[0.177s] Level 1:colcon.colcon_core.package_discovery:discover_packages(path) using defaults
[0.191s] Level 1:colcon.colcon_core.package_discovery:discover_packages(prefix_path) check parameters
[0.191s] Level 1:colcon.colcon_core.package_discovery:discover_packages(prefix_path) discover
[0.192s] WARNING:colcon.colcon_ros.prefix_path.ament:The path '/home/aisl/Documents/multi_robot_slam_ws/install/multi_robot_slam_py' in the environment variable AMENT_PREFIX_PATH doesn't exist
[0.192s] WARNING:colcon.colcon_ros.prefix_path.catkin:The path '/home/aisl/Documents/multi_robot_slam_ws/install/multirobot_map_merge' in the environment variable CMAKE_PREFIX_PATH doesn't exist
[0.192s] WARNING:colcon.colcon_ros.prefix_path.catkin:The path '/home/aisl/Documents/multi_robot_slam_ws/install/multi_robot_slam' in the environment variable CMAKE_PREFIX_PATH doesn't exist
[0.193s] WARNING:colcon.colcon_ros.prefix_path.catkin:The path '/home/aisl/Documents/multi_robot_slam_ws/install/explore_lite' in the environment variable CMAKE_PREFIX_PATH doesn't exist
[0.193s] DEBUG:colcon.colcon_installed_package_information.package_discovery:Found 0 installed packages in /home/aisl/Documents/multi_robot_slam_ws/install
[0.195s] DEBUG:colcon.colcon_installed_package_information.package_discovery:Found 390 installed packages in /opt/ros/jazzy
[0.196s] Level 1:colcon.colcon_core.package_discovery:discover_packages(prefix_path) using defaults
[0.236s] Level 5:colcon.colcon_core.verb:set package 'explore_lite' build argument 'cmake_args' from command line to 'None'
[0.236s] Level 5:colcon.colcon_core.verb:set package 'explore_lite' build argument 'cmake_target' from command line to 'None'
[0.236s] Level 5:colcon.colcon_core.verb:set package 'explore_lite' build argument 'cmake_target_skip_unavailable' from command line to 'False'
[0.236s] Level 5:colcon.colcon_core.verb:set package 'explore_lite' build argument 'cmake_clean_cache' from command line to 'False'
[0.236s] Level 5:colcon.colcon_core.verb:set package 'explore_lite' build argument 'cmake_clean_first' from command line to 'False'
[0.236s] Level 5:colcon.colcon_core.verb:set package 'explore_lite' build argument 'cmake_force_configure' from command line to 'False'
[0.236s] Level 5:colcon.colcon_core.verb:set package 'explore_lite' build argument 'ament_cmake_args' from command line to 'None'
[0.236s] Level 5:colcon.colcon_core.verb:set package 'explore_lite' build argument 'catkin_cmake_args' from command line to 'None'
[0.236s] Level 5:colcon.colcon_core.verb:set package 'explore_lite' build argument 'catkin_skip_building_tests' from command line to 'False'
[0.236s] DEBUG:colcon.colcon_core.verb:Building package 'explore_lite' with the following arguments: {'ament_cmake_args': None, 'build_base': '/home/aisl/Documents/multi_robot_slam_ws/build/explore_lite', 'catkin_cmake_args': None, 'catkin_skip_building_tests': False, 'cmake_args': None, 'cmake_clean_cache': False, 'cmake_clean_first': False, 'cmake_force_configure': False, 'cmake_target': None, 'cmake_target_skip_unavailable': False, 'install_base': '/home/aisl/Documents/multi_robot_slam_ws/install/explore_lite', 'merge_install': False, 'path': '/home/aisl/Documents/multi_robot_slam_ws/src/m-explore-ros2/m-explore-ros2-main/explore', 'symlink_install': True, 'test_result_base': None}
[0.237s] Level 5:colcon.colcon_core.verb:set package 'multi_robot_slam' build argument 'cmake_args' from command line to 'None'
[0.237s] Level 5:colcon.colcon_core.verb:set package 'multi_robot_slam' build argument 'cmake_target' from command line to 'None'
[0.237s] Level 5:colcon.colcon_core.verb:set package 'multi_robot_slam' build argument 'cmake_target_skip_unavailable' from command line to 'False'
[0.237s] Level 5:colcon.colcon_core.verb:set package 'multi_robot_slam' build argument 'cmake_clean_cache' from command line to 'False'
[0.237s] Level 5:colcon.colcon_core.verb:set package 'multi_robot_slam' build argument 'cmake_clean_first' from command line to 'False'
[0.237s] Level 5:colcon.colcon_core.verb:set package 'multi_robot_slam' build argument 'cmake_force_configure' from command line to 'False'
[0.237s] Level 5:colcon.colcon_core.verb:set package 'multi_robot_slam' build argument 'ament_cmake_args' from command line to 'None'
[0.237s] Level 5:colcon.colcon_core.verb:set package 'multi_robot_slam' build argument 'catkin_cmake_args' from command line to 'None'
[0.237s] Level 5:colcon.colcon_core.verb:set package 'multi_robot_slam' build argument 'catkin_skip_building_tests' from command line to 'False'
[0.237s] DEBUG:colcon.colcon_core.verb:Building package 'multi_robot_slam' with the following arguments: {'ament_cmake_args': None, 'build_base': '/home/aisl/Documents/multi_robot_slam_ws/build/multi_robot_slam', 'catkin_cmake_args': None, 'catkin_skip_building_tests': False, 'cmake_args': None, 'cmake_clean_cache': False, 'cmake_clean_first': False, 'cmake_force_configure': False, 'cmake_target': None, 'cmake_target_skip_unavailable': False, 'install_base': '/home/aisl/Documents/multi_robot_slam_ws/install/multi_robot_slam', 'merge_install': False, 'path': '/home/aisl/Documents/multi_robot_slam_ws/src/multi_robot_slam', 'symlink_install': True, 'test_result_base': None}
[0.237s] Level 5:colcon.colcon_core.verb:set package 'multi_robot_slam_py' build argument 'cmake_args' from command line to 'None'
[0.237s] Level 5:colcon.colcon_core.verb:set package 'multi_robot_slam_py' build argument 'cmake_target' from command line to 'None'
[0.237s] Level 5:colcon.colcon_core.verb:set package 'multi_robot_slam_py' build argument 'cmake_target_skip_unavailable' from command line to 'False'
[0.237s] Level 5:colcon.colcon_core.verb:set package 'multi_robot_slam_py' build argument 'cmake_clean_cache' from command line to 'False'
[0.237s] Level 5:colcon.colcon_core.verb:set package 'multi_robot_slam_py' build argument 'cmake_clean_first' from command line to 'False'
[0.237s] Level 5:colcon.colcon_core.verb:set package 'multi_robot_slam_py' build argument 'cmake_force_configure' from command line to 'False'
[0.237s] Level 5:colcon.colcon_core.verb:set package 'multi_robot_slam_py' build argument 'ament_cmake_args' from command line to 'None'
[0.237s] Level 5:colcon.colcon_core.verb:set package 'multi_robot_slam_py' build argument 'catkin_cmake_args' from command line to 'None'
[0.237s] Level 5:colcon.colcon_core.verb:set package 'multi_robot_slam_py' build argument 'catkin_skip_building_tests' from command line to 'False'
[0.237s] DEBUG:colcon.colcon_core.verb:Building package 'multi_robot_slam_py' with the following arguments: {'ament_cmake_args': None, 'build_base': '/home/aisl/Documents/multi_robot_slam_ws/build/multi_robot_slam_py', 'catkin_cmake_args': None, 'catkin_skip_building_tests': False, 'cmake_args': None, 'cmake_clean_cache': False, 'cmake_clean_first': False, 'cmake_force_configure': False, 'cmake_target': None, 'cmake_target_skip_unavailable': False, 'install_base': '/home/aisl/Documents/multi_robot_slam_ws/install/multi_robot_slam_py', 'merge_install': False, 'path': '/home/aisl/Documents/multi_robot_slam_ws/src/multi_robot_slam_py', 'symlink_install': True, 'test_result_base': None}
[0.237s] Level 5:colcon.colcon_core.verb:set package 'multirobot_map_merge' build argument 'cmake_args' from command line to 'None'
[0.237s] Level 5:colcon.colcon_core.verb:set package 'multirobot_map_merge' build argument 'cmake_target' from command line to 'None'
[0.237s] Level 5:colcon.colcon_core.verb:set package 'multirobot_map_merge' build argument 'cmake_target_skip_unavailable' from command line to 'False'
[0.237s] Level 5:colcon.colcon_core.verb:set package 'multirobot_map_merge' build argument 'cmake_clean_cache' from command line to 'False'
[0.237s] Level 5:colcon.colcon_core.verb:set package 'multirobot_map_merge' build argument 'cmake_clean_first' from command line to 'False'
[0.237s] Level 5:colcon.colcon_core.verb:set package 'multirobot_map_merge' build argument 'cmake_force_configure' from command line to 'False'
[0.237s] Level 5:colcon.colcon_core.verb:set package 'multirobot_map_merge' build argument 'ament_cmake_args' from command line to 'None'
[0.237s] Level 5:colcon.colcon_core.verb:set package 'multirobot_map_merge' build argument 'catkin_cmake_args' from command line to 'None'
[0.237s] Level 5:colcon.colcon_core.verb:set package 'multirobot_map_merge' build argument 'catkin_skip_building_tests' from command line to 'False'
[0.237s] DEBUG:colcon.colcon_core.verb:Building package 'multirobot_map_merge' with the following arguments: {'ament_cmake_args': None, 'build_base': '/home/aisl/Documents/multi_robot_slam_ws/build/multirobot_map_merge', 'catkin_cmake_args': None, 'catkin_skip_building_tests': False, 'cmake_args': None, 'cmake_clean_cache': False, 'cmake_clean_first': False, 'cmake_force_configure': False, 'cmake_target': None, 'cmake_target_skip_unavailable': False, 'install_base': '/home/aisl/Documents/multi_robot_slam_ws/install/multirobot_map_merge', 'merge_install': False, 'path': '/home/aisl/Documents/multi_robot_slam_ws/src/m-explore-ros2/m-explore-ros2-main/map_merge', 'symlink_install': True, 'test_result_base': None}
[0.237s] INFO:colcon.colcon_core.executor:Executing jobs using 'parallel' executor
[0.238s] DEBUG:colcon.colcon_parallel_executor.executor.parallel:run_until_complete
[0.238s] INFO:colcon.colcon_ros.task.ament_cmake.build:Building ROS package in '/home/aisl/Documents/multi_robot_slam_ws/src/m-explore-ros2/m-explore-ros2-main/explore' with build type 'ament_cmake'
[0.238s] INFO:colcon.colcon_cmake.task.cmake.build:Building CMake package in '/home/aisl/Documents/multi_robot_slam_ws/src/m-explore-ros2/m-explore-ros2-main/explore'
[0.240s] INFO:colcon.colcon_core.plugin_system:Skipping extension 'colcon_core.shell.bat': Not used on non-Windows systems
[0.240s] INFO:colcon.colcon_core.shell:Skip shell extension 'powershell' for command environment: Not usable outside of PowerShell
[0.240s] DEBUG:colcon.colcon_core.shell:Skip shell extension 'dsv' for command environment
[0.243s] INFO:colcon.colcon_ros.task.ament_cmake.build:Building ROS package in '/home/aisl/Documents/multi_robot_slam_ws/src/multi_robot_slam' with build type 'ament_cmake'
[0.243s] INFO:colcon.colcon_cmake.task.cmake.build:Building CMake package in '/home/aisl/Documents/multi_robot_slam_ws/src/multi_robot_slam'
[0.243s] INFO:colcon.colcon_core.shell:Skip shell extension 'powershell' for command environment: Not usable outside of PowerShell
[0.243s] DEBUG:colcon.colcon_core.shell:Skip shell extension 'dsv' for command environment
[0.245s] INFO:colcon.colcon_ros.task.ament_python.build:Building ROS package in '/home/aisl/Documents/multi_robot_slam_ws/src/multi_robot_slam_py' with build type 'ament_python'
[0.246s] Level 1:colcon.colcon_core.shell:create_environment_hook('multi_robot_slam_py', 'ament_prefix_path')
[0.246s] INFO:colcon.colcon_core.shell:Creating environment hook '/home/aisl/Documents/multi_robot_slam_ws/install/multi_robot_slam_py/share/multi_robot_slam_py/hook/ament_prefix_path.ps1'
[0.246s] INFO:colcon.colcon_core.shell:Creating environment descriptor '/home/aisl/Documents/multi_robot_slam_ws/install/multi_robot_slam_py/share/multi_robot_slam_py/hook/ament_prefix_path.dsv'
[0.247s] INFO:colcon.colcon_core.shell:Creating environment hook '/home/aisl/Documents/multi_robot_slam_ws/install/multi_robot_slam_py/share/multi_robot_slam_py/hook/ament_prefix_path.sh'
[0.247s] INFO:colcon.colcon_core.shell:Skip shell extension 'powershell' for command environment: Not usable outside of PowerShell
[0.247s] DEBUG:colcon.colcon_core.shell:Skip shell extension 'dsv' for command environment
[0.250s] INFO:colcon.colcon_ros.task.ament_cmake.build:Building ROS package in '/home/aisl/Documents/multi_robot_slam_ws/src/m-explore-ros2/m-explore-ros2-main/map_merge' with build type 'ament_cmake'
[0.250s] INFO:colcon.colcon_cmake.task.cmake.build:Building CMake package in '/home/aisl/Documents/multi_robot_slam_ws/src/m-explore-ros2/m-explore-ros2-main/map_merge'
[0.250s] INFO:colcon.colcon_core.shell:Skip shell extension 'powershell' for command environment: Not usable outside of PowerShell
[0.250s] DEBUG:colcon.colcon_core.shell:Skip shell extension 'dsv' for command environment
[0.255s] DEBUG:colcon.colcon_core.event_handler.log_command:Invoking command in '/home/aisl/Documents/multi_robot_slam_ws/build/explore_lite': BYOBU_DATE=%Y-%m-%d CMAKE_PREFIX_PATH=${CMAKE_PREFIX_PATH}:/home/aisl/Documents/multi_robot_slam_ws/install/multi_robot_slam_py:/opt/ros/jazzy DEBUGINFOD_URLS=https://debuginfod.ubuntu.com PS1=\[\e[38;5;202m\]$(byobu_prompt_status)\[\e[00m\]$(byobu_prompt_runtime) \[\e[38;5;245m\]\u\[\e[00m\]@\[\e[38;5;172m\]\h\[\e[00m\]:\[\e[38;5;5m\]\w\[\e[00m\]$(byobu_prompt_symbol) /usr/bin/cmake /home/aisl/Documents/multi_robot_slam_ws/src/m-explore-ros2/m-explore-ros2-main/explore -DAMENT_CMAKE_SYMLINK_INSTALL=1 -DCMAKE_INSTALL_PREFIX=/home/aisl/Documents/multi_robot_slam_ws/install/explore_lite
[0.256s] DEBUG:colcon.colcon_core.event_handler.log_command:Invoking command in '/home/aisl/Documents/multi_robot_slam_ws/build/multi_robot_slam': BYOBU_DATE=%Y-%m-%d CMAKE_PREFIX_PATH=${CMAKE_PREFIX_PATH}:/home/aisl/Documents/multi_robot_slam_ws/install/multi_robot_slam_py:/opt/ros/jazzy DEBUGINFOD_URLS=https://debuginfod.ubuntu.com PS1=\[\e[38;5;202m\]$(byobu_prompt_status)\[\e[00m\]$(byobu_prompt_runtime) \[\e[38;5;245m\]\u\[\e[00m\]@\[\e[38;5;172m\]\h\[\e[00m\]:\[\e[38;5;5m\]\w\[\e[00m\]$(byobu_prompt_symbol) /usr/bin/cmake /home/aisl/Documents/multi_robot_slam_ws/src/multi_robot_slam -DAMENT_CMAKE_SYMLINK_INSTALL=1 -DCMAKE_INSTALL_PREFIX=/home/aisl/Documents/multi_robot_slam_ws/install/multi_robot_slam
[0.429s] INFO:colcon.colcon_core.task.python.build:Building Python package in '/home/aisl/Documents/multi_robot_slam_ws/src/multi_robot_slam_py'
[0.429s] INFO:colcon.colcon_core.shell:Skip shell extension 'powershell' for command environment: Not usable outside of PowerShell
[0.429s] DEBUG:colcon.colcon_core.shell:Skip shell extension 'dsv' for command environment
[0.435s] DEBUG:colcon.colcon_core.event_handler.log_command:Invoking command in '/home/aisl/Documents/multi_robot_slam_ws/build/multirobot_map_merge': BYOBU_DATE=%Y-%m-%d CMAKE_PREFIX_PATH=${CMAKE_PREFIX_PATH}:/home/aisl/Documents/multi_robot_slam_ws/install/multi_robot_slam_py:/opt/ros/jazzy DEBUGINFOD_URLS=https://debuginfod.ubuntu.com PS1=\[\e[38;5;202m\]$(byobu_prompt_status)\[\e[00m\]$(byobu_prompt_runtime) \[\e[38;5;245m\]\u\[\e[00m\]@\[\e[38;5;172m\]\h\[\e[00m\]:\[\e[38;5;5m\]\w\[\e[00m\]$(byobu_prompt_symbol) /usr/bin/cmake /home/aisl/Documents/multi_robot_slam_ws/src/m-explore-ros2/m-explore-ros2-main/map_merge -DAMENT_CMAKE_SYMLINK_INSTALL=1 -DCMAKE_INSTALL_PREFIX=/home/aisl/Documents/multi_robot_slam_ws/install/multirobot_map_merge
[1.083s] DEBUG:colcon.colcon_core.event_handler.log_command:Invoking command in '/home/aisl/Documents/multi_robot_slam_ws/build/multi_robot_slam_py': BYOBU_DATE=%Y-%m-%d DEBUGINFOD_URLS=https://debuginfod.ubuntu.com PS1=\[\e[38;5;202m\]$(byobu_prompt_status)\[\e[00m\]$(byobu_prompt_runtime) \[\e[38;5;245m\]\u\[\e[00m\]@\[\e[38;5;172m\]\h\[\e[00m\]:\[\e[38;5;5m\]\w\[\e[00m\]$(byobu_prompt_symbol) PYTHONPATH=/home/aisl/Documents/multi_robot_slam_ws/build/multi_robot_slam_py/prefix_override:/usr/lib/python3/dist-packages/colcon_core/task/python/colcon_distutils_commands:/home/aisl/Documents/multi_robot_slam_ws/install/multi_robot_slam_py/lib/python3.12/site-packages:${PYTHONPATH} /usr/bin/python3 -W ignore:setup.py install is deprecated -W ignore:easy_install command is deprecated setup.py develop --editable --build-directory /home/aisl/Documents/multi_robot_slam_ws/build/multi_robot_slam_py/build --no-deps symlink_data
[1.480s] DEBUG:colcon.colcon_core.event_handler.log_command:Invoked command in '/home/aisl/Documents/multi_robot_slam_ws/build/multi_robot_slam' returned '0': BYOBU_DATE=%Y-%m-%d CMAKE_PREFIX_PATH=${CMAKE_PREFIX_PATH}:/home/aisl/Documents/multi_robot_slam_ws/install/multi_robot_slam_py:/opt/ros/jazzy DEBUGINFOD_URLS=https://debuginfod.ubuntu.com PS1=\[\e[38;5;202m\]$(byobu_prompt_status)\[\e[00m\]$(byobu_prompt_runtime) \[\e[38;5;245m\]\u\[\e[00m\]@\[\e[38;5;172m\]\h\[\e[00m\]:\[\e[38;5;5m\]\w\[\e[00m\]$(byobu_prompt_symbol) /usr/bin/cmake /home/aisl/Documents/multi_robot_slam_ws/src/multi_robot_slam -DAMENT_CMAKE_SYMLINK_INSTALL=1 -DCMAKE_INSTALL_PREFIX=/home/aisl/Documents/multi_robot_slam_ws/install/multi_robot_slam
[1.481s] DEBUG:colcon.colcon_core.event_handler.log_command:Invoking command in '/home/aisl/Documents/multi_robot_slam_ws/build/multi_robot_slam': BYOBU_DATE=%Y-%m-%d CMAKE_PREFIX_PATH=${CMAKE_PREFIX_PATH}:/home/aisl/Documents/multi_robot_slam_ws/install/multi_robot_slam_py:/opt/ros/jazzy DEBUGINFOD_URLS=https://debuginfod.ubuntu.com PS1=\[\e[38;5;202m\]$(byobu_prompt_status)\[\e[00m\]$(byobu_prompt_runtime) \[\e[38;5;245m\]\u\[\e[00m\]@\[\e[38;5;172m\]\h\[\e[00m\]:\[\e[38;5;5m\]\w\[\e[00m\]$(byobu_prompt_symbol) /usr/bin/cmake --build /home/aisl/Documents/multi_robot_slam_ws/build/multi_robot_slam -- -j20 -l20
[1.512s] DEBUG:colcon.colcon_core.event_handler.log_command:Invoked command in '/home/aisl/Documents/multi_robot_slam_ws/build/multi_robot_slam' returned '0': BYOBU_DATE=%Y-%m-%d CMAKE_PREFIX_PATH=${CMAKE_PREFIX_PATH}:/home/aisl/Documents/multi_robot_slam_ws/install/multi_robot_slam_py:/opt/ros/jazzy DEBUGINFOD_URLS=https://debuginfod.ubuntu.com PS1=\[\e[38;5;202m\]$(byobu_prompt_status)\[\e[00m\]$(byobu_prompt_runtime) \[\e[38;5;245m\]\u\[\e[00m\]@\[\e[38;5;172m\]\h\[\e[00m\]:\[\e[38;5;5m\]\w\[\e[00m\]$(byobu_prompt_symbol) /usr/bin/cmake --build /home/aisl/Documents/multi_robot_slam_ws/build/multi_robot_slam -- -j20 -l20
[1.519s] DEBUG:colcon.colcon_core.event_handler.log_command:Invoking command in '/home/aisl/Documents/multi_robot_slam_ws/build/multi_robot_slam': BYOBU_DATE=%Y-%m-%d CMAKE_PREFIX_PATH=${CMAKE_PREFIX_PATH}:/home/aisl/Documents/multi_robot_slam_ws/install/multi_robot_slam_py:/opt/ros/jazzy DEBUGINFOD_URLS=https://debuginfod.ubuntu.com PS1=\[\e[38;5;202m\]$(byobu_prompt_status)\[\e[00m\]$(byobu_prompt_runtime) \[\e[38;5;245m\]\u\[\e[00m\]@\[\e[38;5;172m\]\h\[\e[00m\]:\[\e[38;5;5m\]\w\[\e[00m\]$(byobu_prompt_symbol) /usr/bin/cmake --install /home/aisl/Documents/multi_robot_slam_ws/build/multi_robot_slam
[1.670s] Level 1:colcon.colcon_core.shell:create_environment_hook('multi_robot_slam_py', 'pythonpath_develop')
[1.670s] INFO:colcon.colcon_core.shell:Creating environment hook '/home/aisl/Documents/multi_robot_slam_ws/build/multi_robot_slam_py/share/multi_robot_slam_py/hook/pythonpath_develop.ps1'
[1.671s] DEBUG:colcon.colcon_core.event_handler.log_command:Invoked command in '/home/aisl/Documents/multi_robot_slam_ws/build/multi_robot_slam_py' returned '0': BYOBU_DATE=%Y-%m-%d DEBUGINFOD_URLS=https://debuginfod.ubuntu.com PS1=\[\e[38;5;202m\]$(byobu_prompt_status)\[\e[00m\]$(byobu_prompt_runtime) \[\e[38;5;245m\]\u\[\e[00m\]@\[\e[38;5;172m\]\h\[\e[00m\]:\[\e[38;5;5m\]\w\[\e[00m\]$(byobu_prompt_symbol) PYTHONPATH=/home/aisl/Documents/multi_robot_slam_ws/build/multi_robot_slam_py/prefix_override:/usr/lib/python3/dist-packages/colcon_core/task/python/colcon_distutils_commands:/home/aisl/Documents/multi_robot_slam_ws/install/multi_robot_slam_py/lib/python3.12/site-packages:${PYTHONPATH} /usr/bin/python3 -W ignore:setup.py install is deprecated -W ignore:easy_install command is deprecated setup.py develop --editable --build-directory /home/aisl/Documents/multi_robot_slam_ws/build/multi_robot_slam_py/build --no-deps symlink_data
[1.671s] INFO:colcon.colcon_core.shell:Creating environment descriptor '/home/aisl/Documents/multi_robot_slam_ws/build/multi_robot_slam_py/share/multi_robot_slam_py/hook/pythonpath_develop.dsv'
[1.671s] INFO:colcon.colcon_core.shell:Creating environment hook '/home/aisl/Documents/multi_robot_slam_ws/build/multi_robot_slam_py/share/multi_robot_slam_py/hook/pythonpath_develop.sh'
[1.674s] Level 1:colcon.colcon_core.environment:checking '/home/aisl/Documents/multi_robot_slam_ws/install/multi_robot_slam_py' for CMake module files
[1.674s] Level 1:colcon.colcon_core.environment:checking '/home/aisl/Documents/multi_robot_slam_ws/install/multi_robot_slam_py' for CMake config files
[1.675s] Level 1:colcon.colcon_core.environment:checking '/home/aisl/Documents/multi_robot_slam_ws/install/multi_robot_slam_py/lib'
[1.675s] Level 1:colcon.colcon_core.environment:checking '/home/aisl/Documents/multi_robot_slam_ws/install/multi_robot_slam_py/bin'
[1.675s] Level 1:colcon.colcon_core.environment:checking '/home/aisl/Documents/multi_robot_slam_ws/install/multi_robot_slam_py/lib/pkgconfig/multi_robot_slam_py.pc'
[1.675s] Level 1:colcon.colcon_core.environment:checking '/home/aisl/Documents/multi_robot_slam_ws/install/multi_robot_slam_py/lib/python3.12/site-packages'
[1.675s] Level 1:colcon.colcon_core.shell:create_environment_hook('multi_robot_slam_py', 'pythonpath')
[1.675s] INFO:colcon.colcon_core.shell:Creating environment hook '/home/aisl/Documents/multi_robot_slam_ws/install/multi_robot_slam_py/share/multi_robot_slam_py/hook/pythonpath.ps1'
[1.676s] INFO:colcon.colcon_core.shell:Creating environment descriptor '/home/aisl/Documents/multi_robot_slam_ws/install/multi_robot_slam_py/share/multi_robot_slam_py/hook/pythonpath.dsv'
[1.676s] INFO:colcon.colcon_core.shell:Creating environment hook '/home/aisl/Documents/multi_robot_slam_ws/install/multi_robot_slam_py/share/multi_robot_slam_py/hook/pythonpath.sh'
[1.676s] Level 1:colcon.colcon_core.environment:checking '/home/aisl/Documents/multi_robot_slam_ws/install/multi_robot_slam_py/bin'
[1.677s] Level 1:colcon.colcon_core.environment:create_environment_scripts_only(multi_robot_slam_py)
[1.677s] INFO:colcon.colcon_core.shell:Creating package script '/home/aisl/Documents/multi_robot_slam_ws/install/multi_robot_slam_py/share/multi_robot_slam_py/package.ps1'
[1.677s] INFO:colcon.colcon_core.shell:Creating package descriptor '/home/aisl/Documents/multi_robot_slam_ws/install/multi_robot_slam_py/share/multi_robot_slam_py/package.dsv'
[1.678s] INFO:colcon.colcon_core.shell:Creating package script '/home/aisl/Documents/multi_robot_slam_ws/install/multi_robot_slam_py/share/multi_robot_slam_py/package.sh'
[1.678s] INFO:colcon.colcon_core.shell:Creating package script '/home/aisl/Documents/multi_robot_slam_ws/install/multi_robot_slam_py/share/multi_robot_slam_py/package.bash'
[1.679s] INFO:colcon.colcon_core.shell:Creating package script '/home/aisl/Documents/multi_robot_slam_ws/install/multi_robot_slam_py/share/multi_robot_slam_py/package.zsh'
[1.680s] Level 1:colcon.colcon_core.environment:create_file_with_runtime_dependencies(/home/aisl/Documents/multi_robot_slam_ws/install/multi_robot_slam_py/share/colcon-core/packages/multi_robot_slam_py)
[1.744s] Level 1:colcon.colcon_core.environment:create_environment_scripts_only(multi_robot_slam)
[1.744s] Level 1:colcon.colcon_core.environment:checking '/home/aisl/Documents/multi_robot_slam_ws/install/multi_robot_slam' for CMake module files
[1.744s] DEBUG:colcon.colcon_core.event_handler.log_command:Invoked command in '/home/aisl/Documents/multi_robot_slam_ws/build/multi_robot_slam' returned '0': BYOBU_DATE=%Y-%m-%d CMAKE_PREFIX_PATH=${CMAKE_PREFIX_PATH}:/home/aisl/Documents/multi_robot_slam_ws/install/multi_robot_slam_py:/opt/ros/jazzy DEBUGINFOD_URLS=https://debuginfod.ubuntu.com PS1=\[\e[38;5;202m\]$(byobu_prompt_status)\[\e[00m\]$(byobu_prompt_runtime) \[\e[38;5;245m\]\u\[\e[00m\]@\[\e[38;5;172m\]\h\[\e[00m\]:\[\e[38;5;5m\]\w\[\e[00m\]$(byobu_prompt_symbol) /usr/bin/cmake --install /home/aisl/Documents/multi_robot_slam_ws/build/multi_robot_slam
[1.745s] Level 1:colcon.colcon_core.environment:checking '/home/aisl/Documents/multi_robot_slam_ws/install/multi_robot_slam' for CMake config files
[1.745s] Level 1:colcon.colcon_core.shell:create_environment_hook('multi_robot_slam', 'cmake_prefix_path')
[1.745s] INFO:colcon.colcon_core.shell:Creating environment hook '/home/aisl/Documents/multi_robot_slam_ws/install/multi_robot_slam/share/multi_robot_slam/hook/cmake_prefix_path.ps1'
[1.745s] INFO:colcon.colcon_core.shell:Creating environment descriptor '/home/aisl/Documents/multi_robot_slam_ws/install/multi_robot_slam/share/multi_robot_slam/hook/cmake_prefix_path.dsv'
[1.746s] INFO:colcon.colcon_core.shell:Creating environment hook '/home/aisl/Documents/multi_robot_slam_ws/install/multi_robot_slam/share/multi_robot_slam/hook/cmake_prefix_path.sh'
[1.746s] Level 1:colcon.colcon_core.environment:checking '/home/aisl/Documents/multi_robot_slam_ws/install/multi_robot_slam/lib'
[1.746s] Level 1:colcon.colcon_core.environment:checking '/home/aisl/Documents/multi_robot_slam_ws/install/multi_robot_slam/bin'
[1.746s] Level 1:colcon.colcon_core.environment:checking '/home/aisl/Documents/multi_robot_slam_ws/install/multi_robot_slam/lib/pkgconfig/multi_robot_slam.pc'
[1.746s] Level 1:colcon.colcon_core.environment:checking '/home/aisl/Documents/multi_robot_slam_ws/install/multi_robot_slam/lib/python3.12/site-packages'
[1.746s] Level 1:colcon.colcon_core.environment:checking '/home/aisl/Documents/multi_robot_slam_ws/install/multi_robot_slam/bin'
[1.747s] INFO:colcon.colcon_core.shell:Creating package script '/home/aisl/Documents/multi_robot_slam_ws/install/multi_robot_slam/share/multi_robot_slam/package.ps1'
[1.747s] INFO:colcon.colcon_core.shell:Creating package descriptor '/home/aisl/Documents/multi_robot_slam_ws/install/multi_robot_slam/share/multi_robot_slam/package.dsv'
[1.747s] INFO:colcon.colcon_core.shell:Creating package script '/home/aisl/Documents/multi_robot_slam_ws/install/multi_robot_slam/share/multi_robot_slam/package.sh'
[1.747s] INFO:colcon.colcon_core.shell:Creating package script '/home/aisl/Documents/multi_robot_slam_ws/install/multi_robot_slam/share/multi_robot_slam/package.bash'
[1.748s] INFO:colcon.colcon_core.shell:Creating package script '/home/aisl/Documents/multi_robot_slam_ws/install/multi_robot_slam/share/multi_robot_slam/package.zsh'
[1.748s] Level 1:colcon.colcon_core.environment:create_file_with_runtime_dependencies(/home/aisl/Documents/multi_robot_slam_ws/install/multi_robot_slam/share/colcon-core/packages/multi_robot_slam)
[1.748s] Level 1:colcon.colcon_core.environment:create_environment_scripts_only(multi_robot_slam)
[1.748s] Level 1:colcon.colcon_core.environment:checking '/home/aisl/Documents/multi_robot_slam_ws/install/multi_robot_slam' for CMake module files
[1.749s] Level 1:colcon.colcon_core.environment:checking '/home/aisl/Documents/multi_robot_slam_ws/install/multi_robot_slam' for CMake config files
[1.749s] Level 1:colcon.colcon_core.shell:create_environment_hook('multi_robot_slam', 'cmake_prefix_path')
[1.749s] INFO:colcon.colcon_core.shell:Creating environment hook '/home/aisl/Documents/multi_robot_slam_ws/install/multi_robot_slam/share/multi_robot_slam/hook/cmake_prefix_path.ps1'
[1.749s] INFO:colcon.colcon_core.shell:Creating environment descriptor '/home/aisl/Documents/multi_robot_slam_ws/install/multi_robot_slam/share/multi_robot_slam/hook/cmake_prefix_path.dsv'
[1.749s] INFO:colcon.colcon_core.shell:Creating environment hook '/home/aisl/Documents/multi_robot_slam_ws/install/multi_robot_slam/share/multi_robot_slam/hook/cmake_prefix_path.sh'
[1.750s] Level 1:colcon.colcon_core.environment:checking '/home/aisl/Documents/multi_robot_slam_ws/install/multi_robot_slam/lib'
[1.750s] Level 1:colcon.colcon_core.environment:checking '/home/aisl/Documents/multi_robot_slam_ws/install/multi_robot_slam/bin'
[1.750s] Level 1:colcon.colcon_core.environment:checking '/home/aisl/Documents/multi_robot_slam_ws/install/multi_robot_slam/lib/pkgconfig/multi_robot_slam.pc'
[1.750s] Level 1:colcon.colcon_core.environment:checking '/home/aisl/Documents/multi_robot_slam_ws/install/multi_robot_slam/lib/python3.12/site-packages'
[1.750s] Level 1:colcon.colcon_core.environment:checking '/home/aisl/Documents/multi_robot_slam_ws/install/multi_robot_slam/bin'
[1.750s] INFO:colcon.colcon_core.shell:Creating package script '/home/aisl/Documents/multi_robot_slam_ws/install/multi_robot_slam/share/multi_robot_slam/package.ps1'
[1.751s] INFO:colcon.colcon_core.shell:Creating package descriptor '/home/aisl/Documents/multi_robot_slam_ws/install/multi_robot_slam/share/multi_robot_slam/package.dsv'
[1.751s] INFO:colcon.colcon_core.shell:Creating package script '/home/aisl/Documents/multi_robot_slam_ws/install/multi_robot_slam/share/multi_robot_slam/package.sh'
[1.751s] INFO:colcon.colcon_core.shell:Creating package script '/home/aisl/Documents/multi_robot_slam_ws/install/multi_robot_slam/share/multi_robot_slam/package.bash'
[1.752s] INFO:colcon.colcon_core.shell:Creating package script '/home/aisl/Documents/multi_robot_slam_ws/install/multi_robot_slam/share/multi_robot_slam/package.zsh'
[1.752s] Level 1:colcon.colcon_core.environment:create_file_with_runtime_dependencies(/home/aisl/Documents/multi_robot_slam_ws/install/multi_robot_slam/share/colcon-core/packages/multi_robot_slam)
[1.933s] DEBUG:colcon.colcon_core.event_handler.log_command:Invoked command in '/home/aisl/Documents/multi_robot_slam_ws/build/explore_lite' returned '0': BYOBU_DATE=%Y-%m-%d CMAKE_PREFIX_PATH=${CMAKE_PREFIX_PATH}:/home/aisl/Documents/multi_robot_slam_ws/install/multi_robot_slam_py:/opt/ros/jazzy DEBUGINFOD_URLS=https://debuginfod.ubuntu.com PS1=\[\e[38;5;202m\]$(byobu_prompt_status)\[\e[00m\]$(byobu_prompt_runtime) \[\e[38;5;245m\]\u\[\e[00m\]@\[\e[38;5;172m\]\h\[\e[00m\]:\[\e[38;5;5m\]\w\[\e[00m\]$(byobu_prompt_symbol) /usr/bin/cmake /home/aisl/Documents/multi_robot_slam_ws/src/m-explore-ros2/m-explore-ros2-main/explore -DAMENT_CMAKE_SYMLINK_INSTALL=1 -DCMAKE_INSTALL_PREFIX=/home/aisl/Documents/multi_robot_slam_ws/install/explore_lite
[1.934s] DEBUG:colcon.colcon_core.event_handler.log_command:Invoking command in '/home/aisl/Documents/multi_robot_slam_ws/build/explore_lite': BYOBU_DATE=%Y-%m-%d CMAKE_PREFIX_PATH=${CMAKE_PREFIX_PATH}:/home/aisl/Documents/multi_robot_slam_ws/install/multi_robot_slam_py:/opt/ros/jazzy DEBUGINFOD_URLS=https://debuginfod.ubuntu.com PS1=\[\e[38;5;202m\]$(byobu_prompt_status)\[\e[00m\]$(byobu_prompt_runtime) \[\e[38;5;245m\]\u\[\e[00m\]@\[\e[38;5;172m\]\h\[\e[00m\]:\[\e[38;5;5m\]\w\[\e[00m\]$(byobu_prompt_symbol) /usr/bin/cmake --build /home/aisl/Documents/multi_robot_slam_ws/build/explore_lite -- -j20 -l20
[6.203s] DEBUG:colcon.colcon_core.event_handler.log_command:Invoked command in '/home/aisl/Documents/multi_robot_slam_ws/build/multirobot_map_merge' returned '0': BYOBU_DATE=%Y-%m-%d CMAKE_PREFIX_PATH=${CMAKE_PREFIX_PATH}:/home/aisl/Documents/multi_robot_slam_ws/install/multi_robot_slam_py:/opt/ros/jazzy DEBUGINFOD_URLS=https://debuginfod.ubuntu.com PS1=\[\e[38;5;202m\]$(byobu_prompt_status)\[\e[00m\]$(byobu_prompt_runtime) \[\e[38;5;245m\]\u\[\e[00m\]@\[\e[38;5;172m\]\h\[\e[00m\]:\[\e[38;5;5m\]\w\[\e[00m\]$(byobu_prompt_symbol) /usr/bin/cmake /home/aisl/Documents/multi_robot_slam_ws/src/m-explore-ros2/m-explore-ros2-main/map_merge -DAMENT_CMAKE_SYMLINK_INSTALL=1 -DCMAKE_INSTALL_PREFIX=/home/aisl/Documents/multi_robot_slam_ws/install/multirobot_map_merge
[6.203s] DEBUG:colcon.colcon_core.event_handler.log_command:Invoking command in '/home/aisl/Documents/multi_robot_slam_ws/build/multirobot_map_merge': BYOBU_DATE=%Y-%m-%d CMAKE_PREFIX_PATH=${CMAKE_PREFIX_PATH}:/home/aisl/Documents/multi_robot_slam_ws/install/multi_robot_slam_py:/opt/ros/jazzy DEBUGINFOD_URLS=https://debuginfod.ubuntu.com PS1=\[\e[38;5;202m\]$(byobu_prompt_status)\[\e[00m\]$(byobu_prompt_runtime) \[\e[38;5;245m\]\u\[\e[00m\]@\[\e[38;5;172m\]\h\[\e[00m\]:\[\e[38;5;5m\]\w\[\e[00m\]$(byobu_prompt_symbol) /usr/bin/cmake --build /home/aisl/Documents/multi_robot_slam_ws/build/multirobot_map_merge -- -j20 -l20
[12.971s] DEBUG:colcon.colcon_core.event_handler.log_command:Invoked command in '/home/aisl/Documents/multi_robot_slam_ws/build/explore_lite' returned '0': BYOBU_DATE=%Y-%m-%d CMAKE_PREFIX_PATH=${CMAKE_PREFIX_PATH}:/home/aisl/Documents/multi_robot_slam_ws/install/multi_robot_slam_py:/opt/ros/jazzy DEBUGINFOD_URLS=https://debuginfod.ubuntu.com PS1=\[\e[38;5;202m\]$(byobu_prompt_status)\[\e[00m\]$(byobu_prompt_runtime) \[\e[38;5;245m\]\u\[\e[00m\]@\[\e[38;5;172m\]\h\[\e[00m\]:\[\e[38;5;5m\]\w\[\e[00m\]$(byobu_prompt_symbol) /usr/bin/cmake --build /home/aisl/Documents/multi_robot_slam_ws/build/explore_lite -- -j20 -l20
[12.972s] DEBUG:colcon.colcon_core.event_handler.log_command:Invoking command in '/home/aisl/Documents/multi_robot_slam_ws/build/explore_lite': BYOBU_DATE=%Y-%m-%d CMAKE_PREFIX_PATH=${CMAKE_PREFIX_PATH}:/home/aisl/Documents/multi_robot_slam_ws/install/multi_robot_slam_py:/opt/ros/jazzy DEBUGINFOD_URLS=https://debuginfod.ubuntu.com PS1=\[\e[38;5;202m\]$(byobu_prompt_status)\[\e[00m\]$(byobu_prompt_runtime) \[\e[38;5;245m\]\u\[\e[00m\]@\[\e[38;5;172m\]\h\[\e[00m\]:\[\e[38;5;5m\]\w\[\e[00m\]$(byobu_prompt_symbol) /usr/bin/cmake --install /home/aisl/Documents/multi_robot_slam_ws/build/explore_lite
[13.135s] Level 1:colcon.colcon_core.environment:create_environment_scripts_only(explore_lite)
[13.135s] Level 1:colcon.colcon_core.environment:checking '/home/aisl/Documents/multi_robot_slam_ws/install/explore_lite' for CMake module files
[13.135s] DEBUG:colcon.colcon_core.event_handler.log_command:Invoked command in '/home/aisl/Documents/multi_robot_slam_ws/build/explore_lite' returned '0': BYOBU_DATE=%Y-%m-%d CMAKE_PREFIX_PATH=${CMAKE_PREFIX_PATH}:/home/aisl/Documents/multi_robot_slam_ws/install/multi_robot_slam_py:/opt/ros/jazzy DEBUGINFOD_URLS=https://debuginfod.ubuntu.com PS1=\[\e[38;5;202m\]$(byobu_prompt_status)\[\e[00m\]$(byobu_prompt_runtime) \[\e[38;5;245m\]\u\[\e[00m\]@\[\e[38;5;172m\]\h\[\e[00m\]:\[\e[38;5;5m\]\w\[\e[00m\]$(byobu_prompt_symbol) /usr/bin/cmake --install /home/aisl/Documents/multi_robot_slam_ws/build/explore_lite
[13.135s] Level 1:colcon.colcon_core.environment:checking '/home/aisl/Documents/multi_robot_slam_ws/install/explore_lite' for CMake config files
[13.136s] Level 1:colcon.colcon_core.shell:create_environment_hook('explore_lite', 'cmake_prefix_path')
[13.136s] INFO:colcon.colcon_core.shell:Creating environment hook '/home/aisl/Documents/multi_robot_slam_ws/install/explore_lite/share/explore_lite/hook/cmake_prefix_path.ps1'
[13.136s] INFO:colcon.colcon_core.shell:Creating environment descriptor '/home/aisl/Documents/multi_robot_slam_ws/install/explore_lite/share/explore_lite/hook/cmake_prefix_path.dsv'
[13.136s] INFO:colcon.colcon_core.shell:Creating environment hook '/home/aisl/Documents/multi_robot_slam_ws/install/explore_lite/share/explore_lite/hook/cmake_prefix_path.sh'
[13.137s] Level 1:colcon.colcon_core.environment:checking '/home/aisl/Documents/multi_robot_slam_ws/install/explore_lite/lib'
[13.137s] Level 1:colcon.colcon_core.environment:checking '/home/aisl/Documents/multi_robot_slam_ws/install/explore_lite/bin'
[13.137s] Level 1:colcon.colcon_core.environment:checking '/home/aisl/Documents/multi_robot_slam_ws/install/explore_lite/lib/pkgconfig/explore_lite.pc'
[13.137s] Level 1:colcon.colcon_core.environment:checking '/home/aisl/Documents/multi_robot_slam_ws/install/explore_lite/lib/python3.12/site-packages'
[13.137s] Level 1:colcon.colcon_core.environment:checking '/home/aisl/Documents/multi_robot_slam_ws/install/explore_lite/bin'
[13.137s] INFO:colcon.colcon_core.shell:Creating package script '/home/aisl/Documents/multi_robot_slam_ws/install/explore_lite/share/explore_lite/package.ps1'
[13.138s] INFO:colcon.colcon_core.shell:Creating package descriptor '/home/aisl/Documents/multi_robot_slam_ws/install/explore_lite/share/explore_lite/package.dsv'
[13.138s] INFO:colcon.colcon_core.shell:Creating package script '/home/aisl/Documents/multi_robot_slam_ws/install/explore_lite/share/explore_lite/package.sh'
[13.138s] INFO:colcon.colcon_core.shell:Creating package script '/home/aisl/Documents/multi_robot_slam_ws/install/explore_lite/share/explore_lite/package.bash'
[13.138s] INFO:colcon.colcon_core.shell:Creating package script '/home/aisl/Documents/multi_robot_slam_ws/install/explore_lite/share/explore_lite/package.zsh'
[13.138s] Level 1:colcon.colcon_core.environment:create_file_with_runtime_dependencies(/home/aisl/Documents/multi_robot_slam_ws/install/explore_lite/share/colcon-core/packages/explore_lite)
[13.139s] Level 1:colcon.colcon_core.environment:create_environment_scripts_only(explore_lite)
[13.139s] Level 1:colcon.colcon_core.environment:checking '/home/aisl/Documents/multi_robot_slam_ws/install/explore_lite' for CMake module files
[13.139s] Level 1:colcon.colcon_core.environment:checking '/home/aisl/Documents/multi_robot_slam_ws/install/explore_lite' for CMake config files
[13.139s] Level 1:colcon.colcon_core.shell:create_environment_hook('explore_lite', 'cmake_prefix_path')
[13.140s] INFO:colcon.colcon_core.shell:Creating environment hook '/home/aisl/Documents/multi_robot_slam_ws/install/explore_lite/share/explore_lite/hook/cmake_prefix_path.ps1'
[13.140s] INFO:colcon.colcon_core.shell:Creating environment descriptor '/home/aisl/Documents/multi_robot_slam_ws/install/explore_lite/share/explore_lite/hook/cmake_prefix_path.dsv'
[13.140s] INFO:colcon.colcon_core.shell:Creating environment hook '/home/aisl/Documents/multi_robot_slam_ws/install/explore_lite/share/explore_lite/hook/cmake_prefix_path.sh'
[13.140s] Level 1:colcon.colcon_core.environment:checking '/home/aisl/Documents/multi_robot_slam_ws/install/explore_lite/lib'
[13.140s] Level 1:colcon.colcon_core.environment:checking '/home/aisl/Documents/multi_robot_slam_ws/install/explore_lite/bin'
[13.140s] Level 1:colcon.colcon_core.environment:checking '/home/aisl/Documents/multi_robot_slam_ws/install/explore_lite/lib/pkgconfig/explore_lite.pc'
[13.141s] Level 1:colcon.colcon_core.environment:checking '/home/aisl/Documents/multi_robot_slam_ws/install/explore_lite/lib/python3.12/site-packages'
[13.141s] Level 1:colcon.colcon_core.environment:checking '/home/aisl/Documents/multi_robot_slam_ws/install/explore_lite/bin'
[13.141s] INFO:colcon.colcon_core.shell:Creating package script '/home/aisl/Documents/multi_robot_slam_ws/install/explore_lite/share/explore_lite/package.ps1'
[13.141s] INFO:colcon.colcon_core.shell:Creating package descriptor '/home/aisl/Documents/multi_robot_slam_ws/install/explore_lite/share/explore_lite/package.dsv'
[13.142s] INFO:colcon.colcon_core.shell:Creating package script '/home/aisl/Documents/multi_robot_slam_ws/install/explore_lite/share/explore_lite/package.sh'
[13.142s] INFO:colcon.colcon_core.shell:Creating package script '/home/aisl/Documents/multi_robot_slam_ws/install/explore_lite/share/explore_lite/package.bash'
[13.142s] INFO:colcon.colcon_core.shell:Creating package script '/home/aisl/Documents/multi_robot_slam_ws/install/explore_lite/share/explore_lite/package.zsh'
[13.142s] Level 1:colcon.colcon_core.environment:create_file_with_runtime_dependencies(/home/aisl/Documents/multi_robot_slam_ws/install/explore_lite/share/colcon-core/packages/explore_lite)
[18.761s] DEBUG:colcon.colcon_core.event_handler.log_command:Invoked command in '/home/aisl/Documents/multi_robot_slam_ws/build/multirobot_map_merge' returned '0': BYOBU_DATE=%Y-%m-%d CMAKE_PREFIX_PATH=${CMAKE_PREFIX_PATH}:/home/aisl/Documents/multi_robot_slam_ws/install/multi_robot_slam_py:/opt/ros/jazzy DEBUGINFOD_URLS=https://debuginfod.ubuntu.com PS1=\[\e[38;5;202m\]$(byobu_prompt_status)\[\e[00m\]$(byobu_prompt_runtime) \[\e[38;5;245m\]\u\[\e[00m\]@\[\e[38;5;172m\]\h\[\e[00m\]:\[\e[38;5;5m\]\w\[\e[00m\]$(byobu_prompt_symbol) /usr/bin/cmake --build /home/aisl/Documents/multi_robot_slam_ws/build/multirobot_map_merge -- -j20 -l20
[18.761s] DEBUG:colcon.colcon_core.event_handler.log_command:Invoking command in '/home/aisl/Documents/multi_robot_slam_ws/build/multirobot_map_merge': BYOBU_DATE=%Y-%m-%d CMAKE_PREFIX_PATH=${CMAKE_PREFIX_PATH}:/home/aisl/Documents/multi_robot_slam_ws/install/multi_robot_slam_py:/opt/ros/jazzy DEBUGINFOD_URLS=https://debuginfod.ubuntu.com PS1=\[\e[38;5;202m\]$(byobu_prompt_status)\[\e[00m\]$(byobu_prompt_runtime) \[\e[38;5;245m\]\u\[\e[00m\]@\[\e[38;5;172m\]\h\[\e[00m\]:\[\e[38;5;5m\]\w\[\e[00m\]$(byobu_prompt_symbol) /usr/bin/cmake --install /home/aisl/Documents/multi_robot_slam_ws/build/multirobot_map_merge
[18.943s] Level 1:colcon.colcon_core.environment:create_environment_scripts_only(multirobot_map_merge)
[18.943s] Level 1:colcon.colcon_core.environment:checking '/home/aisl/Documents/multi_robot_slam_ws/install/multirobot_map_merge' for CMake module files
[18.944s] DEBUG:colcon.colcon_core.event_handler.log_command:Invoked command in '/home/aisl/Documents/multi_robot_slam_ws/build/multirobot_map_merge' returned '0': BYOBU_DATE=%Y-%m-%d CMAKE_PREFIX_PATH=${CMAKE_PREFIX_PATH}:/home/aisl/Documents/multi_robot_slam_ws/install/multi_robot_slam_py:/opt/ros/jazzy DEBUGINFOD_URLS=https://debuginfod.ubuntu.com PS1=\[\e[38;5;202m\]$(byobu_prompt_status)\[\e[00m\]$(byobu_prompt_runtime) \[\e[38;5;245m\]\u\[\e[00m\]@\[\e[38;5;172m\]\h\[\e[00m\]:\[\e[38;5;5m\]\w\[\e[00m\]$(byobu_prompt_symbol) /usr/bin/cmake --install /home/aisl/Documents/multi_robot_slam_ws/build/multirobot_map_merge
[18.944s] Level 1:colcon.colcon_core.environment:checking '/home/aisl/Documents/multi_robot_slam_ws/install/multirobot_map_merge' for CMake config files
[18.944s] Level 1:colcon.colcon_core.shell:create_environment_hook('multirobot_map_merge', 'cmake_prefix_path')
[18.944s] INFO:colcon.colcon_core.shell:Creating environment hook '/home/aisl/Documents/multi_robot_slam_ws/install/multirobot_map_merge/share/multirobot_map_merge/hook/cmake_prefix_path.ps1'
[18.945s] INFO:colcon.colcon_core.shell:Creating environment descriptor '/home/aisl/Documents/multi_robot_slam_ws/install/multirobot_map_merge/share/multirobot_map_merge/hook/cmake_prefix_path.dsv'
[18.945s] INFO:colcon.colcon_core.shell:Creating environment hook '/home/aisl/Documents/multi_robot_slam_ws/install/multirobot_map_merge/share/multirobot_map_merge/hook/cmake_prefix_path.sh'
[18.945s] Level 1:colcon.colcon_core.environment:checking '/home/aisl/Documents/multi_robot_slam_ws/install/multirobot_map_merge/lib'
[18.945s] Level 1:colcon.colcon_core.environment:checking '/home/aisl/Documents/multi_robot_slam_ws/install/multirobot_map_merge/bin'
[18.945s] Level 1:colcon.colcon_core.environment:checking '/home/aisl/Documents/multi_robot_slam_ws/install/multirobot_map_merge/lib/pkgconfig/multirobot_map_merge.pc'
[18.946s] Level 1:colcon.colcon_core.environment:checking '/home/aisl/Documents/multi_robot_slam_ws/install/multirobot_map_merge/lib/python3.12/site-packages'
[18.946s] Level 1:colcon.colcon_core.environment:checking '/home/aisl/Documents/multi_robot_slam_ws/install/multirobot_map_merge/bin'
[18.946s] INFO:colcon.colcon_core.shell:Creating package script '/home/aisl/Documents/multi_robot_slam_ws/install/multirobot_map_merge/share/multirobot_map_merge/package.ps1'
[18.946s] INFO:colcon.colcon_core.shell:Creating package descriptor '/home/aisl/Documents/multi_robot_slam_ws/install/multirobot_map_merge/share/multirobot_map_merge/package.dsv'
[18.947s] INFO:colcon.colcon_core.shell:Creating package script '/home/aisl/Documents/multi_robot_slam_ws/install/multirobot_map_merge/share/multirobot_map_merge/package.sh'
[18.947s] INFO:colcon.colcon_core.shell:Creating package script '/home/aisl/Documents/multi_robot_slam_ws/install/multirobot_map_merge/share/multirobot_map_merge/package.bash'
[18.947s] INFO:colcon.colcon_core.shell:Creating package script '/home/aisl/Documents/multi_robot_slam_ws/install/multirobot_map_merge/share/multirobot_map_merge/package.zsh'
[18.947s] Level 1:colcon.colcon_core.environment:create_file_with_runtime_dependencies(/home/aisl/Documents/multi_robot_slam_ws/install/multirobot_map_merge/share/colcon-core/packages/multirobot_map_merge)
[18.948s] Level 1:colcon.colcon_core.environment:create_environment_scripts_only(multirobot_map_merge)
[18.948s] Level 1:colcon.colcon_core.environment:checking '/home/aisl/Documents/multi_robot_slam_ws/install/multirobot_map_merge' for CMake module files
[18.948s] Level 1:colcon.colcon_core.environment:checking '/home/aisl/Documents/multi_robot_slam_ws/install/multirobot_map_merge' for CMake config files
[18.948s] Level 1:colcon.colcon_core.shell:create_environment_hook('multirobot_map_merge', 'cmake_prefix_path')
[18.948s] INFO:colcon.colcon_core.shell:Creating environment hook '/home/aisl/Documents/multi_robot_slam_ws/install/multirobot_map_merge/share/multirobot_map_merge/hook/cmake_prefix_path.ps1'
[18.949s] INFO:colcon.colcon_core.shell:Creating environment descriptor '/home/aisl/Documents/multi_robot_slam_ws/install/multirobot_map_merge/share/multirobot_map_merge/hook/cmake_prefix_path.dsv'
[18.949s] INFO:colcon.colcon_core.shell:Creating environment hook '/home/aisl/Documents/multi_robot_slam_ws/install/multirobot_map_merge/share/multirobot_map_merge/hook/cmake_prefix_path.sh'
[18.949s] Level 1:colcon.colcon_core.environment:checking '/home/aisl/Documents/multi_robot_slam_ws/install/multirobot_map_merge/lib'
[18.949s] Level 1:colcon.colcon_core.environment:checking '/home/aisl/Documents/multi_robot_slam_ws/install/multirobot_map_merge/bin'
[18.949s] Level 1:colcon.colcon_core.environment:checking '/home/aisl/Documents/multi_robot_slam_ws/install/multirobot_map_merge/lib/pkgconfig/multirobot_map_merge.pc'
[18.950s] Level 1:colcon.colcon_core.environment:checking '/home/aisl/Documents/multi_robot_slam_ws/install/multirobot_map_merge/lib/python3.12/site-packages'
[18.950s] Level 1:colcon.colcon_core.environment:checking '/home/aisl/Documents/multi_robot_slam_ws/install/multirobot_map_merge/bin'
[18.950s] INFO:colcon.colcon_core.shell:Creating package script '/home/aisl/Documents/multi_robot_slam_ws/install/multirobot_map_merge/share/multirobot_map_merge/package.ps1'
[18.950s] INFO:colcon.colcon_core.shell:Creating package descriptor '/home/aisl/Documents/multi_robot_slam_ws/install/multirobot_map_merge/share/multirobot_map_merge/package.dsv'
[18.951s] INFO:colcon.colcon_core.shell:Creating package script '/home/aisl/Documents/multi_robot_slam_ws/install/multirobot_map_merge/share/multirobot_map_merge/package.sh'
[18.951s] INFO:colcon.colcon_core.shell:Creating package script '/home/aisl/Documents/multi_robot_slam_ws/install/multirobot_map_merge/share/multirobot_map_merge/package.bash'
[18.951s] INFO:colcon.colcon_core.shell:Creating package script '/home/aisl/Documents/multi_robot_slam_ws/install/multirobot_map_merge/share/multirobot_map_merge/package.zsh'
[18.951s] Level 1:colcon.colcon_core.environment:create_file_with_runtime_dependencies(/home/aisl/Documents/multi_robot_slam_ws/install/multirobot_map_merge/share/colcon-core/packages/multirobot_map_merge)
[18.952s] DEBUG:colcon.colcon_parallel_executor.executor.parallel:closing loop
[18.952s] DEBUG:colcon.colcon_parallel_executor.executor.parallel:loop closed
[18.952s] DEBUG:colcon.colcon_parallel_executor.executor.parallel:run_until_complete finished with '0'
[18.952s] DEBUG:colcon.colcon_core.event_reactor:joining thread
[18.957s] INFO:colcon.colcon_core.plugin_system:Skipping extension 'colcon_notification.desktop_notification.terminal_notifier': Not used on non-Darwin systems
[18.957s] INFO:colcon.colcon_core.plugin_system:Skipping extension 'colcon_notification.desktop_notification.win32': Not used on non-Windows systems
[18.957s] INFO:colcon.colcon_notification.desktop_notification:Sending desktop notification using 'notify2'
[18.974s] DEBUG:colcon.colcon_core.event_reactor:joined thread
[18.974s] INFO:colcon.colcon_core.shell:Creating prefix script '/home/aisl/Documents/multi_robot_slam_ws/install/local_setup.ps1'
[18.975s] INFO:colcon.colcon_core.shell:Creating prefix util module '/home/aisl/Documents/multi_robot_slam_ws/install/_local_setup_util_ps1.py'
[18.976s] INFO:colcon.colcon_core.shell:Creating prefix chain script '/home/aisl/Documents/multi_robot_slam_ws/install/setup.ps1'
[18.976s] INFO:colcon.colcon_core.shell:Creating prefix script '/home/aisl/Documents/multi_robot_slam_ws/install/local_setup.sh'
[18.977s] INFO:colcon.colcon_core.shell:Creating prefix util module '/home/aisl/Documents/multi_robot_slam_ws/install/_local_setup_util_sh.py'
[18.977s] INFO:colcon.colcon_core.shell:Creating prefix chain script '/home/aisl/Documents/multi_robot_slam_ws/install/setup.sh'
[18.978s] INFO:colcon.colcon_core.shell:Creating prefix script '/home/aisl/Documents/multi_robot_slam_ws/install/local_setup.bash'
[18.979s] INFO:colcon.colcon_core.shell:Creating prefix chain script '/home/aisl/Documents/multi_robot_slam_ws/install/setup.bash'
[18.980s] INFO:colcon.colcon_core.shell:Creating prefix script '/home/aisl/Documents/multi_robot_slam_ws/install/local_setup.zsh'
[18.981s] INFO:colcon.colcon_core.shell:Creating prefix chain script '/home/aisl/Documents/multi_robot_slam_ws/install/setup.zsh'
