[0.017s] Invoking command in '/home/aisl/Documents/multi_robot_slam_ws/build/explore_lite': BYOBU_DATE=%Y-%m-%d CMAKE_PREFIX_PATH=${CMAKE_PREFIX_PATH}:/home/aisl/Documents/multi_robot_slam_ws/install/multi_robot_slam_py:/opt/ros/jazzy DEBUGINFOD_URLS=https://debuginfod.ubuntu.com PS1=\[\e[38;5;202m\]$(byobu_prompt_status)\[\e[00m\]$(byobu_prompt_runtime) \[\e[38;5;245m\]\u\[\e[00m\]@\[\e[38;5;172m\]\h\[\e[00m\]:\[\e[38;5;5m\]\w\[\e[00m\]$(byobu_prompt_symbol) /usr/bin/cmake --build /home/aisl/Documents/multi_robot_slam_ws/build/explore_lite -- -j20 -l20
[0.200s] [ 40%] Built target gtest_main
[0.200s] [ 40%] Built target gtest
[0.201s] [ 60%] Built target test_explore
[0.201s] [100%] Built target explore
[0.201s] Invoked command in '/home/aisl/Documents/multi_robot_slam_ws/build/explore_lite' returned '0': BYOBU_DATE=%Y-%m-%d CMAKE_PREFIX_PATH=${CMAKE_PREFIX_PATH}:/home/aisl/Documents/multi_robot_slam_ws/install/multi_robot_slam_py:/opt/ros/jazzy DEBUGINFOD_URLS=https://debuginfod.ubuntu.com PS1=\[\e[38;5;202m\]$(byobu_prompt_status)\[\e[00m\]$(byobu_prompt_runtime) \[\e[38;5;245m\]\u\[\e[00m\]@\[\e[38;5;172m\]\h\[\e[00m\]:\[\e[38;5;5m\]\w\[\e[00m\]$(byobu_prompt_symbol) /usr/bin/cmake --build /home/aisl/Documents/multi_robot_slam_ws/build/explore_lite -- -j20 -l20
[0.209s] Invoking command in '/home/aisl/Documents/multi_robot_slam_ws/build/explore_lite': BYOBU_DATE=%Y-%m-%d CMAKE_PREFIX_PATH=${CMAKE_PREFIX_PATH}:/home/aisl/Documents/multi_robot_slam_ws/install/multi_robot_slam_py:/opt/ros/jazzy DEBUGINFOD_URLS=https://debuginfod.ubuntu.com PS1=\[\e[38;5;202m\]$(byobu_prompt_status)\[\e[00m\]$(byobu_prompt_runtime) \[\e[38;5;245m\]\u\[\e[00m\]@\[\e[38;5;172m\]\h\[\e[00m\]:\[\e[38;5;5m\]\w\[\e[00m\]$(byobu_prompt_symbol) /usr/bin/cmake --install /home/aisl/Documents/multi_robot_slam_ws/build/explore_lite
[0.214s] -- Install configuration: ""
[0.215s] -- Execute custom install script
[0.216s] -- Up-to-date symlink: /home/aisl/Documents/multi_robot_slam_ws/install/explore_lite/include/explore//costmap_client.h
[0.216s] -- Up-to-date symlink: /home/aisl/Documents/multi_robot_slam_ws/install/explore_lite/include/explore//costmap_tools.h
[0.216s] -- Up-to-date symlink: /home/aisl/Documents/multi_robot_slam_ws/install/explore_lite/include/explore//explore.h
[0.216s] -- Up-to-date symlink: /home/aisl/Documents/multi_robot_slam_ws/install/explore_lite/include/explore//frontier_search.h
[0.217s] -- Up-to-date symlink: /home/aisl/Documents/multi_robot_slam_ws/install/explore_lite/share/explore_lite/config/params.yaml
[0.217s] -- Up-to-date symlink: /home/aisl/Documents/multi_robot_slam_ws/install/explore_lite/share/explore_lite/config/params_costmap.yaml
[0.217s] -- Up-to-date symlink: /home/aisl/Documents/multi_robot_slam_ws/install/explore_lite/share/explore_lite/launch/explore.launch.py
[0.217s] -- Up-to-date symlink: /home/aisl/Documents/multi_robot_slam_ws/install/explore_lite/lib/explore_lite/explore
[0.217s] -- Up-to-date symlink: /home/aisl/Documents/multi_robot_slam_ws/install/explore_lite/share/ament_index/resource_index/package_run_dependencies/explore_lite
[0.218s] -- Up-to-date symlink: /home/aisl/Documents/multi_robot_slam_ws/install/explore_lite/share/ament_index/resource_index/parent_prefix_path/explore_lite
[0.218s] -- Up-to-date symlink: /home/aisl/Documents/multi_robot_slam_ws/install/explore_lite/share/explore_lite/environment/ament_prefix_path.sh
[0.218s] -- Up-to-date symlink: /home/aisl/Documents/multi_robot_slam_ws/install/explore_lite/share/explore_lite/environment/ament_prefix_path.dsv
[0.218s] -- Up-to-date symlink: /home/aisl/Documents/multi_robot_slam_ws/install/explore_lite/share/explore_lite/environment/path.sh
[0.218s] -- Up-to-date symlink: /home/aisl/Documents/multi_robot_slam_ws/install/explore_lite/share/explore_lite/environment/path.dsv
[0.218s] -- Up-to-date symlink: /home/aisl/Documents/multi_robot_slam_ws/install/explore_lite/share/explore_lite/local_setup.bash
[0.218s] -- Up-to-date symlink: /home/aisl/Documents/multi_robot_slam_ws/install/explore_lite/share/explore_lite/local_setup.sh
[0.219s] -- Up-to-date symlink: /home/aisl/Documents/multi_robot_slam_ws/install/explore_lite/share/explore_lite/local_setup.zsh
[0.219s] -- Up-to-date symlink: /home/aisl/Documents/multi_robot_slam_ws/install/explore_lite/share/explore_lite/local_setup.dsv
[0.219s] -- Symlinking: /home/aisl/Documents/multi_robot_slam_ws/install/explore_lite/share/explore_lite/package.dsv
[0.225s] -- Up-to-date symlink: /home/aisl/Documents/multi_robot_slam_ws/install/explore_lite/share/ament_index/resource_index/packages/explore_lite
[0.225s] -- Up-to-date symlink: /home/aisl/Documents/multi_robot_slam_ws/install/explore_lite/share/explore_lite/cmake/ament_cmake_export_include_directories-extras.cmake
[0.225s] -- Up-to-date symlink: /home/aisl/Documents/multi_robot_slam_ws/install/explore_lite/share/explore_lite/cmake/explore_liteConfig.cmake
[0.225s] -- Up-to-date symlink: /home/aisl/Documents/multi_robot_slam_ws/install/explore_lite/share/explore_lite/cmake/explore_liteConfig-version.cmake
[0.225s] -- Up-to-date symlink: /home/aisl/Documents/multi_robot_slam_ws/install/explore_lite/share/explore_lite/package.xml
[0.227s] Invoked command in '/home/aisl/Documents/multi_robot_slam_ws/build/explore_lite' returned '0': BYOBU_DATE=%Y-%m-%d CMAKE_PREFIX_PATH=${CMAKE_PREFIX_PATH}:/home/aisl/Documents/multi_robot_slam_ws/install/multi_robot_slam_py:/opt/ros/jazzy DEBUGINFOD_URLS=https://debuginfod.ubuntu.com PS1=\[\e[38;5;202m\]$(byobu_prompt_status)\[\e[00m\]$(byobu_prompt_runtime) \[\e[38;5;245m\]\u\[\e[00m\]@\[\e[38;5;172m\]\h\[\e[00m\]:\[\e[38;5;5m\]\w\[\e[00m\]$(byobu_prompt_symbol) /usr/bin/cmake --install /home/aisl/Documents/multi_robot_slam_ws/build/explore_lite
