-- The C compiler identification is GNU 13.3.0
-- The CXX compiler identification is GNU 13.3.0
-- Detecting C compiler ABI info
-- Detecting C compiler ABI info - done
-- Check for working C compiler: /usr/bin/cc - skipped
-- Detecting C compile features
-- Detecting C compile features - done
-- Detecting CXX compiler ABI info
-- Detecting CXX compiler ABI info - done
-- Check for working CXX compiler: /usr/bin/c++ - skipped
-- Detecting CXX compile features
-- Detecting CXX compile features - done
-- Found ament_cmake: 2.5.4 (/opt/ros/jazzy/share/ament_cmake/cmake)
-- Found Python3: /usr/bin/python3 (found version "3.12.3") found components: Interpreter 
-- Override CMake install command with custom implementation using symlinks instead of copying resources
-- Found rclcpp: 28.1.13 (/opt/ros/jazzy/share/rclcpp/cmake)
-- Found rosidl_generator_c: 4.6.6 (/opt/ros/jazzy/share/rosidl_generator_c/cmake)
-- Found rosidl_generator_cpp: 4.6.6 (/opt/ros/jazzy/share/rosidl_generator_cpp/cmake)
-- Using all available rosidl_typesupport_c: rosidl_typesupport_fastrtps_c;rosidl_typesupport_introspection_c
-- Using all available rosidl_typesupport_cpp: rosidl_typesupport_fastrtps_cpp;rosidl_typesupport_introspection_cpp
-- Found rmw_implementation_cmake: 7.3.2 (/opt/ros/jazzy/share/rmw_implementation_cmake/cmake)
-- Found rmw_fastrtps_cpp: 8.4.3 (/opt/ros/jazzy/share/rmw_fastrtps_cpp/cmake)
-- Found OpenSSL: /usr/lib/x86_64-linux-gnu/libcrypto.so (found version "3.0.13")  
-- Found FastRTPS: /opt/ros/jazzy/include (Required is at least version "2.13") 
-- Using RMW implementation 'rmw_fastrtps_cpp' as default
-- Found geometry_msgs: 5.3.6 (/opt/ros/jazzy/share/geometry_msgs/cmake)
-- Found image_geometry: 4.1.0 (/opt/ros/jazzy/share/image_geometry/cmake)
-- Found map_msgs: 2.4.1 (/opt/ros/jazzy/share/map_msgs/cmake)
-- Found tf2_geometry_msgs: 0.36.16 (/opt/ros/jazzy/share/tf2_geometry_msgs/cmake)
-- Found eigen3_cmake_module: 0.3.0 (/opt/ros/jazzy/share/eigen3_cmake_module/cmake)
-- Found Eigen3: TRUE (found version "3.4.0") 
-- Ensuring Eigen3 include directory is part of orocos-kdl CMake target
-- Found Boost: /usr/lib/x86_64-linux-gnu/cmake/Boost-1.83.0/BoostConfig.cmake (found version "1.83.0") found components: thread 
-- Found OpenCV: /usr (found version "4.6.0") 
-- Found ament_lint_auto: 0.17.3 (/opt/ros/jazzy/share/ament_lint_auto/cmake)
-- Found ament_cmake_gtest: 2.5.4 (/opt/ros/jazzy/share/ament_cmake_gtest/cmake)
--2026-03-01 16:16:21--  https://raw.githubusercontent.com/hrnr/m-explore-extra/master/map_merge/hector_maps/map00.pgm
Resolving raw.githubusercontent.com (raw.githubusercontent.com)... 185.199.111.133, 185.199.109.133, 185.199.108.133, ...
Connecting to raw.githubusercontent.com (raw.githubusercontent.com)|185.199.111.133|:443... connected.
HTTP request sent, awaiting response... 200 OK
Length: 4194362 (4.0M) [application/octet-stream]
Saving to: ‘/home/essivekkeli/multi_robot_slam_ws/build/multirobot_map_merge/map00.pgm’

     0K .......... .......... .......... .......... ..........  1%  825K 5s
    50K .......... .......... .......... .......... ..........  2% 85.9M 2s
   100K .......... .......... .......... .......... ..........  3% 6.00M 2s
   150K .......... .......... .......... .......... ..........  4% 1.53M 2s
   200K .......... .......... .......... .......... ..........  6% 3.15M 2s
   250K .......... .......... .......... .......... ..........  7% 3.98M 2s
   300K .......... .......... .......... .......... ..........  8% 1.45M 2s
   350K .......... .......... .......... .......... ..........  9% 2.72M 2s
   400K .......... .......... .......... .......... .......... 10% 1.54M 2s
   450K .......... .......... .......... .......... .......... 12% 2.68M 2s
   500K .......... .......... .......... .......... .......... 13% 1.42M 2s
   550K .......... .......... .......... .......... .......... 14% 1.17M 2s
   600K .......... .......... .......... .......... .......... 15% 1.96M 2s
   650K .......... .......... .......... .......... .......... 17% 1.16M 2s
   700K .......... .......... .......... .......... .......... 18%  880K 2s
   750K .......... .......... .......... .......... .......... 19%  843K 2s
   800K .......... .......... .......... .......... .......... 20%  579K 2s
   850K .......... .......... .......... .......... .......... 21%  676K 2s
   900K .......... .......... .......... .......... .......... 23%  722K 2s
   950K .......... .......... .......... .......... .......... 24%  893K 2s
  1000K .......... .......... .......... .......... .......... 25% 1.11M 2s
  1050K .......... .......... .......... .......... .......... 26%  735K 2s
  1100K .......... .......... .......... .......... .......... 28%  551K 3s
  1150K .......... .......... .......... .......... .......... 29%  802K 3s
  1200K .......... .......... .......... .......... .......... 30%  321K 3s
  1250K .......... .......... .......... .......... .......... 31%  414K 3s
  1300K .......... .......... .......... .......... .......... 32%  384K 3s
  1350K .......... .......... .......... .......... .......... 34%  478K 3s
  1400K .......... .......... .......... .......... .......... 35%  612K 3s
  1450K .......... .......... .......... .......... .......... 36%  805K 3s
  1500K .......... .......... .......... .......... .......... 37% 1.05M 3s
  1550K .......... .......... .......... .......... .......... 39% 1.21M 3s
  1600K .......... .......... .......... .......... .......... 40%  769K 3s
  1650K .......... .......... .......... .......... .......... 41%  949K 3s
  1700K .......... .......... .......... .......... .......... 42% 1.11M 3s
  1750K .......... .......... .......... .......... .......... 43%  851K 3s
  1800K .......... .......... .......... .......... .......... 45%  832K 3s
  1850K .......... .......... .......... .......... .......... 46%  668K 2s
  1900K .......... .......... .......... .......... .......... 47%  492K 2s
  1950K .......... .......... .......... .......... .......... 48%  716K 2s
  2000K .......... .......... .......... .......... .......... 50%  467K 2s
  2050K .......... .......... .......... .......... .......... 51%  251K 2s
  2100K .......... .......... .......... .......... .......... 52%  303K 3s
  2150K .......... .......... .......... .......... .......... 53%  350K 3s
  2200K .......... .......... .......... .......... .......... 54%  385K 3s
  2250K .......... .......... .......... .......... .......... 56%  427K 2s
  2300K .......... .......... .......... .......... .......... 57%  488K 2s
  2350K .......... .......... .......... .......... .......... 58%  706K 2s
  2400K .......... .......... .......... .......... .......... 59%  533K 2s
  2450K .......... .......... .......... .......... .......... 61%  397K 2s
  2500K .......... .......... .......... .......... .......... 62%  477K 2s
  2550K .......... .......... .......... .......... .......... 63%  340K 2s
  2600K .......... .......... .......... .......... .......... 64%  420K 2s
  2650K .......... .......... .......... .......... .......... 65%  668K 2s
  2700K .......... .......... .......... .......... .......... 67%  578K 2s
  2750K .......... .......... .......... .......... .......... 68%  465K 2s
  2800K .......... .......... .......... .......... .......... 69%  320K 2s
  2850K .......... .......... .......... .......... .......... 70%  497K 2s
  2900K .......... .......... .......... .......... .......... 72%  483K 2s
  2950K .......... .......... .......... .......... .......... 73%  427K 2s
  3000K .......... .......... .......... .......... .......... 74%  451K 2s
  3050K .......... .......... .......... .......... .......... 75%  328K 2s
  3100K .......... .......... .......... .......... .......... 76%  329K 2s
  3150K .......... .......... .......... .......... .......... 78%  556K 1s
  3200K .......... .......... .......... .......... .......... 79%  456K 1s
  3250K .......... .......... .......... .......... .......... 80%  706K 1s
  3300K .......... .......... .......... .......... .......... 81%  653K 1s
  3350K .......... .......... .......... .......... .......... 83%  679K 1s
  3400K .......... .......... .......... .......... .......... 84%  593K 1s
  3450K .......... .......... .......... .......... .......... 85%  479K 1s
  3500K .......... .......... .......... .......... .......... 86%  420K 1s
  3550K .......... .......... .......... .......... .......... 87%  379K 1s
  3600K .......... .......... .......... .......... .......... 89%  124K 1s
  3650K .......... .......... .......... .......... .......... 90%  424K 1s
  3700K .......... .......... .......... .......... .......... 91%  483K 1s
  3750K .......... .......... .......... .......... .......... 92%  343K 1s
  3800K .......... .......... .......... .......... .......... 93%  338K 0s
  3850K .......... .......... .......... .......... .......... 95%  564K 0s
  3900K .......... .......... .......... .......... .......... 96%  549K 0s
  3950K .......... .......... .......... .......... .......... 97%  206K 0s
  4000K .......... .......... .......... .......... .......... 98%  306K 0s
  4050K .......... .......... .......... .......... ......    100%  752K=7.5s

2026-03-01 16:16:29 (544 KB/s) - ‘/home/essivekkeli/multi_robot_slam_ws/build/multirobot_map_merge/map00.pgm’ saved [4194362/4194362]

Checking MD5 sum of /home/essivekkeli/multi_robot_slam_ws/build/multirobot_map_merge/map00.pgm
/home/essivekkeli/multi_robot_slam_ws/build/multirobot_map_merge/map00.pgm: OK
--2026-03-01 16:16:29--  https://raw.githubusercontent.com/hrnr/m-explore-extra/master/map_merge/hector_maps/map05.pgm
Resolving raw.githubusercontent.com (raw.githubusercontent.com)... 185.199.110.133, 185.199.111.133, 185.199.108.133, ...
Connecting to raw.githubusercontent.com (raw.githubusercontent.com)|185.199.110.133|:443... connected.
HTTP request sent, awaiting response... 200 OK
Length: 4194362 (4.0M) [application/octet-stream]
Saving to: ‘/home/essivekkeli/multi_robot_slam_ws/build/multirobot_map_merge/map05.pgm’

     0K .......... .......... .......... .......... ..........  1% 2.35M 2s
    50K .......... .......... .......... .......... ..........  2% 1.11M 3s
   100K .......... .......... .......... .......... ..........  3%  127M 2s
   150K .......... .......... .......... .......... ..........  4% 2.10M 2s
   200K .......... .......... .......... .......... ..........  6% 3.99M 2s
   250K .......... .......... .......... .......... ..........  7% 2.85M 1s
   300K .......... .......... .......... .......... ..........  8% 2.01M 2s
   350K .......... .......... .......... .......... ..........  9% 7.23M 1s
   400K .......... .......... .......... .......... .......... 10% 1.97M 1s
   450K .......... .......... .......... .......... .......... 12% 2.72M 1s
   500K .......... .......... .......... .......... .......... 13% 3.38M 1s
   550K .......... .......... .......... .......... .......... 14% 1.71M 1s
   600K .......... .......... .......... .......... .......... 15% 1.12M 1s
   650K .......... .......... .......... .......... .......... 17% 12.7M 1s
   700K .......... .......... .......... .......... .......... 18% 1.76M 1s
   750K .......... .......... .......... .......... .......... 19% 3.26M 1s
   800K .......... .......... .......... .......... .......... 20% 2.16M 1s
   850K .......... .......... .......... .......... .......... 21% 1.77M 1s
   900K .......... .......... .......... .......... .......... 23% 3.03M 1s
   950K .......... .......... .......... .......... .......... 24% 2.81M 1s
  1000K .......... .......... .......... .......... .......... 25% 2.98M 1s
  1050K .......... .......... .......... .......... .......... 26%  342K 2s
  1100K .......... .......... .......... .......... .......... 28% 6.53M 1s
  1150K .......... .......... .......... .......... .......... 29% 1.25M 1s
  1200K .......... .......... .......... .......... .......... 30% 1.86M 1s
  1250K .......... .......... .......... .......... .......... 31% 1.47M 1s
  1300K .......... .......... .......... .......... .......... 32% 1.28M 1s
  1350K .......... .......... .......... .......... .......... 34%  870K 1s
  1400K .......... .......... .......... .......... .......... 35% 1.32M 1s
  1450K .......... .......... .......... .......... .......... 36%  696K 2s
  1500K .......... .......... .......... .......... .......... 37%  844K 2s
  1550K .......... .......... .......... .......... .......... 39%  358K 2s
  1600K .......... .......... .......... .......... .......... 40%  494K 2s
  1650K .......... .......... .......... .......... .......... 41%  426K 2s
  1700K .......... .......... .......... .......... .......... 42%  262K 2s
  1750K .......... .......... .......... .......... .......... 43%  461K 2s
  1800K .......... .......... .......... .......... .......... 45%  524K 2s
  1850K .......... .......... .......... .......... .......... 46%  486K 2s
  1900K .......... .......... .......... .......... .......... 47%  324K 2s
  1950K .......... .......... .......... .......... .......... 48%  465K 2s
  2000K .......... .......... .......... .......... .......... 50%  609K 2s
  2050K .......... .......... .......... .......... .......... 51%  708K 2s
  2100K .......... .......... .......... .......... .......... 52%  505K 2s
  2150K .......... .......... .......... .......... .......... 53%  186K 2s
  2200K .......... .......... .......... .......... .......... 54%  179K 2s
  2250K .......... .......... .......... .......... .......... 56%  170K 2s
  2300K .......... .......... .......... .......... .......... 57%  121K 3s
  2350K .......... .......... .......... .......... .......... 58%  278K 3s
  2400K .......... .......... .......... .......... .......... 59%  383K 3s
  2450K .......... .......... .......... .......... .......... 61%  568K 3s
  2500K .......... .......... .......... .......... .......... 62%  452K 2s
  2550K .......... .......... .......... .......... .......... 63%  405K 2s
  2600K .......... .......... .......... .......... .......... 64%  408K 2s
  2650K .......... .......... .......... .......... .......... 65%  347K 2s
  2700K .......... .......... .......... .......... .......... 67%  150K 2s
  2750K .......... .......... .......... .......... .......... 68%  149K 2s
  2800K .......... .......... .......... .......... .......... 69%  173K 2s
  2850K .......... .......... .......... .......... .......... 70%  376K 2s
  2900K .......... .......... .......... .......... .......... 72%  427K 2s
  2950K .......... .......... .......... .......... .......... 73%  655K 2s
  3000K .......... .......... .......... .......... .......... 74%  605K 2s
  3050K .......... .......... .......... .......... .......... 75%  235K 2s
  3100K .......... .......... .......... .......... .......... 76%  226K 2s
  3150K .......... .......... .......... .......... .......... 78%  208K 2s
  3200K .......... .......... .......... .......... .......... 79%  193K 2s
  3250K .......... .......... .......... .......... .......... 80%  284K 2s
  3300K .......... .......... .......... .......... .......... 81%  536K 2s
  3350K .......... .......... .......... .......... .......... 83%  427K 1s
  3400K .......... .......... .......... .......... .......... 84%  308K 1s
  3450K .......... .......... .......... .......... .......... 85%  369K 1s
  3500K .......... .......... .......... .......... .......... 86%  337K 1s
  3550K .......... .......... .......... .......... .......... 87%  497K 1s
  3600K .......... .......... .......... .......... .......... 89%  612K 1s
  3650K .......... .......... .......... .......... .......... 90%  599K 1s
  3700K .......... .......... .......... .......... .......... 91%  608K 1s
  3750K .......... .......... .......... .......... .......... 92%  451K 1s
  3800K .......... .......... .......... .......... .......... 93%  287K 1s
  3850K .......... .......... .......... .......... .......... 95%  420K 0s
  3900K .......... .......... .......... .......... .......... 96%  198K 0s
  3950K .......... .......... .......... .......... .......... 97%  232K 0s
  4000K .......... .......... .......... .......... .......... 98%  130K 0s
  4050K .......... .......... .......... .......... ......    100%  398K=9.3s

2026-03-01 16:16:38 (440 KB/s) - ‘/home/essivekkeli/multi_robot_slam_ws/build/multirobot_map_merge/map05.pgm’ saved [4194362/4194362]

Checking MD5 sum of /home/essivekkeli/multi_robot_slam_ws/build/multirobot_map_merge/map05.pgm
/home/essivekkeli/multi_robot_slam_ws/build/multirobot_map_merge/map05.pgm: OK
--2026-03-01 16:16:38--  https://raw.githubusercontent.com/hrnr/m-explore-extra/master/map_merge/gmapping_maps/2011-08-09-12-22-52.pgm
Resolving raw.githubusercontent.com (raw.githubusercontent.com)... 185.199.109.133, 185.199.110.133, 185.199.111.133, ...
Connecting to raw.githubusercontent.com (raw.githubusercontent.com)|185.199.109.133|:443... connected.
HTTP request sent, awaiting response... 200 OK
Length: 16000058 (15M) [application/octet-stream]
Saving to: ‘/home/essivekkeli/multi_robot_slam_ws/build/multirobot_map_merge/2011-08-09-12-22-52.pgm’

     0K .......... .......... .......... .......... ..........  0%  499K 31s
    50K .......... .......... .......... .......... ..........  0% 1.15M 22s
   100K .......... .......... .......... .......... ..........  0%  802K 21s
   150K .......... .......... .......... .......... ..........  1%  479K 24s
   200K .......... .......... .......... .......... ..........  1%  954K 22s
   250K .......... .......... .......... .......... ..........  1% 1011K 21s
   300K .......... .......... .......... .......... ..........  2%  515K 22s
   350K .......... .......... .......... .......... ..........  2%  701K 22s
   400K .......... .......... .......... .......... ..........  2%  642K 22s
   450K .......... .......... .......... .......... ..........  3%  834K 22s
   500K .......... .......... .......... .......... ..........  3%  416K 23s
   550K .......... .......... .......... .......... ..........  3%  436K 24s
   600K .......... .......... .......... .......... ..........  4%  639K 24s
   650K .......... .......... .......... .......... ..........  4% 1.01M 23s
   700K .......... .......... .......... .......... ..........  4%  698K 23s
   750K .......... .......... .......... .......... ..........  5%  477K 23s
   800K .......... .......... .......... .......... ..........  5%  479K 24s
   850K .......... .......... .......... .......... ..........  5%  435K 24s
   900K .......... .......... .......... .......... ..........  6%  566K 24s
   950K .......... .......... .......... .......... ..........  6%  299K 25s
  1000K .......... .......... .......... .......... ..........  6%  371K 26s
  1050K .......... .......... .......... .......... ..........  7%  302K 27s
  1100K .......... .......... .......... .......... ..........  7%  418K 27s
  1150K .......... .......... .......... .......... ..........  7%  394K 27s
  1200K .......... .......... .......... .......... ..........  7%  507K 27s
  1250K .......... .......... .......... .......... ..........  8%  407K 28s
  1300K .......... .......... .......... .......... ..........  8%  283K 28s
  1350K .......... .......... .......... .......... ..........  8%  313K 29s
  1400K .......... .......... .......... .......... ..........  9%  457K 29s
  1450K .......... .......... .......... .......... ..........  9%  383K 29s
  1500K .......... .......... .......... .......... ..........  9%  526K 29s
  1550K .......... .......... .......... .......... .......... 10%  284K 29s
  1600K .......... .......... .......... .......... .......... 10%  482K 29s
  1650K .......... .......... .......... .......... .......... 10%  582K 29s
  1700K .......... .......... .......... .......... .......... 11%  717K 29s
  1750K .......... .......... .......... .......... .......... 11%  257K 29s
  1800K .......... .......... .......... .......... .......... 11%  474K 29s
  1850K .......... .......... .......... .......... .......... 12%  593K 29s
  1900K .......... .......... .......... .......... .......... 12%  985K 28s
  1950K .......... .......... .......... .......... .......... 12%  496K 28s
  2000K .......... .......... .......... .......... .......... 13%  323K 28s
  2050K .......... .......... .......... .......... .......... 13%  196K 29s
  2100K .......... .......... .......... .......... .......... 13%  183K 30s
  2150K .......... .......... .......... .......... .......... 14%  465K 30s
  2200K .......... .......... .......... .......... .......... 14%  411K 30s
  2250K .......... .......... .......... .......... .......... 14%  453K 30s
  2300K .......... .......... .......... .......... .......... 15%  389K 30s
  2350K .......... .......... .......... .......... .......... 15%  322K 30s
  2400K .......... .......... .......... .......... .......... 15%  126K 31s
  2450K .......... .......... .......... .......... .......... 15%  190K 32s
  2500K .......... .......... .......... .......... .......... 16%  138K 33s
  2550K .......... .......... .......... .......... .......... 16%  461K 33s
  2600K .......... .......... .......... .......... .......... 16%  695K 33s
  2650K .......... .......... .......... .......... .......... 17%  678K 32s
  2700K .......... .......... .......... .......... .......... 17%  689K 32s
  2750K .......... .......... .......... .......... .......... 17%  819K 31s
  2800K .......... .......... .......... .......... .......... 18%  382K 31s
  2850K .......... .......... .......... .......... .......... 18%  548K 31s
  2900K .......... .......... .......... .......... .......... 18%  567K 31s
  2950K .......... .......... .......... .......... .......... 19%  495K 31s
  3000K .......... .......... .......... .......... .......... 19%  449K 30s
  3050K .......... .......... .......... .......... .......... 19%  329K 30s
  3100K .......... .......... .......... .......... .......... 20%  143K 31s
  3150K .......... .......... .......... .......... .......... 20%  294K 31s
  3200K .......... .......... .......... .......... .......... 20%  148K 32s
  3250K .......... .......... .......... .......... .......... 21%  316K 32s
  3300K .......... .......... .......... .......... .......... 21%  130K 33s
  3350K .......... .......... .......... .......... .......... 21%  230K 33s
  3400K .......... .......... .......... .......... .......... 22%  256K 33s
  3450K .......... .......... .......... .......... .......... 22%  369K 33s
  3500K .......... .......... .......... .......... .......... 22%  542K 33s
  3550K .......... .......... .......... .......... .......... 23%  718K 32s
  3600K .......... .......... .......... .......... .......... 23%  549K 32s
  3650K .......... .......... .......... .......... .......... 23% 1.03M 32s
  3700K .......... .......... .......... .......... .......... 23% 1.07M 31s
  3750K .......... .......... .......... .......... .......... 24% 1.16M 31s
  3800K .......... .......... .......... .......... .......... 24%  790K 30s
  3850K .......... .......... .......... .......... .......... 24%  495K 30s
  3900K .......... .......... .......... .......... .......... 25% 1.05M 30s
  3950K .......... .......... .......... .......... .......... 25%  668K 30s
  4000K .......... .......... .......... .......... .......... 25%  643K 29s
  4050K .......... .......... .......... .......... .......... 26%  483K 29s
  4100K .......... .......... .......... .......... .......... 26%  345K 29s
  4150K .......... .......... .......... .......... .......... 26%  322K 29s
  4200K .......... .......... .......... .......... .......... 27%  374K 29s
  4250K .......... .......... .......... .......... .......... 27%  362K 29s
  4300K .......... .......... .......... .......... .......... 27%  203K 29s
  4350K .......... .......... .......... .......... .......... 28%  282K 29s
  4400K .......... .......... .......... .......... .......... 28%  377K 29s
  4450K .......... .......... .......... .......... .......... 28%  501K 29s
  4500K .......... .......... .......... .......... .......... 29%  308K 29s
  4550K .......... .......... .......... .......... .......... 29%  349K 28s
  4600K .......... .......... .......... .......... .......... 29%  232K 29s
  4650K .......... .......... .......... .......... .......... 30%  248K 29s
  4700K .......... .......... .......... .......... .......... 30%  331K 28s
  4750K .......... .......... .......... .......... .......... 30%  198K 29s
  4800K .......... .......... .......... .......... .......... 31%  157K 29s
  4850K .......... .......... .......... .......... .......... 31%  342K 29s
  4900K .......... .......... .......... .......... .......... 31%  509K 29s
  4950K .......... .......... .......... .......... .......... 31%  444K 28s
  5000K .......... .......... .......... .......... .......... 32%  347K 28s
  5050K .......... .......... .......... .......... .......... 32%  111K 29s
  5100K .......... .......... .......... .......... .......... 32%  216K 29s
  5150K .......... .......... .......... .......... .......... 33%  126K 29s
  5200K .......... .......... .......... .......... .......... 33%  198K 29s
  5250K .......... .......... .......... .......... .......... 33%  492K 29s
  5300K .......... .......... .......... .......... .......... 34%  703K 29s
  5350K .......... .......... .......... .......... .......... 34%  770K 29s
  5400K .......... .......... .......... .......... .......... 34%  692K 28s
  5450K .......... .......... .......... .......... .......... 35%  505K 28s
  5500K .......... .......... .......... .......... .......... 35%  491K 28s
  5550K .......... .......... .......... .......... .......... 35%  426K 28s
  5600K .......... .......... .......... .......... .......... 36%  242K 28s
  5650K .......... .......... .......... .......... .......... 36%  570K 27s
  5700K .......... .......... .......... .......... .......... 36%  435K 27s
  5750K .......... .......... .......... .......... .......... 37%  380K 27s
  5800K .......... .......... .......... .......... .......... 37%  185K 27s
  5850K .......... .......... .......... .......... .......... 37%  307K 27s
  5900K .......... .......... .......... .......... .......... 38%  162K 27s
  5950K .......... .......... .......... .......... .......... 38%  299K 27s
  6000K .......... .......... .......... .......... .......... 38%  192K 27s
  6050K .......... .......... .......... .......... .......... 39%  220K 27s
  6100K .......... .......... .......... .......... .......... 39%  251K 27s
  6150K .......... .......... .......... .......... .......... 39%  316K 27s
  6200K .......... .......... .......... .......... .......... 39%  261K 27s
  6250K .......... .......... .......... .......... .......... 40%  122K 27s
  6300K .......... .......... .......... .......... .......... 40%  151K 27s
  6350K .......... .......... .......... .......... .......... 40% 86.6K 28s
  6400K .......... .......... .......... .......... .......... 41%  173K 28s
  6450K .......... .......... .......... .......... .......... 41%  427K 28s
  6500K .......... .......... .......... .......... .......... 41%  373K 27s
  6550K .......... .......... .......... .......... .......... 42%  288K 27s
  6600K .......... .......... .......... .......... .......... 42%  399K 27s
  6650K .......... .......... .......... .......... .......... 42%  132K 27s
  6700K .......... .......... .......... .......... .......... 43% 79.5K 28s
  6750K .......... .......... .......... .......... .......... 43%  173K 28s
  6800K .......... .......... .......... .......... .......... 43%  316K 28s
  6850K .......... .......... .......... .......... .......... 44%  688K 27s
  6900K .......... .......... .......... .......... .......... 44% 1.02M 27s
  6950K .......... .......... .......... .......... .......... 44%  653K 27s
  7000K .......... .......... .......... .......... .......... 45%  681K 27s
  7050K .......... .......... .......... .......... .......... 45%  906K 26s
  7100K .......... .......... .......... .......... .......... 45% 1.07M 26s
  7150K .......... .......... .......... .......... .......... 46% 1.07M 26s
  7200K .......... .......... .......... .......... .......... 46%  722K 25s
  7250K .......... .......... .......... .......... .......... 46% 1.16M 25s
  7300K .......... .......... .......... .......... .......... 47% 1.84M 25s
  7350K .......... .......... .......... .......... .......... 47% 1.36M 25s
  7400K .......... .......... .......... .......... .......... 47% 1.37M 24s
  7450K .......... .......... .......... .......... .......... 47% 1.59M 24s
  7500K .......... .......... .......... .......... .......... 48% 1.37M 24s
  7550K .......... .......... .......... .......... .......... 48% 1.15M 24s
  7600K .......... .......... .......... .......... .......... 48% 1010K 23s
  7650K .......... .......... .......... .......... .......... 49%  827K 23s
  7700K .......... .......... .......... .......... .......... 49% 1.32M 23s
  7750K .......... .......... .......... .......... .......... 49% 2.51M 23s
  7800K .......... .......... .......... .......... .......... 50% 2.27M 22s
  7850K .......... .......... .......... .......... .......... 50% 1.31M 22s
  7900K .......... .......... .......... .......... .......... 50% 1.45M 22s
  7950K .......... .......... .......... .......... .......... 51% 2.39M 22s
  8000K .......... .......... .......... .......... .......... 51% 1.20M 21s
  8050K .......... .......... .......... .......... .......... 51% 1.95M 21s
  8100K .......... .......... .......... .......... .......... 52% 1.53M 21s
  8150K .......... .......... .......... .......... .......... 52%  992K 21s
  8200K .......... .......... .......... .......... .......... 52% 24.1M 20s
  8250K .......... .......... .......... .......... .......... 53% 1.63M 20s
  8300K .......... .......... .......... .......... .......... 53%  724K 20s
  8350K .......... .......... .......... .......... .......... 53% 1.73M 20s
  8400K .......... .......... .......... .......... .......... 54%  816K 19s
  8450K .......... .......... .......... .......... .......... 54% 1.84M 19s
  8500K .......... .......... .......... .......... .......... 54% 1.04M 19s
  8550K .......... .......... .......... .......... .......... 55% 1.74M 19s
  8600K .......... .......... .......... .......... .......... 55% 1.46M 19s
  8650K .......... .......... .......... .......... .......... 55% 2.10M 18s
  8700K .......... .......... .......... .......... .......... 55% 1.76M 18s
  8750K .......... .......... .......... .......... .......... 56% 1.21M 18s
  8800K .......... .......... .......... .......... .......... 56% 1.55M 18s
  8850K .......... .......... .......... .......... .......... 56% 1.81M 18s
  8900K .......... .......... .......... .......... .......... 57%  848K 17s
  8950K .......... .......... .......... .......... .......... 57% 1.57M 17s
  9000K .......... .......... .......... .......... .......... 57% 1.13M 17s
  9050K .......... .......... .......... .......... .......... 58% 1.53M 17s
  9100K .......... .......... .......... .......... .......... 58% 1.91M 17s
  9150K .......... .......... .......... .......... .......... 58% 1.52M 16s
  9200K .......... .......... .......... .......... .......... 59% 1.24M 16s
  9250K .......... .......... .......... .......... .......... 59% 1.31M 16s
  9300K .......... .......... .......... .......... .......... 59% 1.65M 16s
  9350K .......... .......... .......... .......... .......... 60% 1.39M 16s
  9400K .......... .......... .......... .......... .......... 60% 1.95M 15s
  9450K .......... .......... .......... .......... .......... 60% 2.09M 15s
  9500K .......... .......... .......... .......... .......... 61% 1.74M 15s
  9550K .......... .......... .......... .......... .......... 61% 3.10M 15s
  9600K .......... .......... .......... .......... .......... 61% 1.15M 15s
  9650K .......... .......... .......... .......... .......... 62% 1.72M 14s
  9700K .......... .......... .......... .......... .......... 62% 2.30M 14s
  9750K .......... .......... .......... .......... .......... 62% 1.87M 14s
  9800K .......... .......... .......... .......... .......... 63% 1.29M 14s
  9850K .......... .......... .......... .......... .......... 63% 2.26M 14s
  9900K .......... .......... .......... .......... .......... 63% 1.99M 14s
  9950K .......... .......... .......... .......... .......... 63% 2.23M 13s
 10000K .......... .......... .......... .......... .......... 64%  739K 13s
 10050K .......... .......... .......... .......... .......... 64% 2.36M 13s
 10100K .......... .......... .......... .......... .......... 64% 2.34M 13s
 10150K .......... .......... .......... .......... .......... 65% 1.71M 13s
 10200K .......... .......... .......... .......... .......... 65% 1.69M 13s
 10250K .......... .......... .......... .......... .......... 65% 2.72M 12s
 10300K .......... .......... .......... .......... .......... 66% 1.19M 12s
 10350K .......... .......... .......... .......... .......... 66%  984K 12s
 10400K .......... .......... .......... .......... .......... 66% 1.23M 12s
 10450K .......... .......... .......... .......... .......... 67% 2.12M 12s
 10500K .......... .......... .......... .......... .......... 67%  547K 12s
 10550K .......... .......... .......... .......... .......... 67%  970K 12s
 10600K .......... .......... .......... .......... .......... 68% 1.86M 11s
 10650K .......... .......... .......... .......... .......... 68% 1.48M 11s
 10700K .......... .......... .......... .......... .......... 68% 1.82M 11s
 10750K .......... .......... .......... .......... .......... 69% 1.57M 11s
 10800K .......... .......... .......... .......... .......... 69% 1.90M 11s
 10850K .......... .......... .......... .......... .......... 69% 2.09M 11s
 10900K .......... .......... .......... .......... .......... 70% 2.15M 10s
 10950K .......... .......... .......... .......... .......... 70% 1.88M 10s
 11000K .......... .......... .......... .......... .......... 70% 2.44M 10s
 11050K .......... .......... .......... .......... .......... 71% 1.53M 10s
 11100K .......... .......... .......... .......... .......... 71% 2.10M 10s
 11150K .......... .......... .......... .......... .......... 71% 1.57M 10s
 11200K .......... .......... .......... .......... .......... 71% 1008K 10s
 11250K .......... .......... .......... .......... .......... 72% 1.61M 9s
 11300K .......... .......... .......... .......... .......... 72% 2.96M 9s
 11350K .......... .......... .......... .......... .......... 72% 2.43M 9s
 11400K .......... .......... .......... .......... .......... 73%  972K 9s
 11450K .......... .......... .......... .......... .......... 73% 4.63M 9s
 11500K .......... .......... .......... .......... .......... 73% 2.44M 9s
 11550K .......... .......... .......... .......... .......... 74% 2.93M 9s
 11600K .......... .......... .......... .......... .......... 74% 1.42M 9s
 11650K .......... .......... .......... .......... .......... 74% 2.04M 8s
 11700K .......... .......... .......... .......... .......... 75% 2.45M 8s
 11750K .......... .......... .......... .......... .......... 75% 2.09M 8s
 11800K .......... .......... .......... .......... .......... 75% 5.75M 8s
 11850K .......... .......... .......... .......... .......... 76% 1.68M 8s
 11900K .......... .......... .......... .......... .......... 76% 2.01M 8s
 11950K .......... .......... .......... .......... .......... 76% 2.95M 8s
 12000K .......... .......... .......... .......... .......... 77% 2.02M 7s
 12050K .......... .......... .......... .......... .......... 77% 2.57M 7s
 12100K .......... .......... .......... .......... .......... 77% 4.33M 7s
 12150K .......... .......... .......... .......... .......... 78% 3.60M 7s
 12200K .......... .......... .......... .......... .......... 78% 2.97M 7s
 12250K .......... .......... .......... .......... .......... 78% 1.84M 7s
 12300K .......... .......... .......... .......... .......... 79% 3.46M 7s
 12350K .......... .......... .......... .......... .......... 79% 2.92M 7s
 12400K .......... .......... .......... .......... .......... 79%  664K 6s
 12450K .......... .......... .......... .......... .......... 79% 1.46M 6s
 12500K .......... .......... .......... .......... .......... 80% 2.81M 6s
 12550K .......... .......... .......... .......... .......... 80% 2.09M 6s
 12600K .......... .......... .......... .......... .......... 80% 2.49M 6s
 12650K .......... .......... .......... .......... .......... 81% 3.48M 6s
 12700K .......... .......... .......... .......... .......... 81% 3.07M 6s
 12750K .......... .......... .......... .......... .......... 81%  956K 6s
 12800K .......... .......... .......... .......... .......... 82% 2.80M 6s
 12850K .......... .......... .......... .......... .......... 82% 3.40M 5s
 12900K .......... .......... .......... .......... .......... 82% 3.64M 5s
 12950K .......... .......... .......... .......... .......... 83% 2.68M 5s
 13000K .......... .......... .......... .......... .......... 83% 4.96M 5s
 13050K .......... .......... .......... .......... .......... 83% 4.31M 5s
 13100K .......... .......... .......... .......... .......... 84% 1.09M 5s
 13150K .......... .......... .......... .......... .......... 84% 47.7M 5s
 13200K .......... .......... .......... .......... .......... 84% 1.21M 5s
 13250K .......... .......... .......... .......... .......... 85% 2.81M 4s
 13300K .......... .......... .......... .......... .......... 85% 2.88M 4s
 13350K .......... .......... .......... .......... .......... 85% 1.87M 4s
 13400K .......... .......... .......... .......... .......... 86% 1.63M 4s
 13450K .......... .......... .......... .......... .......... 86% 5.67M 4s
 13500K .......... .......... .......... .......... .......... 86% 2.71M 4s
 13550K .......... .......... .......... .......... .......... 87% 2.71M 4s
 13600K .......... .......... .......... .......... .......... 87% 1.68M 4s
 13650K .......... .......... .......... .......... .......... 87% 2.41M 4s
 13700K .......... .......... .......... .......... .......... 87% 1.23M 4s
 13750K .......... .......... .......... .......... .......... 88% 3.24M 3s
 13800K .......... .......... .......... .......... .......... 88% 2.15M 3s
 13850K .......... .......... .......... .......... .......... 88% 1.05M 3s
 13900K .......... .......... .......... .......... .......... 89% 35.6M 3s
 13950K .......... .......... .......... .......... .......... 89% 1.73M 3s
 14000K .......... .......... .......... .......... .......... 89% 1.86M 3s
 14050K .......... .......... .......... .......... .......... 90% 2.13M 3s
 14100K .......... .......... .......... .......... .......... 90% 2.44M 3s
 14150K .......... .......... .......... .......... .......... 90% 2.41M 3s
 14200K .......... .......... .......... .......... .......... 91% 1.79M 3s
 14250K .......... .......... .......... .......... .......... 91% 2.96M 2s
 14300K .......... .......... .......... .......... .......... 91% 2.31M 2s
 14350K .......... .......... .......... .......... .......... 92% 2.49M 2s
 14400K .......... .......... .......... .......... .......... 92% 1.03M 2s
 14450K .......... .......... .......... .......... .......... 92% 6.36M 2s
 14500K .......... .......... .......... .......... .......... 93%  614K 2s
 14550K .......... .......... .......... .......... .......... 93%  940K 2s
 14600K .......... .......... .......... .......... .......... 93% 2.00M 2s
 14650K .......... .......... .......... .......... .......... 94% 1.55M 2s
 14700K .......... .......... .......... .......... .......... 94% 1.42M 2s
 14750K .......... .......... .......... .......... .......... 94% 2.38M 1s
 14800K .......... .......... .......... .......... .......... 95%  960K 1s
 14850K .......... .......... .......... .......... .......... 95% 1.30M 1s
 14900K .......... .......... .......... .......... .......... 95% 1.29M 1s
 14950K .......... .......... .......... .......... .......... 95% 1.21M 1s
 15000K .......... .......... .......... .......... .......... 96% 1.21M 1s
 15050K .......... .......... .......... .......... .......... 96%  805K 1s
 15100K .......... .......... .......... .......... .......... 96%  564K 1s
 15150K .......... .......... .......... .......... .......... 97%  984K 1s
 15200K .......... .......... .......... .......... .......... 97%  636K 1s
 15250K .......... .......... .......... .......... .......... 97% 1.09M 1s
 15300K .......... .......... .......... .......... .......... 98% 1.04M 0s
 15350K .......... .......... .......... .......... .......... 98% 1014K 0s
 15400K .......... .......... .......... .......... .......... 98% 1.04M 0s
 15450K .......... .......... .......... .......... .......... 99% 1.48M 0s
 15500K .......... .......... .......... .......... .......... 99% 1.57M 0s
 15550K .......... .......... .......... .......... .......... 99%  693K 0s
 15600K .......... .......... .....                           100% 1.16M=27s

2026-03-01 16:17:06 (572 KB/s) - ‘/home/essivekkeli/multi_robot_slam_ws/build/multirobot_map_merge/2011-08-09-12-22-52.pgm’ saved [16000058/16000058]

Checking MD5 sum of /home/essivekkeli/multi_robot_slam_ws/build/multirobot_map_merge/2011-08-09-12-22-52.pgm
/home/essivekkeli/multi_robot_slam_ws/build/multirobot_map_merge/2011-08-09-12-22-52.pgm: OK
--2026-03-01 16:17:06--  https://raw.githubusercontent.com/hrnr/m-explore-extra/master/map_merge/gmapping_maps/2012-01-28-11-12-01.pgm
Resolving raw.githubusercontent.com (raw.githubusercontent.com)... 185.199.110.133, 185.199.111.133, 185.199.108.133, ...
Connecting to raw.githubusercontent.com (raw.githubusercontent.com)|185.199.110.133|:443... connected.
HTTP request sent, awaiting response... 200 OK
Length: 16000058 (15M) [application/octet-stream]
Saving to: ‘/home/essivekkeli/multi_robot_slam_ws/build/multirobot_map_merge/2012-01-28-11-12-01.pgm’

     0K .......... .......... .......... .......... ..........  0% 1.29M 12s
    50K .......... .......... .......... .......... ..........  0% 4.72M 7s
   100K .......... .......... .......... .......... ..........  0% 4.88M 6s
   150K .......... .......... .......... .......... ..........  1% 3.98M 5s
   200K .......... .......... .......... .......... ..........  1% 4.51M 5s
   250K .......... .......... .......... .......... ..........  1% 7.24M 4s
   300K .......... .......... .......... .......... ..........  2% 8.70M 4s
   350K .......... .......... .......... .......... ..........  2% 4.62M 4s
   400K .......... .......... .......... .......... ..........  2% 2.15M 4s
   450K .......... .......... .......... .......... ..........  3% 11.4M 4s
   500K .......... .......... .......... .......... ..........  3% 3.13M 4s
   550K .......... .......... .......... .......... ..........  3% 14.9M 4s
   600K .......... .......... .......... .......... ..........  4% 8.72M 4s
   650K .......... .......... .......... .......... ..........  4% 7.68M 3s
   700K .......... .......... .......... .......... ..........  4% 6.24M 3s
   750K .......... .......... .......... .......... ..........  5% 8.13M 3s
   800K .......... .......... .......... .......... ..........  5% 8.42M 3s
   850K .......... .......... .......... .......... ..........  5% 4.03M 3s
   900K .......... .......... .......... .......... ..........  6% 5.48M 3s
   950K .......... .......... .......... .......... ..........  6% 14.5M 3s
  1000K .......... .......... .......... .......... ..........  6% 4.55M 3s
  1050K .......... .......... .......... .......... ..........  7% 6.37M 3s
  1100K .......... .......... .......... .......... ..........  7% 11.6M 3s
  1150K .......... .......... .......... .......... ..........  7% 11.3M 3s
  1200K .......... .......... .......... .......... ..........  7% 2.42M 3s
  1250K .......... .......... .......... .......... ..........  8% 13.9M 3s
  1300K .......... .......... .......... .......... ..........  8% 3.76M 3s
  1350K .......... .......... .......... .......... ..........  8% 2.76M 3s
  1400K .......... .......... .......... .......... ..........  9% 11.1M 3s
  1450K .......... .......... .......... .......... ..........  9%  861K 3s
  1500K .......... .......... .......... .......... ..........  9% 4.31M 3s
  1550K .......... .......... .......... .......... .......... 10% 4.56M 3s
  1600K .......... .......... .......... .......... .......... 10% 6.73M 3s
  1650K .......... .......... .......... .......... .......... 10% 8.95M 3s
  1700K .......... .......... .......... .......... .......... 11% 3.14M 3s
  1750K .......... .......... .......... .......... .......... 11% 4.52M 3s
  1800K .......... .......... .......... .......... .......... 11% 7.51M 3s
  1850K .......... .......... .......... .......... .......... 12% 6.18M 3s
  1900K .......... .......... .......... .......... .......... 12% 14.0M 3s
  1950K .......... .......... .......... .......... .......... 12%  553K 4s
  2000K .......... .......... .......... .......... .......... 13% 51.0M 3s
  2050K .......... .......... .......... .......... .......... 13% 70.8M 3s
  2100K .......... .......... .......... .......... .......... 13% 49.0M 3s
  2150K .......... .......... .......... .......... .......... 14% 60.2M 3s
  2200K .......... .......... .......... .......... .......... 14% 75.2M 3s
  2250K .......... .......... .......... .......... .......... 14% 68.9M 3s
  2300K .......... .......... .......... .......... .......... 15% 45.2M 3s
  2350K .......... .......... .......... .......... .......... 15% 18.2M 3s
  2400K .......... .......... .......... .......... .......... 15% 3.74M 3s
  2450K .......... .......... .......... .......... .......... 15% 3.26M 3s
  2500K .......... .......... .......... .......... .......... 16% 10.8M 3s
  2550K .......... .......... .......... .......... .......... 16% 3.68M 3s
  2600K .......... .......... .......... .......... .......... 16% 8.55M 3s
  2650K .......... .......... .......... .......... .......... 17% 17.7M 3s
  2700K .......... .......... .......... .......... .......... 17% 7.39M 3s
  2750K .......... .......... .......... .......... .......... 17% 4.09M 3s
  2800K .......... .......... .......... .......... .......... 18% 3.72M 3s
  2850K .......... .......... .......... .......... .......... 18% 5.44M 3s
  2900K .......... .......... .......... .......... .......... 18% 13.5M 3s
  2950K .......... .......... .......... .......... .......... 19% 8.50M 3s
  3000K .......... .......... .......... .......... .......... 19% 8.28M 3s
  3050K .......... .......... .......... .......... .......... 19% 16.1M 3s
  3100K .......... .......... .......... .......... .......... 20% 2.88M 3s
  3150K .......... .......... .......... .......... .......... 20% 6.84M 3s
  3200K .......... .......... .......... .......... .......... 20% 5.32M 3s
  3250K .......... .......... .......... .......... .......... 21% 9.10M 3s
  3300K .......... .......... .......... .......... .......... 21% 8.06M 3s
  3350K .......... .......... .......... .......... .......... 21% 15.3M 2s
  3400K .......... .......... .......... .......... .......... 22% 3.41M 2s
  3450K .......... .......... .......... .......... .......... 22% 14.4M 2s
  3500K .......... .......... .......... .......... .......... 22% 4.61M 2s
  3550K .......... .......... .......... .......... .......... 23% 3.18M 2s
  3600K .......... .......... .......... .......... .......... 23% 1.72M 2s
  3650K .......... .......... .......... .......... .......... 23% 10.2M 2s
  3700K .......... .......... .......... .......... .......... 23% 8.21M 2s
  3750K .......... .......... .......... .......... .......... 24% 1.46M 3s
  3800K .......... .......... .......... .......... .......... 24% 4.88M 2s
  3850K .......... .......... .......... .......... .......... 24% 7.24M 2s
  3900K .......... .......... .......... .......... .......... 25% 5.60M 2s
  3950K .......... .......... .......... .......... .......... 25% 5.94M 2s
  4000K .......... .......... .......... .......... .......... 25% 9.03M 2s
  4050K .......... .......... .......... .......... .......... 26% 2.37M 2s
  4100K .......... .......... .......... .......... .......... 26% 8.03M 2s
  4150K .......... .......... .......... .......... .......... 26% 8.43M 2s
  4200K .......... .......... .......... .......... .......... 27% 9.50M 2s
  4250K .......... .......... .......... .......... .......... 27% 11.5M 2s
  4300K .......... .......... .......... .......... .......... 27% 10.4M 2s
  4350K .......... .......... .......... .......... .......... 28% 9.34M 2s
  4400K .......... .......... .......... .......... .......... 28% 4.13M 2s
  4450K .......... .......... .......... .......... .......... 28% 5.08M 2s
  4500K .......... .......... .......... .......... .......... 29% 14.1M 2s
  4550K .......... .......... .......... .......... .......... 29% 8.95M 2s
  4600K .......... .......... .......... .......... .......... 29% 9.35M 2s
  4650K .......... .......... .......... .......... .......... 30% 14.3M 2s
  4700K .......... .......... .......... .......... .......... 30% 7.43M 2s
  4750K .......... .......... .......... .......... .......... 30% 6.59M 2s
  4800K .......... .......... .......... .......... .......... 31% 1.40M 2s
  4850K .......... .......... .......... .......... .......... 31% 4.89M 2s
  4900K .......... .......... .......... .......... .......... 31% 14.2M 2s
  4950K .......... .......... .......... .......... .......... 31% 10.6M 2s
  5000K .......... .......... .......... .......... .......... 32% 6.59M 2s
  5050K .......... .......... .......... .......... .......... 32% 4.48M 2s
  5100K .......... .......... .......... .......... .......... 32% 14.8M 2s
  5150K .......... .......... .......... .......... .......... 33% 5.37M 2s
  5200K .......... .......... .......... .......... .......... 33% 8.46M 2s
  5250K .......... .......... .......... .......... .......... 33% 8.74M 2s
  5300K .......... .......... .......... .......... .......... 34% 10.9M 2s
  5350K .......... .......... .......... .......... .......... 34% 12.7M 2s
  5400K .......... .......... .......... .......... .......... 34% 1.52M 2s
  5450K .......... .......... .......... .......... .......... 35% 8.44M 2s
  5500K .......... .......... .......... .......... .......... 35% 8.67M 2s
  5550K .......... .......... .......... .......... .......... 35% 5.32M 2s
  5600K .......... .......... .......... .......... .......... 36% 6.97M 2s
  5650K .......... .......... .......... .......... .......... 36% 9.67M 2s
  5700K .......... .......... .......... .......... .......... 36% 4.26M 2s
  5750K .......... .......... .......... .......... .......... 37% 14.0M 2s
  5800K .......... .......... .......... .......... .......... 37% 9.18M 2s
  5850K .......... .......... .......... .......... .......... 37% 3.39M 2s
  5900K .......... .......... .......... .......... .......... 38% 3.55M 2s
  5950K .......... .......... .......... .......... .......... 38% 8.50M 2s
  6000K .......... .......... .......... .......... .......... 38% 6.07M 2s
  6050K .......... .......... .......... .......... .......... 39% 7.51M 2s
  6100K .......... .......... .......... .......... .......... 39% 4.86M 2s
  6150K .......... .......... .......... .......... .......... 39% 16.2M 2s
  6200K .......... .......... .......... .......... .......... 39% 8.04M 2s
  6250K .......... .......... .......... .......... .......... 40% 15.6M 2s
  6300K .......... .......... .......... .......... .......... 40% 7.61M 2s
  6350K .......... .......... .......... .......... .......... 40% 7.54M 2s
  6400K .......... .......... .......... .......... .......... 41% 3.96M 2s
  6450K .......... .......... .......... .......... .......... 41% 7.41M 2s
  6500K .......... .......... .......... .......... .......... 41% 7.56M 2s
  6550K .......... .......... .......... .......... .......... 42% 9.50M 2s
  6600K .......... .......... .......... .......... .......... 42% 14.8M 2s
  6650K .......... .......... .......... .......... .......... 42% 3.47M 2s
  6700K .......... .......... .......... .......... .......... 43% 5.74M 2s
  6750K .......... .......... .......... .......... .......... 43% 12.5M 2s
  6800K .......... .......... .......... .......... .......... 43% 4.79M 2s
  6850K .......... .......... .......... .......... .......... 44% 9.22M 2s
  6900K .......... .......... .......... .......... .......... 44% 8.10M 2s
  6950K .......... .......... .......... .......... .......... 44% 8.89M 2s
  7000K .......... .......... .......... .......... .......... 45% 7.87M 2s
  7050K .......... .......... .......... .......... .......... 45% 9.91M 2s
  7100K .......... .......... .......... .......... .......... 45% 5.06M 2s
  7150K .......... .......... .......... .......... .......... 46% 13.3M 2s
  7200K .......... .......... .......... .......... .......... 46% 9.42M 2s
  7250K .......... .......... .......... .......... .......... 46% 8.60M 2s
  7300K .......... .......... .......... .......... .......... 47% 1.62M 2s
  7350K .......... .......... .......... .......... .......... 47% 5.55M 2s
  7400K .......... .......... .......... .......... .......... 47% 6.70M 2s
  7450K .......... .......... .......... .......... .......... 47% 16.0M 2s
  7500K .......... .......... .......... .......... .......... 48% 9.39M 1s
  7550K .......... .......... .......... .......... .......... 48% 9.59M 1s
  7600K .......... .......... .......... .......... .......... 48% 2.70M 1s
  7650K .......... .......... .......... .......... .......... 49% 2.29M 1s
  7700K .......... .......... .......... .......... .......... 49% 6.92M 1s
  7750K .......... .......... .......... .......... .......... 49% 8.72M 1s
  7800K .......... .......... .......... .......... .......... 50% 14.0M 1s
  7850K .......... .......... .......... .......... .......... 50%  925K 1s
  7900K .......... .......... .......... .......... .......... 50% 2.15M 1s
  7950K .......... .......... .......... .......... .......... 51% 1.18M 2s
  8000K .......... .......... .......... .......... .......... 51% 1.22M 2s
  8050K .......... .......... .......... .......... .......... 51% 2.35M 2s
  8100K .......... .......... .......... .......... .......... 52% 2.04M 2s
  8150K .......... .......... .......... .......... .......... 52% 40.6M 2s
  8200K .......... .......... .......... .......... .......... 52% 32.6M 1s
  8250K .......... .......... .......... .......... .......... 53% 2.28M 1s
  8300K .......... .......... .......... .......... .......... 53% 3.48M 1s
  8350K .......... .......... .......... .......... .......... 53% 11.0M 1s
  8400K .......... .......... .......... .......... .......... 54% 6.25M 1s
  8450K .......... .......... .......... .......... .......... 54% 1.84M 1s
  8500K .......... .......... .......... .......... .......... 54% 12.0M 1s
  8550K .......... .......... .......... .......... .......... 55% 8.71M 1s
  8600K .......... .......... .......... .......... .......... 55% 8.92M 1s
  8650K .......... .......... .......... .......... .......... 55% 9.84M 1s
  8700K .......... .......... .......... .......... .......... 55% 7.24M 1s
  8750K .......... .......... .......... .......... .......... 56% 3.51M 1s
  8800K .......... .......... .......... .......... .......... 56% 5.92M 1s
  8850K .......... .......... .......... .......... .......... 56% 9.10M 1s
  8900K .......... .......... .......... .......... .......... 57% 6.65M 1s
  8950K .......... .......... .......... .......... .......... 57% 1.67M 1s
  9000K .......... .......... .......... .......... .......... 57% 5.47M 1s
  9050K .......... .......... .......... .......... .......... 58% 10.0M 1s
  9100K .......... .......... .......... .......... .......... 58% 7.91M 1s
  9150K .......... .......... .......... .......... .......... 58% 8.04M 1s
  9200K .......... .......... .......... .......... .......... 59% 5.04M 1s
  9250K .......... .......... .......... .......... .......... 59% 9.29M 1s
  9300K .......... .......... .......... .......... .......... 59% 3.14M 1s
  9350K .......... .......... .......... .......... .......... 60% 9.47M 1s
  9400K .......... .......... .......... .......... .......... 60% 13.9M 1s
  9450K .......... .......... .......... .......... .......... 60% 4.45M 1s
  9500K .......... .......... .......... .......... .......... 61% 7.10M 1s
  9550K .......... .......... .......... .......... .......... 61% 10.2M 1s
  9600K .......... .......... .......... .......... .......... 61% 6.20M 1s
  9650K .......... .......... .......... .......... .......... 62% 5.26M 1s
  9700K .......... .......... .......... .......... .......... 62% 4.94M 1s
  9750K .......... .......... .......... .......... .......... 62% 5.32M 1s
  9800K .......... .......... .......... .......... .......... 63% 6.61M 1s
  9850K .......... .......... .......... .......... .......... 63% 8.53M 1s
  9900K .......... .......... .......... .......... .......... 63% 6.94M 1s
  9950K .......... .......... .......... .......... .......... 63% 2.77M 1s
 10000K .......... .......... .......... .......... .......... 64% 9.33M 1s
 10050K .......... .......... .......... .......... .......... 64% 7.59M 1s
 10100K .......... .......... .......... .......... .......... 64% 3.39M 1s
 10150K .......... .......... .......... .......... .......... 65% 3.91M 1s
 10200K .......... .......... .......... .......... .......... 65% 15.7M 1s
 10250K .......... .......... .......... .......... .......... 65% 3.03M 1s
 10300K .......... .......... .......... .......... .......... 66% 5.79M 1s
 10350K .......... .......... .......... .......... .......... 66% 2.65M 1s
 10400K .......... .......... .......... .......... .......... 66% 1.24M 1s
 10450K .......... .......... .......... .......... .......... 67% 9.53M 1s
 10500K .......... .......... .......... .......... .......... 67% 13.1M 1s
 10550K .......... .......... .......... .......... .......... 67%  566K 1s
 10600K .......... .......... .......... .......... .......... 68% 1.79M 1s
 10650K .......... .......... .......... .......... .......... 68% 3.45M 1s
 10700K .......... .......... .......... .......... .......... 68% 2.55M 1s
 10750K .......... .......... .......... .......... .......... 69% 1.51M 1s
 10800K .......... .......... .......... .......... .......... 69%  840K 1s
 10850K .......... .......... .......... .......... .......... 69% 2.69M 1s
 10900K .......... .......... .......... .......... .......... 70% 1.49M 1s
 10950K .......... .......... .......... .......... .......... 70% 5.44M 1s
 11000K .......... .......... .......... .......... .......... 70% 8.50M 1s
 11050K .......... .......... .......... .......... .......... 71% 15.2M 1s
 11100K .......... .......... .......... .......... .......... 71% 1.91M 1s
 11150K .......... .......... .......... .......... .......... 71% 4.66M 1s
 11200K .......... .......... .......... .......... .......... 71% 3.18M 1s
 11250K .......... .......... .......... .......... .......... 72% 3.56M 1s
 11300K .......... .......... .......... .......... .......... 72% 6.28M 1s
 11350K .......... .......... .......... .......... .......... 72% 14.0M 1s
 11400K .......... .......... .......... .......... .......... 73% 4.04M 1s
 11450K .......... .......... .......... .......... .......... 73% 13.7M 1s
 11500K .......... .......... .......... .......... .......... 73% 7.68M 1s
 11550K .......... .......... .......... .......... .......... 74% 5.69M 1s
 11600K .......... .......... .......... .......... .......... 74% 4.34M 1s
 11650K .......... .......... .......... .......... .......... 74% 3.11M 1s
 11700K .......... .......... .......... .......... .......... 75% 11.4M 1s
 11750K .......... .......... .......... .......... .......... 75% 8.97M 1s
 11800K .......... .......... .......... .......... .......... 75% 7.87M 1s
 11850K .......... .......... .......... .......... .......... 76% 15.4M 1s
 11900K .......... .......... .......... .......... .......... 76% 2.94M 1s
 11950K .......... .......... .......... .......... .......... 76% 8.96M 1s
 12000K .......... .......... .......... .......... .......... 77% 4.05M 1s
 12050K .......... .......... .......... .......... .......... 77% 9.86M 1s
 12100K .......... .......... .......... .......... .......... 77% 2.28M 1s
 12150K .......... .......... .......... .......... .......... 78% 4.23M 1s
 12200K .......... .......... .......... .......... .......... 78% 14.3M 1s
 12250K .......... .......... .......... .......... .......... 78% 8.01M 1s
 12300K .......... .......... .......... .......... .......... 79% 8.04M 1s
 12350K .......... .......... .......... .......... .......... 79% 8.92M 1s
 12400K .......... .......... .......... .......... .......... 79% 5.96M 1s
 12450K .......... .......... .......... .......... .......... 79% 2.98M 1s
 12500K .......... .......... .......... .......... .......... 80% 12.2M 1s
 12550K .......... .......... .......... .......... .......... 80% 1.37M 1s
 12600K .......... .......... .......... .......... .......... 80% 5.53M 1s
 12650K .......... .......... .......... .......... .......... 81% 3.71M 1s
 12700K .......... .......... .......... .......... .......... 81% 7.00M 1s
 12750K .......... .......... .......... .......... .......... 81% 7.28M 1s
 12800K .......... .......... .......... .......... .......... 82% 5.07M 1s
 12850K .......... .......... .......... .......... .......... 82% 2.22M 1s
 12900K .......... .......... .......... .......... .......... 82% 9.27M 1s
 12950K .......... .......... .......... .......... .......... 83% 5.28M 1s
 13000K .......... .......... .......... .......... .......... 83% 6.60M 1s
 13050K .......... .......... .......... .......... .......... 83% 14.6M 1s
 13100K .......... .......... .......... .......... .......... 84% 1.76M 1s
 13150K .......... .......... .......... .......... .......... 84%  894K 1s
 13200K .......... .......... .......... .......... .......... 84% 5.16M 1s
 13250K .......... .......... .......... .......... .......... 85% 1.98M 1s
 13300K .......... .......... .......... .......... .......... 85% 3.18M 1s
 13350K .......... .......... .......... .......... .......... 85% 3.09M 0s
 13400K .......... .......... .......... .......... .......... 86% 7.74M 0s
 13450K .......... .......... .......... .......... .......... 86% 13.5M 0s
 13500K .......... .......... .......... .......... .......... 86% 3.01M 0s
 13550K .......... .......... .......... .......... .......... 87% 1.46M 0s
 13600K .......... .......... .......... .......... .......... 87% 3.05M 0s
 13650K .......... .......... .......... .......... .......... 87% 13.3M 0s
 13700K .......... .......... .......... .......... .......... 87% 5.98M 0s
 13750K .......... .......... .......... .......... .......... 88% 1.15M 0s
 13800K .......... .......... .......... .......... .......... 88% 17.7M 0s
 13850K .......... .......... .......... .......... .......... 88% 9.50M 0s
 13900K .......... .......... .......... .......... .......... 89% 4.96M 0s
 13950K .......... .......... .......... .......... .......... 89% 20.2M 0s
 14000K .......... .......... .......... .......... .......... 89% 1.76M 0s
 14050K .......... .......... .......... .......... .......... 90% 5.07M 0s
 14100K .......... .......... .......... .......... .......... 90% 17.7M 0s
 14150K .......... .......... .......... .......... .......... 90% 4.51M 0s
 14200K .......... .......... .......... .......... .......... 91% 8.51M 0s
 14250K .......... .......... .......... .......... .......... 91% 5.77M 0s
 14300K .......... .......... .......... .......... .......... 91% 3.62M 0s
 14350K .......... .......... .......... .......... .......... 92% 2.03M 0s
 14400K .......... .......... .......... .......... .......... 92% 8.28M 0s
 14450K .......... .......... .......... .......... .......... 92% 4.39M 0s
 14500K .......... .......... .......... .......... .......... 93%  690K 0s
 14550K .......... .......... .......... .......... .......... 93% 2.85M 0s
 14600K .......... .......... .......... .......... .......... 93% 4.15M 0s
 14650K .......... .......... .......... .......... .......... 94% 5.92M 0s
 14700K .......... .......... .......... .......... .......... 94% 2.60M 0s
 14750K .......... .......... .......... .......... .......... 94% 6.84M 0s
 14800K .......... .......... .......... .......... .......... 95%  989K 0s
 14850K .......... .......... .......... .......... .......... 95% 4.06M 0s
 14900K .......... .......... .......... .......... .......... 95% 10.3M 0s
 14950K .......... .......... .......... .......... .......... 95% 8.73M 0s
 15000K .......... .......... .......... .......... .......... 96% 1.26M 0s
 15050K .......... .......... .......... .......... .......... 96% 2.80M 0s
 15100K .......... .......... .......... .......... .......... 96% 12.8M 0s
 15150K .......... .......... .......... .......... .......... 97% 7.78M 0s
 15200K .......... .......... .......... .......... .......... 97% 5.41M 0s
 15250K .......... .......... .......... .......... .......... 97% 1.60M 0s
 15300K .......... .......... .......... .......... .......... 98% 9.18M 0s
 15350K .......... .......... .......... .......... .......... 98% 6.07M 0s
 15400K .......... .......... .......... .......... .......... 98% 8.44M 0s
 15450K .......... .......... .......... .......... .......... 99% 2.48M 0s
 15500K .......... .......... .......... .......... .......... 99% 2.20M 0s
 15550K .......... .......... .......... .......... .......... 99% 8.09M 0s
 15600K .......... .......... .....                           100% 31.5M=3.6s

2026-03-01 16:17:10 (4.19 MB/s) - ‘/home/essivekkeli/multi_robot_slam_ws/build/multirobot_map_merge/2012-01-28-11-12-01.pgm’ saved [16000058/16000058]

Checking MD5 sum of /home/essivekkeli/multi_robot_slam_ws/build/multirobot_map_merge/2012-01-28-11-12-01.pgm
/home/essivekkeli/multi_robot_slam_ws/build/multirobot_map_merge/2012-01-28-11-12-01.pgm: OK
-- Found gtest sources under '/opt/ros/jazzy/src/gtest_vendor': C++ tests using 'Google Test' will be built
-- Found Threads: TRUE  
-- Added test 'cppcheck' to perform static code analysis on C / C++ code
-- Configured cppcheck include dirs: /home/essivekkeli/multi_robot_slam_ws/src/m-explore-ros2/m-explore-ros2-main/map_merge/include;$<BUILD_INTERFACE:/home/essivekkeli/multi_robot_slam_ws/src/m-explore-ros2/m-explore-ros2-main/map_merge/include>
-- Configured cppcheck exclude dirs and/or files: 
-- Added test 'flake8' to check Python code syntax and style conventions
-- Configured 'flake8' exclude dirs and/or files: 
-- Added test 'lint_cmake' to check CMake code style
-- Added test 'pep257' to check Python code against some of the docstring style conventions in PEP 257
-- Added test 'uncrustify' to check C / C++ code style
-- Configured uncrustify additional arguments: 
-- Added test 'xmllint' to check XML markup files
-- Configuring done (52.4s)
-- Generating done (0.1s)
-- Build files have been written to: /home/essivekkeli/multi_robot_slam_ws/build/multirobot_map_merge
[ 25%] [32mBuilding CXX object gtest/CMakeFiles/gtest.dir/src/gtest-all.cc.o[0m
[ 25%] [32mBuilding CXX object CMakeFiles/combine_grids.dir/src/combine_grids/grid_warper.cpp.o[0m
[ 25%] [32mBuilding CXX object CMakeFiles/combine_grids.dir/src/combine_grids/grid_compositor.cpp.o[0m
[ 33%] [32mBuilding CXX object gtest/CMakeFiles/gtest_main.dir/src/gtest_main.cc.o[0m
[ 41%] [32mBuilding CXX object CMakeFiles/combine_grids.dir/src/combine_grids/merging_pipeline.cpp.o[0m
[ 50%] [32m[1mLinking CXX static library libgtest_main.a[0m
[ 50%] Built target gtest_main
[ 58%] [32m[1mLinking CXX static library libgtest.a[0m
[ 58%] Built target gtest
[ 66%] [32m[1mLinking CXX static library libcombine_grids.a[0m
[ 66%] Built target combine_grids
[ 83%] [32mBuilding CXX object CMakeFiles/test_merging_pipeline.dir/test/test_merging_pipeline.cpp.o[0m
[ 83%] [32mBuilding CXX object CMakeFiles/map_merge.dir/src/map_merge.cpp.o[0m
[ 91%] [32m[1mLinking CXX executable test_merging_pipeline[0m
[ 91%] Built target test_merging_pipeline
[100%] [32m[1mLinking CXX executable map_merge[0m
[100%] Built target map_merge
-- Install configuration: ""
-- Execute custom install script
-- Symlinking: /home/essivekkeli/multi_robot_slam_ws/install/multirobot_map_merge/include/map_merge//map_merge.h
-- Symlinking: /home/essivekkeli/multi_robot_slam_ws/install/multirobot_map_merge/include/map_merge//ros1_names.hpp
-- Symlinking: /home/essivekkeli/multi_robot_slam_ws/install/multirobot_map_merge/share/multirobot_map_merge/launch/from_map_server.launch.py
-- Symlinking: /home/essivekkeli/multi_robot_slam_ws/install/multirobot_map_merge/share/multirobot_map_merge/launch/map_merge.launch.py
-- Symlinking: /home/essivekkeli/multi_robot_slam_ws/install/multirobot_map_merge/share/multirobot_map_merge/launch/map_merge.rviz
-- Symlinking: /home/essivekkeli/multi_robot_slam_ws/install/multirobot_map_merge/share/multirobot_map_merge/launch/tb3_simulation/bringup_launch.py
-- Symlinking: /home/essivekkeli/multi_robot_slam_ws/install/multirobot_map_merge/share/multirobot_map_merge/launch/tb3_simulation/config/nav2_multirobot_params_1.yaml
-- Symlinking: /home/essivekkeli/multi_robot_slam_ws/install/multirobot_map_merge/share/multirobot_map_merge/launch/tb3_simulation/config/nav2_multirobot_params_2.yaml
-- Symlinking: /home/essivekkeli/multi_robot_slam_ws/install/multirobot_map_merge/share/multirobot_map_merge/launch/tb3_simulation/multi_tb3_simulation_launch.py
-- Symlinking: /home/essivekkeli/multi_robot_slam_ws/install/multirobot_map_merge/share/multirobot_map_merge/launch/tb3_simulation/slam_toolbox.py
-- Symlinking: /home/essivekkeli/multi_robot_slam_ws/install/multirobot_map_merge/share/multirobot_map_merge/launch/tb3_simulation/tb3_simulation_launch.py
-- Symlinking: /home/essivekkeli/multi_robot_slam_ws/install/multirobot_map_merge/share/multirobot_map_merge/launch/tb3_simulation/worlds/world_only.model
-- Symlinking: /home/essivekkeli/multi_robot_slam_ws/install/multirobot_map_merge/share/multirobot_map_merge/config/params.yaml
-- Symlinking: /home/essivekkeli/multi_robot_slam_ws/install/multirobot_map_merge/lib/multirobot_map_merge/map_merge
-- Symlinking: /home/essivekkeli/multi_robot_slam_ws/install/multirobot_map_merge/share/multirobot_map_merge/environment/library_path.sh
-- Symlinking: /home/essivekkeli/multi_robot_slam_ws/install/multirobot_map_merge/share/multirobot_map_merge/environment/library_path.dsv
-- Symlinking: /home/essivekkeli/multi_robot_slam_ws/install/multirobot_map_merge/share/ament_index/resource_index/package_run_dependencies/multirobot_map_merge
-- Symlinking: /home/essivekkeli/multi_robot_slam_ws/install/multirobot_map_merge/share/ament_index/resource_index/parent_prefix_path/multirobot_map_merge
-- Symlinking: /home/essivekkeli/multi_robot_slam_ws/install/multirobot_map_merge/share/multirobot_map_merge/environment/ament_prefix_path.sh
-- Symlinking: /home/essivekkeli/multi_robot_slam_ws/install/multirobot_map_merge/share/multirobot_map_merge/environment/ament_prefix_path.dsv
-- Symlinking: /home/essivekkeli/multi_robot_slam_ws/install/multirobot_map_merge/share/multirobot_map_merge/environment/path.sh
-- Symlinking: /home/essivekkeli/multi_robot_slam_ws/install/multirobot_map_merge/share/multirobot_map_merge/environment/path.dsv
-- Symlinking: /home/essivekkeli/multi_robot_slam_ws/install/multirobot_map_merge/share/multirobot_map_merge/local_setup.bash
-- Symlinking: /home/essivekkeli/multi_robot_slam_ws/install/multirobot_map_merge/share/multirobot_map_merge/local_setup.sh
-- Symlinking: /home/essivekkeli/multi_robot_slam_ws/install/multirobot_map_merge/share/multirobot_map_merge/local_setup.zsh
-- Symlinking: /home/essivekkeli/multi_robot_slam_ws/install/multirobot_map_merge/share/multirobot_map_merge/local_setup.dsv
-- Symlinking: /home/essivekkeli/multi_robot_slam_ws/install/multirobot_map_merge/share/multirobot_map_merge/package.dsv
-- Symlinking: /home/essivekkeli/multi_robot_slam_ws/install/multirobot_map_merge/share/ament_index/resource_index/packages/multirobot_map_merge
-- Symlinking: /home/essivekkeli/multi_robot_slam_ws/install/multirobot_map_merge/share/multirobot_map_merge/cmake/ament_cmake_export_include_directories-extras.cmake
-- Symlinking: /home/essivekkeli/multi_robot_slam_ws/install/multirobot_map_merge/share/multirobot_map_merge/cmake/ament_cmake_export_libraries-extras.cmake
-- Symlinking: /home/essivekkeli/multi_robot_slam_ws/install/multirobot_map_merge/share/multirobot_map_merge/cmake/multirobot_map_mergeConfig.cmake
-- Symlinking: /home/essivekkeli/multi_robot_slam_ws/install/multirobot_map_merge/share/multirobot_map_merge/cmake/multirobot_map_mergeConfig-version.cmake
-- Symlinking: /home/essivekkeli/multi_robot_slam_ws/install/multirobot_map_merge/share/multirobot_map_merge/package.xml
-- Installing: /home/essivekkeli/multi_robot_slam_ws/install/multirobot_map_merge/lib/libcombine_grids.a
