[0.334s] Invoking command in '/home/essivekkeli/multi_robot_slam_ws/build/multirobot_map_merge': CMAKE_PREFIX_PATH=${CMAKE_PREFIX_PATH}:/home/essivekkeli/multi_robot_slam_ws/install/multi_robot_slam_py:/opt/ros/jazzy DEBUGINFOD_URLS=https://debuginfod.ubuntu.com /usr/bin/cmake /home/essivekkeli/multi_robot_slam_ws/src/m-explore-ros2/m-explore-ros2-main/map_merge -DAMENT_CMAKE_SYMLINK_INSTALL=1 -DCMAKE_INSTALL_PREFIX=/home/essivekkeli/multi_robot_slam_ws/install/multirobot_map_merge
[0.412s] -- The C compiler identification is GNU 13.3.0
[0.502s] -- The CXX compiler identification is GNU 13.3.0
[0.525s] -- Detecting C compiler ABI info
[0.648s] -- Detecting C compiler ABI info - done
[0.670s] -- Check for working C compiler: /usr/bin/cc - skipped
[0.671s] -- Detecting C compile features
[0.671s] -- Detecting C compile features - done
[0.685s] -- Detecting CXX compiler ABI info
[0.817s] -- Detecting CXX compiler ABI info - done
[0.838s] -- Check for working CXX compiler: /usr/bin/c++ - skipped
[0.838s] -- Detecting CXX compile features
[0.839s] -- Detecting CXX compile features - done
[0.846s] -- Found ament_cmake: 2.5.4 (/opt/ros/jazzy/share/ament_cmake/cmake)
[1.064s] -- Found Python3: /usr/bin/python3 (found version "3.12.3") found components: Interpreter 
[1.158s] -- Override CMake install command with custom implementation using symlinks instead of copying resources
[1.257s] -- Found rclcpp: 28.1.13 (/opt/ros/jazzy/share/rclcpp/cmake)
[1.342s] -- Found rosidl_generator_c: 4.6.6 (/opt/ros/jazzy/share/rosidl_generator_c/cmake)
[1.376s] -- Found rosidl_generator_cpp: 4.6.6 (/opt/ros/jazzy/share/rosidl_generator_cpp/cmake)
[1.418s] -- Using all available rosidl_typesupport_c: rosidl_typesupport_fastrtps_c;rosidl_typesupport_introspection_c
[1.467s] -- Using all available rosidl_typesupport_cpp: rosidl_typesupport_fastrtps_cpp;rosidl_typesupport_introspection_cpp
[1.667s] -- Found rmw_implementation_cmake: 7.3.2 (/opt/ros/jazzy/share/rmw_implementation_cmake/cmake)
[1.677s] -- Found rmw_fastrtps_cpp: 8.4.3 (/opt/ros/jazzy/share/rmw_fastrtps_cpp/cmake)
[1.833s] -- Found OpenSSL: /usr/lib/x86_64-linux-gnu/libcrypto.so (found version "3.0.13")  
[1.874s] -- Found FastRTPS: /opt/ros/jazzy/include (Required is at least version "2.13") 
[1.920s] -- Using RMW implementation 'rmw_fastrtps_cpp' as default
[2.080s] -- Found geometry_msgs: 5.3.6 (/opt/ros/jazzy/share/geometry_msgs/cmake)
[2.135s] -- Found image_geometry: 4.1.0 (/opt/ros/jazzy/share/image_geometry/cmake)
[2.209s] -- Found map_msgs: 2.4.1 (/opt/ros/jazzy/share/map_msgs/cmake)
[2.341s] -- Found tf2_geometry_msgs: 0.36.16 (/opt/ros/jazzy/share/tf2_geometry_msgs/cmake)
[2.382s] -- Found eigen3_cmake_module: 0.3.0 (/opt/ros/jazzy/share/eigen3_cmake_module/cmake)
[2.384s] -- Found Eigen3: TRUE (found version "3.4.0") 
[2.384s] -- Ensuring Eigen3 include directory is part of orocos-kdl CMake target
[2.808s] -- Found Boost: /usr/lib/x86_64-linux-gnu/cmake/Boost-1.83.0/BoostConfig.cmake (found version "1.83.0") found components: thread 
[2.815s] -- Found OpenCV: /usr (found version "4.6.0") 
[2.839s] -- Found ament_lint_auto: 0.17.3 (/opt/ros/jazzy/share/ament_lint_auto/cmake)
[2.986s] -- Found ament_cmake_gtest: 2.5.4 (/opt/ros/jazzy/share/ament_cmake_gtest/cmake)
[2.993s] --2026-03-01 16:16:21--  https://raw.githubusercontent.com/hrnr/m-explore-extra/master/map_merge/hector_maps/map00.pgm
[3.030s] Resolving raw.githubusercontent.com (raw.githubusercontent.com)... 185.199.111.133, 185.199.109.133, 185.199.108.133, ...
[3.047s] Connecting to raw.githubusercontent.com (raw.githubusercontent.com)|185.199.111.133|:443... connected.
[3.358s] HTTP request sent, awaiting response... 200 OK
[3.358s] Length: 4194362 (4.0M) [application/octet-stream]
[3.359s] Saving to: ‘/home/essivekkeli/multi_robot_slam_ws/build/multirobot_map_merge/map00.pgm’
[3.359s] 
[3.420s]      0K .......... .......... .......... .......... ..........  1%  825K 5s
[3.420s]     50K .......... .......... .......... .......... ..........  2% 85.9M 2s
[3.428s]    100K .......... .......... .......... .......... ..........  3% 6.00M 2s
[3.461s]    150K .......... .......... .......... .......... ..........  4% 1.53M 2s
[3.475s]    200K .......... .......... .......... .......... ..........  6% 3.15M 2s
[3.487s]    250K .......... .......... .......... .......... ..........  7% 3.98M 2s
[3.527s]    300K .......... .......... .......... .......... ..........  8% 1.45M 2s
[3.541s]    350K .......... .......... .......... .......... ..........  9% 2.72M 2s
[3.571s]    400K .......... .......... .......... .......... .......... 10% 1.54M 2s
[3.589s]    450K .......... .......... .......... .......... .......... 12% 2.68M 2s
[3.626s]    500K .......... .......... .......... .......... .......... 13% 1.42M 2s
[3.666s]    550K .......... .......... .......... .......... .......... 14% 1.17M 2s
[3.695s]    600K .......... .......... .......... .......... .......... 15% 1.96M 2s
[3.732s]    650K .......... .......... .......... .......... .......... 17% 1.16M 2s
[3.791s]    700K .......... .......... .......... .......... .......... 18%  880K 2s
[3.869s]    750K .......... .......... .......... .......... .......... 19%  843K 2s
[3.935s]    800K .......... .......... .......... .......... .......... 20%  579K 2s
[4.008s]    850K .......... .......... .......... .......... .......... 21%  676K 2s
[4.078s]    900K .......... .......... .......... .......... .......... 23%  722K 2s
[4.134s]    950K .......... .......... .......... .......... .......... 24%  893K 2s
[4.178s]   1000K .......... .......... .......... .......... .......... 25% 1.11M 2s
[4.246s]   1050K .......... .......... .......... .......... .......... 26%  735K 2s
[4.344s]   1100K .......... .......... .......... .......... .......... 28%  551K 3s
[4.440s]   1150K .......... .......... .......... .......... .......... 29%  802K 3s
[4.555s]   1200K .......... .......... .......... .......... .......... 30%  321K 3s
[4.700s]   1250K .......... .......... .......... .......... .......... 31%  414K 3s
[4.806s]   1300K .......... .......... .......... .......... .......... 32%  384K 3s
[4.910s]   1350K .......... .......... .......... .......... .......... 34%  478K 3s
[4.992s]   1400K .......... .......... .......... .......... .......... 35%  612K 3s
[5.054s]   1450K .......... .......... .......... .......... .......... 36%  805K 3s
[5.101s]   1500K .......... .......... .......... .......... .......... 37% 1.05M 3s
[5.169s]   1550K .......... .......... .......... .......... .......... 39% 1.21M 3s
[5.206s]   1600K .......... .......... .......... .......... .......... 40%  769K 3s
[5.259s]   1650K .......... .......... .......... .......... .......... 41%  949K 3s
[5.303s]   1700K .......... .......... .......... .......... .......... 42% 1.11M 3s
[5.362s]   1750K .......... .......... .......... .......... .......... 43%  851K 3s
[5.422s]   1800K .......... .......... .......... .......... .......... 45%  832K 3s
[5.497s]   1850K .......... .......... .......... .......... .......... 46%  668K 2s
[5.598s]   1900K .......... .......... .......... .......... .......... 47%  492K 2s
[5.683s]   1950K .......... .......... .......... .......... .......... 48%  716K 2s
[5.775s]   2000K .......... .......... .......... .......... .......... 50%  467K 2s
[5.974s]   2050K .......... .......... .......... .......... .......... 51%  251K 2s
[6.139s]   2100K .......... .......... .......... .......... .......... 52%  303K 3s
[6.282s]   2150K .......... .......... .......... .......... .......... 53%  350K 3s
[6.412s]   2200K .......... .......... .......... .......... .......... 54%  385K 3s
[6.529s]   2250K .......... .......... .......... .......... .......... 56%  427K 2s
[6.631s]   2300K .......... .......... .......... .......... .......... 57%  488K 2s
[6.721s]   2350K .......... .......... .......... .......... .......... 58%  706K 2s
[6.796s]   2400K .......... .......... .......... .......... .......... 59%  533K 2s
[6.922s]   2450K .......... .......... .......... .......... .......... 61%  397K 2s
[7.027s]   2500K .......... .......... .......... .......... .......... 62%  477K 2s
[7.174s]   2550K .......... .......... .......... .......... .......... 63%  340K 2s
[7.293s]   2600K .......... .......... .......... .......... .......... 64%  420K 2s
[7.368s]   2650K .......... .......... .......... .......... .......... 65%  668K 2s
[7.454s]   2700K .......... .......... .......... .......... .......... 67%  578K 2s
[7.614s]   2750K .......... .......... .......... .......... .......... 68%  465K 2s
[7.718s]   2800K .......... .......... .......... .......... .......... 69%  320K 2s
[7.818s]   2850K .......... .......... .......... .......... .......... 70%  497K 2s
[7.922s]   2900K .......... .......... .......... .......... .......... 72%  483K 2s
[8.039s]   2950K .......... .......... .......... .......... .......... 73%  427K 2s
[8.150s]   3000K .......... .......... .......... .......... .......... 74%  451K 2s
[8.302s]   3050K .......... .......... .......... .......... .......... 75%  328K 2s
[8.454s]   3100K .......... .......... .......... .......... .......... 76%  329K 2s
[8.566s]   3150K .......... .......... .......... .......... .......... 78%  556K 1s
[8.654s]   3200K .......... .......... .......... .......... .......... 79%  456K 1s
[8.724s]   3250K .......... .......... .......... .......... .......... 80%  706K 1s
[8.801s]   3300K .......... .......... .......... .......... .......... 81%  653K 1s
[8.875s]   3350K .......... .......... .......... .......... .......... 83%  679K 1s
[8.959s]   3400K .......... .......... .......... .......... .......... 84%  593K 1s
[9.063s]   3450K .......... .......... .......... .......... .......... 85%  479K 1s
[9.182s]   3500K .......... .......... .......... .......... .......... 86%  420K 1s
[9.391s]   3550K .......... .......... .......... .......... .......... 87%  379K 1s
[9.719s]   3600K .......... .......... .......... .......... .......... 89%  124K 1s
[9.837s]   3650K .......... .......... .......... .......... .......... 90%  424K 1s
[9.940s]   3700K .......... .......... .......... .......... .......... 91%  483K 1s
[10.086s]   3750K .......... .......... .......... .......... .......... 92%  343K 1s
[10.234s]   3800K .......... .......... .......... .......... .......... 93%  338K 0s
[10.323s]   3850K .......... .......... .......... .......... .......... 95%  564K 0s
[10.414s]   3900K .......... .......... .......... .......... .......... 96%  549K 0s
[10.717s]   3950K .......... .......... .......... .......... .......... 97%  206K 0s
[10.820s]   4000K .......... .......... .......... .......... .......... 98%  306K 0s
[10.881s]   4050K .......... .......... .......... .......... ......    100%  752K=7.5s
[10.881s] 
[10.882s] 2026-03-01 16:16:29 (544 KB/s) - ‘/home/essivekkeli/multi_robot_slam_ws/build/multirobot_map_merge/map00.pgm’ saved [4194362/4194362]
[10.882s] 
[10.882s] Checking MD5 sum of /home/essivekkeli/multi_robot_slam_ws/build/multirobot_map_merge/map00.pgm
[10.891s] /home/essivekkeli/multi_robot_slam_ws/build/multirobot_map_merge/map00.pgm: OK
[10.898s] --2026-03-01 16:16:29--  https://raw.githubusercontent.com/hrnr/m-explore-extra/master/map_merge/hector_maps/map05.pgm
[10.932s] Resolving raw.githubusercontent.com (raw.githubusercontent.com)... 185.199.110.133, 185.199.111.133, 185.199.108.133, ...
[10.948s] Connecting to raw.githubusercontent.com (raw.githubusercontent.com)|185.199.110.133|:443... connected.
[11.244s] HTTP request sent, awaiting response... 200 OK
[11.245s] Length: 4194362 (4.0M) [application/octet-stream]
[11.245s] Saving to: ‘/home/essivekkeli/multi_robot_slam_ws/build/multirobot_map_merge/map05.pgm’
[11.245s] 
[11.265s]      0K .......... .......... .......... .......... ..........  1% 2.35M 2s
[11.309s]     50K .......... .......... .......... .......... ..........  2% 1.11M 3s
[11.310s]    100K .......... .......... .......... .......... ..........  3%  127M 2s
[11.333s]    150K .......... .......... .......... .......... ..........  4% 2.10M 2s
[11.345s]    200K .......... .......... .......... .......... ..........  6% 3.99M 2s
[11.362s]    250K .......... .......... .......... .......... ..........  7% 2.85M 1s
[11.387s]    300K .......... .......... .......... .......... ..........  8% 2.01M 2s
[11.393s]    350K .......... .......... .......... .......... ..........  9% 7.23M 1s
[11.418s]    400K .......... .......... .......... .......... .......... 10% 1.97M 1s
[11.436s]    450K .......... .......... .......... .......... .......... 12% 2.72M 1s
[11.451s]    500K .......... .......... .......... .......... .......... 13% 3.38M 1s
[11.479s]    550K .......... .......... .......... .......... .......... 14% 1.71M 1s
[11.528s]    600K .......... .......... .......... .......... .......... 15% 1.12M 1s
[11.529s]    650K .......... .......... .......... .......... .......... 17% 12.7M 1s
[11.554s]    700K .......... .......... .......... .......... .......... 18% 1.76M 1s
[11.569s]    750K .......... .......... .......... .......... .......... 19% 3.26M 1s
[11.592s]    800K .......... .......... .......... .......... .......... 20% 2.16M 1s
[11.620s]    850K .......... .......... .......... .......... .......... 21% 1.77M 1s
[11.636s]    900K .......... .......... .......... .......... .......... 23% 3.03M 1s
[11.653s]    950K .......... .......... .......... .......... .......... 24% 2.81M 1s
[11.669s]   1000K .......... .......... .......... .......... .......... 25% 2.98M 1s
[11.815s]   1050K .......... .......... .......... .......... .......... 26%  342K 2s
[11.823s]   1100K .......... .......... .......... .......... .......... 28% 6.53M 1s
[11.862s]   1150K .......... .......... .......... .......... .......... 29% 1.25M 1s
[11.888s]   1200K .......... .......... .......... .......... .......... 30% 1.86M 1s
[11.922s]   1250K .......... .......... .......... .......... .......... 31% 1.47M 1s
[11.960s]   1300K .......... .......... .......... .......... .......... 32% 1.28M 1s
[12.017s]   1350K .......... .......... .......... .......... .......... 34%  870K 1s
[12.054s]   1400K .......... .......... .......... .......... .......... 35% 1.32M 1s
[12.126s]   1450K .......... .......... .......... .......... .......... 36%  696K 2s
[12.185s]   1500K .......... .......... .......... .......... .......... 37%  844K 2s
[12.325s]   1550K .......... .......... .......... .......... .......... 39%  358K 2s
[12.426s]   1600K .......... .......... .......... .......... .......... 40%  494K 2s
[12.543s]   1650K .......... .......... .......... .......... .......... 41%  426K 2s
[12.734s]   1700K .......... .......... .......... .......... .......... 42%  262K 2s
[12.843s]   1750K .......... .......... .......... .......... .......... 43%  461K 2s
[12.938s]   1800K .......... .......... .......... .......... .......... 45%  524K 2s
[13.041s]   1850K .......... .......... .......... .......... .......... 46%  486K 2s
[13.195s]   1900K .......... .......... .......... .......... .......... 47%  324K 2s
[13.303s]   1950K .......... .......... .......... .......... .......... 48%  465K 2s
[13.385s]   2000K .......... .......... .......... .......... .......... 50%  609K 2s
[13.456s]   2050K .......... .......... .......... .......... .......... 51%  708K 2s
[13.555s]   2100K .......... .......... .......... .......... .......... 52%  505K 2s
[13.824s]   2150K .......... .......... .......... .......... .......... 53%  186K 2s
[14.102s]   2200K .......... .......... .......... .......... .......... 54%  179K 2s
[14.397s]   2250K .......... .......... .......... .......... .......... 56%  170K 2s
[14.809s]   2300K .......... .......... .......... .......... .......... 57%  121K 3s
[14.990s]   2350K .......... .......... .......... .......... .......... 58%  278K 3s
[15.120s]   2400K .......... .......... .......... .......... .......... 59%  383K 3s
[15.208s]   2450K .......... .......... .......... .......... .......... 61%  568K 3s
[15.319s]   2500K .......... .......... .......... .......... .......... 62%  452K 2s
[15.442s]   2550K .......... .......... .......... .......... .......... 63%  405K 2s
[15.565s]   2600K .......... .......... .......... .......... .......... 64%  408K 2s
[15.709s]   2650K .......... .......... .......... .......... .......... 65%  347K 2s
[16.043s]   2700K .......... .......... .......... .......... .......... 67%  150K 2s
[16.377s]   2750K .......... .......... .......... .......... .......... 68%  149K 2s
[16.667s]   2800K .......... .......... .......... .......... .......... 69%  173K 2s
[16.800s]   2850K .......... .......... .......... .......... .......... 70%  376K 2s
[16.917s]   2900K .......... .......... .......... .......... .......... 72%  427K 2s
[16.994s]   2950K .......... .......... .......... .......... .......... 73%  655K 2s
[17.076s]   3000K .......... .......... .......... .......... .......... 74%  605K 2s
[17.289s]   3050K .......... .......... .......... .......... .......... 75%  235K 2s
[17.511s]   3100K .......... .......... .......... .......... .......... 76%  226K 2s
[17.751s]   3150K .......... .......... .......... .......... .......... 78%  208K 2s
[18.010s]   3200K .......... .......... .......... .......... .......... 79%  193K 2s
[18.187s]   3250K .......... .......... .......... .......... .......... 80%  284K 2s
[18.280s]   3300K .......... .......... .......... .......... .......... 81%  536K 2s
[18.397s]   3350K .......... .......... .......... .......... .......... 83%  427K 1s
[18.559s]   3400K .......... .......... .......... .......... .......... 84%  308K 1s
[18.695s]   3450K .......... .......... .......... .......... .......... 85%  369K 1s
[18.843s]   3500K .......... .......... .......... .......... .......... 86%  337K 1s
[18.944s]   3550K .......... .......... .......... .......... .......... 87%  497K 1s
[19.025s]   3600K .......... .......... .......... .......... .......... 89%  612K 1s
[19.109s]   3650K .......... .......... .......... .......... .......... 90%  599K 1s
[19.191s]   3700K .......... .......... .......... .......... .......... 91%  608K 1s
[19.302s]   3750K .......... .......... .......... .......... .......... 92%  451K 1s
[19.477s]   3800K .......... .......... .......... .......... .......... 93%  287K 1s
[19.596s]   3850K .......... .......... .......... .......... .......... 95%  420K 0s
[19.849s]   3900K .......... .......... .......... .......... .......... 96%  198K 0s
[20.064s]   3950K .......... .......... .......... .......... .......... 97%  232K 0s
[20.448s]   4000K .......... .......... .......... .......... .......... 98%  130K 0s
[20.564s]   4050K .......... .......... .......... .......... ......    100%  398K=9.3s
[20.565s] 
[20.565s] 2026-03-01 16:16:38 (440 KB/s) - ‘/home/essivekkeli/multi_robot_slam_ws/build/multirobot_map_merge/map05.pgm’ saved [4194362/4194362]
[20.565s] 
[20.566s] Checking MD5 sum of /home/essivekkeli/multi_robot_slam_ws/build/multirobot_map_merge/map05.pgm
[20.590s] /home/essivekkeli/multi_robot_slam_ws/build/multirobot_map_merge/map05.pgm: OK
[20.606s] --2026-03-01 16:16:38--  https://raw.githubusercontent.com/hrnr/m-explore-extra/master/map_merge/gmapping_maps/2011-08-09-12-22-52.pgm
[20.662s] Resolving raw.githubusercontent.com (raw.githubusercontent.com)... 185.199.109.133, 185.199.110.133, 185.199.111.133, ...
[20.677s] Connecting to raw.githubusercontent.com (raw.githubusercontent.com)|185.199.109.133|:443... connected.
[21.340s] HTTP request sent, awaiting response... 200 OK
[21.340s] Length: 16000058 (15M) [application/octet-stream]
[21.340s] Saving to: ‘/home/essivekkeli/multi_robot_slam_ws/build/multirobot_map_merge/2011-08-09-12-22-52.pgm’
[21.341s] 
[21.440s]      0K .......... .......... .......... .......... ..........  0%  499K 31s
[21.483s]     50K .......... .......... .......... .......... ..........  0% 1.15M 22s
[21.545s]    100K .......... .......... .......... .......... ..........  0%  802K 21s
[21.650s]    150K .......... .......... .......... .......... ..........  1%  479K 24s
[21.703s]    200K .......... .......... .......... .......... ..........  1%  954K 22s
[21.752s]    250K .......... .......... .......... .......... ..........  1% 1011K 21s
[21.849s]    300K .......... .......... .......... .......... ..........  2%  515K 22s
[21.920s]    350K .......... .......... .......... .......... ..........  2%  701K 22s
[21.998s]    400K .......... .......... .......... .......... ..........  2%  642K 22s
[22.058s]    450K .......... .......... .......... .......... ..........  3%  834K 22s
[22.178s]    500K .......... .......... .......... .......... ..........  3%  416K 23s
[22.293s]    550K .......... .......... .......... .......... ..........  3%  436K 24s
[22.371s]    600K .......... .......... .......... .......... ..........  4%  639K 24s
[22.420s]    650K .......... .......... .......... .......... ..........  4% 1.01M 23s
[22.491s]    700K .......... .......... .......... .......... ..........  4%  698K 23s
[22.596s]    750K .......... .......... .......... .......... ..........  5%  477K 23s
[22.701s]    800K .......... .......... .......... .......... ..........  5%  479K 24s
[22.815s]    850K .......... .......... .......... .......... ..........  5%  435K 24s
[22.904s]    900K .......... .......... .......... .......... ..........  6%  566K 24s
[23.071s]    950K .......... .......... .......... .......... ..........  6%  299K 25s
[23.206s]   1000K .......... .......... .......... .......... ..........  6%  371K 26s
[23.371s]   1050K .......... .......... .......... .......... ..........  7%  302K 27s
[23.491s]   1100K .......... .......... .......... .......... ..........  7%  418K 27s
[23.618s]   1150K .......... .......... .......... .......... ..........  7%  394K 27s
[23.716s]   1200K .......... .......... .......... .......... ..........  7%  507K 27s
[23.839s]   1250K .......... .......... .......... .......... ..........  8%  407K 28s
[24.016s]   1300K .......... .......... .......... .......... ..........  8%  283K 28s
[24.176s]   1350K .......... .......... .......... .......... ..........  8%  313K 29s
[24.285s]   1400K .......... .......... .......... .......... ..........  9%  457K 29s
[24.415s]   1450K .......... .......... .......... .......... ..........  9%  383K 29s
[24.511s]   1500K .......... .......... .......... .......... ..........  9%  526K 29s
[24.686s]   1550K .......... .......... .......... .......... .......... 10%  284K 29s
[24.790s]   1600K .......... .......... .......... .......... .......... 10%  482K 29s
[24.876s]   1650K .......... .......... .......... .......... .......... 10%  582K 29s
[24.946s]   1700K .......... .......... .......... .......... .......... 11%  717K 29s
[25.140s]   1750K .......... .......... .......... .......... .......... 11%  257K 29s
[25.246s]   1800K .......... .......... .......... .......... .......... 11%  474K 29s
[25.330s]   1850K .......... .......... .......... .......... .......... 12%  593K 29s
[25.381s]   1900K .......... .......... .......... .......... .......... 12%  985K 28s
[25.482s]   1950K .......... .......... .......... .......... .......... 12%  496K 28s
[25.637s]   2000K .......... .......... .......... .......... .......... 13%  323K 28s
[25.892s]   2050K .......... .......... .......... .......... .......... 13%  196K 29s
[26.166s]   2100K .......... .......... .......... .......... .......... 13%  183K 30s
[26.273s]   2150K .......... .......... .......... .......... .......... 14%  465K 30s
[26.395s]   2200K .......... .......... .......... .......... .......... 14%  411K 30s
[26.505s]   2250K .......... .......... .......... .......... .......... 14%  453K 30s
[26.634s]   2300K .......... .......... .......... .......... .......... 15%  389K 30s
[26.873s]   2350K .......... .......... .......... .......... .......... 15%  322K 30s
[27.187s]   2400K .......... .......... .......... .......... .......... 15%  126K 31s
[27.450s]   2450K .......... .......... .......... .......... .......... 15%  190K 32s
[27.812s]   2500K .......... .......... .......... .......... .......... 16%  138K 33s
[27.921s]   2550K .......... .......... .......... .......... .......... 16%  461K 33s
[27.993s]   2600K .......... .......... .......... .......... .......... 16%  695K 33s
[28.066s]   2650K .......... .......... .......... .......... .......... 17%  678K 32s
[28.139s]   2700K .......... .......... .......... .......... .......... 17%  689K 32s
[28.228s]   2750K .......... .......... .......... .......... .......... 17%  819K 31s
[28.331s]   2800K .......... .......... .......... .......... .......... 18%  382K 31s
[28.422s]   2850K .......... .......... .......... .......... .......... 18%  548K 31s
[28.510s]   2900K .......... .......... .......... .......... .......... 18%  567K 31s
[28.611s]   2950K .......... .......... .......... .......... .......... 19%  495K 31s
[28.723s]   3000K .......... .......... .......... .......... .......... 19%  449K 30s
[28.875s]   3050K .......... .......... .......... .......... .......... 19%  329K 30s
[29.226s]   3100K .......... .......... .......... .......... .......... 20%  143K 31s
[29.476s]   3150K .......... .......... .......... .......... .......... 20%  294K 31s
[29.735s]   3200K .......... .......... .......... .......... .......... 20%  148K 32s
[29.893s]   3250K .......... .......... .......... .......... .......... 21%  316K 32s
[30.277s]   3300K .......... .......... .......... .......... .......... 21%  130K 33s
[30.494s]   3350K .......... .......... .......... .......... .......... 21%  230K 33s
[30.689s]   3400K .......... .......... .......... .......... .......... 22%  256K 33s
[30.825s]   3450K .......... .......... .......... .......... .......... 22%  369K 33s
[30.917s]   3500K .......... .......... .......... .......... .......... 22%  542K 33s
[31.011s]   3550K .......... .......... .......... .......... .......... 23%  718K 32s
[31.078s]   3600K .......... .......... .......... .......... .......... 23%  549K 32s
[31.125s]   3650K .......... .......... .......... .......... .......... 23% 1.03M 32s
[31.171s]   3700K .......... .......... .......... .......... .......... 23% 1.07M 31s
[31.213s]   3750K .......... .......... .......... .......... .......... 24% 1.16M 31s
[31.276s]   3800K .......... .......... .......... .......... .......... 24%  790K 30s
[31.377s]   3850K .......... .......... .......... .......... .......... 24%  495K 30s
[31.424s]   3900K .......... .......... .......... .......... .......... 25% 1.05M 30s
[31.517s]   3950K .......... .......... .......... .......... .......... 25%  668K 30s
[31.576s]   4000K .......... .......... .......... .......... .......... 25%  643K 29s
[31.680s]   4050K .......... .......... .......... .......... .......... 26%  483K 29s
[31.825s]   4100K .......... .......... .......... .......... .......... 26%  345K 29s
[31.980s]   4150K .......... .......... .......... .......... .......... 26%  322K 29s
[32.114s]   4200K .......... .......... .......... .......... .......... 27%  374K 29s
[32.252s]   4250K .......... .......... .......... .......... .......... 27%  362K 29s
[32.499s]   4300K .......... .......... .......... .......... .......... 27%  203K 29s
[32.718s]   4350K .......... .......... .......... .......... .......... 28%  282K 29s
[32.808s]   4400K .......... .......... .......... .......... .......... 28%  377K 29s
[32.908s]   4450K .......... .......... .......... .......... .......... 28%  501K 29s
[33.070s]   4500K .......... .......... .......... .......... .......... 29%  308K 29s
[33.214s]   4550K .......... .......... .......... .......... .......... 29%  349K 28s
[33.429s]   4600K .......... .......... .......... .......... .......... 29%  232K 29s
[33.631s]   4650K .......... .......... .......... .......... .......... 30%  248K 29s
[33.782s]   4700K .......... .......... .......... .......... .......... 30%  331K 28s
[34.106s]   4750K .......... .......... .......... .......... .......... 30%  198K 29s
[34.353s]   4800K .......... .......... .......... .......... .......... 31%  157K 29s
[34.499s]   4850K .......... .......... .......... .......... .......... 31%  342K 29s
[34.597s]   4900K .......... .......... .......... .......... .......... 31%  509K 29s
[34.709s]   4950K .......... .......... .......... .......... .......... 31%  444K 28s
[34.854s]   5000K .......... .......... .......... .......... .......... 32%  347K 28s
[35.305s]   5050K .......... .......... .......... .......... .......... 32%  111K 29s
[35.537s]   5100K .......... .......... .......... .......... .......... 32%  216K 29s
[36.029s]   5150K .......... .......... .......... .......... .......... 33%  126K 29s
[36.185s]   5200K .......... .......... .......... .......... .......... 33%  198K 29s
[36.287s]   5250K .......... .......... .......... .......... .......... 33%  492K 29s
[36.358s]   5300K .......... .......... .......... .......... .......... 34%  703K 29s
[36.423s]   5350K .......... .......... .......... .......... .......... 34%  770K 29s
[36.495s]   5400K .......... .......... .......... .......... .......... 34%  692K 28s
[36.594s]   5450K .......... .......... .......... .......... .......... 35%  505K 28s
[36.696s]   5500K .......... .......... .......... .......... .......... 35%  491K 28s
[36.886s]   5550K .......... .......... .......... .......... .......... 35%  426K 28s
[37.020s]   5600K .......... .......... .......... .......... .......... 36%  242K 28s
[37.108s]   5650K .......... .......... .......... .......... .......... 36%  570K 27s
[37.223s]   5700K .......... .......... .......... .......... .......... 36%  435K 27s
[37.354s]   5750K .......... .......... .......... .......... .......... 37%  380K 27s
[37.625s]   5800K .......... .......... .......... .......... .......... 37%  185K 27s
[37.788s]   5850K .......... .......... .......... .......... .......... 37%  307K 27s
[38.097s]   5900K .......... .......... .......... .......... .......... 38%  162K 27s
[38.300s]   5950K .......... .......... .......... .......... .......... 38%  299K 27s
[38.524s]   6000K .......... .......... .......... .......... .......... 38%  192K 27s
[38.751s]   6050K .......... .......... .......... .......... .......... 39%  220K 27s
[38.951s]   6100K .......... .......... .......... .......... .......... 39%  251K 27s
[39.109s]   6150K .......... .......... .......... .......... .......... 39%  316K 27s
[39.301s]   6200K .......... .......... .......... .......... .......... 39%  261K 27s
[39.710s]   6250K .......... .......... .......... .......... .......... 40%  122K 27s
[40.041s]   6300K .......... .......... .......... .......... .......... 40%  151K 27s
[40.697s]   6350K .......... .......... .......... .......... .......... 40% 86.6K 28s
[40.908s]   6400K .......... .......... .......... .......... .......... 41%  173K 28s
[41.025s]   6450K .......... .......... .......... .......... .......... 41%  427K 28s
[41.159s]   6500K .......... .......... .......... .......... .......... 41%  373K 27s
[41.332s]   6550K .......... .......... .......... .......... .......... 42%  288K 27s
[41.458s]   6600K .......... .......... .......... .......... .......... 42%  399K 27s
[41.836s]   6650K .......... .......... .......... .......... .......... 42%  132K 27s
[42.465s]   6700K .......... .......... .......... .......... .......... 43% 79.5K 28s
[42.836s]   6750K .......... .......... .......... .......... .......... 43%  173K 28s
[42.912s]   6800K .......... .......... .......... .......... .......... 43%  316K 28s
[42.985s]   6850K .......... .......... .......... .......... .......... 44%  688K 27s
[43.033s]   6900K .......... .......... .......... .......... .......... 44% 1.02M 27s
[43.109s]   6950K .......... .......... .......... .......... .......... 44%  653K 27s
[43.183s]   7000K .......... .......... .......... .......... .......... 45%  681K 27s
[43.238s]   7050K .......... .......... .......... .......... .......... 45%  906K 26s
[43.284s]   7100K .......... .......... .......... .......... .......... 45% 1.07M 26s
[43.342s]   7150K .......... .......... .......... .......... .......... 46% 1.07M 26s
[43.399s]   7200K .......... .......... .......... .......... .......... 46%  722K 25s
[43.441s]   7250K .......... .......... .......... .......... .......... 46% 1.16M 25s
[43.467s]   7300K .......... .......... .......... .......... .......... 47% 1.84M 25s
[43.503s]   7350K .......... .......... .......... .......... .......... 47% 1.36M 25s
[43.539s]   7400K .......... .......... .......... .......... .......... 47% 1.37M 24s
[43.570s]   7450K .......... .......... .......... .......... .......... 47% 1.59M 24s
[43.605s]   7500K .......... .......... .......... .......... .......... 48% 1.37M 24s
[43.659s]   7550K .......... .......... .......... .......... .......... 48% 1.15M 24s
[43.697s]   7600K .......... .......... .......... .......... .......... 48% 1010K 23s
[43.758s]   7650K .......... .......... .......... .......... .......... 49%  827K 23s
[43.795s]   7700K .......... .......... .......... .......... .......... 49% 1.32M 23s
[43.814s]   7750K .......... .......... .......... .......... .......... 49% 2.51M 23s
[43.836s]   7800K .......... .......... .......... .......... .......... 50% 2.27M 22s
[43.873s]   7850K .......... .......... .......... .......... .......... 50% 1.31M 22s
[43.907s]   7900K .......... .......... .......... .......... .......... 50% 1.45M 22s
[43.937s]   7950K .......... .......... .......... .......... .......... 51% 2.39M 22s
[43.968s]   8000K .......... .......... .......... .......... .......... 51% 1.20M 21s
[43.993s]   8050K .......... .......... .......... .......... .......... 51% 1.95M 21s
[44.024s]   8100K .......... .......... .......... .......... .......... 52% 1.53M 21s
[44.075s]   8150K .......... .......... .......... .......... .......... 52%  992K 21s
[44.077s]   8200K .......... .......... .......... .......... .......... 52% 24.1M 20s
[44.107s]   8250K .......... .......... .......... .......... .......... 53% 1.63M 20s
[44.176s]   8300K .......... .......... .......... .......... .......... 53%  724K 20s
[44.209s]   8350K .......... .......... .......... .......... .......... 53% 1.73M 20s
[44.265s]   8400K .......... .......... .......... .......... .......... 54%  816K 19s
[44.292s]   8450K .......... .......... .......... .......... .......... 54% 1.84M 19s
[44.339s]   8500K .......... .......... .......... .......... .......... 54% 1.04M 19s
[44.367s]   8550K .......... .......... .......... .......... .......... 55% 1.74M 19s
[44.400s]   8600K .......... .......... .......... .......... .......... 55% 1.46M 19s
[44.423s]   8650K .......... .......... .......... .......... .......... 55% 2.10M 18s
[44.451s]   8700K .......... .......... .......... .......... .......... 55% 1.76M 18s
[44.499s]   8750K .......... .......... .......... .......... .......... 56% 1.21M 18s
[44.523s]   8800K .......... .......... .......... .......... .......... 56% 1.55M 18s
[44.550s]   8850K .......... .......... .......... .......... .......... 56% 1.81M 18s
[44.609s]   8900K .......... .......... .......... .......... .......... 57%  848K 17s
[44.640s]   8950K .......... .......... .......... .......... .......... 57% 1.57M 17s
[44.683s]   9000K .......... .......... .......... .......... .......... 57% 1.13M 17s
[44.715s]   9050K .......... .......... .......... .......... .......... 58% 1.53M 17s
[44.741s]   9100K .......... .......... .......... .......... .......... 58% 1.91M 17s
[44.776s]   9150K .......... .......... .......... .......... .......... 58% 1.52M 16s
[44.812s]   9200K .......... .......... .......... .......... .......... 59% 1.24M 16s
[44.850s]   9250K .......... .......... .......... .......... .......... 59% 1.31M 16s
[44.880s]   9300K .......... .......... .......... .......... .......... 59% 1.65M 16s
[44.915s]   9350K .......... .......... .......... .......... .......... 60% 1.39M 16s
[44.940s]   9400K .......... .......... .......... .......... .......... 60% 1.95M 15s
[44.963s]   9450K .......... .......... .......... .......... .......... 60% 2.09M 15s
[44.991s]   9500K .......... .......... .......... .......... .......... 61% 1.74M 15s
[45.019s]   9550K .......... .......... .......... .......... .......... 61% 3.10M 15s
[45.050s]   9600K .......... .......... .......... .......... .......... 61% 1.15M 15s
[45.078s]   9650K .......... .......... .......... .......... .......... 62% 1.72M 14s
[45.099s]   9700K .......... .......... .......... .......... .......... 62% 2.30M 14s
[45.125s]   9750K .......... .......... .......... .......... .......... 62% 1.87M 14s
[45.163s]   9800K .......... .......... .......... .......... .......... 63% 1.29M 14s
[45.185s]   9850K .......... .......... .......... .......... .......... 63% 2.26M 14s
[45.209s]   9900K .......... .......... .......... .......... .......... 63% 1.99M 14s
[45.268s]   9950K .......... .......... .......... .......... .......... 63% 2.23M 13s
[45.299s]  10000K .......... .......... .......... .......... .......... 64%  739K 13s
[45.320s]  10050K .......... .......... .......... .......... .......... 64% 2.36M 13s
[45.340s]  10100K .......... .......... .......... .......... .......... 64% 2.34M 13s
[45.369s]  10150K .......... .......... .......... .......... .......... 65% 1.71M 13s
[45.398s]  10200K .......... .......... .......... .......... .......... 65% 1.69M 13s
[45.416s]  10250K .......... .......... .......... .......... .......... 65% 2.72M 12s
[45.457s]  10300K .......... .......... .......... .......... .......... 66% 1.19M 12s
[45.516s]  10350K .......... .......... .......... .......... .......... 66%  984K 12s
[45.547s]  10400K .......... .......... .......... .......... .......... 66% 1.23M 12s
[45.570s]  10450K .......... .......... .......... .......... .......... 67% 2.12M 12s
[45.662s]  10500K .......... .......... .......... .......... .......... 67%  547K 12s
[45.713s]  10550K .......... .......... .......... .......... .......... 67%  970K 12s
[45.740s]  10600K .......... .......... .......... .......... .......... 68% 1.86M 11s
[45.772s]  10650K .......... .......... .......... .......... .......... 68% 1.48M 11s
[45.799s]  10700K .......... .......... .......... .......... .......... 68% 1.82M 11s
[45.837s]  10750K .......... .......... .......... .......... .......... 69% 1.57M 11s
[45.856s]  10800K .......... .......... .......... .......... .......... 69% 1.90M 11s
[45.879s]  10850K .......... .......... .......... .......... .......... 69% 2.09M 11s
[45.902s]  10900K .......... .......... .......... .......... .......... 70% 2.15M 10s
[45.928s]  10950K .......... .......... .......... .......... .......... 70% 1.88M 10s
[45.948s]  11000K .......... .......... .......... .......... .......... 70% 2.44M 10s
[45.980s]  11050K .......... .......... .......... .......... .......... 71% 1.53M 10s
[46.003s]  11100K .......... .......... .......... .......... .......... 71% 2.10M 10s
[46.060s]  11150K .......... .......... .......... .......... .......... 71% 1.57M 10s
[46.084s]  11200K .......... .......... .......... .......... .......... 71% 1008K 10s
[46.114s]  11250K .......... .......... .......... .......... .......... 72% 1.61M 9s
[46.131s]  11300K .......... .......... .......... .......... .......... 72% 2.96M 9s
[46.151s]  11350K .......... .......... .......... .......... .......... 72% 2.43M 9s
[46.202s]  11400K .......... .......... .......... .......... .......... 73%  972K 9s
[46.213s]  11450K .......... .......... .......... .......... .......... 73% 4.63M 9s
[46.233s]  11500K .......... .......... .......... .......... .......... 73% 2.44M 9s
[46.255s]  11550K .......... .......... .......... .......... .......... 74% 2.93M 9s
[46.284s]  11600K .......... .......... .......... .......... .......... 74% 1.42M 9s
[46.308s]  11650K .......... .......... .......... .......... .......... 74% 2.04M 8s
[46.328s]  11700K .......... .......... .......... .......... .......... 75% 2.45M 8s
[46.351s]  11750K .......... .......... .......... .......... .......... 75% 2.09M 8s
[46.359s]  11800K .......... .......... .......... .......... .......... 75% 5.75M 8s
[46.389s]  11850K .......... .......... .......... .......... .......... 76% 1.68M 8s
[46.413s]  11900K .......... .......... .......... .......... .......... 76% 2.01M 8s
[46.434s]  11950K .......... .......... .......... .......... .......... 76% 2.95M 8s
[46.454s]  12000K .......... .......... .......... .......... .......... 77% 2.02M 7s
[46.472s]  12050K .......... .......... .......... .......... .......... 77% 2.57M 7s
[46.484s]  12100K .......... .......... .......... .......... .......... 77% 4.33M 7s
[46.497s]  12150K .......... .......... .......... .......... .......... 78% 3.60M 7s
[46.514s]  12200K .......... .......... .......... .......... .......... 78% 2.97M 7s
[46.540s]  12250K .......... .......... .......... .......... .......... 78% 1.84M 7s
[46.554s]  12300K .......... .......... .......... .......... .......... 79% 3.46M 7s
[46.643s]  12350K .......... .......... .......... .......... .......... 79% 2.92M 7s
[46.646s]  12400K .......... .......... .......... .......... .......... 79%  664K 6s
[46.680s]  12450K .......... .......... .......... .......... .......... 79% 1.46M 6s
[46.697s]  12500K .......... .......... .......... .......... .......... 80% 2.81M 6s
[46.721s]  12550K .......... .......... .......... .......... .......... 80% 2.09M 6s
[46.740s]  12600K .......... .......... .......... .......... .......... 80% 2.49M 6s
[46.754s]  12650K .......... .......... .......... .......... .......... 81% 3.48M 6s
[46.770s]  12700K .......... .......... .......... .......... .......... 81% 3.07M 6s
[46.825s]  12750K .......... .......... .......... .......... .......... 81%  956K 6s
[46.840s]  12800K .......... .......... .......... .......... .......... 82% 2.80M 6s
[46.854s]  12850K .......... .......... .......... .......... .......... 82% 3.40M 5s
[46.868s]  12900K .......... .......... .......... .......... .......... 82% 3.64M 5s
[46.886s]  12950K .......... .......... .......... .......... .......... 83% 2.68M 5s
[46.896s]  13000K .......... .......... .......... .......... .......... 83% 4.96M 5s
[46.907s]  13050K .......... .......... .......... .......... .......... 83% 4.31M 5s
[46.952s]  13100K .......... .......... .......... .......... .......... 84% 1.09M 5s
[46.954s]  13150K .......... .......... .......... .......... .......... 84% 47.7M 5s
[46.994s]  13200K .......... .......... .......... .......... .......... 84% 1.21M 5s
[47.011s]  13250K .......... .......... .......... .......... .......... 85% 2.81M 4s
[47.028s]  13300K .......... .......... .......... .......... .......... 85% 2.88M 4s
[47.054s]  13350K .......... .......... .......... .......... .......... 85% 1.87M 4s
[47.084s]  13400K .......... .......... .......... .......... .......... 86% 1.63M 4s
[47.092s]  13450K .......... .......... .......... .......... .......... 86% 5.67M 4s
[47.110s]  13500K .......... .......... .......... .......... .......... 86% 2.71M 4s
[47.129s]  13550K .......... .......... .......... .......... .......... 87% 2.71M 4s
[47.158s]  13600K .......... .......... .......... .......... .......... 87% 1.68M 4s
[47.178s]  13650K .......... .......... .......... .......... .......... 87% 2.41M 4s
[47.217s]  13700K .......... .......... .......... .......... .......... 87% 1.23M 4s
[47.232s]  13750K .......... .......... .......... .......... .......... 88% 3.24M 3s
[47.255s]  13800K .......... .......... .......... .......... .......... 88% 2.15M 3s
[47.302s]  13850K .......... .......... .......... .......... .......... 88% 1.05M 3s
[47.303s]  13900K .......... .......... .......... .......... .......... 89% 35.6M 3s
[47.332s]  13950K .......... .......... .......... .......... .......... 89% 1.73M 3s
[47.358s]  14000K .......... .......... .......... .......... .......... 89% 1.86M 3s
[47.381s]  14050K .......... .......... .......... .......... .......... 90% 2.13M 3s
[47.401s]  14100K .......... .......... .......... .......... .......... 90% 2.44M 3s
[47.421s]  14150K .......... .......... .......... .......... .......... 90% 2.41M 3s
[47.448s]  14200K .......... .......... .......... .......... .......... 91% 1.79M 3s
[47.465s]  14250K .......... .......... .......... .......... .......... 91% 2.96M 2s
[47.486s]  14300K .......... .......... .......... .......... .......... 91% 2.31M 2s
[47.510s]  14350K .......... .......... .......... .......... .......... 92% 2.49M 2s
[47.553s]  14400K .......... .......... .......... .......... .......... 92% 1.03M 2s
[47.561s]  14450K .......... .......... .......... .......... .......... 92% 6.36M 2s
[47.642s]  14500K .......... .......... .......... .......... .......... 93%  614K 2s
[47.695s]  14550K .......... .......... .......... .......... .......... 93%  940K 2s
[47.720s]  14600K .......... .......... .......... .......... .......... 93% 2.00M 2s
[47.751s]  14650K .......... .......... .......... .......... .......... 94% 1.55M 2s
[47.786s]  14700K .......... .......... .......... .......... .......... 94% 1.42M 2s
[47.821s]  14750K .......... .......... .......... .......... .......... 94% 2.38M 1s
[47.858s]  14800K .......... .......... .......... .......... .......... 95%  960K 1s
[47.896s]  14850K .......... .......... .......... .......... .......... 95% 1.30M 1s
[47.934s]  14900K .......... .......... .......... .......... .......... 95% 1.29M 1s
[47.974s]  14950K .......... .......... .......... .......... .......... 95% 1.21M 1s
[48.014s]  15000K .......... .......... .......... .......... .......... 96% 1.21M 1s
[48.076s]  15050K .......... .......... .......... .......... .......... 96%  805K 1s
[48.165s]  15100K .......... .......... .......... .......... .......... 96%  564K 1s
[48.230s]  15150K .......... .......... .......... .......... .......... 97%  984K 1s
[48.295s]  15200K .......... .......... .......... .......... .......... 97%  636K 1s
[48.339s]  15250K .......... .......... .......... .......... .......... 97% 1.09M 1s
[48.387s]  15300K .......... .......... .......... .......... .......... 98% 1.04M 0s
[48.436s]  15350K .......... .......... .......... .......... .......... 98% 1014K 0s
[48.483s]  15400K .......... .......... .......... .......... .......... 98% 1.04M 0s
[48.516s]  15450K .......... .......... .......... .......... .......... 99% 1.48M 0s
[48.547s]  15500K .......... .......... .......... .......... .......... 99% 1.57M 0s
[48.633s]  15550K .......... .......... .......... .......... .......... 99%  693K 0s
[48.640s]  15600K .......... .......... .....                           100% 1.16M=27s
[48.641s] 
[48.641s] 2026-03-01 16:17:06 (572 KB/s) - ‘/home/essivekkeli/multi_robot_slam_ws/build/multirobot_map_merge/2011-08-09-12-22-52.pgm’ saved [16000058/16000058]
[48.642s] 
[48.644s] Checking MD5 sum of /home/essivekkeli/multi_robot_slam_ws/build/multirobot_map_merge/2011-08-09-12-22-52.pgm
[48.698s] /home/essivekkeli/multi_robot_slam_ws/build/multirobot_map_merge/2011-08-09-12-22-52.pgm: OK
[48.704s] --2026-03-01 16:17:06--  https://raw.githubusercontent.com/hrnr/m-explore-extra/master/map_merge/gmapping_maps/2012-01-28-11-12-01.pgm
[48.736s] Resolving raw.githubusercontent.com (raw.githubusercontent.com)... 185.199.110.133, 185.199.111.133, 185.199.108.133, ...
[48.751s] Connecting to raw.githubusercontent.com (raw.githubusercontent.com)|185.199.110.133|:443... connected.
[49.032s] HTTP request sent, awaiting response... 200 OK
[49.032s] Length: 16000058 (15M) [application/octet-stream]
[49.033s] Saving to: ‘/home/essivekkeli/multi_robot_slam_ws/build/multirobot_map_merge/2012-01-28-11-12-01.pgm’
[49.034s] 
[49.070s]      0K .......... .......... .......... .......... ..........  0% 1.29M 12s
[49.081s]     50K .......... .......... .......... .......... ..........  0% 4.72M 7s
[49.090s]    100K .......... .......... .......... .......... ..........  0% 4.88M 6s
[49.103s]    150K .......... .......... .......... .......... ..........  1% 3.98M 5s
[49.113s]    200K .......... .......... .......... .......... ..........  1% 4.51M 5s
[49.120s]    250K .......... .......... .......... .......... ..........  1% 7.24M 4s
[49.126s]    300K .......... .......... .......... .......... ..........  2% 8.70M 4s
[49.139s]    350K .......... .......... .......... .......... ..........  2% 4.62M 4s
[49.159s]    400K .......... .......... .......... .......... ..........  2% 2.15M 4s
[49.163s]    450K .......... .......... .......... .......... ..........  3% 11.4M 4s
[49.179s]    500K .......... .......... .......... .......... ..........  3% 3.13M 4s
[49.182s]    550K .......... .......... .......... .......... ..........  3% 14.9M 4s
[49.188s]    600K .......... .......... .......... .......... ..........  4% 8.72M 4s
[49.194s]    650K .......... .......... .......... .......... ..........  4% 7.68M 3s
[49.202s]    700K .......... .......... .......... .......... ..........  4% 6.24M 3s
[49.211s]    750K .......... .......... .......... .......... ..........  5% 8.13M 3s
[49.214s]    800K .......... .......... .......... .......... ..........  5% 8.42M 3s
[49.226s]    850K .......... .......... .......... .......... ..........  5% 4.03M 3s
[49.235s]    900K .......... .......... .......... .......... ..........  6% 5.48M 3s
[49.238s]    950K .......... .......... .......... .......... ..........  6% 14.5M 3s
[49.249s]   1000K .......... .......... .......... .......... ..........  6% 4.55M 3s
[49.257s]   1050K .......... .......... .......... .......... ..........  7% 6.37M 3s
[49.261s]   1100K .......... .......... .......... .......... ..........  7% 11.6M 3s
[49.280s]   1150K .......... .......... .......... .......... ..........  7% 11.3M 3s
[49.285s]   1200K .......... .......... .......... .......... ..........  7% 2.42M 3s
[49.289s]   1250K .......... .......... .......... .......... ..........  8% 13.9M 3s
[49.302s]   1300K .......... .......... .......... .......... ..........  8% 3.76M 3s
[49.319s]   1350K .......... .......... .......... .......... ..........  8% 2.76M 3s
[49.324s]   1400K .......... .......... .......... .......... ..........  9% 11.1M 3s
[49.382s]   1450K .......... .......... .......... .......... ..........  9%  861K 3s
[49.393s]   1500K .......... .......... .......... .......... ..........  9% 4.31M 3s
[49.407s]   1550K .......... .......... .......... .......... .......... 10% 4.56M 3s
[49.411s]   1600K .......... .......... .......... .......... .......... 10% 6.73M 3s
[49.417s]   1650K .......... .......... .......... .......... .......... 10% 8.95M 3s
[49.433s]   1700K .......... .......... .......... .......... .......... 11% 3.14M 3s
[49.443s]   1750K .......... .......... .......... .......... .......... 11% 4.52M 3s
[49.450s]   1800K .......... .......... .......... .......... .......... 11% 7.51M 3s
[49.457s]   1850K .......... .......... .......... .......... .......... 12% 6.18M 3s
[49.461s]   1900K .......... .......... .......... .......... .......... 12% 14.0M 3s
[49.552s]   1950K .......... .......... .......... .......... .......... 12%  553K 4s
[49.553s]   2000K .......... .......... .......... .......... .......... 13% 51.0M 3s
[49.553s]   2050K .......... .......... .......... .......... .......... 13% 70.8M 3s
[49.554s]   2100K .......... .......... .......... .......... .......... 13% 49.0M 3s
[49.555s]   2150K .......... .......... .......... .......... .......... 14% 60.2M 3s
[49.555s]   2200K .......... .......... .......... .......... .......... 14% 75.2M 3s
[49.556s]   2250K .......... .......... .......... .......... .......... 14% 68.9M 3s
[49.557s]   2300K .......... .......... .......... .......... .......... 15% 45.2M 3s
[49.562s]   2350K .......... .......... .......... .......... .......... 15% 18.2M 3s
[49.573s]   2400K .......... .......... .......... .......... .......... 15% 3.74M 3s
[49.588s]   2450K .......... .......... .......... .......... .......... 15% 3.26M 3s
[49.592s]   2500K .......... .......... .......... .......... .......... 16% 10.8M 3s
[49.605s]   2550K .......... .......... .......... .......... .......... 16% 3.68M 3s
[49.611s]   2600K .......... .......... .......... .......... .......... 16% 8.55M 3s
[49.614s]   2650K .......... .......... .......... .......... .......... 17% 17.7M 3s
[49.621s]   2700K .......... .......... .......... .......... .......... 17% 7.39M 3s
[49.633s]   2750K .......... .......... .......... .......... .......... 17% 4.09M 3s
[49.646s]   2800K .......... .......... .......... .......... .......... 18% 3.72M 3s
[49.655s]   2850K .......... .......... .......... .......... .......... 18% 5.44M 3s
[49.658s]   2900K .......... .......... .......... .......... .......... 18% 13.5M 3s
[49.664s]   2950K .......... .......... .......... .......... .......... 19% 8.50M 3s
[49.670s]   3000K .......... .......... .......... .......... .......... 19% 8.28M 3s
[49.673s]   3050K .......... .......... .......... .......... .......... 19% 16.1M 3s
[49.690s]   3100K .......... .......... .......... .......... .......... 20% 2.88M 3s
[49.703s]   3150K .......... .......... .......... .......... .......... 20% 6.84M 3s
[49.706s]   3200K .......... .......... .......... .......... .......... 20% 5.32M 3s
[49.712s]   3250K .......... .......... .......... .......... .......... 21% 9.10M 3s
[49.718s]   3300K .......... .......... .......... .......... .......... 21% 8.06M 3s
[49.721s]   3350K .......... .......... .......... .......... .......... 21% 15.3M 2s
[49.735s]   3400K .......... .......... .......... .......... .......... 22% 3.41M 2s
[49.739s]   3450K .......... .......... .......... .......... .......... 22% 14.4M 2s
[49.749s]   3500K .......... .......... .......... .......... .......... 22% 4.61M 2s
[49.765s]   3550K .......... .......... .......... .......... .......... 23% 3.18M 2s
[49.793s]   3600K .......... .......... .......... .......... .......... 23% 1.72M 2s
[49.798s]   3650K .......... .......... .......... .......... .......... 23% 10.2M 2s
[49.804s]   3700K .......... .......... .......... .......... .......... 23% 8.21M 2s
[49.837s]   3750K .......... .......... .......... .......... .......... 24% 1.46M 3s
[49.847s]   3800K .......... .......... .......... .......... .......... 24% 4.88M 2s
[49.854s]   3850K .......... .......... .......... .......... .......... 24% 7.24M 2s
[49.863s]   3900K .......... .......... .......... .......... .......... 25% 5.60M 2s
[49.871s]   3950K .......... .......... .......... .......... .......... 25% 5.94M 2s
[49.876s]   4000K .......... .......... .......... .......... .......... 25% 9.03M 2s
[49.897s]   4050K .......... .......... .......... .......... .......... 26% 2.37M 2s
[49.903s]   4100K .......... .......... .......... .......... .......... 26% 8.03M 2s
[49.908s]   4150K .......... .......... .......... .......... .......... 26% 8.43M 2s
[49.914s]   4200K .......... .......... .......... .......... .......... 27% 9.50M 2s
[49.918s]   4250K .......... .......... .......... .......... .......... 27% 11.5M 2s
[49.923s]   4300K .......... .......... .......... .......... .......... 27% 10.4M 2s
[49.928s]   4350K .......... .......... .......... .......... .......... 28% 9.34M 2s
[49.940s]   4400K .......... .......... .......... .......... .......... 28% 4.13M 2s
[49.949s]   4450K .......... .......... .......... .......... .......... 28% 5.08M 2s
[49.953s]   4500K .......... .......... .......... .......... .......... 29% 14.1M 2s
[49.958s]   4550K .......... .......... .......... .......... .......... 29% 8.95M 2s
[49.964s]   4600K .......... .......... .......... .......... .......... 29% 9.35M 2s
[49.967s]   4650K .......... .......... .......... .......... .......... 30% 14.3M 2s
[49.973s]   4700K .......... .......... .......... .......... .......... 30% 7.43M 2s
[49.982s]   4750K .......... .......... .......... .......... .......... 30% 6.59M 2s
[50.016s]   4800K .......... .......... .......... .......... .......... 31% 1.40M 2s
[50.026s]   4850K .......... .......... .......... .......... .......... 31% 4.89M 2s
[50.030s]   4900K .......... .......... .......... .......... .......... 31% 14.2M 2s
[50.034s]   4950K .......... .......... .......... .......... .......... 31% 10.6M 2s
[50.041s]   5000K .......... .......... .......... .......... .......... 32% 6.59M 2s
[50.052s]   5050K .......... .......... .......... .......... .......... 32% 4.48M 2s
[50.055s]   5100K .......... .......... .......... .......... .......... 32% 14.8M 2s
[50.067s]   5150K .......... .......... .......... .......... .......... 33% 5.37M 2s
[50.070s]   5200K .......... .......... .......... .......... .......... 33% 8.46M 2s
[50.076s]   5250K .......... .......... .......... .......... .......... 33% 8.74M 2s
[50.080s]   5300K .......... .......... .......... .......... .......... 34% 10.9M 2s
[50.084s]   5350K .......... .......... .......... .......... .......... 34% 12.7M 2s
[50.116s]   5400K .......... .......... .......... .......... .......... 34% 1.52M 2s
[50.122s]   5450K .......... .......... .......... .......... .......... 35% 8.44M 2s
[50.128s]   5500K .......... .......... .......... .......... .......... 35% 8.67M 2s
[50.137s]   5550K .......... .......... .......... .......... .......... 35% 5.32M 2s
[50.144s]   5600K .......... .......... .......... .......... .......... 36% 6.97M 2s
[50.149s]   5650K .......... .......... .......... .......... .......... 36% 9.67M 2s
[50.161s]   5700K .......... .......... .......... .......... .......... 36% 4.26M 2s
[50.164s]   5750K .......... .......... .......... .......... .......... 37% 14.0M 2s
[50.169s]   5800K .......... .......... .......... .......... .......... 37% 9.18M 2s
[50.184s]   5850K .......... .......... .......... .......... .......... 37% 3.39M 2s
[50.198s]   5900K .......... .......... .......... .......... .......... 38% 3.55M 2s
[50.206s]   5950K .......... .......... .......... .......... .......... 38% 8.50M 2s
[50.211s]   6000K .......... .......... .......... .......... .......... 38% 6.07M 2s
[50.218s]   6050K .......... .......... .......... .......... .......... 39% 7.51M 2s
[50.228s]   6100K .......... .......... .......... .......... .......... 39% 4.86M 2s
[50.231s]   6150K .......... .......... .......... .......... .......... 39% 16.2M 2s
[50.237s]   6200K .......... .......... .......... .......... .......... 39% 8.04M 2s
[50.240s]   6250K .......... .......... .......... .......... .......... 40% 15.6M 2s
[50.247s]   6300K .......... .......... .......... .......... .......... 40% 7.61M 2s
[50.253s]   6350K .......... .......... .......... .......... .......... 40% 7.54M 2s
[50.265s]   6400K .......... .......... .......... .......... .......... 41% 3.96M 2s
[50.272s]   6450K .......... .......... .......... .......... .......... 41% 7.41M 2s
[50.278s]   6500K .......... .......... .......... .......... .......... 41% 7.56M 2s
[50.284s]   6550K .......... .......... .......... .......... .......... 42% 9.50M 2s
[50.287s]   6600K .......... .......... .......... .......... .......... 42% 14.8M 2s
[50.301s]   6650K .......... .......... .......... .......... .......... 42% 3.47M 2s
[50.310s]   6700K .......... .......... .......... .......... .......... 43% 5.74M 2s
[50.316s]   6750K .......... .......... .......... .......... .......... 43% 12.5M 2s
[50.323s]   6800K .......... .......... .......... .......... .......... 43% 4.79M 2s
[50.329s]   6850K .......... .......... .......... .......... .......... 44% 9.22M 2s
[50.335s]   6900K .......... .......... .......... .......... .......... 44% 8.10M 2s
[50.340s]   6950K .......... .......... .......... .......... .......... 44% 8.89M 2s
[50.347s]   7000K .......... .......... .......... .......... .......... 45% 7.87M 2s
[50.352s]   7050K .......... .......... .......... .......... .......... 45% 9.91M 2s
[50.361s]   7100K .......... .......... .......... .......... .......... 45% 5.06M 2s
[50.367s]   7150K .......... .......... .......... .......... .......... 46% 13.3M 2s
[50.370s]   7200K .......... .......... .......... .......... .......... 46% 9.42M 2s
[50.376s]   7250K .......... .......... .......... .......... .......... 46% 8.60M 2s
[50.406s]   7300K .......... .......... .......... .......... .......... 47% 1.62M 2s
[50.415s]   7350K .......... .......... .......... .......... .......... 47% 5.55M 2s
[50.422s]   7400K .......... .......... .......... .......... .......... 47% 6.70M 2s
[50.425s]   7450K .......... .......... .......... .......... .......... 47% 16.0M 2s
[50.430s]   7500K .......... .......... .......... .......... .......... 48% 9.39M 1s
[50.436s]   7550K .......... .......... .......... .......... .......... 48% 9.59M 1s
[50.453s]   7600K .......... .......... .......... .......... .......... 48% 2.70M 1s
[50.475s]   7650K .......... .......... .......... .......... .......... 49% 2.29M 1s
[50.482s]   7700K .......... .......... .......... .......... .......... 49% 6.92M 1s
[50.487s]   7750K .......... .......... .......... .......... .......... 49% 8.72M 1s
[50.491s]   7800K .......... .......... .......... .......... .......... 50% 14.0M 1s
[50.545s]   7850K .......... .......... .......... .......... .......... 50%  925K 1s
[50.568s]   7900K .......... .......... .......... .......... .......... 50% 2.15M 1s
[50.631s]   7950K .......... .......... .......... .......... .......... 51% 1.18M 2s
[50.649s]   8000K .......... .......... .......... .......... .......... 51% 1.22M 2s
[50.670s]   8050K .......... .......... .......... .......... .......... 51% 2.35M 2s
[50.694s]   8100K .......... .......... .......... .......... .......... 52% 2.04M 2s
[50.695s]   8150K .......... .......... .......... .......... .......... 52% 40.6M 2s
[50.697s]   8200K .......... .......... .......... .......... .......... 52% 32.6M 1s
[50.718s]   8250K .......... .......... .......... .......... .......... 53% 2.28M 1s
[50.732s]   8300K .......... .......... .......... .......... .......... 53% 3.48M 1s
[50.737s]   8350K .......... .......... .......... .......... .......... 53% 11.0M 1s
[50.744s]   8400K .......... .......... .......... .......... .......... 54% 6.25M 1s
[50.771s]   8450K .......... .......... .......... .......... .......... 54% 1.84M 1s
[50.775s]   8500K .......... .......... .......... .......... .......... 54% 12.0M 1s
[50.780s]   8550K .......... .......... .......... .......... .......... 55% 8.71M 1s
[50.786s]   8600K .......... .......... .......... .......... .......... 55% 8.92M 1s
[50.791s]   8650K .......... .......... .......... .......... .......... 55% 9.84M 1s
[50.798s]   8700K .......... .......... .......... .......... .......... 55% 7.24M 1s
[50.814s]   8750K .......... .......... .......... .......... .......... 56% 3.51M 1s
[50.820s]   8800K .......... .......... .......... .......... .......... 56% 5.92M 1s
[50.825s]   8850K .......... .......... .......... .......... .......... 56% 9.10M 1s
[50.832s]   8900K .......... .......... .......... .......... .......... 57% 6.65M 1s
[50.862s]   8950K .......... .......... .......... .......... .......... 57% 1.67M 1s
[50.871s]   9000K .......... .......... .......... .......... .......... 57% 5.47M 1s
[50.876s]   9050K .......... .......... .......... .......... .......... 58% 10.0M 1s
[50.882s]   9100K .......... .......... .......... .......... .......... 58% 7.91M 1s
[50.891s]   9150K .......... .......... .......... .......... .......... 58% 8.04M 1s
[50.898s]   9200K .......... .......... .......... .......... .......... 59% 5.04M 1s
[50.903s]   9250K .......... .......... .......... .......... .......... 59% 9.29M 1s
[50.918s]   9300K .......... .......... .......... .......... .......... 59% 3.14M 1s
[50.924s]   9350K .......... .......... .......... .......... .......... 60% 9.47M 1s
[50.927s]   9400K .......... .......... .......... .......... .......... 60% 13.9M 1s
[50.938s]   9450K .......... .......... .......... .......... .......... 60% 4.45M 1s
[50.945s]   9500K .......... .......... .......... .......... .......... 61% 7.10M 1s
[50.952s]   9550K .......... .......... .......... .......... .......... 61% 10.2M 1s
[50.958s]   9600K .......... .......... .......... .......... .......... 61% 6.20M 1s
[50.967s]   9650K .......... .......... .......... .......... .......... 62% 5.26M 1s
[50.977s]   9700K .......... .......... .......... .......... .......... 62% 4.94M 1s
[50.986s]   9750K .......... .......... .......... .......... .......... 62% 5.32M 1s
[50.993s]   9800K .......... .......... .......... .......... .......... 63% 6.61M 1s
[50.999s]   9850K .......... .......... .......... .......... .......... 63% 8.53M 1s
[51.006s]   9900K .......... .......... .......... .......... .......... 63% 6.94M 1s
[51.025s]   9950K .......... .......... .......... .......... .......... 63% 2.77M 1s
[51.029s]  10000K .......... .......... .......... .......... .......... 64% 9.33M 1s
[51.035s]  10050K .......... .......... .......... .......... .......... 64% 7.59M 1s
[51.050s]  10100K .......... .......... .......... .......... .......... 64% 3.39M 1s
[51.062s]  10150K .......... .......... .......... .......... .......... 65% 3.91M 1s
[51.065s]  10200K .......... .......... .......... .......... .......... 65% 15.7M 1s
[51.082s]  10250K .......... .......... .......... .......... .......... 65% 3.03M 1s
[51.090s]  10300K .......... .......... .......... .......... .......... 66% 5.79M 1s
[51.130s]  10350K .......... .......... .......... .......... .......... 66% 2.65M 1s
[51.148s]  10400K .......... .......... .......... .......... .......... 66% 1.24M 1s
[51.153s]  10450K .......... .......... .......... .......... .......... 67% 9.53M 1s
[51.156s]  10500K .......... .......... .......... .......... .......... 67% 13.1M 1s
[51.245s]  10550K .......... .......... .......... .......... .......... 67%  566K 1s
[51.272s]  10600K .......... .......... .......... .......... .......... 68% 1.79M 1s
[51.287s]  10650K .......... .......... .......... .......... .......... 68% 3.45M 1s
[51.305s]  10700K .......... .......... .......... .......... .......... 68% 2.55M 1s
[51.359s]  10750K .......... .......... .......... .......... .......... 69% 1.51M 1s
[51.397s]  10800K .......... .......... .......... .......... .......... 69%  840K 1s
[51.416s]  10850K .......... .......... .......... .......... .......... 69% 2.69M 1s
[51.448s]  10900K .......... .......... .......... .......... .......... 70% 1.49M 1s
[51.457s]  10950K .......... .......... .......... .......... .......... 70% 5.44M 1s
[51.463s]  11000K .......... .......... .......... .......... .......... 70% 8.50M 1s
[51.466s]  11050K .......... .......... .......... .......... .......... 71% 15.2M 1s
[51.492s]  11100K .......... .......... .......... .......... .......... 71% 1.91M 1s
[51.504s]  11150K .......... .......... .......... .......... .......... 71% 4.66M 1s
[51.518s]  11200K .......... .......... .......... .......... .......... 71% 3.18M 1s
[51.531s]  11250K .......... .......... .......... .......... .......... 72% 3.56M 1s
[51.539s]  11300K .......... .......... .......... .......... .......... 72% 6.28M 1s
[51.542s]  11350K .......... .......... .......... .......... .......... 72% 14.0M 1s
[51.555s]  11400K .......... .......... .......... .......... .......... 73% 4.04M 1s
[51.558s]  11450K .......... .......... .......... .......... .......... 73% 13.7M 1s
[51.565s]  11500K .......... .......... .......... .......... .......... 73% 7.68M 1s
[51.574s]  11550K .......... .......... .......... .......... .......... 74% 5.69M 1s
[51.584s]  11600K .......... .......... .......... .......... .......... 74% 4.34M 1s
[51.600s]  11650K .......... .......... .......... .......... .......... 74% 3.11M 1s
[51.604s]  11700K .......... .......... .......... .......... .......... 75% 11.4M 1s
[51.610s]  11750K .......... .......... .......... .......... .......... 75% 8.97M 1s
[51.616s]  11800K .......... .......... .......... .......... .......... 75% 7.87M 1s
[51.619s]  11850K .......... .......... .......... .......... .......... 76% 15.4M 1s
[51.636s]  11900K .......... .......... .......... .......... .......... 76% 2.94M 1s
[51.644s]  11950K .......... .......... .......... .......... .......... 76% 8.96M 1s
[51.654s]  12000K .......... .......... .......... .......... .......... 77% 4.05M 1s
[51.658s]  12050K .......... .......... .......... .......... .......... 77% 9.86M 1s
[51.686s]  12100K .......... .......... .......... .......... .......... 77% 2.28M 1s
[51.691s]  12150K .......... .......... .......... .......... .......... 78% 4.23M 1s
[51.695s]  12200K .......... .......... .......... .......... .......... 78% 14.3M 1s
[51.701s]  12250K .......... .......... .......... .......... .......... 78% 8.01M 1s
[51.707s]  12300K .......... .......... .......... .......... .......... 79% 8.04M 1s
[51.713s]  12350K .......... .......... .......... .......... .......... 79% 8.92M 1s
[51.720s]  12400K .......... .......... .......... .......... .......... 79% 5.96M 1s
[51.737s]  12450K .......... .......... .......... .......... .......... 79% 2.98M 1s
[51.741s]  12500K .......... .......... .......... .......... .......... 80% 12.2M 1s
[51.776s]  12550K .......... .......... .......... .......... .......... 80% 1.37M 1s
[51.785s]  12600K .......... .......... .......... .......... .......... 80% 5.53M 1s
[51.799s]  12650K .......... .......... .......... .......... .......... 81% 3.71M 1s
[51.806s]  12700K .......... .......... .......... .......... .......... 81% 7.00M 1s
[51.813s]  12750K .......... .......... .......... .......... .......... 81% 7.28M 1s
[51.822s]  12800K .......... .......... .......... .......... .......... 82% 5.07M 1s
[51.844s]  12850K .......... .......... .......... .......... .......... 82% 2.22M 1s
[51.849s]  12900K .......... .......... .......... .......... .......... 82% 9.27M 1s
[51.858s]  12950K .......... .......... .......... .......... .......... 83% 5.28M 1s
[51.866s]  13000K .......... .......... .......... .......... .......... 83% 6.60M 1s
[51.869s]  13050K .......... .......... .......... .......... .......... 83% 14.6M 1s
[51.897s]  13100K .......... .......... .......... .......... .......... 84% 1.76M 1s
[51.958s]  13150K .......... .......... .......... .......... .......... 84%  894K 1s
[51.962s]  13200K .......... .......... .......... .......... .......... 84% 5.16M 1s
[51.987s]  13250K .......... .......... .......... .......... .......... 85% 1.98M 1s
[52.002s]  13300K .......... .......... .......... .......... .......... 85% 3.18M 1s
[52.018s]  13350K .......... .......... .......... .......... .......... 85% 3.09M 0s
[52.024s]  13400K .......... .......... .......... .......... .......... 86% 7.74M 0s
[52.028s]  13450K .......... .......... .......... .......... .......... 86% 13.5M 0s
[52.044s]  13500K .......... .......... .......... .......... .......... 86% 3.01M 0s
[52.078s]  13550K .......... .......... .......... .......... .......... 87% 1.46M 0s
[52.094s]  13600K .......... .......... .......... .......... .......... 87% 3.05M 0s
[52.097s]  13650K .......... .......... .......... .......... .......... 87% 13.3M 0s
[52.105s]  13700K .......... .......... .......... .......... .......... 87% 5.98M 0s
[52.148s]  13750K .......... .......... .......... .......... .......... 88% 1.15M 0s
[52.151s]  13800K .......... .......... .......... .......... .......... 88% 17.7M 0s
[52.156s]  13850K .......... .......... .......... .......... .......... 88% 9.50M 0s
[52.166s]  13900K .......... .......... .......... .......... .......... 89% 4.96M 0s
[52.170s]  13950K .......... .......... .......... .......... .......... 89% 20.2M 0s
[52.196s]  14000K .......... .......... .......... .......... .......... 89% 1.76M 0s
[52.205s]  14050K .......... .......... .......... .......... .......... 90% 5.07M 0s
[52.208s]  14100K .......... .......... .......... .......... .......... 90% 17.7M 0s
[52.219s]  14150K .......... .......... .......... .......... .......... 90% 4.51M 0s
[52.225s]  14200K .......... .......... .......... .......... .......... 91% 8.51M 0s
[52.233s]  14250K .......... .......... .......... .......... .......... 91% 5.77M 0s
[52.247s]  14300K .......... .......... .......... .......... .......... 91% 3.62M 0s
[52.272s]  14350K .......... .......... .......... .......... .......... 92% 2.03M 0s
[52.277s]  14400K .......... .......... .......... .......... .......... 92% 8.28M 0s
[52.288s]  14450K .......... .......... .......... .......... .......... 92% 4.39M 0s
[52.360s]  14500K .......... .......... .......... .......... .......... 93%  690K 0s
[52.377s]  14550K .......... .......... .......... .......... .......... 93% 2.85M 0s
[52.389s]  14600K .......... .......... .......... .......... .......... 93% 4.15M 0s
[52.397s]  14650K .......... .......... .......... .......... .......... 94% 5.92M 0s
[52.416s]  14700K .......... .......... .......... .......... .......... 94% 2.60M 0s
[52.457s]  14750K .......... .......... .......... .......... .......... 94% 6.84M 0s
[52.474s]  14800K .......... .......... .......... .......... .......... 95%  989K 0s
[52.486s]  14850K .......... .......... .......... .......... .......... 95% 4.06M 0s
[52.490s]  14900K .......... .......... .......... .......... .......... 95% 10.3M 0s
[52.496s]  14950K .......... .......... .......... .......... .......... 95% 8.73M 0s
[52.535s]  15000K .......... .......... .......... .......... .......... 96% 1.26M 0s
[52.553s]  15050K .......... .......... .......... .......... .......... 96% 2.80M 0s
[52.556s]  15100K .......... .......... .......... .......... .......... 96% 12.8M 0s
[52.563s]  15150K .......... .......... .......... .......... .......... 97% 7.78M 0s
[52.572s]  15200K .......... .......... .......... .......... .......... 97% 5.41M 0s
[52.602s]  15250K .......... .......... .......... .......... .......... 97% 1.60M 0s
[52.607s]  15300K .......... .......... .......... .......... .......... 98% 9.18M 0s
[52.615s]  15350K .......... .......... .......... .......... .......... 98% 6.07M 0s
[52.621s]  15400K .......... .......... .......... .......... .......... 98% 8.44M 0s
[52.641s]  15450K .......... .......... .......... .......... .......... 99% 2.48M 0s
[52.663s]  15500K .......... .......... .......... .......... .......... 99% 2.20M 0s
[52.669s]  15550K .......... .......... .......... .......... .......... 99% 8.09M 0s
[52.670s]  15600K .......... .......... .....                           100% 31.5M=3.6s
[52.671s] 
[52.671s] 2026-03-01 16:17:10 (4.19 MB/s) - ‘/home/essivekkeli/multi_robot_slam_ws/build/multirobot_map_merge/2012-01-28-11-12-01.pgm’ saved [16000058/16000058]
[52.671s] 
[52.673s] Checking MD5 sum of /home/essivekkeli/multi_robot_slam_ws/build/multirobot_map_merge/2012-01-28-11-12-01.pgm
[52.727s] /home/essivekkeli/multi_robot_slam_ws/build/multirobot_map_merge/2012-01-28-11-12-01.pgm: OK
[52.733s] -- Found gtest sources under '/opt/ros/jazzy/src/gtest_vendor': C++ tests using 'Google Test' will be built
[52.739s] -- Found Threads: TRUE  
[52.747s] -- Added test 'cppcheck' to perform static code analysis on C / C++ code
[52.748s] -- Configured cppcheck include dirs: /home/essivekkeli/multi_robot_slam_ws/src/m-explore-ros2/m-explore-ros2-main/map_merge/include;$<BUILD_INTERFACE:/home/essivekkeli/multi_robot_slam_ws/src/m-explore-ros2/m-explore-ros2-main/map_merge/include>
[52.748s] -- Configured cppcheck exclude dirs and/or files: 
[52.750s] -- Added test 'flake8' to check Python code syntax and style conventions
[52.750s] -- Configured 'flake8' exclude dirs and/or files: 
[52.751s] -- Added test 'lint_cmake' to check CMake code style
[52.753s] -- Added test 'pep257' to check Python code against some of the docstring style conventions in PEP 257
[52.756s] -- Added test 'uncrustify' to check C / C++ code style
[52.756s] -- Configured uncrustify additional arguments: 
[52.758s] -- Added test 'xmllint' to check XML markup files
[52.762s] -- Configuring done (52.4s)
[52.908s] -- Generating done (0.1s)
[52.919s] -- Build files have been written to: /home/essivekkeli/multi_robot_slam_ws/build/multirobot_map_merge
[52.932s] Invoked command in '/home/essivekkeli/multi_robot_slam_ws/build/multirobot_map_merge' returned '0': CMAKE_PREFIX_PATH=${CMAKE_PREFIX_PATH}:/home/essivekkeli/multi_robot_slam_ws/install/multi_robot_slam_py:/opt/ros/jazzy DEBUGINFOD_URLS=https://debuginfod.ubuntu.com /usr/bin/cmake /home/essivekkeli/multi_robot_slam_ws/src/m-explore-ros2/m-explore-ros2-main/map_merge -DAMENT_CMAKE_SYMLINK_INSTALL=1 -DCMAKE_INSTALL_PREFIX=/home/essivekkeli/multi_robot_slam_ws/install/multirobot_map_merge
[52.933s] Invoking command in '/home/essivekkeli/multi_robot_slam_ws/build/multirobot_map_merge': CMAKE_PREFIX_PATH=${CMAKE_PREFIX_PATH}:/home/essivekkeli/multi_robot_slam_ws/install/multi_robot_slam_py:/opt/ros/jazzy DEBUGINFOD_URLS=https://debuginfod.ubuntu.com /usr/bin/cmake --build /home/essivekkeli/multi_robot_slam_ws/build/multirobot_map_merge -- -j8 -l8
[52.994s] [ 25%] [32mBuilding CXX object gtest/CMakeFiles/gtest.dir/src/gtest-all.cc.o[0m
[52.994s] [ 25%] [32mBuilding CXX object CMakeFiles/combine_grids.dir/src/combine_grids/grid_warper.cpp.o[0m
[52.995s] [ 25%] [32mBuilding CXX object CMakeFiles/combine_grids.dir/src/combine_grids/grid_compositor.cpp.o[0m
[52.998s] [ 33%] [32mBuilding CXX object gtest/CMakeFiles/gtest_main.dir/src/gtest_main.cc.o[0m
[52.998s] [ 41%] [32mBuilding CXX object CMakeFiles/combine_grids.dir/src/combine_grids/merging_pipeline.cpp.o[0m
[54.494s] [ 50%] [32m[1mLinking CXX static library libgtest_main.a[0m
[54.562s] [ 50%] Built target gtest_main
[57.292s] [ 58%] [32m[1mLinking CXX static library libgtest.a[0m
[57.387s] [ 58%] Built target gtest
[57.571s] [ 66%] [32m[1mLinking CXX static library libcombine_grids.a[0m
[57.644s] [ 66%] Built target combine_grids
[57.669s] [ 83%] [32mBuilding CXX object CMakeFiles/test_merging_pipeline.dir/test/test_merging_pipeline.cpp.o[0m
[57.669s] [ 83%] [32mBuilding CXX object CMakeFiles/map_merge.dir/src/map_merge.cpp.o[0m
[62.710s] [ 91%] [32m[1mLinking CXX executable test_merging_pipeline[0m
[63.414s] [ 91%] Built target test_merging_pipeline
[70.847s] [100%] [32m[1mLinking CXX executable map_merge[0m
[71.759s] [100%] Built target map_merge
[71.772s] Invoked command in '/home/essivekkeli/multi_robot_slam_ws/build/multirobot_map_merge' returned '0': CMAKE_PREFIX_PATH=${CMAKE_PREFIX_PATH}:/home/essivekkeli/multi_robot_slam_ws/install/multi_robot_slam_py:/opt/ros/jazzy DEBUGINFOD_URLS=https://debuginfod.ubuntu.com /usr/bin/cmake --build /home/essivekkeli/multi_robot_slam_ws/build/multirobot_map_merge -- -j8 -l8
[71.773s] Invoking command in '/home/essivekkeli/multi_robot_slam_ws/build/multirobot_map_merge': CMAKE_PREFIX_PATH=${CMAKE_PREFIX_PATH}:/home/essivekkeli/multi_robot_slam_ws/install/multi_robot_slam_py:/opt/ros/jazzy DEBUGINFOD_URLS=https://debuginfod.ubuntu.com /usr/bin/cmake --install /home/essivekkeli/multi_robot_slam_ws/build/multirobot_map_merge
[71.782s] -- Install configuration: ""
[71.783s] -- Execute custom install script
[71.783s] -- Symlinking: /home/essivekkeli/multi_robot_slam_ws/install/multirobot_map_merge/include/map_merge//map_merge.h
[71.794s] -- Symlinking: /home/essivekkeli/multi_robot_slam_ws/install/multirobot_map_merge/include/map_merge//ros1_names.hpp
[71.806s] -- Symlinking: /home/essivekkeli/multi_robot_slam_ws/install/multirobot_map_merge/share/multirobot_map_merge/launch/from_map_server.launch.py
[71.817s] -- Symlinking: /home/essivekkeli/multi_robot_slam_ws/install/multirobot_map_merge/share/multirobot_map_merge/launch/map_merge.launch.py
[71.827s] -- Symlinking: /home/essivekkeli/multi_robot_slam_ws/install/multirobot_map_merge/share/multirobot_map_merge/launch/map_merge.rviz
[71.838s] -- Symlinking: /home/essivekkeli/multi_robot_slam_ws/install/multirobot_map_merge/share/multirobot_map_merge/launch/tb3_simulation/bringup_launch.py
[71.848s] -- Symlinking: /home/essivekkeli/multi_robot_slam_ws/install/multirobot_map_merge/share/multirobot_map_merge/launch/tb3_simulation/config/nav2_multirobot_params_1.yaml
[71.858s] -- Symlinking: /home/essivekkeli/multi_robot_slam_ws/install/multirobot_map_merge/share/multirobot_map_merge/launch/tb3_simulation/config/nav2_multirobot_params_2.yaml
[71.868s] -- Symlinking: /home/essivekkeli/multi_robot_slam_ws/install/multirobot_map_merge/share/multirobot_map_merge/launch/tb3_simulation/multi_tb3_simulation_launch.py
[71.878s] -- Symlinking: /home/essivekkeli/multi_robot_slam_ws/install/multirobot_map_merge/share/multirobot_map_merge/launch/tb3_simulation/slam_toolbox.py
[71.888s] -- Symlinking: /home/essivekkeli/multi_robot_slam_ws/install/multirobot_map_merge/share/multirobot_map_merge/launch/tb3_simulation/tb3_simulation_launch.py
[71.898s] -- Symlinking: /home/essivekkeli/multi_robot_slam_ws/install/multirobot_map_merge/share/multirobot_map_merge/launch/tb3_simulation/worlds/world_only.model
[71.908s] -- Symlinking: /home/essivekkeli/multi_robot_slam_ws/install/multirobot_map_merge/share/multirobot_map_merge/config/params.yaml
[71.918s] -- Symlinking: /home/essivekkeli/multi_robot_slam_ws/install/multirobot_map_merge/lib/multirobot_map_merge/map_merge
[71.929s] -- Symlinking: /home/essivekkeli/multi_robot_slam_ws/install/multirobot_map_merge/share/multirobot_map_merge/environment/library_path.sh
[71.939s] -- Symlinking: /home/essivekkeli/multi_robot_slam_ws/install/multirobot_map_merge/share/multirobot_map_merge/environment/library_path.dsv
[71.949s] -- Symlinking: /home/essivekkeli/multi_robot_slam_ws/install/multirobot_map_merge/share/ament_index/resource_index/package_run_dependencies/multirobot_map_merge
[71.959s] -- Symlinking: /home/essivekkeli/multi_robot_slam_ws/install/multirobot_map_merge/share/ament_index/resource_index/parent_prefix_path/multirobot_map_merge
[71.970s] -- Symlinking: /home/essivekkeli/multi_robot_slam_ws/install/multirobot_map_merge/share/multirobot_map_merge/environment/ament_prefix_path.sh
[71.980s] -- Symlinking: /home/essivekkeli/multi_robot_slam_ws/install/multirobot_map_merge/share/multirobot_map_merge/environment/ament_prefix_path.dsv
[71.991s] -- Symlinking: /home/essivekkeli/multi_robot_slam_ws/install/multirobot_map_merge/share/multirobot_map_merge/environment/path.sh
[72.002s] -- Symlinking: /home/essivekkeli/multi_robot_slam_ws/install/multirobot_map_merge/share/multirobot_map_merge/environment/path.dsv
[72.012s] -- Symlinking: /home/essivekkeli/multi_robot_slam_ws/install/multirobot_map_merge/share/multirobot_map_merge/local_setup.bash
[72.023s] -- Symlinking: /home/essivekkeli/multi_robot_slam_ws/install/multirobot_map_merge/share/multirobot_map_merge/local_setup.sh
[72.034s] -- Symlinking: /home/essivekkeli/multi_robot_slam_ws/install/multirobot_map_merge/share/multirobot_map_merge/local_setup.zsh
[72.044s] -- Symlinking: /home/essivekkeli/multi_robot_slam_ws/install/multirobot_map_merge/share/multirobot_map_merge/local_setup.dsv
[72.054s] -- Symlinking: /home/essivekkeli/multi_robot_slam_ws/install/multirobot_map_merge/share/multirobot_map_merge/package.dsv
[72.065s] -- Symlinking: /home/essivekkeli/multi_robot_slam_ws/install/multirobot_map_merge/share/ament_index/resource_index/packages/multirobot_map_merge
[72.075s] -- Symlinking: /home/essivekkeli/multi_robot_slam_ws/install/multirobot_map_merge/share/multirobot_map_merge/cmake/ament_cmake_export_include_directories-extras.cmake
[72.085s] -- Symlinking: /home/essivekkeli/multi_robot_slam_ws/install/multirobot_map_merge/share/multirobot_map_merge/cmake/ament_cmake_export_libraries-extras.cmake
[72.096s] -- Symlinking: /home/essivekkeli/multi_robot_slam_ws/install/multirobot_map_merge/share/multirobot_map_merge/cmake/multirobot_map_mergeConfig.cmake
[72.107s] -- Symlinking: /home/essivekkeli/multi_robot_slam_ws/install/multirobot_map_merge/share/multirobot_map_merge/cmake/multirobot_map_mergeConfig-version.cmake
[72.117s] -- Symlinking: /home/essivekkeli/multi_robot_slam_ws/install/multirobot_map_merge/share/multirobot_map_merge/package.xml
[72.127s] -- Installing: /home/essivekkeli/multi_robot_slam_ws/install/multirobot_map_merge/lib/libcombine_grids.a
[72.130s] Invoked command in '/home/essivekkeli/multi_robot_slam_ws/build/multirobot_map_merge' returned '0': CMAKE_PREFIX_PATH=${CMAKE_PREFIX_PATH}:/home/essivekkeli/multi_robot_slam_ws/install/multi_robot_slam_py:/opt/ros/jazzy DEBUGINFOD_URLS=https://debuginfod.ubuntu.com /usr/bin/cmake --install /home/essivekkeli/multi_robot_slam_ws/build/multirobot_map_merge
